Sat Oct 10 01:57:04 AM PDT 2026
6A step2: 4 units checked
6B step2: 4 units checked
6C step2: 4 units checked
6E hist: 4 units checked
6E step2: 5 units checked
6J step2: 5 units checked
6N step2: 4 units checked
6S step2: 4 units checked
CL hist: 4 units checked
CL step2: 4 units checked
GC hist: 4 units checked
GC step2: 4 units checked
HE hist: 4 units checked
HE step2: 4 units checked
HG step2: 4 units checked
LE hist: 5 units checked
LE step2: 4 units checked
NG hist: 4 units checked
NG step2: 4 units checked
NQ hist: 30 units checked
NQ step2: 38 units checked
RTY hist: 4 units checked
RTY step2: 4 units checked
TN hist: 4 units checked
TN step2: 4 units checked
UB hist: 4 units checked
UB step2: 4 units checked
YM step2: 5 units checked
ZB hist: 88 units checked
ZB step2: 60 units checked
ZC hist: 9 units checked
ZC step2: 4 units checked
ZF hist: 57 units checked
ZF step2: 39 units checked
ZL hist: 7 units checked
ZL step2: 4 units checked
ZM step2: 4 units checked
ZN hist: 98 units checked
ZN step2: 87 units checked
ZS hist: 8 units checked
ZS step2: 4 units checked
ZT hist: 33 units checked
ZT step2: 32 units checked
ZW step2: 4 units checked
summary: {'H1_checked': 100, 'H2_checked': 112, 'H3_checked': 405, 'H3_note:base': 317, 'H3_note:slip150': 88, 'H3_note:stress': 317, 'H4_checked': 97}
daily component comparison: {"H2": {"base": {"dates_compared": 280, "max_abs_diff": 0.0, "dates_over_1e-9": 0}, "stress": {"dates_compared": 280, "max_abs_diff": 0.0, "dates_over_1e-9": 0}, "slip150": {"dates_compared": 280, "max_abs_diff": 0.0, "dates_over_1e-9": 0}}, "H3": {"base": {"dates_compared": 2227, "max_abs_diff": 6.397054666029689e-05, "dates_over_1e-9": 317}, "stress": {"dates_compared": 2227, "max_abs_diff": 6.397054666029689e-05, "dates_over_1e-9": 317}, "slip150": {"dates_compared": 2227, "max_abs_diff": 2.6137134796794248e-05, "dates_over_1e-9": 88}}}
units with mismatches: 0
Sat Oct 10 01:57:34 AM PDT 2026
