start 18:13:38
[2026-09-27 18:13:40 PDT] stage-E.5-2026-09-27: account acct-2 (cap $125.00, spent $103.4772) · session cap $21.52 (spent $0.0000) · request cap $3.00
[2026-09-27 18:13:40 PDT] plan: 117 chunks over 2 contracts
[2026-09-27 18:13:40 PDT] harness preflight passed: 9a8ebe7364beb7980eaea923888e06c2da253b7ff8ce2ce771b55045caf22f87
/home/kiros-li/Documents/GitHub/PropExperiment/data/pull_universe.py:590: BentoWarning: No data found for the request you submitted.
  client.timeseries.get_range(**params.as_kwargs(), path=partial)
[2026-09-27 18:13:48 PDT] MCL range=2021-06-01_2021-07-01.dbn.zst: bought for $0.000000 · session $0.0000
[2026-09-27 18:13:56 PDT] MCL range=2021-07-01_2021-08-01.dbn.zst: bought for $0.066404 · session $0.0664
[2026-09-27 18:14:03 PDT] MCL range=2021-08-01_2021-09-01.dbn.zst: bought for $0.100568 · session $0.1670
[2026-09-27 18:14:11 PDT] MCL range=2021-09-01_2021-10-01.dbn.zst: bought for $0.102098 · session $0.2691
[2026-09-27 18:14:21 PDT] MCL range=2021-10-01_2021-11-01.dbn.zst: bought for $0.098210 · session $0.3673
[2026-09-27 18:14:31 PDT] MCL range=2021-11-01_2021-12-01.dbn.zst: bought for $0.103401 · session $0.4707
/home/kiros-li/Documents/GitHub/PropExperiment/data/pull_universe.py:590: BentoWarning: The streaming request contained one or more days which have reduced quality: 2021-12-05 (degraded). See: https://databento.com/docs/api-reference-historical/metadata/metadata-get-dataset-condition
  client.timeseries.get_range(**params.as_kwargs(), path=partial)
[2026-09-27 18:14:38 PDT] MCL range=2021-12-01_2022-01-01.dbn.zst: bought for $0.104734 · session $0.5754
/home/kiros-li/Documents/GitHub/PropExperiment/data/pull_universe.py:590: BentoWarning: The streaming request contained one or more days which have reduced quality: 2022-01-02 (degraded). See: https://databento.com/docs/api-reference-historical/metadata/metadata-get-dataset-condition
  client.timeseries.get_range(**params.as_kwargs(), path=partial)
[2026-09-27 18:14:45 PDT] MCL range=2022-01-01_2022-02-01.dbn.zst: bought for $0.099553 · session $0.6750
[2026-09-27 18:15:08 PDT] MCL range=2022-02-01_2022-03-01.dbn.zst: bought for $0.096195 · session $0.7712
[2026-09-27 18:15:16 PDT] MCL range=2022-03-01_2022-04-01.dbn.zst: bought for $0.115613 · session $0.8868
[2026-09-27 18:15:26 PDT] MCL range=2022-04-01_2022-05-01.dbn.zst: bought for $0.096297 · session $0.9831
[2026-09-27 18:15:33 PDT] MCL range=2022-05-01_2022-06-01.dbn.zst: bought for $0.105606 · session $1.0887
[2026-09-27 18:15:44 PDT] MCL range=2022-06-01_2022-07-01.dbn.zst: bought for $0.106260 · session $1.1949
[2026-09-27 18:15:57 PDT] MCL range=2022-07-01_2022-08-01.dbn.zst: bought for $0.101032 · session $1.2960
[2026-09-27 18:16:03 PDT] MCL range=2022-08-01_2022-09-01.dbn.zst: bought for $0.111283 · session $1.4073
[2026-09-27 18:16:14 PDT] MCL range=2022-09-01_2022-10-01.dbn.zst: bought for $0.108417 · session $1.5157
[2026-09-27 18:16:33 PDT] MCL range=2022-10-01_2022-11-01.dbn.zst: bought for $0.100053 · session $1.6157
[2026-09-27 18:16:42 PDT] MCL range=2022-11-01_2022-12-01.dbn.zst: bought for $0.105037 · session $1.7208
[2026-09-27 18:16:57 PDT] MCL range=2022-12-01_2023-01-01.dbn.zst: bought for $0.104296 · session $1.8251
[2026-09-27 18:17:03 PDT] MCL range=2023-01-01_2023-02-01.dbn.zst: bought for $0.100740 · session $1.9258
[2026-09-27 18:17:12 PDT] MCL range=2023-02-01_2023-03-01.dbn.zst: bought for $0.095713 · session $2.0215
[2026-09-27 18:17:23 PDT] MCL range=2023-03-01_2023-04-01.dbn.zst: bought for $0.113755 · session $2.1353
[2026-09-27 18:17:28 PDT] MCL range=2023-04-01_2023-05-01.dbn.zst: bought for $0.090485 · session $2.2257
[2026-09-27 18:17:36 PDT] MCL range=2023-05-01_2023-06-01.dbn.zst: bought for $0.109921 · session $2.3357
[2026-09-27 18:17:48 PDT] MCL range=2023-06-01_2023-07-01.dbn.zst: bought for $0.104756 · session $2.4404
[2026-09-27 18:17:58 PDT] MCL range=2023-07-01_2023-08-01.dbn.zst: bought for $0.098662 · session $2.5391
[2026-09-27 18:18:06 PDT] MCL range=2023-08-01_2023-09-01.dbn.zst: bought for $0.112612 · session $2.6517
[2026-09-27 18:18:19 PDT] MCL range=2023-09-01_2023-10-01.dbn.zst: bought for $0.099780 · session $2.7515
[2026-09-27 18:18:31 PDT] MCL range=2023-10-01_2023-11-01.dbn.zst: bought for $0.105752 · session $2.8572
[2026-09-27 18:18:41 PDT] MCL range=2023-11-01_2023-12-01.dbn.zst: bought for $0.105486 · session $2.9627
[2026-09-27 18:18:46 PDT] MCL range=2023-12-01_2024-01-01.dbn.zst: bought for $0.098987 · session $3.0617
[2026-09-27 18:18:54 PDT] MCL range=2024-01-01_2024-02-01.dbn.zst: bought for $0.105727 · session $3.1674
[2026-09-27 18:19:02 PDT] MCL range=2024-02-01_2024-03-01.dbn.zst: bought for $0.099652 · session $3.2671
[2026-09-27 18:19:09 PDT] MCL range=2024-03-01_2024-04-01.dbn.zst: bought for $0.094493 and SEALED as holdout 2 · session $3.3616
[2026-09-27 18:19:16 PDT] MCL range=2024-04-01_2024-05-01.dbn.zst: bought for $0.105033 and SEALED as holdout 2 · session $3.4666
[2026-09-27 18:19:24 PDT] MCL range=2024-05-01_2024-06-01.dbn.zst: bought for $0.111225 and SEALED as holdout 2 · session $3.5778
[2026-09-27 18:19:46 PDT] MCL range=2024-06-01_2024-07-01.dbn.zst: bought for $0.092953 and SEALED as holdout 2 · session $3.6708
[2026-09-27 18:19:54 PDT] MCL range=2024-07-01_2024-08-01.dbn.zst: bought for $0.107099 and SEALED as holdout 2 · session $3.7779
[2026-09-27 18:20:01 PDT] MCL range=2024-08-01_2024-09-01.dbn.zst: bought for $0.107366 and SEALED as holdout 2 · session $3.8853
/home/kiros-li/Documents/GitHub/PropExperiment/data/pull_universe.py:590: BentoWarning: The streaming request contained one or more days which have reduced quality: 2024-09-18 (degraded). See: https://databento.com/docs/api-reference-historical/metadata/metadata-get-dataset-condition
  client.timeseries.get_range(**params.as_kwargs(), path=partial)
[2026-09-27 18:20:08 PDT] MCL range=2024-09-01_2024-10-01.dbn.zst: bought for $0.100342 and SEALED as holdout 2 · session $3.9856
[2026-09-27 18:20:16 PDT] MCL range=2024-10-01_2024-11-01.dbn.zst: bought for $0.114310 and SEALED as holdout 2 · session $4.0999
[2026-09-27 18:20:24 PDT] MCL range=2024-11-01_2024-12-01.dbn.zst: bought for $0.099389 and SEALED as holdout 2 · session $4.1993
[2026-09-27 18:20:32 PDT] MCL range=2024-12-01_2025-01-01.dbn.zst: bought for $0.098097 and SEALED as holdout 2 · session $4.2974
[2026-09-27 18:20:41 PDT] MCL range=2025-01-01_2025-02-01.dbn.zst: bought for $0.105164 and SEALED as holdout 2 · session $4.4026
[2026-09-27 18:20:46 PDT] MCL range=2025-02-01_2025-03-01.dbn.zst: bought for $0.095143 and SEALED as holdout 2 · session $4.4977
[2026-09-27 18:20:55 PDT] MCL range=2025-03-01_2025-04-01.dbn.zst: bought for $0.099958 and SEALED as holdout 2 · session $4.5977
[2026-09-27 18:21:03 PDT] NG range=2019-05-01_2019-06-01.dbn.zst: bought for $0.091668 · session $4.6893
[2026-09-27 18:21:09 PDT] NG range=2019-06-01_2019-07-01.dbn.zst: bought for $0.085699 · session $4.7750
[2026-09-27 18:21:19 PDT] NG range=2019-07-01_2019-08-01.dbn.zst: bought for $0.097797 · session $4.8728
[2026-09-27 18:21:26 PDT] NG range=2019-08-01_2019-09-01.dbn.zst: bought for $0.094355 · session $4.9672
[2026-09-27 18:21:45 PDT] NG range=2019-09-01_2019-10-01.dbn.zst: bought for $0.088334 · session $5.0555
[2026-09-27 18:21:54 PDT] NG range=2019-10-01_2019-11-01.dbn.zst: bought for $0.102865 · session $5.1584
[2026-09-27 18:22:03 PDT] NG range=2019-11-01_2019-12-01.dbn.zst: bought for $0.098213 · session $5.2566
[2026-09-27 18:22:13 PDT] NG range=2019-12-01_2020-01-01.dbn.zst: bought for $0.099279 · session $5.3559
[2026-09-27 18:22:21 PDT] NG range=2020-01-01_2020-02-01.dbn.zst: bought for $0.104376 · session $5.4602
/home/kiros-li/Documents/GitHub/PropExperiment/data/pull_universe.py:590: BentoWarning: The streaming request contained one or more days which have reduced quality: 2020-02-27 (degraded), 2020-02-28 (degraded). See: https://databento.com/docs/api-reference-historical/metadata/metadata-get-dataset-condition
  client.timeseries.get_range(**params.as_kwargs(), path=partial)
[2026-09-27 18:22:28 PDT] NG range=2020-02-01_2020-03-01.dbn.zst: bought for $0.090313 · session $5.5506
[2026-09-27 18:22:41 PDT] NG range=2020-03-01_2020-04-01.dbn.zst: bought for $0.104069 · session $5.6546
[2026-09-27 18:22:50 PDT] NG range=2020-04-01_2020-05-01.dbn.zst: bought for $0.099677 · session $5.7543
/home/kiros-li/Documents/GitHub/PropExperiment/data/pull_universe.py:590: BentoWarning: The streaming request contained one or more days which have reduced quality: 2020-05-05 (degraded). See: https://databento.com/docs/api-reference-historical/metadata/metadata-get-dataset-condition
  client.timeseries.get_range(**params.as_kwargs(), path=partial)
[2026-09-27 18:23:01 PDT] NG range=2020-05-01_2020-06-01.dbn.zst: bought for $0.101470 · session $5.8558
/home/kiros-li/Documents/GitHub/PropExperiment/data/pull_universe.py:590: BentoWarning: The streaming request contained one or more days which have reduced quality: 2020-06-30 (degraded). See: https://databento.com/docs/api-reference-historical/metadata/metadata-get-dataset-condition
  client.timeseries.get_range(**params.as_kwargs(), path=partial)
[2026-09-27 18:23:10 PDT] NG range=2020-06-01_2020-07-01.dbn.zst: bought for $0.102806 · session $5.9586
/home/kiros-li/Documents/GitHub/PropExperiment/data/pull_universe.py:590: BentoWarning: The streaming request contained one or more days which have reduced quality: 2020-07-01 (degraded). See: https://databento.com/docs/api-reference-historical/metadata/metadata-get-dataset-condition
  client.timeseries.get_range(**params.as_kwargs(), path=partial)
[2026-09-27 18:23:16 PDT] NG range=2020-07-01_2020-08-01.dbn.zst: bought for $0.107954 · session $6.0665
[2026-09-27 18:23:26 PDT] NG range=2020-08-01_2020-09-01.dbn.zst: bought for $0.099108 · session $6.1656
[2026-09-27 18:23:33 PDT] NG range=2020-09-01_2020-10-01.dbn.zst: bought for $0.103153 · session $6.2688
[2026-09-27 18:23:41 PDT] NG range=2020-10-01_2020-11-01.dbn.zst: bought for $0.103883 · session $6.3727
[2026-09-27 18:23:50 PDT] NG range=2020-11-01_2020-12-01.dbn.zst: bought for $0.098392 · session $6.4711
[2026-09-27 18:24:01 PDT] NG range=2020-12-01_2021-01-01.dbn.zst: bought for $0.102693 · session $6.5738
[2026-09-27 18:24:10 PDT] NG range=2021-01-01_2021-02-01.dbn.zst: bought for $0.094829 · session $6.6686
[2026-09-27 18:24:18 PDT] NG range=2021-02-01_2021-03-01.dbn.zst: bought for $0.095315 · session $6.7639
[2026-09-27 18:24:27 PDT] NG range=2021-03-01_2021-04-01.dbn.zst: bought for $0.100554 · session $6.8645
[2026-09-27 18:24:35 PDT] NG range=2021-04-01_2021-05-01.dbn.zst: bought for $0.087400 · session $6.9519
[2026-09-27 18:24:42 PDT] NG range=2021-05-01_2021-06-01.dbn.zst: bought for $0.085030 · session $7.0369
[2026-09-27 18:24:49 PDT] NG range=2021-06-01_2021-07-01.dbn.zst: bought for $0.097947 · session $7.1348
[2026-09-27 18:24:56 PDT] NG range=2021-07-01_2021-08-01.dbn.zst: bought for $0.098725 · session $7.2336
[2026-09-27 18:25:07 PDT] NG range=2021-08-01_2021-09-01.dbn.zst: bought for $0.097308 · session $7.3309
[2026-09-27 18:25:12 PDT] NG range=2021-09-01_2021-10-01.dbn.zst: bought for $0.101634 · session $7.4325
[2026-09-27 18:25:35 PDT] NG range=2021-10-01_2021-11-01.dbn.zst: bought for $0.101371 · session $7.5339
[2026-09-27 18:25:43 PDT] NG range=2021-11-01_2021-12-01.dbn.zst: bought for $0.100272 · session $7.6341
[2026-09-27 18:25:50 PDT] NG range=2021-12-01_2022-01-01.dbn.zst: bought for $0.100572 · session $7.7347
[2026-09-27 18:26:00 PDT] NG range=2022-01-01_2022-02-01.dbn.zst: bought for $0.094997 · session $7.8297
[2026-09-27 18:26:09 PDT] NG range=2022-02-01_2022-03-01.dbn.zst: bought for $0.092533 · session $7.9222
[2026-09-27 18:26:18 PDT] NG range=2022-03-01_2022-04-01.dbn.zst: bought for $0.100422 · session $8.0227
[2026-09-27 18:26:25 PDT] NG range=2022-04-01_2022-05-01.dbn.zst: bought for $0.092452 · session $8.1151
[2026-09-27 18:26:38 PDT] NG range=2022-05-01_2022-06-01.dbn.zst: bought for $0.098367 · session $8.2135
[2026-09-27 18:26:45 PDT] NG range=2022-06-01_2022-07-01.dbn.zst: bought for $0.095683 · session $8.3092
[2026-09-27 18:26:54 PDT] NG range=2022-07-01_2022-08-01.dbn.zst: bought for $0.089422 · session $8.3986
[2026-09-27 18:27:01 PDT] NG range=2022-08-01_2022-09-01.dbn.zst: bought for $0.093135 · session $8.4917
[2026-09-27 18:27:11 PDT] NG range=2022-09-01_2022-10-01.dbn.zst: bought for $0.090087 · session $8.5818
[2026-09-27 18:27:31 PDT] NG range=2022-10-01_2022-11-01.dbn.zst: bought for $0.086615 · session $8.6684
[2026-09-27 18:27:38 PDT] NG range=2022-11-01_2022-12-01.dbn.zst: bought for $0.098279 · session $8.7667
[2026-09-27 18:27:46 PDT] NG range=2022-12-01_2023-01-01.dbn.zst: bought for $0.098199 · session $8.8649
[2026-09-27 18:27:55 PDT] NG range=2023-01-01_2023-02-01.dbn.zst: bought for $0.098243 · session $8.9632
[2026-09-27 18:28:05 PDT] NG range=2023-02-01_2023-03-01.dbn.zst: bought for $0.093343 · session $9.0565
[2026-09-27 18:28:15 PDT] NG range=2023-03-01_2023-04-01.dbn.zst: bought for $0.106388 · session $9.1629
[2026-09-27 18:28:25 PDT] NG range=2023-04-01_2023-05-01.dbn.zst: bought for $0.086330 · session $9.2492
[2026-09-27 18:28:33 PDT] NG range=2023-05-01_2023-06-01.dbn.zst: bought for $0.101495 · session $9.3507
[2026-09-27 18:28:45 PDT] NG range=2023-06-01_2023-07-01.dbn.zst: bought for $0.096140 · session $9.4468
[2026-09-27 18:28:54 PDT] NG range=2023-07-01_2023-08-01.dbn.zst: bought for $0.090897 · session $9.5377
[2026-09-27 18:29:01 PDT] NG range=2023-08-01_2023-09-01.dbn.zst: bought for $0.101324 · session $9.6391
[2026-09-27 18:29:26 PDT] NG range=2023-09-01_2023-10-01.dbn.zst: bought for $0.091492 · session $9.7306
[2026-09-27 18:29:33 PDT] NG range=2023-10-01_2023-11-01.dbn.zst: bought for $0.096775 · session $9.8273
[2026-09-27 18:29:40 PDT] NG range=2023-11-01_2023-12-01.dbn.zst: bought for $0.098560 · session $9.9259
[2026-09-27 18:29:47 PDT] NG range=2023-12-01_2024-01-01.dbn.zst: bought for $0.089652 · session $10.0155
[2026-09-27 18:29:55 PDT] NG range=2024-01-01_2024-02-01.dbn.zst: bought for $0.103401 · session $10.1189
[2026-09-27 18:30:01 PDT] NG range=2024-02-01_2024-03-01.dbn.zst: bought for $0.095205 · session $10.2142
[2026-09-27 18:30:09 PDT] NG range=2024-03-01_2024-04-01.dbn.zst: bought for $0.086268 and SEALED as holdout 2 · session $10.3004
[2026-09-27 18:30:15 PDT] NG range=2024-04-01_2024-05-01.dbn.zst: bought for $0.095804 and SEALED as holdout 2 · session $10.3962
[2026-09-27 18:30:24 PDT] NG range=2024-05-01_2024-06-01.dbn.zst: bought for $0.099889 and SEALED as holdout 2 · session $10.4961
[2026-09-27 18:30:31 PDT] NG range=2024-06-01_2024-07-01.dbn.zst: bought for $0.088703 and SEALED as holdout 2 · session $10.5848
[2026-09-27 18:30:39 PDT] NG range=2024-07-01_2024-08-01.dbn.zst: bought for $0.098812 and SEALED as holdout 2 · session $10.6836
[2026-09-27 18:30:47 PDT] NG range=2024-08-01_2024-09-01.dbn.zst: bought for $0.094541 and SEALED as holdout 2 · session $10.7782
[2026-09-27 18:30:54 PDT] NG range=2024-09-01_2024-10-01.dbn.zst: bought for $0.091605 and SEALED as holdout 2 · session $10.8698
[2026-09-27 18:31:07 PDT] NG range=2024-10-01_2024-11-01.dbn.zst: bought for $0.098819 and SEALED as holdout 2 · session $10.9686
[2026-09-27 18:31:17 PDT] NG range=2024-11-01_2024-12-01.dbn.zst: bought for $0.095019 and SEALED as holdout 2 · session $11.0636
[2026-09-27 18:31:31 PDT] NG range=2024-12-01_2025-01-01.dbn.zst: bought for $0.097699 and SEALED as holdout 2 · session $11.1613
[2026-09-27 18:31:41 PDT] NG range=2025-01-01_2025-02-01.dbn.zst: bought for $0.103361 and SEALED as holdout 2 · session $11.2647
[2026-09-27 18:31:49 PDT] NG range=2025-02-01_2025-03-01.dbn.zst: bought for $0.094267 and SEALED as holdout 2 · session $11.3589
[2026-09-27 18:31:57 PDT] NG range=2025-03-01_2025-04-01.dbn.zst: bought for $0.096523 and SEALED as holdout 2 · session $11.4555
[2026-09-27 18:31:57 PDT] buy finished: 117 chunks · harness 9a8ebe7364beb7980eaea923888e06c2da253b7ff8ce2ce771b55045caf22f87 · stage-E.5-2026-09-27: account acct-2 (cap $125.00, spent $114.9327) · session cap $21.52 (spent $11.4555) · request cap $3.00
rc 0
end 18:31:57
