start 18:32:18
[2026-09-27 18:32:20 PDT] stage-E.5-2026-09-27: account acct-2 (cap $125.00, spent $114.9327) · session cap $21.52 (spent $11.4555) · request cap $3.00
[2026-09-27 18:32:20 PDT] plan: 107 chunks over 2 contracts
[2026-09-27 18:32:21 PDT] harness preflight passed: 9a8ebe7364beb7980eaea923888e06c2da253b7ff8ce2ce771b55045caf22f87
[2026-09-27 18:32:29 PDT] MGC range=2019-05-01_2019-06-01.dbn.zst: bought for $0.071796 · session $11.5273
[2026-09-27 18:32:37 PDT] MGC range=2019-06-01_2019-07-01.dbn.zst: bought for $0.090430 · session $11.6177
[2026-09-27 18:32:47 PDT] MGC range=2019-07-01_2019-08-01.dbn.zst: bought for $0.101291 · session $11.7190
[2026-09-27 18:32:56 PDT] MGC range=2019-08-01_2019-09-01.dbn.zst: bought for $0.107870 · session $11.8269
[2026-09-27 18:33:04 PDT] MGC range=2019-09-01_2019-10-01.dbn.zst: bought for $0.102156 · session $11.9290
[2026-09-27 18:33:11 PDT] MGC range=2019-10-01_2019-11-01.dbn.zst: bought for $0.110155 · session $12.0392
[2026-09-27 18:33:19 PDT] MGC range=2019-11-01_2019-12-01.dbn.zst: bought for $0.093394 · session $12.1326
[2026-09-27 18:33:31 PDT] MGC range=2019-12-01_2020-01-01.dbn.zst: bought for $0.096012 · session $12.2286
[2026-09-27 18:33:39 PDT] MGC range=2020-01-01_2020-02-01.dbn.zst: bought for $0.099075 · session $12.3276
/home/kiros-li/Documents/GitHub/PropExperiment/data/pull_universe.py:590: BentoWarning: The streaming request contained one or more days which have reduced quality: 2020-02-27 (degraded), 2020-02-28 (degraded). See: https://databento.com/docs/api-reference-historical/metadata/metadata-get-dataset-condition
  client.timeseries.get_range(**params.as_kwargs(), path=partial)
[2026-09-27 18:33:46 PDT] MGC range=2020-02-01_2020-03-01.dbn.zst: bought for $0.092146 · session $12.4198
[2026-09-27 18:33:52 PDT] MGC range=2020-03-01_2020-04-01.dbn.zst: bought for $0.101747 · session $12.5215
[2026-09-27 18:34:01 PDT] MGC range=2020-04-01_2020-05-01.dbn.zst: bought for $0.105435 · session $12.6270
/home/kiros-li/Documents/GitHub/PropExperiment/data/pull_universe.py:590: BentoWarning: The streaming request contained one or more days which have reduced quality: 2020-05-05 (degraded). See: https://databento.com/docs/api-reference-historical/metadata/metadata-get-dataset-condition
  client.timeseries.get_range(**params.as_kwargs(), path=partial)
[2026-09-27 18:34:09 PDT] MGC range=2020-05-01_2020-06-01.dbn.zst: bought for $0.096629 · session $12.7236
/home/kiros-li/Documents/GitHub/PropExperiment/data/pull_universe.py:590: BentoWarning: The streaming request contained one or more days which have reduced quality: 2020-06-30 (degraded). See: https://databento.com/docs/api-reference-historical/metadata/metadata-get-dataset-condition
  client.timeseries.get_range(**params.as_kwargs(), path=partial)
[2026-09-27 18:34:19 PDT] MGC range=2020-06-01_2020-07-01.dbn.zst: bought for $0.108421 · session $12.8320
/home/kiros-li/Documents/GitHub/PropExperiment/data/pull_universe.py:590: BentoWarning: The streaming request contained one or more days which have reduced quality: 2020-07-01 (degraded). See: https://databento.com/docs/api-reference-historical/metadata/metadata-get-dataset-condition
  client.timeseries.get_range(**params.as_kwargs(), path=partial)
[2026-09-27 18:34:29 PDT] MGC range=2020-07-01_2020-08-01.dbn.zst: bought for $0.106833 · session $12.9389
[2026-09-27 18:34:36 PDT] MGC range=2020-08-01_2020-09-01.dbn.zst: bought for $0.106110 · session $13.0450
[2026-09-27 18:34:44 PDT] MGC range=2020-09-01_2020-10-01.dbn.zst: bought for $0.109626 · session $13.1546
[2026-09-27 18:34:52 PDT] MGC range=2020-10-01_2020-11-01.dbn.zst: bought for $0.109816 · session $13.2644
[2026-09-27 18:35:04 PDT] MGC range=2020-11-01_2020-12-01.dbn.zst: bought for $0.100094 · session $13.3645
[2026-09-27 18:35:14 PDT] MGC range=2020-12-01_2021-01-01.dbn.zst: bought for $0.109180 · session $13.4737
[2026-09-27 18:35:23 PDT] MGC range=2021-01-01_2021-02-01.dbn.zst: bought for $0.092745 · session $13.5664
[2026-09-27 18:35:31 PDT] MGC range=2021-02-01_2021-03-01.dbn.zst: bought for $0.099513 · session $13.6659
[2026-09-27 18:35:39 PDT] MGC range=2021-03-01_2021-04-01.dbn.zst: bought for $0.107410 · session $13.7733
[2026-09-27 18:35:47 PDT] MGC range=2021-04-01_2021-05-01.dbn.zst: bought for $0.102854 · session $13.8762
[2026-09-27 18:35:54 PDT] MGC range=2021-05-01_2021-06-01.dbn.zst: bought for $0.096844 · session $13.9730
[2026-09-27 18:36:04 PDT] MGC range=2021-06-01_2021-07-01.dbn.zst: bought for $0.108972 · session $14.0820
[2026-09-27 18:36:12 PDT] MGC range=2021-07-01_2021-08-01.dbn.zst: bought for $0.100083 · session $14.1821
[2026-09-27 18:36:20 PDT] MGC range=2021-08-01_2021-09-01.dbn.zst: bought for $0.106979 · session $14.2891
[2026-09-27 18:36:29 PDT] MGC range=2021-09-01_2021-10-01.dbn.zst: bought for $0.106132 · session $14.3952
[2026-09-27 18:36:36 PDT] MGC range=2021-10-01_2021-11-01.dbn.zst: bought for $0.103642 · session $14.4989
[2026-09-27 18:36:42 PDT] MGC range=2021-11-01_2021-12-01.dbn.zst: bought for $0.100021 · session $14.5989
/home/kiros-li/Documents/GitHub/PropExperiment/data/pull_universe.py:590: BentoWarning: The streaming request contained one or more days which have reduced quality: 2021-12-05 (degraded). See: https://databento.com/docs/api-reference-historical/metadata/metadata-get-dataset-condition
  client.timeseries.get_range(**params.as_kwargs(), path=partial)
[2026-09-27 18:36:51 PDT] MGC range=2021-12-01_2022-01-01.dbn.zst: bought for $0.107019 · session $14.7059
/home/kiros-li/Documents/GitHub/PropExperiment/data/pull_universe.py:590: BentoWarning: The streaming request contained one or more days which have reduced quality: 2022-01-02 (degraded). See: https://databento.com/docs/api-reference-historical/metadata/metadata-get-dataset-condition
  client.timeseries.get_range(**params.as_kwargs(), path=partial)
[2026-09-27 18:36:59 PDT] MGC range=2022-01-01_2022-02-01.dbn.zst: bought for $0.099648 · session $14.8055
[2026-09-27 18:37:07 PDT] MGC range=2022-02-01_2022-03-01.dbn.zst: bought for $0.098144 · session $14.9037
[2026-09-27 18:37:27 PDT] MGC range=2022-03-01_2022-04-01.dbn.zst: bought for $0.107556 · session $15.0112
[2026-09-27 18:37:36 PDT] MGC range=2022-04-01_2022-05-01.dbn.zst: bought for $0.099411 · session $15.1107
[2026-09-27 18:37:45 PDT] MGC range=2022-05-01_2022-06-01.dbn.zst: bought for $0.106103 · session $15.2168
[2026-09-27 18:37:53 PDT] MGC range=2022-06-01_2022-07-01.dbn.zst: bought for $0.107454 · session $15.3242
[2026-09-27 18:38:02 PDT] MGC range=2022-07-01_2022-08-01.dbn.zst: bought for $0.096293 · session $15.4205
[2026-09-27 18:38:11 PDT] MGC range=2022-08-01_2022-09-01.dbn.zst: bought for $0.112134 · session $15.5326
[2026-09-27 18:38:20 PDT] MGC range=2022-09-01_2022-10-01.dbn.zst: bought for $0.108001 · session $15.6406
[2026-09-27 18:38:28 PDT] MGC range=2022-10-01_2022-11-01.dbn.zst: bought for $0.104522 · session $15.7452
[2026-09-27 18:38:46 PDT] MGC range=2022-11-01_2022-12-01.dbn.zst: bought for $0.100141 · session $15.8453
[2026-09-27 18:38:54 PDT] MGC range=2022-12-01_2023-01-01.dbn.zst: bought for $0.103839 · session $15.9491
[2026-09-27 18:39:02 PDT] MGC range=2023-01-01_2023-02-01.dbn.zst: bought for $0.097045 · session $16.0462
[2026-09-27 18:39:12 PDT] MGC range=2023-02-01_2023-03-01.dbn.zst: bought for $0.099137 · session $16.1453
[2026-09-27 18:39:25 PDT] MGC range=2023-03-01_2023-04-01.dbn.zst: bought for $0.107088 · session $16.2524
[2026-09-27 18:39:34 PDT] MGC range=2023-04-01_2023-05-01.dbn.zst: bought for $0.095355 · session $16.3478
[2026-09-27 18:39:51 PDT] MGC range=2023-05-01_2023-06-01.dbn.zst: bought for $0.105088 · session $16.4529
[2026-09-27 18:39:58 PDT] MGC range=2023-06-01_2023-07-01.dbn.zst: bought for $0.108531 · session $16.5614
[2026-09-27 18:40:09 PDT] MGC range=2023-07-01_2023-08-01.dbn.zst: bought for $0.100937 · session $16.6623
[2026-09-27 18:40:23 PDT] MGC range=2023-08-01_2023-09-01.dbn.zst: bought for $0.112079 · session $16.7744
[2026-09-27 18:40:33 PDT] MGC range=2023-09-01_2023-10-01.dbn.zst: bought for $0.100258 · session $16.8747
[2026-09-27 18:40:41 PDT] MGC range=2023-10-01_2023-11-01.dbn.zst: bought for $0.109845 · session $16.9845
[2026-09-27 18:40:49 PDT] MGC range=2023-11-01_2023-12-01.dbn.zst: bought for $0.104978 · session $17.0895
[2026-09-27 18:40:57 PDT] MGC range=2023-12-01_2024-01-01.dbn.zst: bought for $0.099951 · session $17.1894
[2026-09-27 18:41:08 PDT] MGC range=2024-01-01_2024-02-01.dbn.zst: bought for $0.106347 · session $17.2958
[2026-09-27 18:41:16 PDT] MGC range=2024-02-01_2024-03-01.dbn.zst: bought for $0.103193 · session $17.3990
[2026-09-27 18:41:23 PDT] MGC range=2024-03-01_2024-04-01.dbn.zst: bought for $0.092894 and SEALED as holdout 2 · session $17.4919
[2026-09-27 18:41:31 PDT] MGC range=2024-04-01_2024-05-01.dbn.zst: bought for $0.110783 and SEALED as holdout 2 · session $17.6026
[2026-09-27 18:41:51 PDT] MGC range=2024-05-01_2024-06-01.dbn.zst: bought for $0.107377 and SEALED as holdout 2 · session $17.7100
[2026-09-27 18:42:05 PDT] MGC range=2024-06-01_2024-07-01.dbn.zst: bought for $0.100196 and SEALED as holdout 2 · session $17.8102
[2026-09-27 18:42:14 PDT] MGC range=2024-07-01_2024-08-01.dbn.zst: bought for $0.107070 and SEALED as holdout 2 · session $17.9173
[2026-09-27 18:42:25 PDT] MGC range=2024-08-01_2024-09-01.dbn.zst: bought for $0.110308 and SEALED as holdout 2 · session $18.0276
/home/kiros-li/Documents/GitHub/PropExperiment/data/pull_universe.py:590: BentoWarning: The streaming request contained one or more days which have reduced quality: 2024-09-18 (degraded). See: https://databento.com/docs/api-reference-historical/metadata/metadata-get-dataset-condition
  client.timeseries.get_range(**params.as_kwargs(), path=partial)
[2026-09-27 18:42:35 PDT] MGC range=2024-09-01_2024-10-01.dbn.zst: bought for $0.105435 and SEALED as holdout 2 · session $18.1330
[2026-09-27 18:42:43 PDT] MGC range=2024-10-01_2024-11-01.dbn.zst: bought for $0.115701 and SEALED as holdout 2 · session $18.2487
[2026-09-27 18:42:50 PDT] MGC range=2024-11-01_2024-12-01.dbn.zst: bought for $0.097943 and SEALED as holdout 2 · session $18.3467
[2026-09-27 18:43:12 PDT] MGC range=2024-12-01_2025-01-01.dbn.zst: bought for $0.105048 and SEALED as holdout 2 · session $18.4517
[2026-09-27 18:43:24 PDT] MGC range=2025-01-01_2025-02-01.dbn.zst: bought for $0.102700 and SEALED as holdout 2 · session $18.5544
[2026-09-27 18:43:32 PDT] MGC range=2025-02-01_2025-03-01.dbn.zst: bought for $0.100192 and SEALED as holdout 2 · session $18.6546
[2026-09-27 18:43:41 PDT] MGC range=2025-03-01_2025-04-01.dbn.zst: bought for $0.104102 and SEALED as holdout 2 · session $18.7587
/home/kiros-li/Documents/GitHub/PropExperiment/data/pull_universe.py:590: BentoWarning: No data found for the request you submitted.
  client.timeseries.get_range(**params.as_kwargs(), path=partial)
[2026-09-27 18:43:48 PDT] MHG range=2022-04-01_2022-05-01.dbn.zst: bought for $0.000000 · session $18.7587
[2026-09-27 18:43:55 PDT] MHG range=2022-05-01_2022-06-01.dbn.zst: bought for $0.018816 · session $18.7775
[2026-09-27 18:44:02 PDT] MHG range=2022-06-01_2022-07-01.dbn.zst: bought for $0.043444 · session $18.8210
[2026-09-27 18:44:10 PDT] MHG range=2022-07-01_2022-08-01.dbn.zst: bought for $0.055915 · session $18.8769
[2026-09-27 18:44:18 PDT] MHG range=2022-08-01_2022-09-01.dbn.zst: bought for $0.056879 · session $18.9338
[2026-09-27 18:44:27 PDT] MHG range=2022-09-01_2022-10-01.dbn.zst: bought for $0.058354 · session $18.9921
[2026-09-27 18:44:35 PDT] MHG range=2022-10-01_2022-11-01.dbn.zst: bought for $0.058318 · session $19.0504
[2026-09-27 18:44:56 PDT] MHG range=2022-11-01_2022-12-01.dbn.zst: bought for $0.063779 · session $19.1142
[2026-09-27 18:45:11 PDT] MHG range=2022-12-01_2023-01-01.dbn.zst: bought for $0.052648 · session $19.1669
[2026-09-27 18:45:17 PDT] MHG range=2023-01-01_2023-02-01.dbn.zst: bought for $0.070354 · session $19.2372
[2026-09-27 18:45:24 PDT] MHG range=2023-02-01_2023-03-01.dbn.zst: bought for $0.065137 · session $19.3024
[2026-09-27 18:45:42 PDT] MHG range=2023-03-01_2023-04-01.dbn.zst: bought for $0.077488 · session $19.3799
[2026-09-27 18:45:51 PDT] MHG range=2023-04-01_2023-05-01.dbn.zst: bought for $0.056850 · session $19.4367
[2026-09-27 18:46:08 PDT] MHG range=2023-05-01_2023-06-01.dbn.zst: bought for $0.072198 · session $19.5089
[2026-09-27 18:46:18 PDT] MHG range=2023-06-01_2023-07-01.dbn.zst: bought for $0.065083 · session $19.5740
[2026-09-27 18:46:32 PDT] MHG range=2023-07-01_2023-08-01.dbn.zst: bought for $0.062790 · session $19.6368
[2026-09-27 18:46:51 PDT] MHG range=2023-08-01_2023-09-01.dbn.zst: bought for $0.068547 · session $19.7053
[2026-09-27 18:47:00 PDT] MHG range=2023-09-01_2023-10-01.dbn.zst: bought for $0.061658 · session $19.7670
[2026-09-27 18:47:09 PDT] MHG range=2023-10-01_2023-11-01.dbn.zst: bought for $0.065736 · session $19.8327
[2026-09-27 18:47:16 PDT] MHG range=2023-11-01_2023-12-01.dbn.zst: bought for $0.062341 · session $19.8951
[2026-09-27 18:47:24 PDT] MHG range=2023-12-01_2024-01-01.dbn.zst: bought for $0.057817 · session $19.9529
[2026-09-27 18:47:33 PDT] MHG range=2024-01-01_2024-02-01.dbn.zst: bought for $0.067682 · session $20.0206
[2026-09-27 18:47:41 PDT] MHG range=2024-02-01_2024-03-01.dbn.zst: bought for $0.059577 · session $20.0801
[2026-09-27 18:47:49 PDT] MHG range=2024-03-01_2024-04-01.dbn.zst: bought for $0.065075 and SEALED as holdout 2 · session $20.1452
[2026-09-27 18:47:57 PDT] MHG range=2024-04-01_2024-05-01.dbn.zst: bought for $0.089090 and SEALED as holdout 2 · session $20.2343
[2026-09-27 18:48:06 PDT] MHG range=2024-05-01_2024-06-01.dbn.zst: bought for $0.104296 and SEALED as holdout 2 · session $20.3386
[2026-09-27 18:48:14 PDT] MHG range=2024-06-01_2024-07-01.dbn.zst: bought for $0.085249 and SEALED as holdout 2 · session $20.4238
[2026-09-27 18:48:21 PDT] MHG range=2024-07-01_2024-08-01.dbn.zst: bought for $0.094081 and SEALED as holdout 2 · session $20.5179
[2026-09-27 18:48:30 PDT] MHG range=2024-08-01_2024-09-01.dbn.zst: bought for $0.086323 and SEALED as holdout 2 · session $20.6042
[2026-09-27 18:48:41 PDT] MHG range=2024-09-01_2024-10-01.dbn.zst: bought for $0.084202 and SEALED as holdout 2 · session $20.6884
[2026-09-27 18:48:52 PDT] MHG range=2024-10-01_2024-11-01.dbn.zst: bought for $0.095304 and SEALED as holdout 2 · session $20.7838
[2026-09-27 18:48:59 PDT] MHG range=2024-11-01_2024-12-01.dbn.zst: bought for $0.081898 and SEALED as holdout 2 · session $20.8656
[2026-09-27 18:49:09 PDT] MHG range=2024-12-01_2025-01-01.dbn.zst: bought for $0.074169 and SEALED as holdout 2 · session $20.9398
[2026-09-27 18:49:16 PDT] MHG range=2025-01-01_2025-02-01.dbn.zst: bought for $0.082121 and SEALED as holdout 2 · session $21.0219
[2026-09-27 18:49:23 PDT] MHG range=2025-02-01_2025-03-01.dbn.zst: bought for $0.080120 and SEALED as holdout 2 · session $21.1021
[2026-09-27 18:49:33 PDT] MHG range=2025-03-01_2025-04-01.dbn.zst: bought for $0.094508 and SEALED as holdout 2 · session $21.1966
[2026-09-27 18:49:33 PDT] buy finished: 107 chunks · harness 9a8ebe7364beb7980eaea923888e06c2da253b7ff8ce2ce771b55045caf22f87 · stage-E.5-2026-09-27: account acct-2 (cap $125.00, spent $124.6738) · session cap $21.52 (spent $21.1966) · request cap $3.00
rc 0
end 18:49:33
