records 30, trip lists 30, cluster members 30, freeze members 30
== item 0
  every record: freeze c4fb5da4, harness 82ae8536, release calendar 839f2437: True; freeze file sha256 == c4fb5da4: True
  frozen table hashes identical across records: True: {'costs': 'f4360bb77272d0335485a9e01c0f6fc6ab99c47d52e640d95f9cd0397296df14', 'epsilon': '4e2c773182a23e7d073305ca4eb0134d3b3ac554ccc8215730bc1e194eaff496', 'sizes': '280d7e9df1953069448ca1762588477146a5d3c35bc53d3e9e2df50272c47325', 'vehicles': '1f1cafee4330961799f33d5493e640897cfa79827be98597dbaba23292e29913'}
  record labels == freeze labels (order by ordinal): True; cluster.members == freeze order: True
  freeze files: 16; every one equals the current file and the audited hash: True
  one bar file per root across records: True; roots ['6A', '6B', '6C', '6E', '6J', '6N', '6S']
== item 1
  run records 27; mismatches: none
  window: 316 research trade dates; the run records' window_dates.n values: [299]
  distinct window-exclusion sets across the 30 records: 2
    {'not_every_leg_trades': (0, ()), 'roll_blackout_any_leg': (15, ('2025-06-12', '2025-06-13', '2025-06-16')), 'unseen_roll_UR-1': (2, ('2026-06-18', '2026-06-19'))}
    {'not_every_leg_trades': (0, ()), 'roll_blackout_any_leg': (15, ('2025-06-12', '2025-06-13', '2025-06-16')), 'unseen_roll_UR-1': (2, ('2026-06-18', '2026-06-19'))}
== item 2
  tiers: {'B': 26, 'excluded': 3, 'A': 1}; mismatches: none; not_tiered {}, refused {}, power_check_undefined []
  Tier A: ['K3-ldnrev-01 6E']
  excluded: [('K3-cp1-01 6N', 0.9208935341735833), ('K3-cp1-01 6S', 0.9372886566246542), ('K3-cp2-01 6N', 0.946087268809481)]
  coverage 'expected' identical across a member's roots: True {'K3-cp1-01': {9759}, 'K3-cp2-01': {139225}, 'K3-cp3-01': {119165}, 'K3-ecbfix-01': {252554}, 'K3-ldnmom-01': {12537}, 'K3-ldnrev-01': {19098}, 'K3-mehedge-01': {35239}, 'K3-tkypost-01': {109434}, 'K3-tkypre-01': {43953}}
  floor: max entries/day 2, min hold 2.0, min mean hold 15.00, entry-cap refusals 0, min-hold refusals 0; labels on run records: none
== item 3
  cost table sha f4360bb7, release calendar sha 839f2437 == record 839f2437
  K3-cp1-01 6E: trips 284, net == gross - 2x211c - slippage on 284/284; event-window fills 0; daily_net_usd matches 299/299 days; series.values (cents / 625 / q_c 1) matches 299/299; sides symmetric in the table: True; record_sha256 ok; close reasons Counter({'strategy': 284})
  K3-ldnmom-01 6J: trips 237, net == gross - 2x211c - slippage on 237/237; event-window fills 0; daily_net_usd matches 299/299 days; series.values (cents / 625 / q_c 1) matches 299/299; sides symmetric in the table: True; record_sha256 ok; close reasons Counter({'strategy': 236, 'mll_liquidation': 1})
== item 4
  K3-ldnrev-01 6E: events in research 13, in window 13, outside window 0 Counter(); traded dates 12, trips 12; untraded in-window events 1; partial (fewer legs) 0; trips off the event set 0; counters {}
     untraded dates: ['2025-09-30']
     fill minutes: {'nominal': 12}
  K3-ldnrev-01 6J: events in research 13, in window 13, outside window 0 Counter(); traded dates 13, trips 13; untraded in-window events 0; partial (fewer legs) 0; trips off the event set 0; counters {}
     fill minutes: {'nominal': 13}
  K3-ldnrev-01 6S: events in research 13, in window 13, outside window 0 Counter(); traded dates 13, trips 13; untraded in-window events 0; partial (fewer legs) 0; trips off the event set 0; counters {}
     fill minutes: {'nominal': 13}
  K3-ldnmom-01 6E: events in research 298, in window 282, outside window 16 Counter({'roll_blackout_any_leg': 15, 'unseen_roll_UR-1': 1}); traded dates 254, trips 254; untraded in-window events 28; partial (fewer legs) 0; trips off the event set 0; counters {'engine_not_a_window_date': 15, 'mll_liquidation': 1}
     untraded dates: ['2025-04-01', '2025-04-10', '2025-04-22', '2025-05-12', '2025-08-11', '2025-08-12', '2025-08-15', '2025-09-09', '2025-09-17', '2025-09-30', '2025-10-22', '2025-10-31', '2025-11-11', '2025-11-19', '2025-11-24', '2025-12-09', '2025-12-16', '2026-01-02', '2026-01-12', '2026-01-20', '2026-01-21', '2026-02-04', '2026-03-18', '2026-04-01', '2026-04-16', '2026-05-01', '2026-05-18', '2026-05-22']
     fill minutes: {'nominal': 253, 'MLL': 1}
  K3-ldnmom-01 6J: events in research 298, in window 282, outside window 16 Counter({'roll_blackout_any_leg': 15, 'unseen_roll_UR-1': 1}); traded dates 237, trips 237; untraded in-window events 45; partial (fewer legs) 0; trips off the event set 0; counters {'engine_not_a_window_date': 12, 'mll_liquidation': 1}
     untraded dates: ['2025-04-28', '2025-05-09', '2025-05-27', '2025-06-18', '2025-06-30', '2025-07-16', '2025-07-31', '2025-08-14', '2025-08-21', '2025-09-16', '2025-09-17', '2025-09-30', '2025-10-06', '2025-10-09', '2025-10-16', '2025-10-23', '2025-10-27', '2025-11-18', '2025-11-19', '2025-12-08', '2025-12-30', '2026-01-13', '2026-02-13', '2026-03-02', '2026-03-17', '2026-03-18', '2026-03-23', '2026-03-30', '2026-04-16', '2026-04-22', '2026-04-27', '2026-04-28', '2026-04-29', '2026-05-05', '2026-05-06', '2026-05-13', '2026-05-14', '2026-05-18', '2026-05-19', '2026-05-20', '2026-05-21', '2026-05-29', '2026-06-03', '2026-06-04', '2026-06-09']
     fill minutes: {'nominal': 236, 'MLL': 1}
  K3-mehedge-01 6J: events in research 13, in window 13, outside window 0 Counter(); traded dates 13, trips 13; untraded in-window events 0; partial (fewer legs) 0; trips off the event set 0; counters {}
     fill minutes: {'nominal': 13}
  K3-ecbfix-01 6E: events in research 299, in window 283, outside window 16 Counter({'roll_blackout_any_leg': 15, 'unseen_roll_UR-1': 1}); traded dates 283, trips 561; untraded in-window events 0; partial (fewer legs) 5; trips off the event set 0; counters {'engine_not_a_window_date': 15, 'mll_liquidation': 7}
     partial dates: [('2025-04-03', 1), ('2025-04-10', 1), ('2025-04-11', 1), ('2025-04-24', 1), ('2025-05-19', 1)]
     fill minutes: {'nominal': 551, 'MLL': 7, 'later fill (missing bar)': 3}
  K3-tkypre-01 6J: events in research 63, in window 61, outside window 2 Counter({'roll_blackout_any_leg': 2}); traded dates 52, trips 52; untraded in-window events 9; partial (fewer legs) 0; trips off the event set 0; counters {}
     untraded dates: ['2025-06-10', '2025-09-05', '2025-09-10', '2025-11-25', '2025-12-10', '2026-02-25', '2026-02-27', '2026-06-05', '2026-06-10']
     fill minutes: {'nominal': 50, 'later fill (missing bar)': 2}
  K3-tkypost-01 6J: events in research 284, in window 269, outside window 15 Counter({'roll_blackout_any_leg': 14, 'unseen_roll_UR-1': 1}); traded dates 269, trips 269; untraded in-window events 0; partial (fewer legs) 0; trips off the event set 0; counters {'engine_not_a_window_date': 15, 'mll_liquidation': 3}
     fill minutes: {'nominal': 264, 'MLL': 3, 'later fill (missing bar)': 2}
== item 5
  screened 27; excluded 3 ['K3-cp1-01 6N', 'K3-cp1-01 6S', 'K3-cp2-01 6N']; refused {}; records not in the freeze: none; N = 123 + 27 = 150
== item 6
  K3-cp1-01 6A: accounts_started-1 1, counter 1, liquidation trips 1; tier B; mean -2.0719 t -3.049
  K3-cp1-01 6B: accounts_started-1 1, counter 1, liquidation trips 1; tier B; mean -1.1619 t -2.161
  K3-cp1-01 6C: accounts_started-1 1, counter 1, liquidation trips 1; tier B; mean -2.1081 t -5.532
  K3-cp2-01 6A: accounts_started-1 3, counter 3, liquidation trips 3; tier B; mean -3.5044 t -2.494
  K3-cp2-01 6B: accounts_started-1 2, counter 2, liquidation trips 2; tier B; mean -2.2412 t -2.163
  K3-cp2-01 6C: accounts_started-1 1, counter 1, liquidation trips 1; tier B; mean -1.7082 t -1.831
  K3-cp2-01 6E: accounts_started-1 4, counter 4, liquidation trips 4; tier B; mean -3.1634 t -1.785
  K3-cp2-01 6J: accounts_started-1 3, counter 3, liquidation trips 3; tier B; mean -2.4092 t -1.821
  K3-cp2-01 6S: accounts_started-1 7, counter 7, liquidation trips 7; tier B; mean -4.3509 t -1.873
  K3-cp3-01 6A: accounts_started-1 4, counter 4, liquidation trips 4; tier B; mean -2.0385 t -0.900
  K3-cp3-01 6B: accounts_started-1 2, counter 2, liquidation trips 2; tier B; mean -0.9169 t -0.597
  K3-cp3-01 6C: accounts_started-1 2, counter 2, liquidation trips 2; tier B; mean -2.6732 t -2.244
  K3-cp3-01 6E: accounts_started-1 4, counter 4, liquidation trips 4; tier B; mean -1.8603 t -0.769
  K3-cp3-01 6J: accounts_started-1 6, counter 6, liquidation trips 6; tier B; mean -3.4127 t -1.580
  K3-cp3-01 6N: accounts_started-1 3, counter 3, liquidation trips 3; tier B; mean -1.6073 t -0.928
  K3-cp3-01 6S: accounts_started-1 6, counter 6, liquidation trips 6; tier B; mean -2.4593 t -0.650
  K3-ecbfix-01 6E: accounts_started-1 7, counter 7, liquidation trips 7; tier B; mean -2.8103 t -0.553
  K3-ldnmom-01 6E: accounts_started-1 1, counter 1, liquidation trips 1; tier B; mean -0.7346 t -0.793
  K3-ldnmom-01 6J: accounts_started-1 1, counter 1, liquidation trips 1; tier B; mean -1.8592 t -3.096
  K3-tkypost-01 6J: accounts_started-1 3, counter 3, liquidation trips 3; tier B; mean -1.8946 t -1.176
  Tier A record: {'K3-ldnrev-01 6E': (1, {})}
== extras
  short holds K3-cp1-01 6A: min 8.0 mean 28.93: [('2025-10-29', '13:30', '13:38', 'mll_liquidation', 8.0)]
  short holds K3-cp1-01 6C: min 3.0 mean 28.91: [('2025-11-11', '13:30', '13:33', 'mll_liquidation', 3.0)]
  short holds K3-cp3-01 6B: min 8.0 mean 387.89: [('2026-04-28', '07:21', '07:29', 'mll_liquidation', 8.0)]
  short holds K3-cp3-01 6J: min 9.0 mean 387.71: [('2025-07-03', '07:21', '07:30', 'mll_liquidation', 9.0), ('2025-09-10', '07:21', '07:30', 'mll_liquidation', 9.0)]
  short holds K3-ldnmom-01 6J: min 5.0 mean 16.95: [('2025-08-01', '09:48', '09:53', 'mll_liquidation', 5.0)]
  short holds K3-tkypost-01 6J: min 2.0 mean 316.97: [('2026-03-27', '19:56', '19:58', 'mll_liquidation', 2.0)]
  K3-ecbfix-01 6E 2025-04-03: open d+0 01:00 (nominal 01:00), close d+0 05:12 (nominal 07:15), mll_liquidation, hold 252.0
  K3-ecbfix-01 6E 2025-04-10: open d+0 01:00 (nominal 01:00), close d+0 02:44 (nominal 07:15), mll_liquidation, hold 104.0
  K3-ecbfix-01 6E 2025-04-11: open d+0 01:00 (nominal 01:00), close d+0 03:47 (nominal 07:15), mll_liquidation, hold 167.0
  K3-ecbfix-01 6E 2025-04-24: open d+0 01:00 (nominal 01:00), close d+0 02:31 (nominal 07:15), mll_liquidation, hold 91.0
  K3-ecbfix-01 6E 2025-05-05: open d+0 07:16 (nominal 07:16), close d+0 11:08 (nominal 15:05), mll_liquidation, hold 232.0
  K3-ecbfix-01 6E 2025-05-08: open d+0 07:16 (nominal 07:16), close d+0 12:34 (nominal 15:05), mll_liquidation, hold 318.0
  K3-ecbfix-01 6E 2025-05-19: open d+0 01:00 (nominal 01:00), close d+0 03:15 (nominal 07:15), mll_liquidation, hold 135.0
  K3-ecbfix-01 6E 2025-06-09: open d+0 07:16 (nominal 07:16), close d+0 15:06 (nominal 15:05), strategy, hold 470.0
  K3-ecbfix-01 6E 2025-09-10: open d+0 07:16 (nominal 07:16), close d+0 15:06 (nominal 15:05), strategy, hold 470.0
  K3-ecbfix-01 6E 2025-11-18: open d+0 07:16 (nominal 07:16), close d+0 15:06 (nominal 15:05), strategy, hold 470.0
  K3-tkypre-01 6J 2025-06-20: open d-1 17:31 (nominal 17:30), close d-1 19:55 (nominal 19:55), strategy, hold 144.0
  K3-tkypre-01 6J 2025-08-20: open d-1 17:31 (nominal 17:30), close d-1 19:55 (nominal 19:55), strategy, hold 144.0
  K3-tkypost-01 6J 2025-07-22: open d-1 19:56 (nominal 19:56), close d-1 20:43 (nominal 01:00), mll_liquidation, hold 47.0
  K3-tkypost-01 6J 2025-11-21: open d-1 18:56 (nominal 18:56), close d-1 19:26 (nominal 01:00), mll_liquidation, hold 30.0
  K3-tkypost-01 6J 2026-03-27: open d-1 19:56 (nominal 19:56), close d-1 19:58 (nominal 01:00), mll_liquidation, hold 2.0
  K3-tkypost-01 6J 2026-04-06: open d-1 19:56 (nominal 19:56), close d+0 01:01 (nominal 01:00), strategy, hold 305.0
  K3-tkypost-01 6J 2026-06-16: open d-1 19:56 (nominal 19:56), close d+0 01:01 (nominal 01:00), strategy, hold 305.0
  K3-ldnmom-01 6E 2026-01-15: open d+0 09:48 (nominal 09:48), close d+0 10:03 (nominal 10:05), mll_liquidation, hold 15.0
  K3-ldnmom-01 6J 2025-08-01: open d+0 09:48 (nominal 09:48), close d+0 09:53 (nominal 10:05), mll_liquidation, hold 5.0
  cp1 6E (open, close, reason) counts: {('13:30', '13:59', 'strategy'): 284}
  liquidation sensitivity (net of MLL trips set to 0):
    K3-cp1-01 6A: 1 liquidations, their net -58.2 ticks; screen without them: mean -1.8774, t -2.875, passes False
    K3-cp1-01 6B: 1 liquidations, their net -10.8 ticks; screen without them: mean -1.1257, t -2.097, passes False
    K3-cp1-01 6C: 1 liquidations, their net -4.0 ticks; screen without them: mean -2.0946, t -5.496, passes False
    K3-cp2-01 6A: 3 liquidations, their net -83.6 ticks; screen without them: mean -3.2248, t -2.310, passes False
    K3-cp2-01 6B: 2 liquidations, their net -20.9 ticks; screen without them: mean -2.1714, t -2.098, passes False
    K3-cp2-01 6C: 1 liquidations, their net -57.0 ticks; screen without them: mean -1.5174, t -1.659, passes False
    K3-cp2-01 6E: 4 liquidations, their net -155.7 ticks; screen without them: mean -2.6428, t -1.506, passes False
    K3-cp2-01 6J: 3 liquidations, their net -54.7 ticks; screen without them: mean -2.2264, t -1.686, passes False
    K3-cp2-01 6S: 7 liquidations, their net -499.3 ticks; screen without them: mean -2.6809, t -1.232, passes False
    K3-cp3-01 6A: 4 liquidations, their net -265.9 ticks; screen without them: mean -1.1492, t -0.518, passes False
    K3-cp3-01 6B: 2 liquidations, their net -39.9 ticks; screen without them: mean -0.7835, t -0.511, passes False
    K3-cp3-01 6C: 2 liquidations, their net -99.0 ticks; screen without them: mean -2.3420, t -2.029, passes False
    K3-cp3-01 6E: 4 liquidations, their net -357.8 ticks; screen without them: mean -0.6638, t -0.287, passes False
    K3-cp3-01 6J: 6 liquidations, their net -695.5 ticks; screen without them: mean -1.0865, t -0.618, passes False
    K3-cp3-01 6N: 3 liquidations, their net -168.8 ticks; screen without them: mean -1.0427, t -0.613, passes False
    K3-cp3-01 6S: 6 liquidations, their net -1012.1 ticks; screen without them: mean +0.9256, t +0.273, passes False
    K3-ecbfix-01 6E: 7 liquidations, their net -1191.9 ticks; screen without them: mean +1.1759, t +0.247, passes False
    K3-ldnmom-01 6E: 1 liquidations, their net -21.9 ticks; screen without them: mean -0.6613, t -0.716, passes False
    K3-ldnmom-01 6J: 1 liquidations, their net -12.9 ticks; screen without them: mean -1.8162, t -3.030, passes False
    K3-tkypost-01 6J: 3 liquidations, their net -27.7 ticks; screen without them: mean -1.8021, t -1.119, passes False
