EC-CAL fx trade dates in coverage: 1846; coverage (datetime.date(2019, 5, 1), datetime.date(2026, 6, 19))
  early-halt trade dates: 32
  F differs across K3 roots on: []
FX_FULL_SESSIONS: mine 1797 rows, table 1797 rows, equal=True
FX_EARLY_F_DATES: mine 17 rows, table 17 rows, equal=True
  early-F dates: ['2024-01-15', '2024-02-19', '2024-05-27', '2024-06-19', '2024-07-03', '2024-07-04', '2024-09-02', '2024-11-28', '2025-01-20', '2025-02-17', '2025-05-26', '2025-06-19', '2025-09-01', '2025-11-27', '2026-01-19', '2026-02-16', '2026-05-25']
  research window: trade dates 316, full sessions 304, halts ['2025-07-04', '2025-11-28', '2025-12-24', '2026-04-03', '2026-06-19'], early-F ['2025-05-26', '2025-06-19', '2025-09-01', '2025-11-27', '2026-01-19', '2026-02-16', '2026-05-25']
  literal-C4 (halt label only) sessions: 1814
MONTH_ENDS: mine 85 rows, table 85 rows, equal=True
  months whose last day is outside coverage (not listed): [(2026, 6)]
  halted month-ends: [('2019-11', '2019-11-29'), ('2021-05', '2021-05-31'), ('2024-11', '2024-11-29'), ('2025-11', '2025-11-28')]
  gov.uk file sha256 538b3482c28b85ec; E&W events in file: 83
EW_BANK_HOLIDAYS: mine 63 rows, table 63 rows, equal=True
  E&W weekday holidays in the research window: ['2025-04-18', '2025-04-21', '2025-05-05', '2025-05-26', '2025-08-25', '2025-12-25', '2025-12-26', '2026-01-01', '2026-04-03', '2026-04-06', '2026-05-04', '2026-05-25']
TGT_CLOSING_DAYS (six-day rule 2019-2026): mine 48 rows, table 48 rows, equal=True
  wb_20241230111431_ecb_working_hours.html: starred 2025 rows found: ['2025-01-01', '2025-04-18', '2025-04-21', '2025-05-01', '2025-12-25', '2025-12-26']
    table 2025: ['2025-01-01', '2025-04-18', '2025-04-21', '2025-05-01', '2025-12-25', '2025-12-26']
  wb_20251218035041_ecb_working_hours.html: starred 2026 rows found: []
    table 2026: ['2026-01-01', '2026-04-03', '2026-04-06', '2026-05-01', '2026-12-25', '2026-12-26']
  ecb_working_hours_live.html: starred 2026 rows found: ['2026-01-01', '2026-04-03', '2026-04-06', '2026-05-01', '2026-12-25', '2026-12-26']
    table 2026: ['2026-01-01', '2026-04-03', '2026-04-06', '2026-05-01', '2026-12-25', '2026-12-26']
  CAO CSV sha256 cec37a743c96995c: 1067 holidays total; 148 in 2019-2026
TOKYO_BUSINESS_DAYS: mine 1761 rows, table 1761 rows, equal=True
GOTOBI_OR_TOKYO_MONTH_END: mine 404 rows, table 404 rows, equal=True
  gotobi 350, Tokyo month-ends in range 86, union 404
  MURC xls not readable here: ImportError: `Import xlrd` failed. Install xlrd >= 2.0.1 for xls Excel support Use pip or conda to install the xlrd package.
  T_L instants not on CT date d: []
T_L: mine 1885 rows, table 1885 rows, equal=True
T_E: mine 1885 rows, table 1885 rows, equal=True
  T_T instants not on CT date d-1: []
T_T: mine 1761 rows, table 1761 rows, equal=True
  C9 known-answer T_L: all pass=True 
  C9 known-answer T_E: all pass=True 
  C9 known-answer T_T: all pass=True 
  T_L 11:00 days == C9 list: True (125); T_E 08:15 days == same: True
  release check sha256 c63c13a69559c90efdb72969e20244a261343839660436082fcaf44a35f931e9 == pinned True
  data/vendor/index_history/nikkei_stock_average_daily_en.csv: sha matches table True, matches check True
  data/vendor/index_history/nikkei_wayback/wb_20240401064221_nikkei_daily_en.csv: sha matches table True, matches check True
  data/vendor/index_history/nikkei_wayback/wb_20230523124334_nikkei_daily_en.csv: sha matches table True, matches check True
  data/vendor/index_history/nikkei_wayback/wb_20200919105418_nikkei_daily_en.csv: sha matches table True, matches check True
    manifest nikkei_stock_average_daily_en.csv: served=https://indexes.nikkei.co.jp/nkave/historical/nikkei_stock_average_daily_en.csv sha_ok=True bytes=53054
    manifest wb_20240401064221_nikkei_daily_en.csv: served=https://web.archive.org/web/20240401064221id_/https://indexes.nikkei.co.jp/nkave/historica sha_ok=True bytes=46210
    manifest wb_20230523124334_nikkei_daily_en.csv: served=https://web.archive.org/web/20230523124334id_/https://indexes.nikkei.co.jp/nkave/historica sha_ok=True bytes=48124
    manifest wb_20200919105418_nikkei_daily_en.csv: served=https://web.archive.org/web/20200919105418id_/https://indexes.nikkei.co.jp/nkave/historica sha_ok=True bytes=52822
    nikkei_stock_average_daily_en.csv: 911 closes 2023-01-04..2026-09-25
    wb_20240401064221_nikkei_daily_en.csv: 793 closes 2021-01-04..2024-03-29
    wb_20230523124334_nikkei_daily_en.csv: 826 closes 2020-01-06..2023-05-23
    wb_20200919105418_nikkei_daily_en.csv: 907 closes 2017-01-04..2020-09-18
  overlap conflicts: 0
  closes in window 1761; == Tokyo business days: True; missing []; extra []
MEHEDGE_R_EQ_6J: mine 85 rows, table 85 rows
  exact float equality on 85/85; equal within 1e-12 on 85
  months mismatched: []
  None or zero rows: []
  months where P_a is more than 3 days before ME: [('2024-04', datetime.date(2024, 4, 26), '2024-04-30')]
  P_a/P_b dates vs MEHEDGE_CLOSES_6J: mismatches [] (of 85)
  2025-04: ME 2025-04-30 P_a 2025-04-28 35839.99 P_b 2025-03-31 35617.56 R_eq +0.006226
  2025-10: ME 2025-10-31 P_a 2025-10-30 51325.61 P_b 2025-09-30 44932.63 R_eq +0.133026
  2026-03: ME 2026-03-31 P_a 2026-03-30 51885.85 P_b 2026-02-27 58850.27 R_eq -0.125950
  2026-05: ME 2026-05-29 P_a 2026-05-28 64693.12 P_b 2026-04-30 59284.92 R_eq +0.087300
SX5E: 18 saved files, 1026 distinct dates; window dates 960; missing vs weekdays-TGT: 889 (research window 257)
  research month-ends with the last SX5E close before ME: [('2025-04-30', datetime.date(2025, 4, 29)), ('2025-05-30', datetime.date(2025, 5, 29)), ('2025-06-30', datetime.date(2025, 6, 17)), ('2025-07-31', datetime.date(2025, 6, 17)), ('2025-08-29', datetime.date(2025, 6, 17)), ('2025-09-30', datetime.date(2025, 6, 17)), ('2025-10-31', datetime.date(2025, 6, 17)), ('2025-11-28', datetime.date(2025, 6, 17)), ('2025-12-31', datetime.date(2025, 6, 17)), ('2026-01-30', datetime.date(2025, 6, 17)), ('2026-02-27', datetime.date(2025, 6, 17)), ('2026-03-31', datetime.date(2025, 6, 17)), ('2026-04-30', datetime.date(2025, 6, 17)), ('2026-05-29', datetime.date(2025, 6, 17))]
event sets (all / research): {'ldnrev': (80, 13), 'ldnmom': (1761, 298), 'ecbfix': (1780, 299), 'tkypre': (378, 63), 'tkypost': (1681, 284), 'mehedge': (80, 13)}
  ldnrev research dates: ['2025-04-30', '2025-05-30', '2025-06-30', '2025-07-31', '2025-08-29', '2025-09-30', '2025-10-31', '2025-12-31', '2026-01-30', '2026-02-27', '2026-03-31', '2026-04-30', '2026-05-29']
  month-ends dropped (halt or E&W): [('2019-11', '2019-11-29'), ('2020-08', '2020-08-31'), ('2021-05', '2021-05-31'), ('2024-11', '2024-11-29'), ('2025-11', '2025-11-28')]
  ldnrev/T_L: event dates without a clock row: []
  ldnmom/T_L: event dates without a clock row: []
  ecbfix/T_E: event dates without a clock row: []
  tkypre/T_T: event dates without a clock row: []
  tkypost/T_T: event dates without a clock row: []
FINDINGS: none: every table recomputed equal
