Fri Oct  9 19:29:15 PDT 2026
ledger lines before: 29682
2026-10-10T02:29:15+00:00
 344G
$ nice -n 10 uv run python -m data.pull_step2 --buy --plan ext2010 --account acct-2 --harness-sha256 ba1ce99672b7e5bbb33f0cfabb89ba618d207d701348da1b1681ecfa7d932292
[2026-10-09 19:29:16 PDT] stage-E.14-ext2010: account acct-2 (cap $291.08, spent $231.599730) · session cap $59.47 (spent $0.000000) · request cap $3.00
[2026-10-09 19:29:16 PDT] plan ext2010 (test C1): 642 chunks over 6 root(s) NG, NQ, ZN, 6E, GC, ZC, 2010-06-06..2019-05-01 (end exclusive, 00:00 UTC)
[2026-10-09 19:29:16 PDT] harness preflight passed: ba1ce99672b7e5bbb33f0cfabb89ba618d207d701348da1b1681ecfa7d932292
[2026-10-09 19:29:29 PDT] NG range=2010-06-06_2010-07-01.dbn.zst: bought for $0.054444 · session $0.054444
[2026-10-09 19:29:36 PDT] NG range=2010-07-01_2010-08-01.dbn.zst: bought for $0.062772 · session $0.117216
[2026-10-09 19:29:46 PDT] NG range=2010-08-01_2010-09-01.dbn.zst: bought for $0.072037 · session $0.189253
[2026-10-09 19:30:26 PDT] NG range=2010-09-01_2010-10-01.dbn.zst: bought for $0.069814 · session $0.259067
[2026-10-09 19:30:43 PDT] NG range=2010-10-01_2010-11-01.dbn.zst: bought for $0.068032 · session $0.327099
[2026-10-09 19:30:51 PDT] NG range=2010-11-01_2010-12-01.dbn.zst: bought for $0.070756 · session $0.397855
[2026-10-09 19:31:02 PDT] NG range=2010-12-01_2011-01-01.dbn.zst: bought for $0.073775 · session $0.471630
[2026-10-09 19:31:24 PDT] NG range=2011-01-01_2011-02-01.dbn.zst: bought for $0.071435 · session $0.543065
[2026-10-09 19:31:43 PDT] NG range=2011-02-01_2011-03-01.dbn.zst: bought for $0.067065 · session $0.610130
[2026-10-09 19:31:51 PDT] NG range=2011-03-01_2011-04-01.dbn.zst: bought for $0.075955 · session $0.686085
[2026-10-09 19:31:59 PDT] NG range=2011-04-01_2011-05-01.dbn.zst: bought for $0.062246 · session $0.748331
[2026-10-09 19:32:15 PDT] NG range=2011-05-01_2011-06-01.dbn.zst: bought for $0.067226 · session $0.815556
[2026-10-09 19:32:29 PDT] NG range=2011-06-01_2011-07-01.dbn.zst: bought for $0.070416 · session $0.885972
[2026-10-09 19:32:40 PDT] NG range=2011-07-01_2011-08-01.dbn.zst: bought for $0.066006 · session $0.951979
[2026-10-09 19:32:50 PDT] NG range=2011-08-01_2011-09-01.dbn.zst: bought for $0.074410 · session $1.026389
[2026-10-09 19:33:01 PDT] NG range=2011-09-01_2011-10-01.dbn.zst: bought for $0.067525 · session $1.093914
[2026-10-09 19:33:14 PDT] NG range=2011-10-01_2011-11-01.dbn.zst: bought for $0.065900 · session $1.159814
[2026-10-09 19:33:52 PDT] NG range=2011-11-01_2011-12-01.dbn.zst: bought for $0.069310 · session $1.229124
[2026-10-09 19:34:03 PDT] NG range=2011-12-01_2012-01-01.dbn.zst: bought for $0.066379 · session $1.295503
[2026-10-09 19:34:13 PDT] NG range=2012-01-01_2012-02-01.dbn.zst: bought for $0.076590 · session $1.372093
[2026-10-09 19:34:37 PDT] NG range=2012-02-01_2012-03-01.dbn.zst: bought for $0.076626 · session $1.448719
[2026-10-09 19:34:45 PDT] NG range=2012-03-01_2012-04-01.dbn.zst: bought for $0.076009 · session $1.524728
[2026-10-09 19:35:05 PDT] NG range=2012-04-01_2012-05-01.dbn.zst: bought for $0.066904 · session $1.591633
[2026-10-09 19:35:14 PDT] NG range=2012-05-01_2012-06-01.dbn.zst: bought for $0.081361 · session $1.672994
[2026-10-09 19:35:24 PDT] NG range=2012-06-01_2012-07-01.dbn.zst: bought for $0.074155 · session $1.747149
[2026-10-09 19:35:37 PDT] NG range=2012-07-01_2012-08-01.dbn.zst: bought for $0.075122 · session $1.822271
[2026-10-09 19:35:58 PDT] NG range=2012-08-01_2012-09-01.dbn.zst: bought for $0.083143 · session $1.905414
[2026-10-09 19:36:07 PDT] NG range=2012-09-01_2012-10-01.dbn.zst: bought for $0.070577 · session $1.975991
[2026-10-09 19:36:20 PDT] NG range=2012-10-01_2012-11-01.dbn.zst: bought for $0.085060 · session $2.061050
[2026-10-09 19:36:28 PDT] NG range=2012-11-01_2012-12-01.dbn.zst: bought for $0.077597 · session $2.138648
[2026-10-09 19:36:47 PDT] NG range=2012-12-01_2013-01-01.dbn.zst: bought for $0.077638 · session $2.216285
[2026-10-09 19:37:27 PDT] NG range=2013-01-01_2013-02-01.dbn.zst: bought for $0.082095 · session $2.298381
[2026-10-09 19:37:41 PDT] NG range=2013-02-01_2013-03-01.dbn.zst: bought for $0.071836 · session $2.370217
=== RESUME after the session ended (process gone after 19:37:46; NG 2013-03 committed, not settled, no file) ===
Fri Oct  9 07:42:33 PM PDT 2026
ledger lines before resume: 29783
[2026-10-09 19:42:35 PDT] stage-E.14-ext2010: account acct-2 (cap $291.08, spent $234.044949) · session cap $59.47 (spent $2.445219) · request cap $3.00
[2026-10-09 19:42:35 PDT] plan ext2010 (test C1): 642 chunks over 6 root(s) NG, NQ, ZN, 6E, GC, ZC, 2010-06-06..2019-05-01 (end exclusive, 00:00 UTC)
[2026-10-09 19:42:36 PDT] harness preflight passed: ba1ce99672b7e5bbb33f0cfabb89ba618d207d701348da1b1681ecfa7d932292
[2026-10-09 19:42:38 PDT] NG range=2010-06-06_2010-07-01.dbn.zst: skipped: already bought and settled · session $2.445219
[2026-10-09 19:42:38 PDT] NG range=2010-07-01_2010-08-01.dbn.zst: skipped: already bought and settled · session $2.445219
[2026-10-09 19:42:38 PDT] NG range=2010-08-01_2010-09-01.dbn.zst: skipped: already bought and settled · session $2.445219
[2026-10-09 19:42:38 PDT] NG range=2010-09-01_2010-10-01.dbn.zst: skipped: already bought and settled · session $2.445219
[2026-10-09 19:42:39 PDT] NG range=2010-10-01_2010-11-01.dbn.zst: skipped: already bought and settled · session $2.445219
[2026-10-09 19:42:39 PDT] NG range=2010-11-01_2010-12-01.dbn.zst: skipped: already bought and settled · session $2.445219
[2026-10-09 19:42:39 PDT] NG range=2010-12-01_2011-01-01.dbn.zst: skipped: already bought and settled · session $2.445219
[2026-10-09 19:42:39 PDT] NG range=2011-01-01_2011-02-01.dbn.zst: skipped: already bought and settled · session $2.445219
[2026-10-09 19:42:39 PDT] NG range=2011-02-01_2011-03-01.dbn.zst: skipped: already bought and settled · session $2.445219
[2026-10-09 19:42:39 PDT] NG range=2011-03-01_2011-04-01.dbn.zst: skipped: already bought and settled · session $2.445219
[2026-10-09 19:42:40 PDT] NG range=2011-04-01_2011-05-01.dbn.zst: skipped: already bought and settled · session $2.445219
[2026-10-09 19:42:40 PDT] NG range=2011-05-01_2011-06-01.dbn.zst: skipped: already bought and settled · session $2.445219
[2026-10-09 19:42:40 PDT] NG range=2011-06-01_2011-07-01.dbn.zst: skipped: already bought and settled · session $2.445219
[2026-10-09 19:42:40 PDT] NG range=2011-07-01_2011-08-01.dbn.zst: skipped: already bought and settled · session $2.445219
[2026-10-09 19:42:40 PDT] NG range=2011-08-01_2011-09-01.dbn.zst: skipped: already bought and settled · session $2.445219
[2026-10-09 19:42:41 PDT] NG range=2011-09-01_2011-10-01.dbn.zst: skipped: already bought and settled · session $2.445219
[2026-10-09 19:42:41 PDT] NG range=2011-10-01_2011-11-01.dbn.zst: skipped: already bought and settled · session $2.445219
[2026-10-09 19:42:41 PDT] NG range=2011-11-01_2011-12-01.dbn.zst: skipped: already bought and settled · session $2.445219
[2026-10-09 19:42:41 PDT] NG range=2011-12-01_2012-01-01.dbn.zst: skipped: already bought and settled · session $2.445219
[2026-10-09 19:42:41 PDT] NG range=2012-01-01_2012-02-01.dbn.zst: skipped: already bought and settled · session $2.445219
[2026-10-09 19:42:41 PDT] NG range=2012-02-01_2012-03-01.dbn.zst: skipped: already bought and settled · session $2.445219
[2026-10-09 19:42:42 PDT] NG range=2012-03-01_2012-04-01.dbn.zst: skipped: already bought and settled · session $2.445219
[2026-10-09 19:42:42 PDT] NG range=2012-04-01_2012-05-01.dbn.zst: skipped: already bought and settled · session $2.445219
[2026-10-09 19:42:42 PDT] NG range=2012-05-01_2012-06-01.dbn.zst: skipped: already bought and settled · session $2.445219
[2026-10-09 19:42:42 PDT] NG range=2012-06-01_2012-07-01.dbn.zst: skipped: already bought and settled · session $2.445219
[2026-10-09 19:42:42 PDT] NG range=2012-07-01_2012-08-01.dbn.zst: skipped: already bought and settled · session $2.445219
[2026-10-09 19:42:42 PDT] NG range=2012-08-01_2012-09-01.dbn.zst: skipped: already bought and settled · session $2.445219
[2026-10-09 19:42:43 PDT] NG range=2012-09-01_2012-10-01.dbn.zst: skipped: already bought and settled · session $2.445219
[2026-10-09 19:42:43 PDT] NG range=2012-10-01_2012-11-01.dbn.zst: skipped: already bought and settled · session $2.445219
[2026-10-09 19:42:43 PDT] NG range=2012-11-01_2012-12-01.dbn.zst: skipped: already bought and settled · session $2.445219
[2026-10-09 19:42:43 PDT] NG range=2012-12-01_2013-01-01.dbn.zst: skipped: already bought and settled · session $2.445219
[2026-10-09 19:42:43 PDT] NG range=2013-01-01_2013-02-01.dbn.zst: skipped: already bought and settled · session $2.445219
[2026-10-09 19:42:43 PDT] NG range=2013-02-01_2013-03-01.dbn.zst: skipped: already bought and settled · session $2.445219
[2026-10-09 19:42:57 PDT] NG range=2013-03-01_2013-04-01.dbn.zst: bought for $0.075002 · session $2.520221
[2026-10-09 19:43:06 PDT] NG range=2013-04-01_2013-05-01.dbn.zst: bought for $0.081613 · session $2.601834
[2026-10-09 19:43:13 PDT] NG range=2013-05-01_2013-06-01.dbn.zst: bought for $0.080500 · session $2.682334
[2026-10-09 19:43:25 PDT] NG range=2013-06-01_2013-07-01.dbn.zst: bought for $0.069573 · session $2.751907
[2026-10-09 19:43:44 PDT] NG range=2013-07-01_2013-08-01.dbn.zst: bought for $0.079175 · session $2.831081
[2026-10-09 19:43:53 PDT] NG range=2013-08-01_2013-09-01.dbn.zst: bought for $0.079426 · session $2.910508
[2026-10-09 19:44:03 PDT] NG range=2013-09-01_2013-10-01.dbn.zst: bought for $0.068839 · session $2.979347
[2026-10-09 19:44:17 PDT] NG range=2013-10-01_2013-11-01.dbn.zst: bought for $0.082650 · session $3.061997
[2026-10-09 19:44:27 PDT] NG range=2013-11-01_2013-12-01.dbn.zst: bought for $0.074607 · session $3.136604
[2026-10-09 19:44:35 PDT] NG range=2013-12-01_2014-01-01.dbn.zst: bought for $0.079799 · session $3.216403
[2026-10-09 19:44:47 PDT] NG range=2014-01-01_2014-02-01.dbn.zst: bought for $0.086509 · session $3.302912
[2026-10-09 19:44:57 PDT] NG range=2014-02-01_2014-03-01.dbn.zst: bought for $0.084304 · session $3.387216
[2026-10-09 19:46:53 PDT] NG range=2014-03-01_2014-04-01.dbn.zst: bought for $0.077382 · session $3.464598
[2026-10-09 19:47:02 PDT] NG range=2014-04-01_2014-05-01.dbn.zst: bought for $0.072610 · session $3.537209
[2026-10-09 19:47:11 PDT] NG range=2014-05-01_2014-06-01.dbn.zst: bought for $0.072724 · session $3.609932
/home/kiros-li/Documents/GitHub/PropExperiment/data/pull_universe.py:590: BentoWarning: The streaming request contained one or more days which have reduced quality: 2014-06-11 (degraded), 2014-06-12 (degraded), 2014-06-13 (degraded)... See: https://databento.com/docs/api-reference-historical/metadata/metadata-get-dataset-condition
  client.timeseries.get_range(**params.as_kwargs(), path=partial)
[2026-10-09 19:47:24 PDT] NG range=2014-06-01_2014-07-01.dbn.zst: bought for $0.070519 · session $3.680451
[2026-10-09 19:47:41 PDT] NG range=2014-07-01_2014-08-01.dbn.zst: bought for $0.082077 · session $3.762528
[2026-10-09 19:48:04 PDT] NG range=2014-08-01_2014-09-01.dbn.zst: bought for $0.076794 · session $3.839322
/home/kiros-li/Documents/GitHub/PropExperiment/data/pull_universe.py:590: BentoWarning: The streaming request contained one or more days which have reduced quality: 2014-09-22 (degraded), 2014-09-23 (degraded), 2014-09-24 (degraded)... See: https://databento.com/docs/api-reference-historical/metadata/metadata-get-dataset-condition
  client.timeseries.get_range(**params.as_kwargs(), path=partial)
[2026-10-09 19:48:12 PDT] NG range=2014-09-01_2014-10-01.dbn.zst: bought for $0.065429 · session $3.904751
[2026-10-09 19:48:29 PDT] NG range=2014-10-01_2014-11-01.dbn.zst: bought for $0.084811 · session $3.989563
[2026-10-09 19:48:39 PDT] NG range=2014-11-01_2014-12-01.dbn.zst: bought for $0.080708 · session $4.070271
[2026-10-09 19:48:50 PDT] NG range=2014-12-01_2015-01-01.dbn.zst: bought for $0.082070 · session $4.152340
[2026-10-09 19:49:57 PDT] NG range=2015-01-01_2015-02-01.dbn.zst: bought for $0.082792 · session $4.235133
[2026-10-09 19:50:13 PDT] NG range=2015-02-01_2015-03-01.dbn.zst: bought for $0.077090 · session $4.312223
[2026-10-09 19:50:29 PDT] NG range=2015-03-01_2015-04-01.dbn.zst: bought for $0.080441 · session $4.392664
[2026-10-09 19:50:51 PDT] NG range=2015-04-01_2015-05-01.dbn.zst: bought for $0.076517 · session $4.469181
[2026-10-09 19:51:11 PDT] NG range=2015-05-01_2015-06-01.dbn.zst: bought for $0.074330 · session $4.543511
[2026-10-09 19:52:17 PDT] NG range=2015-06-01_2015-07-01.dbn.zst: bought for $0.082603 · session $4.626113
[2026-10-09 19:52:29 PDT] NG range=2015-07-01_2015-08-01.dbn.zst: bought for $0.084118 · session $4.710231
[2026-10-09 19:52:48 PDT] NG range=2015-08-01_2015-09-01.dbn.zst: bought for $0.077258 · session $4.787489
[2026-10-09 19:52:58 PDT] NG range=2015-09-01_2015-10-01.dbn.zst: bought for $0.076345 · session $4.863834
[2026-10-09 19:53:47 PDT] NG range=2015-10-01_2015-11-01.dbn.zst: bought for $0.081880 · session $4.945714
[2026-10-09 19:53:57 PDT] NG range=2015-11-01_2015-12-01.dbn.zst: bought for $0.081018 · session $5.026732
[2026-10-09 19:54:12 PDT] NG range=2015-12-01_2016-01-01.dbn.zst: bought for $0.088035 · session $5.114767
[2026-10-09 19:54:26 PDT] NG range=2016-01-01_2016-02-01.dbn.zst: bought for $0.079532 · session $5.194300
[2026-10-09 19:54:35 PDT] NG range=2016-02-01_2016-03-01.dbn.zst: bought for $0.081438 · session $5.275738
[2026-10-09 19:54:53 PDT] NG range=2016-03-01_2016-04-01.dbn.zst: bought for $0.082668 · session $5.358406
[2026-10-09 19:55:05 PDT] NG range=2016-04-01_2016-05-01.dbn.zst: bought for $0.075903 · session $5.434310
[2026-10-09 19:55:23 PDT] NG range=2016-05-01_2016-06-01.dbn.zst: bought for $0.076995 · session $5.511305
[2026-10-09 19:55:55 PDT] NG range=2016-06-01_2016-07-01.dbn.zst: bought for $0.082566 · session $5.593871
[2026-10-09 19:56:07 PDT] NG range=2016-07-01_2016-08-01.dbn.zst: bought for $0.078412 · session $5.672282
[2026-10-09 19:56:21 PDT] NG range=2016-08-01_2016-09-01.dbn.zst: bought for $0.081851 · session $5.754133
[2026-10-09 19:56:57 PDT] NG range=2016-09-01_2016-10-01.dbn.zst: bought for $0.079949 · session $5.834081
[2026-10-09 19:57:06 PDT] NG range=2016-10-01_2016-11-01.dbn.zst: bought for $0.078893 · session $5.912975
[2026-10-09 19:57:47 PDT] NG range=2016-11-01_2016-12-01.dbn.zst: bought for $0.089295 · session $6.002269
[2026-10-09 19:58:12 PDT] NG range=2016-12-01_2017-01-01.dbn.zst: bought for $0.089879 · session $6.092148
[2026-10-09 19:58:28 PDT] NG range=2017-01-01_2017-02-01.dbn.zst: bought for $0.089170 · session $6.181318
[2026-10-09 19:58:46 PDT] NG range=2017-02-01_2017-03-01.dbn.zst: bought for $0.085359 · session $6.266677
[2026-10-09 19:59:13 PDT] NG range=2017-03-01_2017-04-01.dbn.zst: bought for $0.097564 · session $6.364241
[2026-10-09 19:59:34 PDT] NG range=2017-04-01_2017-05-01.dbn.zst: bought for $0.076681 · session $6.440922
[2026-10-09 19:59:47 PDT] NG range=2017-05-01_2017-06-01.dbn.zst: bought for $0.092376 · session $6.533298
[2026-10-09 19:59:57 PDT] NG range=2017-06-01_2017-07-01.dbn.zst: bought for $0.089696 · session $6.622994
[2026-10-09 20:00:32 PDT] NG range=2017-07-01_2017-08-01.dbn.zst: bought for $0.086567 · session $6.709561
[2026-10-09 20:00:57 PDT] NG range=2017-08-01_2017-09-01.dbn.zst: bought for $0.092533 · session $6.802094
[2026-10-09 20:01:12 PDT] NG range=2017-09-01_2017-10-01.dbn.zst: bought for $0.085322 · session $6.887417
[2026-10-09 20:01:26 PDT] NG range=2017-10-01_2017-11-01.dbn.zst: bought for $0.094376 · session $6.981793
/home/kiros-li/Documents/GitHub/PropExperiment/data/pull_universe.py:590: BentoWarning: The streaming request contained one or more days which have reduced quality: 2017-11-13 (degraded). See: https://databento.com/docs/api-reference-historical/metadata/metadata-get-dataset-condition
  client.timeseries.get_range(**params.as_kwargs(), path=partial)
[2026-10-09 20:01:41 PDT] NG range=2017-11-01_2017-12-01.dbn.zst: bought for $0.098783 · session $7.080576
[2026-10-09 20:01:53 PDT] NG range=2017-12-01_2018-01-01.dbn.zst: bought for $0.096476 · session $7.177052
[2026-10-09 20:02:10 PDT] NG range=2018-01-01_2018-02-01.dbn.zst: bought for $0.107483 · session $7.284534
[2026-10-09 20:02:31 PDT] NG range=2018-02-01_2018-03-01.dbn.zst: bought for $0.094658 · session $7.379192
[2026-10-09 20:02:44 PDT] NG range=2018-03-01_2018-04-01.dbn.zst: bought for $0.091452 · session $7.470644
[2026-10-09 20:02:55 PDT] NG range=2018-04-01_2018-05-01.dbn.zst: bought for $0.086542 · session $7.557186
[2026-10-09 20:03:04 PDT] NG range=2018-05-01_2018-06-01.dbn.zst: bought for $0.092905 · session $7.650091
[2026-10-09 20:03:21 PDT] NG range=2018-06-01_2018-07-01.dbn.zst: bought for $0.084410 · session $7.734501
[2026-10-09 20:03:50 PDT] NG range=2018-07-01_2018-08-01.dbn.zst: bought for $0.086396 · session $7.820897
[2026-10-09 20:04:12 PDT] NG range=2018-08-01_2018-09-01.dbn.zst: bought for $0.085615 · session $7.906511
[2026-10-09 20:04:29 PDT] NG range=2018-09-01_2018-10-01.dbn.zst: bought for $0.078079 · session $7.984591
/home/kiros-li/Documents/GitHub/PropExperiment/data/pull_universe.py:590: BentoWarning: The streaming request contained one or more days which have reduced quality: 2018-10-21 (degraded). See: https://databento.com/docs/api-reference-historical/metadata/metadata-get-dataset-condition
  client.timeseries.get_range(**params.as_kwargs(), path=partial)
[2026-10-09 20:04:42 PDT] NG range=2018-10-01_2018-11-01.dbn.zst: bought for $0.099038 · session $8.083629
[2026-10-09 20:04:55 PDT] NG range=2018-11-01_2018-12-01.dbn.zst: bought for $0.102105 · session $8.185734
[2026-10-09 20:05:05 PDT] NG range=2018-12-01_2019-01-01.dbn.zst: bought for $0.094628 · session $8.280363
/home/kiros-li/Documents/GitHub/PropExperiment/data/pull_universe.py:590: BentoWarning: The streaming request contained one or more days which have reduced quality: 2019-01-15 (degraded). See: https://databento.com/docs/api-reference-historical/metadata/metadata-get-dataset-condition
  client.timeseries.get_range(**params.as_kwargs(), path=partial)
[2026-10-09 20:05:25 PDT] NG range=2019-01-01_2019-02-01.dbn.zst: bought for $0.104007 · session $8.384370
/home/kiros-li/Documents/GitHub/PropExperiment/data/pull_universe.py:590: BentoWarning: The streaming request contained one or more days which have reduced quality: 2019-02-22 (degraded). See: https://databento.com/docs/api-reference-historical/metadata/metadata-get-dataset-condition
  client.timeseries.get_range(**params.as_kwargs(), path=partial)
[2026-10-09 20:05:38 PDT] NG range=2019-02-01_2019-03-01.dbn.zst: bought for $0.087758 · session $8.472127
/home/kiros-li/Documents/GitHub/PropExperiment/data/pull_universe.py:590: BentoWarning: The streaming request contained one or more days which have reduced quality: 2019-03-13 (degraded), 2019-03-26 (degraded). See: https://databento.com/docs/api-reference-historical/metadata/metadata-get-dataset-condition
  client.timeseries.get_range(**params.as_kwargs(), path=partial)
[2026-10-09 20:05:48 PDT] NG range=2019-03-01_2019-04-01.dbn.zst: bought for $0.087560 · session $8.559688
[2026-10-09 20:06:01 PDT] NG range=2019-04-01_2019-05-01.dbn.zst: bought for $0.085706 · session $8.645394
[2026-10-09 20:06:08 PDT] NQ range=2010-06-06_2010-07-01.dbn.zst: bought for $0.081022 · session $8.726415
[2026-10-09 20:06:22 PDT] NQ range=2010-07-01_2010-08-01.dbn.zst: bought for $0.097469 · session $8.823884
[2026-10-09 20:06:34 PDT] NQ range=2010-08-01_2010-09-01.dbn.zst: bought for $0.096801 · session $8.920685
[2026-10-09 20:06:47 PDT] NQ range=2010-09-01_2010-10-01.dbn.zst: bought for $0.092920 · session $9.013604
[2026-10-09 20:07:44 PDT] NQ range=2010-10-01_2010-11-01.dbn.zst: bought for $0.093299 · session $9.106904
[2026-10-09 20:07:55 PDT] NQ range=2010-11-01_2010-12-01.dbn.zst: bought for $0.096848 · session $9.203752
[2026-10-09 20:08:07 PDT] NQ range=2010-12-01_2011-01-01.dbn.zst: bought for $0.089141 · session $9.292893
[2026-10-09 20:08:25 PDT] NQ range=2011-01-01_2011-02-01.dbn.zst: bought for $0.089488 · session $9.382381
[2026-10-09 20:08:41 PDT] NQ range=2011-02-01_2011-03-01.dbn.zst: bought for $0.084837 · session $9.467218
[2026-10-09 20:09:07 PDT] NQ range=2011-03-01_2011-04-01.dbn.zst: bought for $0.105592 · session $9.572810
[2026-10-09 20:09:19 PDT] NQ range=2011-04-01_2011-05-01.dbn.zst: bought for $0.087852 · session $9.660662
[2026-10-09 20:09:39 PDT] NQ range=2011-05-01_2011-06-01.dbn.zst: bought for $0.097020 · session $9.757682
[2026-10-09 20:09:52 PDT] NQ range=2011-06-01_2011-07-01.dbn.zst: bought for $0.099035 · session $9.856717
[2026-10-09 20:10:06 PDT] NQ range=2011-07-01_2011-08-01.dbn.zst: bought for $0.093792 · session $9.950509
[2026-10-09 20:10:15 PDT] NQ range=2011-08-01_2011-09-01.dbn.zst: bought for $0.110075 · session $10.060584
[2026-10-09 20:10:43 PDT] NQ range=2011-09-01_2011-10-01.dbn.zst: bought for $0.103613 · session $10.164197
[2026-10-09 20:10:51 PDT] NQ range=2011-10-01_2011-11-01.dbn.zst: bought for $0.101923 · session $10.266119
[2026-10-09 20:11:12 PDT] NQ range=2011-11-01_2011-12-01.dbn.zst: bought for $0.103485 · session $10.369604
[2026-10-09 20:11:21 PDT] NQ range=2011-12-01_2012-01-01.dbn.zst: bought for $0.092839 · session $10.462444
[2026-10-09 20:11:36 PDT] NQ range=2012-01-01_2012-02-01.dbn.zst: bought for $0.090963 · session $10.553407
[2026-10-09 20:12:02 PDT] NQ range=2012-02-01_2012-03-01.dbn.zst: bought for $0.094271 · session $10.647677
[2026-10-09 20:12:12 PDT] NQ range=2012-03-01_2012-04-01.dbn.zst: bought for $0.098513 · session $10.746190
[2026-10-09 20:12:31 PDT] NQ range=2012-04-01_2012-05-01.dbn.zst: bought for $0.094548 · session $10.840738
[2026-10-09 20:12:40 PDT] NQ range=2012-05-01_2012-06-01.dbn.zst: bought for $0.107494 · session $10.948232
[2026-10-09 20:12:54 PDT] NQ range=2012-06-01_2012-07-01.dbn.zst: bought for $0.098155 · session $11.046387
[2026-10-09 20:13:04 PDT] NQ range=2012-07-01_2012-08-01.dbn.zst: bought for $0.099969 · session $11.146356
[2026-10-09 20:13:16 PDT] NQ range=2012-08-01_2012-09-01.dbn.zst: bought for $0.103003 · session $11.249359
[2026-10-09 20:13:33 PDT] NQ range=2012-09-01_2012-10-01.dbn.zst: bought for $0.089017 · session $11.338376
[2026-10-09 20:14:37 PDT] NQ range=2012-10-01_2012-11-01.dbn.zst: bought for $0.104372 · session $11.442749
[2026-10-09 20:15:10 PDT] NQ range=2012-11-01_2012-12-01.dbn.zst: bought for $0.097111 · session $11.539860
[2026-10-09 20:15:21 PDT] NQ range=2012-12-01_2013-01-01.dbn.zst: bought for $0.088320 · session $11.628179
[2026-10-09 20:15:32 PDT] NQ range=2013-01-01_2013-02-01.dbn.zst: bought for $0.094585 · session $11.722764
[2026-10-09 20:16:48 PDT] NQ range=2013-02-01_2013-03-01.dbn.zst: bought for $0.085049 · session $11.807813
[2026-10-09 20:17:00 PDT] NQ range=2013-03-01_2013-04-01.dbn.zst: bought for $0.086155 · session $11.893967
[2026-10-09 20:17:18 PDT] NQ range=2013-04-01_2013-05-01.dbn.zst: bought for $0.100462 · session $11.994430
[2026-10-09 20:17:29 PDT] NQ range=2013-05-01_2013-06-01.dbn.zst: bought for $0.098597 · session $12.093026
[2026-10-09 20:17:45 PDT] NQ range=2013-06-01_2013-07-01.dbn.zst: bought for $0.094095 · session $12.187122
[2026-10-09 20:18:18 PDT] NQ range=2013-07-01_2013-08-01.dbn.zst: bought for $0.099608 · session $12.286730
[2026-10-09 20:18:29 PDT] NQ range=2013-08-01_2013-09-01.dbn.zst: bought for $0.101087 · session $12.387816
[2026-10-09 20:18:38 PDT] NQ range=2013-09-01_2013-10-01.dbn.zst: bought for $0.088809 · session $12.476625
[2026-10-09 20:18:47 PDT] NQ range=2013-10-01_2013-11-01.dbn.zst: bought for $0.108249 · session $12.584875
[2026-10-09 20:18:56 PDT] NQ range=2013-11-01_2013-12-01.dbn.zst: bought for $0.090178 · session $12.675053
[2026-10-09 20:19:11 PDT] NQ range=2013-12-01_2014-01-01.dbn.zst: bought for $0.088323 · session $12.763376
[2026-10-09 20:19:19 PDT] NQ range=2014-01-01_2014-02-01.dbn.zst: bought for $0.094687 · session $12.858063
[2026-10-09 20:19:28 PDT] NQ range=2014-02-01_2014-03-01.dbn.zst: bought for $0.089452 · session $12.947515
[2026-10-09 20:19:40 PDT] NQ range=2014-03-01_2014-04-01.dbn.zst: bought for $0.097045 · session $13.044560
[2026-10-09 20:19:56 PDT] NQ range=2014-04-01_2014-05-01.dbn.zst: bought for $0.097498 · session $13.142058
[2026-10-09 20:20:06 PDT] NQ range=2014-05-01_2014-06-01.dbn.zst: bought for $0.098589 · session $13.240647
[2026-10-09 20:20:22 PDT] NQ range=2014-06-01_2014-07-01.dbn.zst: bought for $0.083771 · session $13.324418
[2026-10-09 20:20:34 PDT] NQ range=2014-07-01_2014-08-01.dbn.zst: bought for $0.100130 · session $13.424548
[2026-10-09 20:21:07 PDT] NQ range=2014-08-01_2014-09-01.dbn.zst: bought for $0.094720 · session $13.519268
[2026-10-09 20:21:38 PDT] NQ range=2014-09-01_2014-10-01.dbn.zst: bought for $0.082599 · session $13.601867
[2026-10-09 20:21:52 PDT] NQ range=2014-10-01_2014-11-01.dbn.zst: bought for $0.110360 · session $13.712226
[2026-10-09 20:22:22 PDT] NQ range=2014-11-01_2014-12-01.dbn.zst: bought for $0.092000 · session $13.804226
[2026-10-09 20:22:35 PDT] NQ range=2014-12-01_2015-01-01.dbn.zst: bought for $0.096852 · session $13.901078
[2026-10-09 20:22:46 PDT] NQ range=2015-01-01_2015-02-01.dbn.zst: bought for $0.100827 · session $14.001905
[2026-10-09 20:22:59 PDT] NQ range=2015-02-01_2015-03-01.dbn.zst: bought for $0.089798 · session $14.091703
[2026-10-09 20:23:10 PDT] NQ range=2015-03-01_2015-04-01.dbn.zst: bought for $0.099842 · session $14.191545
[2026-10-09 20:23:24 PDT] NQ range=2015-04-01_2015-05-01.dbn.zst: bought for $0.098432 · session $14.289977
[2026-10-09 20:23:36 PDT] NQ range=2015-05-01_2015-06-01.dbn.zst: bought for $0.093215 · session $14.383193
[2026-10-09 20:24:11 PDT] NQ range=2015-06-01_2015-07-01.dbn.zst: bought for $0.098750 · session $14.481943
[2026-10-09 20:24:27 PDT] NQ range=2015-07-01_2015-08-01.dbn.zst: bought for $0.107297 · session $14.589239
[2026-10-09 20:24:36 PDT] NQ range=2015-08-01_2015-09-01.dbn.zst: bought for $0.101189 · session $14.690428
[2026-10-09 20:25:50 PDT] NQ range=2015-09-01_2015-10-01.dbn.zst: bought for $0.107008 · session $14.797436
[2026-10-09 20:26:06 PDT] NQ range=2015-10-01_2015-11-01.dbn.zst: bought for $0.106676 · session $14.904112
[2026-10-09 20:26:22 PDT] NQ range=2015-11-01_2015-12-01.dbn.zst: bought for $0.098462 · session $15.002574
[2026-10-09 20:26:34 PDT] NQ range=2015-12-01_2016-01-01.dbn.zst: bought for $0.103142 · session $15.105716
[2026-10-09 20:26:45 PDT] NQ range=2016-01-01_2016-02-01.dbn.zst: bought for $0.098790 · session $15.204506
[2026-10-09 20:27:35 PDT] NQ range=2016-02-01_2016-03-01.dbn.zst: bought for $0.103127 · session $15.307634
[2026-10-09 20:27:49 PDT] NQ range=2016-03-01_2016-04-01.dbn.zst: bought for $0.105201 · session $15.412835
[2026-10-09 20:28:06 PDT] NQ range=2016-04-01_2016-05-01.dbn.zst: bought for $0.101558 · session $15.514392
[2026-10-09 20:29:12 PDT] NQ range=2016-05-01_2016-06-01.dbn.zst: bought for $0.104511 · session $15.618903
[2026-10-09 20:29:28 PDT] NQ range=2016-06-01_2016-07-01.dbn.zst: bought for $0.104358 · session $15.723261
[2026-10-09 20:30:01 PDT] NQ range=2016-07-01_2016-08-01.dbn.zst: bought for $0.099352 · session $15.822613
[2026-10-09 20:30:11 PDT] NQ range=2016-08-01_2016-09-01.dbn.zst: bought for $0.106019 · session $15.928632
[2026-10-09 20:30:31 PDT] NQ range=2016-09-01_2016-10-01.dbn.zst: bought for $0.102394 · session $16.031025
[2026-10-09 20:30:44 PDT] NQ range=2016-10-01_2016-11-01.dbn.zst: bought for $0.100437 · session $16.131462
[2026-10-09 20:30:59 PDT] NQ range=2016-11-01_2016-12-01.dbn.zst: bought for $0.104266 · session $16.235729
[2026-10-09 20:32:00 PDT] NQ range=2016-12-01_2017-01-01.dbn.zst: bought for $0.097545 · session $16.333274
[2026-10-09 20:32:11 PDT] NQ range=2017-01-01_2017-02-01.dbn.zst: bought for $0.100554 · session $16.433828
[2026-10-09 20:33:59 PDT] NQ range=2017-02-01_2017-03-01.dbn.zst: bought for $0.095829 · session $16.529657
[2026-10-09 20:34:30 PDT] NQ range=2017-03-01_2017-04-01.dbn.zst: bought for $0.110779 · session $16.640436
[2026-10-09 20:34:45 PDT] NQ range=2017-04-01_2017-05-01.dbn.zst: bought for $0.092562 · session $16.732998
[2026-10-09 20:35:09 PDT] NQ range=2017-05-01_2017-06-01.dbn.zst: bought for $0.110195 · session $16.843194
[2026-10-09 20:35:21 PDT] NQ range=2017-06-01_2017-07-01.dbn.zst: bought for $0.106753 · session $16.949946
[2026-10-09 20:35:41 PDT] NQ range=2017-07-01_2017-08-01.dbn.zst: bought for $0.101744 · session $17.051690
[2026-10-09 20:35:51 PDT] NQ range=2017-08-01_2017-09-01.dbn.zst: bought for $0.113244 · session $17.164934
[2026-10-09 20:36:00 PDT] NQ range=2017-09-01_2017-10-01.dbn.zst: bought for $0.102204 · session $17.267137
[2026-10-09 20:36:12 PDT] NQ range=2017-10-01_2017-11-01.dbn.zst: bought for $0.107851 · session $17.374989
[2026-10-09 20:36:37 PDT] NQ range=2017-11-01_2017-12-01.dbn.zst: bought for $0.106928 · session $17.481917
[2026-10-09 20:36:45 PDT] NQ range=2017-12-01_2018-01-01.dbn.zst: bought for $0.097994 · session $17.579911
[2026-10-09 20:36:56 PDT] NQ range=2018-01-01_2018-02-01.dbn.zst: bought for $0.108501 · session $17.688412
[2026-10-09 20:37:05 PDT] NQ range=2018-02-01_2018-03-01.dbn.zst: bought for $0.098765 · session $17.787177
[2026-10-09 20:37:44 PDT] NQ range=2018-03-01_2018-04-01.dbn.zst: bought for $0.104310 · session $17.891487
[2026-10-09 20:39:08 PDT] NQ range=2018-04-01_2018-05-01.dbn.zst: bought for $0.104869 · session $17.996356
[2026-10-09 20:39:19 PDT] NQ range=2018-05-01_2018-06-01.dbn.zst: bought for $0.113320 · session $18.109676
[2026-10-09 20:39:51 PDT] NQ range=2018-06-01_2018-07-01.dbn.zst: bought for $0.104015 · session $18.213691
[2026-10-09 20:40:09 PDT] NQ range=2018-07-01_2018-08-01.dbn.zst: bought for $0.108490 · session $18.322181
[2026-10-09 20:40:25 PDT] NQ range=2018-08-01_2018-09-01.dbn.zst: bought for $0.113981 · session $18.436162
[2026-10-09 20:40:58 PDT] NQ range=2018-09-01_2018-10-01.dbn.zst: bought for $0.099064 · session $18.535226
[2026-10-09 20:41:10 PDT] NQ range=2018-10-01_2018-11-01.dbn.zst: bought for $0.114554 · session $18.649781
[2026-10-09 20:41:34 PDT] NQ range=2018-11-01_2018-12-01.dbn.zst: bought for $0.107596 · session $18.757377
[2026-10-09 20:41:47 PDT] NQ range=2018-12-01_2019-01-01.dbn.zst: bought for $0.097308 · session $18.854685
[2026-10-09 20:42:09 PDT] NQ range=2019-01-01_2019-02-01.dbn.zst: bought for $0.109031 · session $18.963715
[2026-10-09 20:42:18 PDT] NQ range=2019-02-01_2019-03-01.dbn.zst: bought for $0.098151 · session $19.061867
[2026-10-09 20:42:36 PDT] NQ range=2019-03-01_2019-04-01.dbn.zst: bought for $0.104836 · session $19.166703
[2026-10-09 20:42:46 PDT] NQ range=2019-04-01_2019-05-01.dbn.zst: bought for $0.104577 · session $19.271279
[2026-10-09 20:42:56 PDT] ZN range=2010-06-06_2010-07-01.dbn.zst: bought for $0.079894 · session $19.351173
[2026-10-09 20:43:07 PDT] ZN range=2010-07-01_2010-08-01.dbn.zst: bought for $0.094336 · session $19.445509
[2026-10-09 20:43:19 PDT] ZN range=2010-08-01_2010-09-01.dbn.zst: bought for $0.096556 · session $19.542065
[2026-10-09 20:43:27 PDT] ZN range=2010-09-01_2010-10-01.dbn.zst: bought for $0.094471 · session $19.636537
[2026-10-09 20:43:40 PDT] ZN range=2010-10-01_2010-11-01.dbn.zst: bought for $0.091810 · session $19.728347
[2026-10-09 20:43:50 PDT] ZN range=2010-11-01_2010-12-01.dbn.zst: bought for $0.095275 · session $19.823621
[2026-10-09 20:44:12 PDT] ZN range=2010-12-01_2011-01-01.dbn.zst: bought for $0.097549 · session $19.921170
[2026-10-09 20:44:32 PDT] ZN range=2011-01-01_2011-02-01.dbn.zst: bought for $0.093245 · session $20.014415
[2026-10-09 20:44:45 PDT] ZN range=2011-02-01_2011-03-01.dbn.zst: bought for $0.086754 · session $20.101168
[2026-10-09 20:44:54 PDT] ZN range=2011-03-01_2011-04-01.dbn.zst: bought for $0.103335 · session $20.204504
[2026-10-09 20:45:04 PDT] ZN range=2011-04-01_2011-05-01.dbn.zst: bought for $0.087721 · session $20.292225
[2026-10-09 20:46:03 PDT] ZN range=2011-05-01_2011-06-01.dbn.zst: bought for $0.095092 · session $20.387317
[2026-10-09 20:46:10 PDT] ZN range=2011-06-01_2011-07-01.dbn.zst: bought for $0.097728 · session $20.485045
[2026-10-09 20:46:19 PDT] ZN range=2011-07-01_2011-08-01.dbn.zst: bought for $0.092536 · session $20.577581
[2026-10-09 20:46:39 PDT] ZN range=2011-08-01_2011-09-01.dbn.zst: bought for $0.106844 · session $20.684425
[2026-10-09 20:47:00 PDT] ZN range=2011-09-01_2011-10-01.dbn.zst: bought for $0.099626 · session $20.784051
[2026-10-09 20:47:11 PDT] ZN range=2011-10-01_2011-11-01.dbn.zst: bought for $0.099013 · session $20.883064
[2026-10-09 20:47:24 PDT] ZN range=2011-11-01_2011-12-01.dbn.zst: bought for $0.098670 · session $20.981734
[2026-10-09 20:48:05 PDT] ZN range=2011-12-01_2012-01-01.dbn.zst: bought for $0.086702 · session $21.068436
[2026-10-09 20:48:14 PDT] ZN range=2012-01-01_2012-02-01.dbn.zst: bought for $0.089437 · session $21.157873
[2026-10-09 20:48:22 PDT] ZN range=2012-02-01_2012-03-01.dbn.zst: bought for $0.092065 · session $21.249939
[2026-10-09 20:48:30 PDT] ZN range=2012-03-01_2012-04-01.dbn.zst: bought for $0.096728 · session $21.346666
[2026-10-09 20:48:40 PDT] ZN range=2012-04-01_2012-05-01.dbn.zst: bought for $0.092715 · session $21.439382
[2026-10-09 20:48:56 PDT] ZN range=2012-05-01_2012-06-01.dbn.zst: bought for $0.101185 · session $21.540567
[2026-10-09 20:49:05 PDT] ZN range=2012-06-01_2012-07-01.dbn.zst: bought for $0.094745 · session $21.635312
[2026-10-09 20:49:33 PDT] ZN range=2012-07-01_2012-08-01.dbn.zst: bought for $0.095789 · session $21.731101
[2026-10-09 20:50:18 PDT] ZN range=2012-08-01_2012-09-01.dbn.zst: bought for $0.100287 · session $21.831388
[2026-10-09 20:50:25 PDT] ZN range=2012-09-01_2012-10-01.dbn.zst: bought for $0.088791 · session $21.920179
[2026-10-09 20:50:34 PDT] ZN range=2012-10-01_2012-11-01.dbn.zst: bought for $0.100367 · session $22.020546
[2026-10-09 20:50:44 PDT] ZN range=2012-11-01_2012-12-01.dbn.zst: bought for $0.089682 · session $22.110228
[2026-10-09 20:50:58 PDT] ZN range=2012-12-01_2013-01-01.dbn.zst: bought for $0.081639 · session $22.191867
[2026-10-09 20:51:07 PDT] ZN range=2013-01-01_2013-02-01.dbn.zst: bought for $0.090671 · session $22.282538
[2026-10-09 20:51:15 PDT] ZN range=2013-02-01_2013-03-01.dbn.zst: bought for $0.083311 · session $22.365848
[2026-10-09 20:51:26 PDT] ZN range=2013-03-01_2013-04-01.dbn.zst: bought for $0.086195 · session $22.452044
[2026-10-09 20:51:39 PDT] ZN range=2013-04-01_2013-05-01.dbn.zst: bought for $0.095289 · session $22.547333
[2026-10-09 20:51:50 PDT] ZN range=2013-05-01_2013-06-01.dbn.zst: bought for $0.096968 · session $22.644301
[2026-10-09 20:51:59 PDT] ZN range=2013-06-01_2013-07-01.dbn.zst: bought for $0.093303 · session $22.737604
[2026-10-09 20:52:11 PDT] ZN range=2013-07-01_2013-08-01.dbn.zst: bought for $0.096395 · session $22.834000
[2026-10-09 20:52:18 PDT] ZN range=2013-08-01_2013-09-01.dbn.zst: bought for $0.096676 · session $22.930676
[2026-10-09 20:53:11 PDT] ZN range=2013-09-01_2013-10-01.dbn.zst: bought for $0.090919 · session $23.021595
[2026-10-09 20:53:20 PDT] ZN range=2013-10-01_2013-11-01.dbn.zst: bought for $0.101021 · session $23.122616
[2026-10-09 20:53:30 PDT] ZN range=2013-11-01_2013-12-01.dbn.zst: bought for $0.085439 · session $23.208055
[2026-10-09 20:53:37 PDT] ZN range=2013-12-01_2014-01-01.dbn.zst: bought for $0.086221 · session $23.294276
[2026-10-09 20:53:45 PDT] ZN range=2014-01-01_2014-02-01.dbn.zst: bought for $0.090021 · session $23.384297
[2026-10-09 20:54:03 PDT] ZN range=2014-02-01_2014-03-01.dbn.zst: bought for $0.082866 · session $23.467162
[2026-10-09 20:54:30 PDT] ZN range=2014-03-01_2014-04-01.dbn.zst: bought for $0.091934 · session $23.559096
[2026-10-09 20:54:42 PDT] ZN range=2014-04-01_2014-05-01.dbn.zst: bought for $0.089002 · session $23.648099
[2026-10-09 20:54:52 PDT] ZN range=2014-05-01_2014-06-01.dbn.zst: bought for $0.089517 · session $23.737616
[2026-10-09 20:54:59 PDT] ZN range=2014-06-01_2014-07-01.dbn.zst: bought for $0.089762 · session $23.827378
[2026-10-09 20:55:12 PDT] ZN range=2014-07-01_2014-08-01.dbn.zst: bought for $0.096202 · session $23.923580
[2026-10-09 20:55:22 PDT] ZN range=2014-08-01_2014-09-01.dbn.zst: bought for $0.088824 · session $24.012403
[2026-10-09 20:55:45 PDT] ZN range=2014-09-01_2014-10-01.dbn.zst: bought for $0.094409 · session $24.106813
[2026-10-09 20:56:40 PDT] ZN range=2014-10-01_2014-11-01.dbn.zst: bought for $0.099170 · session $24.205983
[2026-10-09 20:56:50 PDT] ZN range=2014-11-01_2014-12-01.dbn.zst: bought for $0.081642 · session $24.287625
[2026-10-09 20:57:06 PDT] ZN range=2014-12-01_2015-01-01.dbn.zst: bought for $0.092259 · session $24.379884
[2026-10-09 20:57:17 PDT] ZN range=2015-01-01_2015-02-01.dbn.zst: bought for $0.095731 · session $24.475615
[2026-10-09 20:57:24 PDT] ZN range=2015-02-01_2015-03-01.dbn.zst: bought for $0.088155 · session $24.563770
[2026-10-09 20:57:41 PDT] ZN range=2015-03-01_2015-04-01.dbn.zst: bought for $0.096238 · session $24.660009
[2026-10-09 20:57:49 PDT] ZN range=2015-04-01_2015-05-01.dbn.zst: bought for $0.093139 · session $24.753148
[2026-10-09 20:57:55 PDT] ZN range=2015-05-01_2015-06-01.dbn.zst: bought for $0.091368 · session $24.844516
[2026-10-09 20:58:04 PDT] ZN range=2015-06-01_2015-07-01.dbn.zst: bought for $0.100535 · session $24.945051
[2026-10-09 20:58:12 PDT] ZN range=2015-07-01_2015-08-01.dbn.zst: bought for $0.103649 · session $25.048700
[2026-10-09 20:58:21 PDT] ZN range=2015-08-01_2015-09-01.dbn.zst: bought for $0.096665 · session $25.145366
[2026-10-09 20:58:52 PDT] ZN range=2015-09-01_2015-10-01.dbn.zst: bought for $0.097910 · session $25.243276
[2026-10-09 20:59:00 PDT] ZN range=2015-10-01_2015-11-01.dbn.zst: bought for $0.098549 · session $25.341826
[2026-10-09 20:59:19 PDT] ZN range=2015-11-01_2015-12-01.dbn.zst: bought for $0.090240 · session $25.432066
[2026-10-09 20:59:26 PDT] ZN range=2015-12-01_2016-01-01.dbn.zst: bought for $0.094924 · session $25.526990
[2026-10-09 20:59:33 PDT] ZN range=2016-01-01_2016-02-01.dbn.zst: bought for $0.095742 · session $25.622732
[2026-10-09 21:00:21 PDT] ZN range=2016-02-01_2016-03-01.dbn.zst: bought for $0.098725 · session $25.721456
[2026-10-09 21:02:36 PDT] ZN range=2016-03-01_2016-04-01.dbn.zst: bought for $0.101039 · session $25.822495
[2026-10-09 21:03:02 PDT] ZN range=2016-04-01_2016-05-01.dbn.zst: bought for $0.097144 · session $25.919639
[2026-10-09 21:03:11 PDT] ZN range=2016-05-01_2016-06-01.dbn.zst: bought for $0.095059 · session $26.014698
[2026-10-09 21:03:17 PDT] ZN range=2016-06-01_2016-07-01.dbn.zst: bought for $0.100356 · session $26.115054
[2026-10-09 21:03:23 PDT] ZN range=2016-07-01_2016-08-01.dbn.zst: bought for $0.096958 · session $26.212012
[2026-10-09 21:05:20 PDT] ZN range=2016-08-01_2016-09-01.dbn.zst: bought for $0.101415 · session $26.313427
[2026-10-09 21:05:30 PDT] ZN range=2016-09-01_2016-10-01.dbn.zst: bought for $0.095753 · session $26.409180
[2026-10-09 21:05:40 PDT] ZN range=2016-10-01_2016-11-01.dbn.zst: bought for $0.095837 · session $26.505017
[2026-10-09 21:06:50 PDT] ZN range=2016-11-01_2016-12-01.dbn.zst: bought for $0.101291 · session $26.606308
[2026-10-09 21:06:59 PDT] ZN range=2016-12-01_2017-01-01.dbn.zst: bought for $0.093624 · session $26.699932
[2026-10-09 21:07:12 PDT] ZN range=2017-01-01_2017-02-01.dbn.zst: bought for $0.098666 · session $26.798598
[2026-10-09 21:07:31 PDT] ZN range=2017-02-01_2017-03-01.dbn.zst: bought for $0.090382 · session $26.888981
[2026-10-09 21:07:57 PDT] ZN range=2017-03-01_2017-04-01.dbn.zst: bought for $0.104325 · session $26.993305
[2026-10-09 21:08:07 PDT] ZN range=2017-04-01_2017-05-01.dbn.zst: bought for $0.088064 · session $27.081370
[2026-10-09 21:08:31 PDT] ZN range=2017-05-01_2017-06-01.dbn.zst: bought for $0.099137 · session $27.180507
[2026-10-09 21:08:43 PDT] ZN range=2017-06-01_2017-07-01.dbn.zst: bought for $0.095990 · session $27.276497
[2026-10-09 21:09:12 PDT] ZN range=2017-07-01_2017-08-01.dbn.zst: bought for $0.094303 · session $27.370800
[2026-10-09 21:09:26 PDT] ZN range=2017-08-01_2017-09-01.dbn.zst: bought for $0.100466 · session $27.471266
[2026-10-09 21:10:32 PDT] ZN range=2017-09-01_2017-10-01.dbn.zst: bought for $0.095052 · session $27.566318
[2026-10-09 21:10:43 PDT] ZN range=2017-10-01_2017-11-01.dbn.zst: bought for $0.099195 · session $27.665513
[2026-10-09 21:11:03 PDT] ZN range=2017-11-01_2017-12-01.dbn.zst: bought for $0.095340 · session $27.760854
[2026-10-09 21:11:13 PDT] ZN range=2017-12-01_2018-01-01.dbn.zst: bought for $0.088871 · session $27.849725
[2026-10-09 21:11:23 PDT] ZN range=2018-01-01_2018-02-01.dbn.zst: bought for $0.098396 · session $27.948121
[2026-10-09 21:11:42 PDT] ZN range=2018-02-01_2018-03-01.dbn.zst: bought for $0.092065 · session $28.040186
[2026-10-09 21:11:49 PDT] ZN range=2018-03-01_2018-04-01.dbn.zst: bought for $0.093814 · session $28.134000
[2026-10-09 21:12:01 PDT] ZN range=2018-04-01_2018-05-01.dbn.zst: bought for $0.094588 · session $28.228589
[2026-10-09 21:12:08 PDT] ZN range=2018-05-01_2018-06-01.dbn.zst: bought for $0.104814 · session $28.333403
[2026-10-09 21:12:38 PDT] ZN range=2018-06-01_2018-07-01.dbn.zst: bought for $0.092358 · session $28.425760
[2026-10-09 21:12:45 PDT] ZN range=2018-07-01_2018-08-01.dbn.zst: bought for $0.095399 · session $28.521159
[2026-10-09 21:12:55 PDT] ZN range=2018-08-01_2018-09-01.dbn.zst: bought for $0.098016 · session $28.619175
[2026-10-09 21:13:08 PDT] ZN range=2018-09-01_2018-10-01.dbn.zst: bought for $0.086593 · session $28.705768
[2026-10-09 21:13:18 PDT] ZN range=2018-10-01_2018-11-01.dbn.zst: bought for $0.106289 · session $28.812057
[2026-10-09 21:13:33 PDT] ZN range=2018-11-01_2018-12-01.dbn.zst: bought for $0.099195 · session $28.911252
[2026-10-09 21:13:41 PDT] ZN range=2018-12-01_2019-01-01.dbn.zst: bought for $0.087042 · session $28.998294
[2026-10-09 21:13:51 PDT] ZN range=2019-01-01_2019-02-01.dbn.zst: bought for $0.101196 · session $29.099490
[2026-10-09 21:14:04 PDT] ZN range=2019-02-01_2019-03-01.dbn.zst: bought for $0.086790 · session $29.186281
[2026-10-09 21:14:13 PDT] ZN range=2019-03-01_2019-04-01.dbn.zst: bought for $0.095738 · session $29.282019
[2026-10-09 21:14:55 PDT] ZN range=2019-04-01_2019-05-01.dbn.zst: bought for $0.095395 · session $29.377414
[2026-10-09 21:15:06 PDT] 6E range=2010-06-06_2010-07-01.dbn.zst: bought for $0.089404 · session $29.466818
[2026-10-09 21:15:17 PDT] 6E range=2010-07-01_2010-08-01.dbn.zst: bought for $0.107673 · session $29.574490
[2026-10-09 21:15:28 PDT] 6E range=2010-08-01_2010-09-01.dbn.zst: bought for $0.109597 · session $29.684087
[2026-10-09 21:15:36 PDT] 6E range=2010-09-01_2010-10-01.dbn.zst: bought for $0.107454 · session $29.791541
[2026-10-09 21:15:43 PDT] 6E range=2010-10-01_2010-11-01.dbn.zst: bought for $0.104913 · session $29.896453
[2026-10-09 21:15:52 PDT] 6E range=2010-11-01_2010-12-01.dbn.zst: bought for $0.108428 · session $30.004881
[2026-10-09 21:16:04 PDT] 6E range=2010-12-01_2011-01-01.dbn.zst: bought for $0.108374 · session $30.113255
[2026-10-09 21:16:13 PDT] 6E range=2011-01-01_2011-02-01.dbn.zst: bought for $0.104398 · session $30.217653
[2026-10-09 21:16:38 PDT] 6E range=2011-02-01_2011-03-01.dbn.zst: bought for $0.098677 · session $30.316330
[2026-10-09 21:16:50 PDT] 6E range=2011-03-01_2011-04-01.dbn.zst: bought for $0.113912 · session $30.430242
[2026-10-09 21:16:59 PDT] 6E range=2011-04-01_2011-05-01.dbn.zst: bought for $0.099309 · session $30.529550
[2026-10-09 21:18:16 PDT] 6E range=2011-05-01_2011-06-01.dbn.zst: bought for $0.109567 · session $30.639118
[2026-10-09 21:18:25 PDT] 6E range=2011-06-01_2011-07-01.dbn.zst: bought for $0.109732 · session $30.748849
[2026-10-09 21:19:02 PDT] 6E range=2011-07-01_2011-08-01.dbn.zst: bought for $0.104058 · session $30.852908
[2026-10-09 21:19:12 PDT] 6E range=2011-08-01_2011-09-01.dbn.zst: bought for $0.115062 · session $30.967969
[2026-10-09 21:19:28 PDT] 6E range=2011-09-01_2011-10-01.dbn.zst: bought for $0.107636 · session $31.075605
[2026-10-09 21:19:36 PDT] 6E range=2011-10-01_2011-11-01.dbn.zst: bought for $0.105581 · session $31.181186
[2026-10-09 21:19:45 PDT] 6E range=2011-11-01_2011-12-01.dbn.zst: bought for $0.108264 · session $31.289450
[2026-10-09 21:19:55 PDT] 6E range=2011-12-01_2012-01-01.dbn.zst: bought for $0.100050 · session $31.389500
[2026-10-09 21:20:08 PDT] 6E range=2012-01-01_2012-02-01.dbn.zst: bought for $0.101072 · session $31.490572
[2026-10-09 21:20:18 PDT] 6E range=2012-02-01_2012-03-01.dbn.zst: bought for $0.103690 · session $31.594261
[2026-10-09 21:20:34 PDT] 6E range=2012-03-01_2012-04-01.dbn.zst: bought for $0.108151 · session $31.702412
[2026-10-09 21:20:57 PDT] 6E range=2012-04-01_2012-05-01.dbn.zst: bought for $0.102076 · session $31.804488
[2026-10-09 21:21:05 PDT] 6E range=2012-05-01_2012-06-01.dbn.zst: bought for $0.112576 · session $31.917064
[2026-10-09 21:21:17 PDT] 6E range=2012-06-01_2012-07-01.dbn.zst: bought for $0.102897 · session $32.019961
[2026-10-09 21:21:30 PDT] 6E range=2012-07-01_2012-08-01.dbn.zst: bought for $0.107384 · session $32.127345
[2026-10-09 21:21:37 PDT] 6E range=2012-08-01_2012-09-01.dbn.zst: bought for $0.111108 · session $32.238453
[2026-10-09 21:21:49 PDT] 6E range=2012-09-01_2012-10-01.dbn.zst: bought for $0.097352 · session $32.335805
[2026-10-09 21:22:00 PDT] 6E range=2012-10-01_2012-11-01.dbn.zst: bought for $0.112331 · session $32.448136
[2026-10-09 21:22:38 PDT] 6E range=2012-11-01_2012-12-01.dbn.zst: bought for $0.101926 · session $32.550062
[2026-10-09 21:22:45 PDT] 6E range=2012-12-01_2013-01-01.dbn.zst: bought for $0.093789 · session $32.643851
[2026-10-09 21:23:16 PDT] 6E range=2013-01-01_2013-02-01.dbn.zst: bought for $0.101773 · session $32.745624
[2026-10-09 21:23:26 PDT] 6E range=2013-02-01_2013-03-01.dbn.zst: bought for $0.093822 · session $32.839445
[2026-10-09 21:23:34 PDT] 6E range=2013-03-01_2013-04-01.dbn.zst: bought for $0.098049 · session $32.937495
[2026-10-09 21:23:57 PDT] 6E range=2013-04-01_2013-05-01.dbn.zst: bought for $0.107987 · session $33.045481
[2026-10-09 21:24:15 PDT] 6E range=2013-05-01_2013-06-01.dbn.zst: bought for $0.107147 · session $33.152628
[2026-10-09 21:24:26 PDT] 6E range=2013-06-01_2013-07-01.dbn.zst: bought for $0.098283 · session $33.250911
[2026-10-09 21:24:37 PDT] 6E range=2013-07-01_2013-08-01.dbn.zst: bought for $0.106880 · session $33.357791
[2026-10-09 21:24:50 PDT] 6E range=2013-08-01_2013-09-01.dbn.zst: bought for $0.104916 · session $33.462707
[2026-10-09 21:25:10 PDT] 6E range=2013-09-01_2013-10-01.dbn.zst: bought for $0.092905 · session $33.555612
[2026-10-09 21:25:19 PDT] 6E range=2013-10-01_2013-11-01.dbn.zst: bought for $0.108282 · session $33.663895
[2026-10-09 21:25:30 PDT] 6E range=2013-11-01_2013-12-01.dbn.zst: bought for $0.095439 · session $33.759334
[2026-10-09 21:25:43 PDT] 6E range=2013-12-01_2014-01-01.dbn.zst: bought for $0.096078 · session $33.855411
[2026-10-09 21:25:52 PDT] 6E range=2014-01-01_2014-02-01.dbn.zst: bought for $0.097757 · session $33.953168
[2026-10-09 21:26:59 PDT] 6E range=2014-02-01_2014-03-01.dbn.zst: bought for $0.089466 · session $34.042634
[2026-10-09 21:27:09 PDT] 6E range=2014-03-01_2014-04-01.dbn.zst: bought for $0.097476 · session $34.140110
[2026-10-09 21:28:56 PDT] 6E range=2014-04-01_2014-05-01.dbn.zst: bought for $0.094161 · session $34.234271
[2026-10-09 21:29:09 PDT] 6E range=2014-05-01_2014-06-01.dbn.zst: bought for $0.096585 · session $34.330857
[2026-10-09 21:29:20 PDT] 6E range=2014-06-01_2014-07-01.dbn.zst: bought for $0.084782 · session $34.415639
[2026-10-09 21:29:46 PDT] 6E range=2014-07-01_2014-08-01.dbn.zst: bought for $0.099298 · session $34.514936
[2026-10-09 21:29:58 PDT] 6E range=2014-08-01_2014-09-01.dbn.zst: bought for $0.094172 · session $34.609108
[2026-10-09 21:30:10 PDT] 6E range=2014-09-01_2014-10-01.dbn.zst: bought for $0.085388 · session $34.694497
[2026-10-09 21:30:21 PDT] 6E range=2014-10-01_2014-11-01.dbn.zst: bought for $0.110896 · session $34.805393
[2026-10-09 21:30:29 PDT] 6E range=2014-11-01_2014-12-01.dbn.zst: bought for $0.096384 · session $34.901777
[2026-10-09 21:30:55 PDT] 6E range=2014-12-01_2015-01-01.dbn.zst: bought for $0.099502 · session $35.001279
[2026-10-09 21:31:08 PDT] 6E range=2015-01-01_2015-02-01.dbn.zst: bought for $0.102781 · session $35.104060
[2026-10-09 21:31:21 PDT] 6E range=2015-02-01_2015-03-01.dbn.zst: bought for $0.094986 · session $35.199046
[2026-10-09 21:31:47 PDT] 6E range=2015-03-01_2015-04-01.dbn.zst: bought for $0.107862 · session $35.306908
[2026-10-09 21:32:01 PDT] 6E range=2015-04-01_2015-05-01.dbn.zst: bought for $0.107001 · session $35.413909
[2026-10-09 21:32:19 PDT] 6E range=2015-05-01_2015-06-01.dbn.zst: bought for $0.101912 · session $35.515821
[2026-10-09 21:33:14 PDT] 6E range=2015-06-01_2015-07-01.dbn.zst: bought for $0.106851 · session $35.622672
[2026-10-09 21:33:36 PDT] 6E range=2015-07-01_2015-08-01.dbn.zst: bought for $0.110542 · session $35.733214
[2026-10-09 21:33:52 PDT] 6E range=2015-08-01_2015-09-01.dbn.zst: bought for $0.102215 · session $35.835429
[2026-10-09 21:34:08 PDT] 6E range=2015-09-01_2015-10-01.dbn.zst: bought for $0.105099 · session $35.940528
[2026-10-09 21:34:17 PDT] 6E range=2015-10-01_2015-11-01.dbn.zst: bought for $0.105077 · session $36.045604
[2026-10-09 21:34:26 PDT] 6E range=2015-11-01_2015-12-01.dbn.zst: bought for $0.100517 · session $36.146122
[2026-10-09 21:34:44 PDT] 6E range=2015-12-01_2016-01-01.dbn.zst: bought for $0.103540 · session $36.249661
[2026-10-09 21:35:05 PDT] 6E range=2016-01-01_2016-02-01.dbn.zst: bought for $0.097790 · session $36.347451
[2026-10-09 21:35:14 PDT] 6E range=2016-02-01_2016-03-01.dbn.zst: bought for $0.102299 · session $36.449750
[2026-10-09 21:35:34 PDT] 6E range=2016-03-01_2016-04-01.dbn.zst: bought for $0.105551 · session $36.555301
[2026-10-09 21:35:50 PDT] 6E range=2016-04-01_2016-05-01.dbn.zst: bought for $0.101707 · session $36.657009
[2026-10-09 21:36:00 PDT] 6E range=2016-05-01_2016-06-01.dbn.zst: bought for $0.106143 · session $36.763152
[2026-10-09 21:36:17 PDT] 6E range=2016-06-01_2016-07-01.dbn.zst: bought for $0.106800 · session $36.869952
[2026-10-09 21:36:25 PDT] 6E range=2016-07-01_2016-08-01.dbn.zst: bought for $0.101167 · session $36.971119
[2026-10-09 21:36:36 PDT] 6E range=2016-08-01_2016-09-01.dbn.zst: bought for $0.110506 · session $37.081624
[2026-10-09 21:37:16 PDT] 6E range=2016-09-01_2016-10-01.dbn.zst: bought for $0.103018 · session $37.184642
[2026-10-09 21:37:28 PDT] 6E range=2016-10-01_2016-11-01.dbn.zst: bought for $0.102846 · session $37.287488
[2026-10-09 21:37:42 PDT] 6E range=2016-11-01_2016-12-01.dbn.zst: bought for $0.107468 · session $37.394956
[2026-10-09 21:37:57 PDT] 6E range=2016-12-01_2017-01-01.dbn.zst: bought for $0.102098 · session $37.497054
[2026-10-09 21:38:14 PDT] 6E range=2017-01-01_2017-02-01.dbn.zst: bought for $0.104485 · session $37.601540
[2026-10-09 21:38:26 PDT] 6E range=2017-02-01_2017-03-01.dbn.zst: bought for $0.098860 · session $37.700399
[2026-10-09 21:38:34 PDT] 6E range=2017-03-01_2017-04-01.dbn.zst: bought for $0.112886 · session $37.813285
[2026-10-09 21:38:53 PDT] 6E range=2017-04-01_2017-05-01.dbn.zst: bought for $0.094285 · session $37.907570
[2026-10-09 21:39:00 PDT] 6E range=2017-05-01_2017-06-01.dbn.zst: bought for $0.112043 · session $38.019613
[2026-10-09 21:39:09 PDT] 6E range=2017-06-01_2017-07-01.dbn.zst: bought for $0.105807 · session $38.125420
[2026-10-09 21:39:28 PDT] 6E range=2017-07-01_2017-08-01.dbn.zst: bought for $0.103003 · session $38.228423
[2026-10-09 21:39:40 PDT] 6E range=2017-08-01_2017-09-01.dbn.zst: bought for $0.114485 · session $38.342908
[2026-10-09 21:41:44 PDT] 6E range=2017-09-01_2017-10-01.dbn.zst: bought for $0.101839 · session $38.444747
[2026-10-09 21:41:56 PDT] 6E range=2017-10-01_2017-11-01.dbn.zst: bought for $0.109841 · session $38.554588
[2026-10-09 21:43:10 PDT] 6E range=2017-11-01_2017-12-01.dbn.zst: bought for $0.107731 · session $38.662319
[2026-10-09 21:43:30 PDT] 6E range=2017-12-01_2018-01-01.dbn.zst: bought for $0.098327 · session $38.760645
[2026-10-09 21:43:45 PDT] 6E range=2018-01-01_2018-02-01.dbn.zst: bought for $0.109735 · session $38.870381
[2026-10-09 21:43:54 PDT] 6E range=2018-02-01_2018-03-01.dbn.zst: bought for $0.099542 · session $38.969923
[2026-10-09 21:44:03 PDT] 6E range=2018-03-01_2018-04-01.dbn.zst: bought for $0.103379 · session $39.073302
[2026-10-09 21:44:10 PDT] 6E range=2018-04-01_2018-05-01.dbn.zst: bought for $0.104095 · session $39.177397
[2026-10-09 21:44:25 PDT] 6E range=2018-05-01_2018-06-01.dbn.zst: bought for $0.113937 · session $39.291334
[2026-10-09 21:44:51 PDT] 6E range=2018-06-01_2018-07-01.dbn.zst: bought for $0.103781 · session $39.395115
[2026-10-09 21:44:59 PDT] 6E range=2018-07-01_2018-08-01.dbn.zst: bought for $0.108918 · session $39.504033
[2026-10-09 21:45:25 PDT] 6E range=2018-08-01_2018-09-01.dbn.zst: bought for $0.114364 · session $39.618397
[2026-10-09 21:45:34 PDT] 6E range=2018-09-01_2018-10-01.dbn.zst: bought for $0.097673 · session $39.716070
[2026-10-09 21:45:44 PDT] 6E range=2018-10-01_2018-11-01.dbn.zst: bought for $0.114226 · session $39.830296
[2026-10-09 21:46:23 PDT] 6E range=2018-11-01_2018-12-01.dbn.zst: bought for $0.107348 · session $39.937644
[2026-10-09 21:46:38 PDT] 6E range=2018-12-01_2019-01-01.dbn.zst: bought for $0.098170 · session $40.035813
[2026-10-09 21:46:49 PDT] 6E range=2019-01-01_2019-02-01.dbn.zst: bought for $0.109272 · session $40.145085
[2026-10-09 21:46:59 PDT] 6E range=2019-02-01_2019-03-01.dbn.zst: bought for $0.097823 · session $40.242908
[2026-10-09 21:47:09 PDT] 6E range=2019-03-01_2019-04-01.dbn.zst: bought for $0.103398 · session $40.346305
[2026-10-09 21:47:20 PDT] 6E range=2019-04-01_2019-05-01.dbn.zst: bought for $0.103204 · session $40.449509
[2026-10-09 21:47:31 PDT] GC range=2010-06-06_2010-07-01.dbn.zst: bought for $0.088039 · session $40.537548
[2026-10-09 21:47:43 PDT] GC range=2010-07-01_2010-08-01.dbn.zst: bought for $0.102638 · session $40.640186
[2026-10-09 21:47:51 PDT] GC range=2010-08-01_2010-09-01.dbn.zst: bought for $0.104924 · session $40.745110
[2026-10-09 21:48:10 PDT] GC range=2010-09-01_2010-10-01.dbn.zst: bought for $0.104533 · session $40.849643
[2026-10-09 21:48:23 PDT] GC range=2010-10-01_2010-11-01.dbn.zst: bought for $0.104661 · session $40.954303
[2026-10-09 21:48:36 PDT] GC range=2010-11-01_2010-12-01.dbn.zst: bought for $0.105676 · session $41.059979
[2026-10-09 21:48:46 PDT] GC range=2010-12-01_2011-01-01.dbn.zst: bought for $0.108706 · session $41.168685
[2026-10-09 21:48:58 PDT] GC range=2011-01-01_2011-02-01.dbn.zst: bought for $0.104237 · session $41.272922
[2026-10-09 21:49:07 PDT] GC range=2011-02-01_2011-03-01.dbn.zst: bought for $0.098381 · session $41.371303
[2026-10-09 21:49:24 PDT] GC range=2011-03-01_2011-04-01.dbn.zst: bought for $0.113120 · session $41.484423
[2026-10-09 21:49:36 PDT] GC range=2011-04-01_2011-05-01.dbn.zst: bought for $0.099615 · session $41.584038
[2026-10-09 21:49:57 PDT] GC range=2011-05-01_2011-06-01.dbn.zst: bought for $0.108512 · session $41.692550
[2026-10-09 21:50:07 PDT] GC range=2011-06-01_2011-07-01.dbn.zst: bought for $0.108311 · session $41.800862
[2026-10-09 21:50:18 PDT] GC range=2011-07-01_2011-08-01.dbn.zst: bought for $0.100335 · session $41.901196
[2026-10-09 21:50:28 PDT] GC range=2011-08-01_2011-09-01.dbn.zst: bought for $0.116497 · session $42.017693
[2026-10-09 21:50:42 PDT] GC range=2011-09-01_2011-10-01.dbn.zst: bought for $0.109991 · session $42.127684
[2026-10-09 21:50:55 PDT] GC range=2011-10-01_2011-11-01.dbn.zst: bought for $0.106019 · session $42.233702
[2026-10-09 21:51:10 PDT] GC range=2011-11-01_2011-12-01.dbn.zst: bought for $0.105917 · session $42.339619
[2026-10-09 21:51:27 PDT] GC range=2011-12-01_2012-01-01.dbn.zst: bought for $0.105110 · session $42.444729
[2026-10-09 21:51:41 PDT] GC range=2012-01-01_2012-02-01.dbn.zst: bought for $0.101780 · session $42.546509
[2026-10-09 21:51:59 PDT] GC range=2012-02-01_2012-03-01.dbn.zst: bought for $0.105091 · session $42.651600
[2026-10-09 21:52:35 PDT] GC range=2012-03-01_2012-04-01.dbn.zst: bought for $0.106796 · session $42.758397
[2026-10-09 21:52:47 PDT] GC range=2012-04-01_2012-05-01.dbn.zst: bought for $0.099674 · session $42.858071
[2026-10-09 21:53:10 PDT] GC range=2012-05-01_2012-06-01.dbn.zst: bought for $0.109615 · session $42.967685
[2026-10-09 21:53:23 PDT] GC range=2012-06-01_2012-07-01.dbn.zst: bought for $0.104339 · session $43.072025
[2026-10-09 21:53:35 PDT] GC range=2012-07-01_2012-08-01.dbn.zst: bought for $0.104668 · session $43.176693
[2026-10-09 21:53:46 PDT] GC range=2012-08-01_2012-09-01.dbn.zst: bought for $0.112857 · session $43.289549
[2026-10-09 21:53:59 PDT] GC range=2012-09-01_2012-10-01.dbn.zst: bought for $0.094877 · session $43.384426
[2026-10-09 21:54:09 PDT] GC range=2012-10-01_2012-11-01.dbn.zst: bought for $0.114978 · session $43.499404
[2026-10-09 21:54:20 PDT] GC range=2012-11-01_2012-12-01.dbn.zst: bought for $0.100616 · session $43.600020
[2026-10-09 21:54:35 PDT] GC range=2012-12-01_2013-01-01.dbn.zst: bought for $0.099842 · session $43.699861
[2026-10-09 21:55:01 PDT] GC range=2013-01-01_2013-02-01.dbn.zst: bought for $0.101897 · session $43.801758
[2026-10-09 21:55:16 PDT] GC range=2013-02-01_2013-03-01.dbn.zst: bought for $0.095450 · session $43.897208
[2026-10-09 21:55:26 PDT] GC range=2013-03-01_2013-04-01.dbn.zst: bought for $0.096538 · session $43.993746
[2026-10-09 21:55:46 PDT] GC range=2013-04-01_2013-05-01.dbn.zst: bought for $0.110648 · session $44.104394
[2026-10-09 21:55:55 PDT] GC range=2013-05-01_2013-06-01.dbn.zst: bought for $0.106921 · session $44.211314
[2026-10-09 21:56:06 PDT] GC range=2013-06-01_2013-07-01.dbn.zst: bought for $0.100554 · session $44.311868
[2026-10-09 21:56:29 PDT] GC range=2013-07-01_2013-08-01.dbn.zst: bought for $0.106811 · session $44.418679
[2026-10-09 21:56:45 PDT] GC range=2013-08-01_2013-09-01.dbn.zst: bought for $0.109706 · session $44.528385
[2026-10-09 21:56:54 PDT] GC range=2013-09-01_2013-10-01.dbn.zst: bought for $0.100663 · session $44.629048
[2026-10-09 21:57:04 PDT] GC range=2013-10-01_2013-11-01.dbn.zst: bought for $0.114952 · session $44.744000
[2026-10-09 21:57:15 PDT] GC range=2013-11-01_2013-12-01.dbn.zst: bought for $0.096249 · session $44.840249
[2026-10-09 21:57:25 PDT] GC range=2013-12-01_2014-01-01.dbn.zst: bought for $0.104482 · session $44.944731
[2026-10-09 21:57:34 PDT] GC range=2014-01-01_2014-02-01.dbn.zst: bought for $0.101236 · session $45.045967
[2026-10-09 21:57:50 PDT] GC range=2014-02-01_2014-03-01.dbn.zst: bought for $0.095530 · session $45.141498
[2026-10-09 21:58:01 PDT] GC range=2014-03-01_2014-04-01.dbn.zst: bought for $0.104715 · session $45.246213
[2026-10-09 21:58:12 PDT] GC range=2014-04-01_2014-05-01.dbn.zst: bought for $0.103931 · session $45.350144
[2026-10-09 21:58:21 PDT] GC range=2014-05-01_2014-06-01.dbn.zst: bought for $0.102959 · session $45.453103
[2026-10-09 21:58:46 PDT] GC range=2014-06-01_2014-07-01.dbn.zst: bought for $0.098754 · session $45.551857
[2026-10-09 21:58:56 PDT] GC range=2014-07-01_2014-08-01.dbn.zst: bought for $0.108096 · session $45.659953
[2026-10-09 21:59:08 PDT] GC range=2014-08-01_2014-09-01.dbn.zst: bought for $0.101660 · session $45.761613
[2026-10-09 21:59:33 PDT] GC range=2014-09-01_2014-10-01.dbn.zst: bought for $0.090653 · session $45.852265
[2026-10-09 21:59:59 PDT] GC range=2014-10-01_2014-11-01.dbn.zst: bought for $0.114131 · session $45.966396
[2026-10-09 22:00:07 PDT] GC range=2014-11-01_2014-12-01.dbn.zst: bought for $0.094869 · session $46.061265
[2026-10-09 22:00:16 PDT] GC range=2014-12-01_2015-01-01.dbn.zst: bought for $0.104752 · session $46.166017
[2026-10-09 22:00:23 PDT] GC range=2015-01-01_2015-02-01.dbn.zst: bought for $0.100670 · session $46.266688
[2026-10-09 22:00:51 PDT] GC range=2015-02-01_2015-03-01.dbn.zst: bought for $0.099254 · session $46.365941
[2026-10-09 22:01:21 PDT] GC range=2015-03-01_2015-04-01.dbn.zst: bought for $0.106033 · session $46.471975
[2026-10-09 22:01:44 PDT] GC range=2015-04-01_2015-05-01.dbn.zst: bought for $0.104387 · session $46.576362
[2026-10-09 22:01:58 PDT] GC range=2015-05-01_2015-06-01.dbn.zst: bought for $0.097940 · session $46.674301
[2026-10-09 22:02:08 PDT] GC range=2015-06-01_2015-07-01.dbn.zst: bought for $0.107910 · session $46.782211
[2026-10-09 22:02:27 PDT] GC range=2015-07-01_2015-08-01.dbn.zst: bought for $0.109140 · session $46.891351
[2026-10-09 22:02:43 PDT] GC range=2015-08-01_2015-09-01.dbn.zst: bought for $0.104332 · session $46.995684
[2026-10-09 22:03:12 PDT] GC range=2015-09-01_2015-10-01.dbn.zst: bought for $0.106552 · session $47.102235
[2026-10-09 22:03:22 PDT] GC range=2015-10-01_2015-11-01.dbn.zst: bought for $0.107735 · session $47.209970
[2026-10-09 22:03:43 PDT] GC range=2015-11-01_2015-12-01.dbn.zst: bought for $0.101430 · session $47.311400
[2026-10-09 22:04:05 PDT] GC range=2015-12-01_2016-01-01.dbn.zst: bought for $0.107315 · session $47.418715
[2026-10-09 22:04:25 PDT] GC range=2016-01-01_2016-02-01.dbn.zst: bought for $0.095468 · session $47.514183
[2026-10-09 22:04:46 PDT] GC range=2016-02-01_2016-03-01.dbn.zst: bought for $0.104391 · session $47.618573
[2026-10-09 22:04:59 PDT] GC range=2016-03-01_2016-04-01.dbn.zst: bought for $0.109016 · session $47.727589
[2026-10-09 22:05:43 PDT] GC range=2016-04-01_2016-05-01.dbn.zst: bought for $0.104398 · session $47.831987
[2026-10-09 22:05:56 PDT] GC range=2016-05-01_2016-06-01.dbn.zst: bought for $0.109239 · session $47.941226
[2026-10-09 22:06:19 PDT] GC range=2016-06-01_2016-07-01.dbn.zst: bought for $0.110155 · session $48.051381
[2026-10-09 22:06:46 PDT] GC range=2016-07-01_2016-08-01.dbn.zst: bought for $0.099853 · session $48.151233
[2026-10-09 22:06:57 PDT] GC range=2016-08-01_2016-09-01.dbn.zst: bought for $0.114930 · session $48.266164
[2026-10-09 22:07:12 PDT] GC range=2016-09-01_2016-10-01.dbn.zst: bought for $0.108428 · session $48.374592
[2026-10-09 22:07:24 PDT] GC range=2016-10-01_2016-11-01.dbn.zst: bought for $0.105281 · session $48.479873
[2026-10-09 22:07:34 PDT] GC range=2016-11-01_2016-12-01.dbn.zst: bought for $0.104135 · session $48.584008
[2026-10-09 22:07:47 PDT] GC range=2016-12-01_2017-01-01.dbn.zst: bought for $0.105143 · session $48.689151
[2026-10-09 22:08:06 PDT] GC range=2017-01-01_2017-02-01.dbn.zst: bought for $0.100313 · session $48.789464
[2026-10-09 22:08:38 PDT] GC range=2017-02-01_2017-03-01.dbn.zst: bought for $0.099739 · session $48.889203
[2026-10-09 22:08:57 PDT] GC range=2017-03-01_2017-04-01.dbn.zst: bought for $0.111104 · session $49.000307
[2026-10-09 22:09:25 PDT] GC range=2017-04-01_2017-05-01.dbn.zst: bought for $0.095913 · session $49.096221
[2026-10-09 22:09:42 PDT] GC range=2017-05-01_2017-06-01.dbn.zst: bought for $0.109447 · session $49.205668
[2026-10-09 22:10:45 PDT] GC range=2017-06-01_2017-07-01.dbn.zst: bought for $0.110148 · session $49.315815
[2026-10-09 22:10:53 PDT] GC range=2017-07-01_2017-08-01.dbn.zst: bought for $0.103711 · session $49.419527
[2026-10-09 22:11:06 PDT] GC range=2017-08-01_2017-09-01.dbn.zst: bought for $0.115686 · session $49.535213
[2026-10-09 22:11:22 PDT] GC range=2017-09-01_2017-10-01.dbn.zst: bought for $0.104434 · session $49.639647
[2026-10-09 22:11:32 PDT] GC range=2017-10-01_2017-11-01.dbn.zst: bought for $0.111064 · session $49.750712
[2026-10-09 22:11:45 PDT] GC range=2017-11-01_2017-12-01.dbn.zst: bought for $0.103774 · session $49.854485
[2026-10-09 22:11:59 PDT] GC range=2017-12-01_2018-01-01.dbn.zst: bought for $0.100389 · session $49.954874
[2026-10-09 22:12:11 PDT] GC range=2018-01-01_2018-02-01.dbn.zst: bought for $0.104628 · session $50.059502
[2026-10-09 22:12:28 PDT] GC range=2018-02-01_2018-03-01.dbn.zst: bought for $0.099838 · session $50.159340
[2026-10-09 22:12:36 PDT] GC range=2018-03-01_2018-04-01.dbn.zst: bought for $0.104015 · session $50.263355
[2026-10-09 22:12:47 PDT] GC range=2018-04-01_2018-05-01.dbn.zst: bought for $0.106055 · session $50.369410
[2026-10-09 22:12:57 PDT] GC range=2018-05-01_2018-06-01.dbn.zst: bought for $0.108914 · session $50.478324
[2026-10-09 22:13:06 PDT] GC range=2018-06-01_2018-07-01.dbn.zst: bought for $0.105146 · session $50.583470
[2026-10-09 22:13:18 PDT] GC range=2018-07-01_2018-08-01.dbn.zst: bought for $0.104734 · session $50.688204
[2026-10-09 22:13:32 PDT] GC range=2018-08-01_2018-09-01.dbn.zst: bought for $0.115277 · session $50.803481
[2026-10-09 22:13:42 PDT] GC range=2018-09-01_2018-10-01.dbn.zst: bought for $0.099926 · session $50.903407
[2026-10-09 22:14:02 PDT] GC range=2018-10-01_2018-11-01.dbn.zst: bought for $0.115577 · session $51.018983
[2026-10-09 22:14:14 PDT] GC range=2018-11-01_2018-12-01.dbn.zst: bought for $0.103328 · session $51.122311
[2026-10-09 22:14:25 PDT] GC range=2018-12-01_2019-01-01.dbn.zst: bought for $0.099776 · session $51.222087
[2026-10-09 22:14:40 PDT] GC range=2019-01-01_2019-02-01.dbn.zst: bought for $0.104336 · session $51.326423
[2026-10-09 22:14:52 PDT] GC range=2019-02-01_2019-03-01.dbn.zst: bought for $0.098911 · session $51.425334
[2026-10-09 22:15:03 PDT] GC range=2019-03-01_2019-04-01.dbn.zst: bought for $0.100948 · session $51.526282
[2026-10-09 22:15:16 PDT] GC range=2019-04-01_2019-05-01.dbn.zst: bought for $0.105522 · session $51.631804
[2026-10-09 22:15:27 PDT] ZC range=2010-06-06_2010-07-01.dbn.zst: bought for $0.034792 · session $51.666596
[2026-10-09 22:15:37 PDT] ZC range=2010-07-01_2010-08-01.dbn.zst: bought for $0.048650 · session $51.715246
[2026-10-09 22:15:49 PDT] ZC range=2010-08-01_2010-09-01.dbn.zst: bought for $0.060636 · session $51.775882
[2026-10-09 22:15:59 PDT] ZC range=2010-09-01_2010-10-01.dbn.zst: bought for $0.058865 · session $51.834747
[2026-10-09 22:16:15 PDT] ZC range=2010-10-01_2010-11-01.dbn.zst: bought for $0.064210 · session $51.898957
[2026-10-09 22:16:40 PDT] ZC range=2010-11-01_2010-12-01.dbn.zst: bought for $0.060921 · session $51.959878
[2026-10-09 22:16:50 PDT] ZC range=2010-12-01_2011-01-01.dbn.zst: bought for $0.058307 · session $52.018185
[2026-10-09 22:17:01 PDT] ZC range=2011-01-01_2011-02-01.dbn.zst: bought for $0.057332 · session $52.075517
[2026-10-09 22:17:10 PDT] ZC range=2011-02-01_2011-03-01.dbn.zst: bought for $0.053028 · session $52.128544
[2026-10-09 22:17:22 PDT] ZC range=2011-03-01_2011-04-01.dbn.zst: bought for $0.068321 · session $52.196865
[2026-10-09 22:17:43 PDT] ZC range=2011-04-01_2011-05-01.dbn.zst: bought for $0.057872 · session $52.254737
[2026-10-09 22:17:55 PDT] ZC range=2011-05-01_2011-06-01.dbn.zst: bought for $0.063086 · session $52.317823
[2026-10-09 22:18:07 PDT] ZC range=2011-06-01_2011-07-01.dbn.zst: bought for $0.060731 · session $52.378554
[2026-10-09 22:18:39 PDT] ZC range=2011-07-01_2011-08-01.dbn.zst: bought for $0.057347 · session $52.435900
[2026-10-09 22:18:51 PDT] ZC range=2011-08-01_2011-09-01.dbn.zst: bought for $0.068186 · session $52.504086
[2026-10-09 22:19:00 PDT] ZC range=2011-09-01_2011-10-01.dbn.zst: bought for $0.065316 · session $52.569402
[2026-10-09 22:19:15 PDT] ZC range=2011-10-01_2011-11-01.dbn.zst: bought for $0.065006 · session $52.634408
[2026-10-09 22:19:25 PDT] ZC range=2011-11-01_2011-12-01.dbn.zst: bought for $0.056346 · session $52.690754
[2026-10-09 22:19:37 PDT] ZC range=2011-12-01_2012-01-01.dbn.zst: bought for $0.054806 · session $52.745560
[2026-10-09 22:19:50 PDT] ZC range=2012-01-01_2012-02-01.dbn.zst: bought for $0.058015 · session $52.803574
[2026-10-09 22:20:14 PDT] ZC range=2012-02-01_2012-03-01.dbn.zst: bought for $0.053535 · session $52.857109
[2026-10-09 22:20:31 PDT] ZC range=2012-03-01_2012-04-01.dbn.zst: bought for $0.060183 · session $52.917292
[2026-10-09 22:21:08 PDT] ZC range=2012-04-01_2012-05-01.dbn.zst: bought for $0.051779 · session $52.969072
[2026-10-09 22:21:24 PDT] ZC range=2012-05-01_2012-06-01.dbn.zst: bought for $0.068091 · session $53.037162
[2026-10-09 22:21:36 PDT] ZC range=2012-06-01_2012-07-01.dbn.zst: bought for $0.076663 · session $53.113825
[2026-10-09 22:21:47 PDT] ZC range=2012-07-01_2012-08-01.dbn.zst: bought for $0.087283 · session $53.201108
[2026-10-09 22:22:02 PDT] ZC range=2012-08-01_2012-09-01.dbn.zst: bought for $0.090430 · session $53.291538
[2026-10-09 22:22:14 PDT] ZC range=2012-09-01_2012-10-01.dbn.zst: bought for $0.074702 · session $53.366240
[2026-10-09 22:22:43 PDT] ZC range=2012-10-01_2012-11-01.dbn.zst: bought for $0.084775 · session $53.451015
[2026-10-09 22:22:53 PDT] ZC range=2012-11-01_2012-12-01.dbn.zst: bought for $0.069526 · session $53.520541
[2026-10-09 22:23:08 PDT] ZC range=2012-12-01_2013-01-01.dbn.zst: bought for $0.065948 · session $53.586489
[2026-10-09 22:23:20 PDT] ZC range=2013-01-01_2013-02-01.dbn.zst: bought for $0.071720 · session $53.658208
[2026-10-09 22:23:38 PDT] ZC range=2013-02-01_2013-03-01.dbn.zst: bought for $0.063505 · session $53.721714
[2026-10-09 22:23:58 PDT] ZC range=2013-03-01_2013-04-01.dbn.zst: bought for $0.065342 · session $53.787055
[2026-10-09 22:24:09 PDT] ZC range=2013-04-01_2013-05-01.dbn.zst: bought for $0.063250 · session $53.850305
[2026-10-09 22:24:20 PDT] ZC range=2013-05-01_2013-06-01.dbn.zst: bought for $0.059847 · session $53.910153
[2026-10-09 22:24:27 PDT] ZC range=2013-06-01_2013-07-01.dbn.zst: bought for $0.052294 · session $53.962446
[2026-10-09 22:24:45 PDT] ZC range=2013-07-01_2013-08-01.dbn.zst: bought for $0.062899 · session $54.025346
[2026-10-09 22:25:07 PDT] ZC range=2013-08-01_2013-09-01.dbn.zst: bought for $0.065999 · session $54.091345
[2026-10-09 22:25:16 PDT] ZC range=2013-09-01_2013-10-01.dbn.zst: bought for $0.054970 · session $54.146314
[2026-10-09 22:25:26 PDT] ZC range=2013-10-01_2013-11-01.dbn.zst: bought for $0.061443 · session $54.207757
[2026-10-09 22:26:08 PDT] ZC range=2013-11-01_2013-12-01.dbn.zst: bought for $0.049935 · session $54.257693
[2026-10-09 22:26:53 PDT] ZC range=2013-12-01_2014-01-01.dbn.zst: bought for $0.051162 · session $54.308855
[2026-10-09 22:27:09 PDT] ZC range=2014-01-01_2014-02-01.dbn.zst: bought for $0.050103 · session $54.358958
[2026-10-09 22:27:22 PDT] ZC range=2014-02-01_2014-03-01.dbn.zst: bought for $0.047544 · session $54.406502
[2026-10-09 22:28:01 PDT] ZC range=2014-03-01_2014-04-01.dbn.zst: bought for $0.057682 · session $54.464185
[2026-10-09 22:28:08 PDT] ZC range=2014-04-01_2014-05-01.dbn.zst: bought for $0.054900 · session $54.519085
[2026-10-09 22:28:17 PDT] ZC range=2014-05-01_2014-06-01.dbn.zst: bought for $0.054711 · session $54.573796
[2026-10-09 22:28:27 PDT] ZC range=2014-06-01_2014-07-01.dbn.zst: bought for $0.048117 · session $54.621913
[2026-10-09 22:28:34 PDT] ZC range=2014-07-01_2014-08-01.dbn.zst: bought for $0.054634 · session $54.676547
[2026-10-09 22:29:13 PDT] ZC range=2014-08-01_2014-09-01.dbn.zst: bought for $0.054207 · session $54.730754
[2026-10-09 22:29:21 PDT] ZC range=2014-09-01_2014-10-01.dbn.zst: bought for $0.053374 · session $54.784128
[2026-10-09 22:29:28 PDT] ZC range=2014-10-01_2014-11-01.dbn.zst: bought for $0.060077 · session $54.844206
[2026-10-09 22:29:40 PDT] ZC range=2014-11-01_2014-12-01.dbn.zst: bought for $0.048968 · session $54.893174
[2026-10-09 22:29:48 PDT] ZC range=2014-12-01_2015-01-01.dbn.zst: bought for $0.057153 · session $54.950327
[2026-10-09 22:30:13 PDT] ZC range=2015-01-01_2015-02-01.dbn.zst: bought for $0.052345 · session $55.002672
[2026-10-09 22:30:21 PDT] ZC range=2015-02-01_2015-03-01.dbn.zst: bought for $0.048282 · session $55.050953
[2026-10-09 22:30:35 PDT] ZC range=2015-03-01_2015-04-01.dbn.zst: bought for $0.057697 · session $55.108650
[2026-10-09 22:30:48 PDT] ZC range=2015-04-01_2015-05-01.dbn.zst: bought for $0.055244 · session $55.163894
[2026-10-09 22:31:04 PDT] ZC range=2015-05-01_2015-06-01.dbn.zst: bought for $0.052381 · session $55.216275
[2026-10-09 22:31:14 PDT] ZC range=2015-06-01_2015-07-01.dbn.zst: bought for $0.058548 · session $55.274823
[2026-10-09 22:31:24 PDT] ZC range=2015-07-01_2015-08-01.dbn.zst: bought for $0.067872 · session $55.342695
[2026-10-09 22:31:34 PDT] ZC range=2015-08-01_2015-09-01.dbn.zst: bought for $0.062195 · session $55.404890
[2026-10-09 22:31:45 PDT] ZC range=2015-09-01_2015-10-01.dbn.zst: bought for $0.056007 · session $55.460896
[2026-10-09 22:32:00 PDT] ZC range=2015-10-01_2015-11-01.dbn.zst: bought for $0.057832 · session $55.518728
[2026-10-09 22:32:11 PDT] ZC range=2015-11-01_2015-12-01.dbn.zst: bought for $0.045562 · session $55.564290
[2026-10-09 22:32:30 PDT] ZC range=2015-12-01_2016-01-01.dbn.zst: bought for $0.051790 · session $55.616080
[2026-10-09 22:32:42 PDT] ZC range=2016-01-01_2016-02-01.dbn.zst: bought for $0.046796 · session $55.662876
[2026-10-09 22:32:55 PDT] ZC range=2016-02-01_2016-03-01.dbn.zst: bought for $0.043116 · session $55.705992
[2026-10-09 22:33:06 PDT] ZC range=2016-03-01_2016-04-01.dbn.zst: bought for $0.049424 · session $55.755416
[2026-10-09 22:33:17 PDT] ZC range=2016-04-01_2016-05-01.dbn.zst: bought for $0.055981 · session $55.811397
[2026-10-09 22:33:28 PDT] ZC range=2016-05-01_2016-06-01.dbn.zst: bought for $0.059117 · session $55.870514
[2026-10-09 22:33:36 PDT] ZC range=2016-06-01_2016-07-01.dbn.zst: bought for $0.067171 · session $55.937685
[2026-10-09 22:33:47 PDT] ZC range=2016-07-01_2016-08-01.dbn.zst: bought for $0.058591 · session $55.996277
[2026-10-09 22:33:55 PDT] ZC range=2016-08-01_2016-09-01.dbn.zst: bought for $0.062454 · session $56.058730
[2026-10-09 22:34:05 PDT] ZC range=2016-09-01_2016-10-01.dbn.zst: bought for $0.056605 · session $56.115336
[2026-10-09 22:34:29 PDT] ZC range=2016-10-01_2016-11-01.dbn.zst: bought for $0.059873 · session $56.175209
[2026-10-09 22:34:42 PDT] ZC range=2016-11-01_2016-12-01.dbn.zst: bought for $0.054477 · session $56.229686
[2026-10-09 22:34:53 PDT] ZC range=2016-12-01_2017-01-01.dbn.zst: bought for $0.056883 · session $56.286569
[2026-10-09 22:35:02 PDT] ZC range=2017-01-01_2017-02-01.dbn.zst: bought for $0.056489 · session $56.343057
[2026-10-09 22:35:16 PDT] ZC range=2017-02-01_2017-03-01.dbn.zst: bought for $0.050950 · session $56.394008
[2026-10-09 22:35:36 PDT] ZC range=2017-03-01_2017-04-01.dbn.zst: bought for $0.063860 · session $56.457867
[2026-10-09 22:35:46 PDT] ZC range=2017-04-01_2017-05-01.dbn.zst: bought for $0.054984 · session $56.512852
[2026-10-09 22:35:59 PDT] ZC range=2017-05-01_2017-06-01.dbn.zst: bought for $0.067317 · session $56.580168
[2026-10-09 22:36:13 PDT] ZC range=2017-06-01_2017-07-01.dbn.zst: bought for $0.063973 · session $56.644141
[2026-10-09 22:36:24 PDT] ZC range=2017-07-01_2017-08-01.dbn.zst: bought for $0.063162 · session $56.707303
[2026-10-09 22:36:36 PDT] ZC range=2017-08-01_2017-09-01.dbn.zst: bought for $0.066689 · session $56.773992
[2026-10-09 22:36:49 PDT] ZC range=2017-09-01_2017-10-01.dbn.zst: bought for $0.054751 · session $56.828743
[2026-10-09 22:37:00 PDT] ZC range=2017-10-01_2017-11-01.dbn.zst: bought for $0.058084 · session $56.886827
[2026-10-09 22:37:09 PDT] ZC range=2017-11-01_2017-12-01.dbn.zst: bought for $0.049778 · session $56.936605
[2026-10-09 22:37:19 PDT] ZC range=2017-12-01_2018-01-01.dbn.zst: bought for $0.044883 · session $56.981488
[2026-10-09 22:37:28 PDT] ZC range=2018-01-01_2018-02-01.dbn.zst: bought for $0.050629 · session $57.032117
[2026-10-09 22:37:36 PDT] ZC range=2018-02-01_2018-03-01.dbn.zst: bought for $0.048486 · session $57.080603
[2026-10-09 22:37:44 PDT] ZC range=2018-03-01_2018-04-01.dbn.zst: bought for $0.057368 · session $57.137972
[2026-10-09 22:37:53 PDT] ZC range=2018-04-01_2018-05-01.dbn.zst: bought for $0.053539 · session $57.191510
[2026-10-09 22:38:05 PDT] ZC range=2018-05-01_2018-06-01.dbn.zst: bought for $0.060585 · session $57.252095
[2026-10-09 22:38:18 PDT] ZC range=2018-06-01_2018-07-01.dbn.zst: bought for $0.057445 · session $57.309540
[2026-10-09 22:38:28 PDT] ZC range=2018-07-01_2018-08-01.dbn.zst: bought for $0.054002 · session $57.363543
[2026-10-09 22:38:50 PDT] ZC range=2018-08-01_2018-09-01.dbn.zst: bought for $0.062206 · session $57.425748
[2026-10-09 22:39:01 PDT] ZC range=2018-09-01_2018-10-01.dbn.zst: bought for $0.050684 · session $57.476432
[2026-10-09 22:39:10 PDT] ZC range=2018-10-01_2018-11-01.dbn.zst: bought for $0.057263 · session $57.533695
[2026-10-09 22:39:19 PDT] ZC range=2018-11-01_2018-12-01.dbn.zst: bought for $0.048895 · session $57.582590
[2026-10-09 22:39:30 PDT] ZC range=2018-12-01_2019-01-01.dbn.zst: bought for $0.044959 · session $57.627549
[2026-10-09 22:39:41 PDT] ZC range=2019-01-01_2019-02-01.dbn.zst: bought for $0.046832 · session $57.674382
[2026-10-09 22:39:52 PDT] ZC range=2019-02-01_2019-03-01.dbn.zst: bought for $0.042506 · session $57.716888
[2026-10-09 22:40:04 PDT] ZC range=2019-03-01_2019-04-01.dbn.zst: bought for $0.050614 · session $57.767502
[2026-10-09 22:40:16 PDT] ZC range=2019-04-01_2019-05-01.dbn.zst: bought for $0.049830 · session $57.817332
[2026-10-09 22:40:39 PDT] NG: symbology.resolve (free) written to NG_v_0_2010-06-06_2019-05-01_symbology.json
[2026-10-09 22:40:39 PDT] NQ: symbology.resolve (free) written to NQ_v_0_2010-06-06_2019-05-01_symbology.json
[2026-10-09 22:40:39 PDT] ZN: symbology.resolve (free) written to ZN_v_0_2010-06-06_2019-05-01_symbology.json
[2026-10-09 22:40:39 PDT] 6E: symbology.resolve (free) written to 6E_v_0_2010-06-06_2019-05-01_symbology.json
[2026-10-09 22:40:39 PDT] GC: symbology.resolve (free) written to GC_v_0_2010-06-06_2019-05-01_symbology.json
[2026-10-09 22:40:39 PDT] ZC: symbology.resolve (free) written to ZC_v_0_2010-06-06_2019-05-01_symbology.json
[2026-10-09 22:40:39 PDT] dataset condition (free) written to GLBX.MDP3_2010-06-06_2019-05-01.json
[2026-10-09 22:40:40 PDT] buy finished: 642 chunks · harness ba1ce99672b7e5bbb33f0cfabb89ba618d207d701348da1b1681ecfa7d932292 · stage-E.14-ext2010: account acct-2 (cap $291.08, spent $289.417062) · session cap $59.47 (spent $57.817332) · request cap $3.00
rc=0
Fri Oct  9 10:40:40 PM PDT 2026
ledger lines after: 31610
