Fri Oct  9 10:47:39 PM PDT 2026
$ nice -n 10 uv run python -m c1_replication.evaluate --harness-sha256 ba1ce99672b7e5bbb33f0cfabb89ba618d207d701348da1b1681ecfa7d932292 --freeze reports/stage_e14_prereg_C1.md --freeze-sha256 afc5c10f628771afa3d1311192316ff3b4b681d7308d2b411fc655c15f821c0b --model reports/stage_e14_c1_model.json --model-sha256 c6075306ddfd70cb22a2b32f8017ae41ba6050778e6cb66568d00b94585421e6 --model-dir /home/kiros-li/.cache/propexp_e14_c1/m1 --store-hashes reports/stage_e17_c1_store_hashes.json --calendar-hashes reports/stage_e17_c1_calendar_hashes.json --out reports/stage_e14_c1_result.json
C1 marker written at 2026-10-09T22:47:44-07:00; the evaluation runs once from here
C10 h60: NG ok rows 5120; applicable rows per signal cp1_ret 5120, cp2_range 5120, cp2_brk 5120, cp3_clv 5120, k1_vwap_dist 0, k1_vxn_regime 0, k1_vxn_band 0, k2_auction_mto 0, k2_auction_msince 0, k2_fomc_mto 0, k2_monthend_msince 0, k2_predrift_move 0, k3_ldnmom_trend 0, k3_ldnrev_move 0, k3_mehedge_req 0, k3_ecbfix_mto 0, k3_ecbfix_msince 0, k3_tkypost_msince 0, k3_tkypre_msince 0, k4_apipre_ret 0, k4_eiafade_move 0, k4_eiamom_r3 0, k4_ngpre_mto 347, k4_ngpre_msince 689, k4_ovr_ret 3439, k4_ovr_pct 3439, k5_ovr_ret 0, k5_ovr_pct 0, k5_pmfix_move 0, k5_preauc_msince 0, k6_crushgap_gap 0, k6_limitcont_dir 0, k6_wasdepre_drift 0, k7_expiry_mto 0, k7_expiry_msince 0, k7_montrend_ret 0, k7_rev2h_ret 0, k8_oilcad_ret 0, k8_oilcad_z 0, k8_wkndbtc_move 0, k9_anncday 0, g01_ret30 5120, g02_ret60 5120, g03_ret120 5120, g04_ret_day 5120, g05_gap 5022, g06_rv60 5120, g07_range 5120, g08_prev_ret 5120, g09_vol_state 5120, g10_logvol30 5120, g11_t_index 5120, g12_dow 5120, g13_min_to_rel 5120, g14_min_since_rel 5120, g15_rel_day 5120, g16_month_end 5120, g17_nq 4836, g17_zn 4858, g17_6e 4836, g17_cl 0, g17_gc 4778, g17_zc 4806, g17_mbt 0
C10 hF: NG ok rows 4538; applicable rows per signal cp1_ret 4538, cp2_range 4538, cp2_brk 4538, cp3_clv 4538, k1_vwap_dist 0, k1_vxn_regime 0, k1_vxn_band 0, k2_auction_mto 0, k2_auction_msince 0, k2_fomc_mto 0, k2_monthend_msince 0, k2_predrift_move 0, k3_ldnmom_trend 0, k3_ldnrev_move 0, k3_mehedge_req 0, k3_ecbfix_mto 0, k3_ecbfix_msince 0, k3_tkypost_msince 0, k3_tkypre_msince 0, k4_apipre_ret 0, k4_eiafade_move 0, k4_eiamom_r3 0, k4_ngpre_mto 307, k4_ngpre_msince 621, k4_ovr_ret 3049, k4_ovr_pct 3049, k5_ovr_ret 0, k5_ovr_pct 0, k5_pmfix_move 0, k5_preauc_msince 0, k6_crushgap_gap 0, k6_limitcont_dir 0, k6_wasdepre_drift 0, k7_expiry_mto 0, k7_expiry_msince 0, k7_montrend_ret 0, k7_rev2h_ret 0, k8_oilcad_ret 0, k8_oilcad_z 0, k8_wkndbtc_move 0, k9_anncday 0, g01_ret30 4538, g02_ret60 4538, g03_ret120 4538, g04_ret_day 4538, g05_gap 4443, g06_rv60 4538, g07_range 4538, g08_prev_ret 4538, g09_vol_state 4538, g10_logvol30 4538, g11_t_index 4538, g12_dow 4538, g13_min_to_rel 4538, g14_min_since_rel 4538, g15_rel_day 4538, g16_month_end 4538, g17_nq 4297, g17_zn 4307, g17_6e 4288, g17_cl 0, g17_gc 4231, g17_zc 4270, g17_mbt 0
C1 verdict STOPPED (C10: features live in E.12 apply on no NG row: ['g17_mbt (h60)', 'g17_mbt (hF)'] (2))
  written reports/stage_e14_c1_result.json sha256 e5bbcaeb2520bdb07516814f268d98e73e0105d13d5d5e5c3a2947f75e76ee73
Command exited with non-zero status 1
	Command being timed: "nice -n 10 uv run python -m c1_replication.evaluate --harness-sha256 ba1ce99672b7e5bbb33f0cfabb89ba618d207d701348da1b1681ecfa7d932292 --freeze reports/stage_e14_prereg_C1.md --freeze-sha256 afc5c10f628771afa3d1311192316ff3b4b681d7308d2b411fc655c15f821c0b --model reports/stage_e14_c1_model.json --model-sha256 c6075306ddfd70cb22a2b32f8017ae41ba6050778e6cb66568d00b94585421e6 --model-dir /home/kiros-li/.cache/propexp_e14_c1/m1 --store-hashes reports/stage_e17_c1_store_hashes.json --calendar-hashes reports/stage_e17_c1_calendar_hashes.json --out reports/stage_e14_c1_result.json"
	User time (seconds): 64.88
	System time (seconds): 7.17
	Percent of CPU this job got: 110%
	Elapsed (wall clock) time (h:mm:ss or m:ss): 1:05.07
	Average shared text size (kbytes): 0
	Average unshared data size (kbytes): 0
	Average stack size (kbytes): 0
	Average total size (kbytes): 0
	Maximum resident set size (kbytes): 2057768
	Average resident set size (kbytes): 0
	Major (requiring I/O) page faults: 31
	Minor (reclaiming a frame) page faults: 1246575
	Voluntary context switches: 1033
	Involuntary context switches: 2247
	Swaps: 0
	File system inputs: 4376
	File system outputs: 104
	Socket messages sent: 0
	Socket messages received: 0
	Signals delivered: 0
	Page size (bytes): 4096
	Exit status: 1
rc=1
Fri Oct  9 10:48:44 PM PDT 2026
