Fri Oct  9 10:41:36 PM PDT 2026
$ nice -n 10 uv run python -m data.hist_store --plan ext2010 --harness-sha256 ba1ce996...
NG ext2010: built
  rows decoded 2347548, in window 2347468, written 2347468; trade dates 2284 (2010-06-07..2019-04-30)
  dropped unread: before the window 0 rows, after it 80 rows, on unsourced dates 0 rows
  calendar: 2296 trade dates, 0 unsourced {}
  rolls: 107 splices, 321 blackout dates in window
  closure bars kept and flagged: 1 (close-minute bars 38)
NQ ext2010: built
  rows decoded 2910576, in window 2910457, written 2910457; trade dates 2283 (2010-06-07..2019-04-30)
  dropped unread: before the window 0 rows, after it 119 rows, on unsourced dates 0 rows
  calendar: 2298 trade dates, 0 unsourced {}
  rolls: 36 splices, 108 blackout dates in window
  closure bars kept and flagged: 1 (close-minute bars 120)
ZN ext2010: built
  rows decoded 2768209, in window 2768133, written 2768133; trade dates 2287 (2010-06-07..2019-04-30)
  dropped unread: before the window 0 rows, after it 76 rows, on unsourced dates 0 rows
  calendar: 2297 trade dates, 0 unsourced {}
  rolls: 35 splices, 105 blackout dates in window
  closure bars kept and flagged: 1 (close-minute bars 242)
6E ext2010: built
  rows decoded 3032799, in window 3032692, written 3032692; trade dates 2283 (2010-06-07..2019-04-30)
  dropped unread: before the window 0 rows, after it 107 rows, on unsourced dates 0 rows
  calendar: 2298 trade dates, 0 unsourced {}
  rolls: 36 splices, 108 blackout dates in window
  closure bars kept and flagged: 1 (close-minute bars 35)
GC ext2010: built
  rows decoded 3062984, in window 3062868, written 3062868; trade dates 2282 (2010-06-07..2019-04-30)
  dropped unread: before the window 0 rows, after it 116 rows, on unsourced dates 0 rows
  calendar: 2296 trade dates, 0 unsourced {}
  rolls: 44 splices, 132 blackout dates in window
  closure bars kept and flagged: 1 (close-minute bars 29)
ZC ext2010: built
  rows decoded 1694301, in window 1694301, written 1694301; trade dates 2241 (2010-06-07..2019-04-30)
  dropped unread: before the window 0 rows, after it 0 rows, on unsourced dates 0 rows
  calendar: 2243 trade dates, 0 unsourced {}
  rolls: 59 splices, 153 blackout dates in window
  closure bars kept and flagged: 11 (close-minute bars 214)
	Command being timed: "nice -n 10 uv run python -m data.hist_store --plan ext2010 --harness-sha256 ba1ce99672b7e5bbb33f0cfabb89ba618d207d701348da1b1681ecfa7d932292"
	User time (seconds): 306.84
	System time (seconds): 14.47
	Percent of CPU this job got: 100%
	Elapsed (wall clock) time (h:mm:ss or m:ss): 5:20.42
	Average shared text size (kbytes): 0
	Average unshared data size (kbytes): 0
	Average stack size (kbytes): 0
	Average total size (kbytes): 0
	Maximum resident set size (kbytes): 1474864
	Average resident set size (kbytes): 0
	Major (requiring I/O) page faults: 151
	Minor (reclaiming a frame) page faults: 3597309
	Voluntary context switches: 3566
	Involuntary context switches: 4504
	Swaps: 0
	File system inputs: 374568
	File system outputs: 440224
	Socket messages sent: 0
	Socket messages received: 0
	Signals delivered: 0
	Page size (bytes): 4096
	Exit status: 0
rc=0
Fri Oct  9 10:46:57 PM PDT 2026
