Sat Oct 10 12:30:34 AM PDT 2026
$ nice -n 10 uv run python -m data.pull_hist --buy --plan ext2010h --account acct-2 --harness-sha256 ece91ae8e6993ad3c64412d30cc0b6ff6a4af07a15a6956ce9f2927f7ea70d32 --roots ZB ZF RTY
[2026-10-10 00:30:38 PDT] stage-E.17-ext2010h: account acct-2 (cap $355.38, spent $289.417062) · session cap $65.82 (spent $0.000000) · request cap $3.00
[2026-10-10 00:30:38 PDT] plan ext2010h (test E16): 235 chunks over 3 root(s) ZB, ZF, RTY, 2010-07-01..2019-05-01 (end exclusive, 00:00 UTC)
[2026-10-10 00:30:38 PDT] --roots: 3 of plan ext2010h's 21 roots; no other root is quoted or bought
[2026-10-10 00:30:39 PDT] harness preflight passed: ece91ae8e6993ad3c64412d30cc0b6ff6a4af07a15a6956ce9f2927f7ea70d32
[2026-10-10 00:30:55 PDT] ZB range=2010-07-01_2010-08-01.dbn.zst: bought for $0.086005 · session $0.187647
[2026-10-10 00:31:30 PDT] ZB range=2010-08-01_2010-09-01.dbn.zst: bought for $0.089262 · session $0.688253
[2026-10-10 00:31:41 PDT] ZB range=2010-09-01_2010-10-01.dbn.zst: bought for $0.087345 · session $0.920443
[2026-10-10 00:32:04 PDT] ZB range=2010-10-01_2010-11-01.dbn.zst: bought for $0.083997 · session $1.460420
[2026-10-10 00:32:13 PDT] ZB range=2010-11-01_2010-12-01.dbn.zst: bought for $0.087323 · session $1.547743
[2026-10-10 00:32:31 PDT] ZB range=2010-12-01_2011-01-01.dbn.zst: bought for $0.086732 · session $1.817236
[2026-10-10 00:32:45 PDT] ZB range=2011-01-01_2011-02-01.dbn.zst: bought for $0.082113 · session $2.108350
[2026-10-10 00:33:08 PDT] ZB range=2011-02-01_2011-03-01.dbn.zst: bought for $0.077283 · session $2.512050
[2026-10-10 00:33:16 PDT] ZB range=2011-03-01_2011-04-01.dbn.zst: bought for $0.092295 · session $2.711971
[2026-10-10 00:33:27 PDT] ZB range=2011-04-01_2011-05-01.dbn.zst: bought for $0.076378 · session $2.945252
[2026-10-10 00:33:37 PDT] ZB range=2011-05-01_2011-06-01.dbn.zst: bought for $0.084950 · session $3.176796
[2026-10-10 00:33:49 PDT] ZB range=2011-06-01_2011-07-01.dbn.zst: bought for $0.085509 · session $3.374855
[2026-10-10 00:33:58 PDT] ZB range=2011-07-01_2011-08-01.dbn.zst: bought for $0.081559 · session $3.520010
[2026-10-10 00:34:07 PDT] ZB range=2011-08-01_2011-09-01.dbn.zst: bought for $0.099433 · session $3.781446
[2026-10-10 00:34:15 PDT] ZB range=2011-09-01_2011-10-01.dbn.zst: bought for $0.092858 · session $3.874304
[2026-10-10 00:34:26 PDT] ZB range=2011-10-01_2011-11-01.dbn.zst: bought for $0.092343 · session $4.173215
[2026-10-10 00:34:38 PDT] ZB range=2011-11-01_2011-12-01.dbn.zst: bought for $0.093402 · session $4.429183
[2026-10-10 00:34:52 PDT] ZB range=2011-12-01_2012-01-01.dbn.zst: bought for $0.081325 · session $4.510508
[2026-10-10 00:35:08 PDT] ZB range=2012-01-01_2012-02-01.dbn.zst: bought for $0.082354 · session $4.748637
[2026-10-10 00:35:18 PDT] ZB range=2012-02-01_2012-03-01.dbn.zst: bought for $0.084410 · session $5.033515
[2026-10-10 00:35:28 PDT] ZB range=2012-03-01_2012-04-01.dbn.zst: bought for $0.089247 · session $5.321212
[2026-10-10 00:36:09 PDT] ZB range=2012-04-01_2012-05-01.dbn.zst: bought for $0.085907 · session $6.033093
[2026-10-10 00:36:16 PDT] ZB range=2012-05-01_2012-06-01.dbn.zst: bought for $0.094581 · session $6.354231
[2026-10-10 00:36:35 PDT] ZB range=2012-06-01_2012-07-01.dbn.zst: bought for $0.089941 · session $6.768321
[2026-10-10 00:37:12 PDT] ZB range=2012-07-01_2012-08-01.dbn.zst: bought for $0.090273 · session $7.264419
[2026-10-10 00:37:24 PDT] ZB range=2012-08-01_2012-09-01.dbn.zst: bought for $0.092690 · session $7.526202
[2026-10-10 00:37:43 PDT] ZB range=2012-09-01_2012-10-01.dbn.zst: bought for $0.083687 · session $7.826712
[2026-10-10 00:37:52 PDT] ZB range=2012-10-01_2012-11-01.dbn.zst: bought for $0.094548 · session $8.093121
[2026-10-10 00:38:01 PDT] ZB range=2012-11-01_2012-12-01.dbn.zst: bought for $0.085041 · session $8.430574
[2026-10-10 00:38:09 PDT] ZB range=2012-12-01_2013-01-01.dbn.zst: bought for $0.078492 · session $8.579595
[2026-10-10 00:38:17 PDT] ZB range=2013-01-01_2013-02-01.dbn.zst: bought for $0.086315 · session $8.737565
[2026-10-10 00:38:24 PDT] ZB range=2013-02-01_2013-03-01.dbn.zst: bought for $0.076641 · session $8.814206
[2026-10-10 00:38:32 PDT] ZB range=2013-03-01_2013-04-01.dbn.zst: bought for $0.080065 · session $9.069505
[2026-10-10 00:38:42 PDT] ZB range=2013-04-01_2013-05-01.dbn.zst: bought for $0.091438 · session $9.300191
[2026-10-10 00:38:58 PDT] ZB range=2013-05-01_2013-06-01.dbn.zst: bought for $0.091007 · session $9.728837
[2026-10-10 00:39:09 PDT] ZB range=2013-06-01_2013-07-01.dbn.zst: bought for $0.087593 · session $9.884229
[2026-10-10 00:39:19 PDT] ZB range=2013-07-01_2013-08-01.dbn.zst: bought for $0.089108 · session $10.122045
[2026-10-10 00:39:31 PDT] ZB range=2013-08-01_2013-09-01.dbn.zst: bought for $0.088564 · session $10.458621
[2026-10-10 00:39:49 PDT] ZB range=2013-09-01_2013-10-01.dbn.zst: bought for $0.081639 · session $10.858185
[2026-10-10 00:39:59 PDT] ZB range=2013-10-01_2013-11-01.dbn.zst: bought for $0.087403 · session $11.183090
[2026-10-10 00:40:08 PDT] ZB range=2013-11-01_2013-12-01.dbn.zst: bought for $0.072789 · session $11.255880
[2026-10-10 00:40:15 PDT] ZB range=2013-12-01_2014-01-01.dbn.zst: bought for $0.073560 · session $11.559632
[2026-10-10 00:40:25 PDT] ZB range=2014-01-01_2014-02-01.dbn.zst: bought for $0.075863 · session $11.697880
[2026-10-10 00:40:35 PDT] ZB range=2014-02-01_2014-03-01.dbn.zst: bought for $0.068993 · session $12.044935
[2026-10-10 00:40:45 PDT] ZB range=2014-03-01_2014-04-01.dbn.zst: bought for $0.080737 · session $12.334646
[2026-10-10 00:40:54 PDT] ZB range=2014-04-01_2014-05-01.dbn.zst: bought for $0.077247 · session $12.634602
[2026-10-10 00:41:34 PDT] ZB range=2014-05-01_2014-06-01.dbn.zst: bought for $0.078463 · session $13.491467
/home/kiros-li/Documents/GitHub/PropExperiment/data/pull_universe.py:590: BentoWarning: The streaming request contained one or more days which have reduced quality: 2014-06-11 (degraded), 2014-06-12 (degraded), 2014-06-13 (degraded)... See: https://databento.com/docs/api-reference-historical/metadata/metadata-get-dataset-condition
  client.timeseries.get_range(**params.as_kwargs(), path=partial)
[2026-10-10 00:41:45 PDT] ZB range=2014-06-01_2014-07-01.dbn.zst: bought for $0.078506 · session $13.728392
[2026-10-10 00:42:02 PDT] ZB range=2014-07-01_2014-08-01.dbn.zst: bought for $0.084377 · session $14.045590
[2026-10-10 00:42:11 PDT] ZB range=2014-08-01_2014-09-01.dbn.zst: bought for $0.077802 · session $14.199967
/home/kiros-li/Documents/GitHub/PropExperiment/data/pull_universe.py:590: BentoWarning: The streaming request contained one or more days which have reduced quality: 2014-09-22 (degraded), 2014-09-23 (degraded), 2014-09-24 (degraded)... See: https://databento.com/docs/api-reference-historical/metadata/metadata-get-dataset-condition
  client.timeseries.get_range(**params.as_kwargs(), path=partial)
[2026-10-10 00:42:27 PDT] ZB range=2014-09-01_2014-10-01.dbn.zst: bought for $0.082636 · session $14.559522
[2026-10-10 00:42:35 PDT] ZB range=2014-10-01_2014-11-01.dbn.zst: bought for $0.090572 · session $14.859047
[2026-10-10 00:42:48 PDT] ZB range=2014-11-01_2014-12-01.dbn.zst: bought for $0.072472 · session $15.212852
[2026-10-10 00:42:56 PDT] ZB range=2014-12-01_2015-01-01.dbn.zst: bought for $0.083917 · session $15.419811
[2026-10-10 00:43:24 PDT] ZB range=2015-01-01_2015-02-01.dbn.zst: bought for $0.088532 · session $16.136018
[2026-10-10 00:43:40 PDT] ZB range=2015-02-01_2015-03-01.dbn.zst: bought for $0.081427 · session $16.507457
[2026-10-10 00:43:54 PDT] ZB range=2015-03-01_2015-04-01.dbn.zst: bought for $0.089627 · session $16.912387
[2026-10-10 00:44:04 PDT] ZB range=2015-04-01_2015-05-01.dbn.zst: bought for $0.085779 · session $17.244236
[2026-10-10 00:44:15 PDT] ZB range=2015-05-01_2015-06-01.dbn.zst: bought for $0.085728 · session $17.592809
[2026-10-10 00:44:22 PDT] ZB range=2015-06-01_2015-07-01.dbn.zst: bought for $0.095340 · session $17.823827
[2026-10-10 00:44:31 PDT] ZB range=2015-07-01_2015-08-01.dbn.zst: bought for $0.099648 · session $18.094635
[2026-10-10 00:44:39 PDT] ZB range=2015-08-01_2015-09-01.dbn.zst: bought for $0.092299 · session $18.346543
[2026-10-10 00:44:46 PDT] ZB range=2015-09-01_2015-10-01.dbn.zst: bought for $0.093628 · session $18.517009
[2026-10-10 00:44:53 PDT] ZB range=2015-10-01_2015-11-01.dbn.zst: bought for $0.093442 · session $18.841334
[2026-10-10 00:45:02 PDT] ZB range=2015-11-01_2015-12-01.dbn.zst: bought for $0.083658 · session $19.052535
[2026-10-10 00:45:11 PDT] ZB range=2015-12-01_2016-01-01.dbn.zst: bought for $0.088404 · session $19.382176
[2026-10-10 00:45:22 PDT] ZB range=2016-01-01_2016-02-01.dbn.zst: bought for $0.092379 · session $19.557125
[2026-10-10 00:45:29 PDT] ZB range=2016-02-01_2016-03-01.dbn.zst: bought for $0.096439 · session $19.901934
[2026-10-10 00:45:38 PDT] ZB range=2016-03-01_2016-04-01.dbn.zst: bought for $0.095282 · session $20.177338
[2026-10-10 00:45:50 PDT] ZB range=2016-04-01_2016-05-01.dbn.zst: bought for $0.093066 · session $20.402285
[2026-10-10 00:46:01 PDT] ZB range=2016-05-01_2016-06-01.dbn.zst: bought for $0.088816 · session $20.598869
[2026-10-10 00:46:28 PDT] ZB range=2016-06-01_2016-07-01.dbn.zst: bought for $0.095442 · session $21.078304
[2026-10-10 00:46:43 PDT] ZB range=2016-07-01_2016-08-01.dbn.zst: bought for $0.093606 · session $21.420054
[2026-10-10 00:46:57 PDT] ZB range=2016-08-01_2016-09-01.dbn.zst: bought for $0.096592 · session $21.690691
[2026-10-10 00:47:08 PDT] ZB range=2016-09-01_2016-10-01.dbn.zst: bought for $0.091259 · session $22.025526
[2026-10-10 00:47:19 PDT] ZB range=2016-10-01_2016-11-01.dbn.zst: bought for $0.090766 · session $22.366436
[2026-10-10 00:47:34 PDT] ZB range=2016-11-01_2016-12-01.dbn.zst: bought for $0.098257 · session $22.790971
[2026-10-10 00:47:43 PDT] ZB range=2016-12-01_2017-01-01.dbn.zst: bought for $0.089309 · session $22.983784
[2026-10-10 00:47:52 PDT] ZB range=2017-01-01_2017-02-01.dbn.zst: bought for $0.092653 · session $23.135430
[2026-10-10 00:48:00 PDT] ZB range=2017-02-01_2017-03-01.dbn.zst: bought for $0.083380 · session $23.416515
[2026-10-10 00:48:13 PDT] ZB range=2017-03-01_2017-04-01.dbn.zst: bought for $0.097472 · session $23.640294
[2026-10-10 00:48:24 PDT] ZB range=2017-04-01_2017-05-01.dbn.zst: bought for $0.082205 · session $24.030391
[2026-10-10 00:48:41 PDT] ZB range=2017-05-01_2017-06-01.dbn.zst: bought for $0.088035 · session $24.357103
[2026-10-10 00:48:51 PDT] ZB range=2017-06-01_2017-07-01.dbn.zst: bought for $0.086556 · session $24.693921
[2026-10-10 00:49:02 PDT] ZB range=2017-07-01_2017-08-01.dbn.zst: bought for $0.084972 · session $25.027946
[2026-10-10 00:49:11 PDT] ZB range=2017-08-01_2017-09-01.dbn.zst: bought for $0.091197 · session $25.255934
[2026-10-10 00:49:22 PDT] ZB range=2017-09-01_2017-10-01.dbn.zst: bought for $0.086232 · session $25.597384
[2026-10-10 00:49:33 PDT] ZB range=2017-10-01_2017-11-01.dbn.zst: bought for $0.092285 · session $25.863512
/home/kiros-li/Documents/GitHub/PropExperiment/data/pull_universe.py:590: BentoWarning: The streaming request contained one or more days which have reduced quality: 2017-11-13 (degraded). See: https://databento.com/docs/api-reference-historical/metadata/metadata-get-dataset-condition
  client.timeseries.get_range(**params.as_kwargs(), path=partial)
[2026-10-10 00:49:43 PDT] ZB range=2017-11-01_2017-12-01.dbn.zst: bought for $0.088648 · session $26.095552
[2026-10-10 00:50:00 PDT] ZB range=2017-12-01_2018-01-01.dbn.zst: bought for $0.082489 · session $26.452380
[2026-10-10 00:50:11 PDT] ZB range=2018-01-01_2018-02-01.dbn.zst: bought for $0.093435 · session $26.875918
[2026-10-10 00:50:21 PDT] ZB range=2018-02-01_2018-03-01.dbn.zst: bought for $0.085841 · session $27.112485
[2026-10-10 00:50:33 PDT] ZB range=2018-03-01_2018-04-01.dbn.zst: bought for $0.088258 · session $27.371888
[2026-10-10 00:50:46 PDT] ZB range=2018-04-01_2018-05-01.dbn.zst: bought for $0.088155 · session $27.700619
[2026-10-10 00:50:55 PDT] ZB range=2018-05-01_2018-06-01.dbn.zst: bought for $0.092197 · session $27.980518
[2026-10-10 00:51:05 PDT] ZB range=2018-06-01_2018-07-01.dbn.zst: bought for $0.086345 · session $28.250457
[2026-10-10 00:51:17 PDT] ZB range=2018-07-01_2018-08-01.dbn.zst: bought for $0.088123 · session $28.670366
[2026-10-10 00:51:26 PDT] ZB range=2018-08-01_2018-09-01.dbn.zst: bought for $0.090455 · session $28.760822
[2026-10-10 00:51:36 PDT] ZB range=2018-09-01_2018-10-01.dbn.zst: bought for $0.079061 · session $29.094000
/home/kiros-li/Documents/GitHub/PropExperiment/data/pull_universe.py:590: BentoWarning: The streaming request contained one or more days which have reduced quality: 2018-10-21 (degraded). See: https://databento.com/docs/api-reference-historical/metadata/metadata-get-dataset-condition
  client.timeseries.get_range(**params.as_kwargs(), path=partial)
[2026-10-10 00:51:49 PDT] ZB range=2018-10-01_2018-11-01.dbn.zst: bought for $0.100272 · session $29.374081
[2026-10-10 00:52:18 PDT] ZB range=2018-11-01_2018-12-01.dbn.zst: bought for $0.088243 · session $30.053773
[2026-10-10 00:52:29 PDT] ZB range=2018-12-01_2019-01-01.dbn.zst: bought for $0.082332 · session $30.312259
/home/kiros-li/Documents/GitHub/PropExperiment/data/pull_universe.py:590: BentoWarning: The streaming request contained one or more days which have reduced quality: 2019-01-15 (degraded). See: https://databento.com/docs/api-reference-historical/metadata/metadata-get-dataset-condition
  client.timeseries.get_range(**params.as_kwargs(), path=partial)
[2026-10-10 00:52:41 PDT] ZB range=2019-01-01_2019-02-01.dbn.zst: bought for $0.092372 · session $30.675330
/home/kiros-li/Documents/GitHub/PropExperiment/data/pull_universe.py:590: BentoWarning: The streaming request contained one or more days which have reduced quality: 2019-02-22 (degraded). See: https://databento.com/docs/api-reference-historical/metadata/metadata-get-dataset-condition
  client.timeseries.get_range(**params.as_kwargs(), path=partial)
[2026-10-10 00:52:50 PDT] ZB range=2019-02-01_2019-03-01.dbn.zst: bought for $0.078156 · session $31.006901
/home/kiros-li/Documents/GitHub/PropExperiment/data/pull_universe.py:590: BentoWarning: The streaming request contained one or more days which have reduced quality: 2019-03-13 (degraded), 2019-03-26 (degraded). See: https://databento.com/docs/api-reference-historical/metadata/metadata-get-dataset-condition
  client.timeseries.get_range(**params.as_kwargs(), path=partial)
[2026-10-10 00:53:02 PDT] ZB range=2019-03-01_2019-04-01.dbn.zst: bought for $0.088681 · session $31.204332
[2026-10-10 00:53:10 PDT] ZB range=2019-04-01_2019-05-01.dbn.zst: bought for $0.086987 · session $31.430867
[2026-10-10 00:53:23 PDT] ZF range=2010-07-01_2010-08-01.dbn.zst: bought for $0.088524 · session $31.689675
[2026-10-10 00:53:35 PDT] ZF range=2010-08-01_2010-09-01.dbn.zst: bought for $0.089561 · session $32.055345
[2026-10-10 00:53:49 PDT] ZF range=2010-09-01_2010-10-01.dbn.zst: bought for $0.085330 · session $32.413056
[2026-10-10 00:54:18 PDT] ZF range=2010-10-01_2010-11-01.dbn.zst: bought for $0.081321 · session $33.052180
[2026-10-10 00:54:29 PDT] ZF range=2010-11-01_2010-12-01.dbn.zst: bought for $0.087181 · session $33.350260
[2026-10-10 00:54:42 PDT] ZF range=2010-12-01_2011-01-01.dbn.zst: bought for $0.087294 · session $33.761298
[2026-10-10 00:54:54 PDT] ZF range=2011-01-01_2011-02-01.dbn.zst: bought for $0.083366 · session $33.954808
[2026-10-10 00:55:03 PDT] ZF range=2011-02-01_2011-03-01.dbn.zst: bought for $0.080336 · session $34.222173
[2026-10-10 00:55:14 PDT] ZF range=2011-03-01_2011-04-01.dbn.zst: bought for $0.096063 · session $34.499735
[2026-10-10 00:55:26 PDT] ZF range=2011-04-01_2011-05-01.dbn.zst: bought for $0.080810 · session $34.762766
[2026-10-10 00:55:36 PDT] ZF range=2011-05-01_2011-06-01.dbn.zst: bought for $0.088553 · session $34.961161
[2026-10-10 00:55:54 PDT] ZF range=2011-06-01_2011-07-01.dbn.zst: bought for $0.089744 · session $35.154010
[2026-10-10 00:56:15 PDT] ZF range=2011-07-01_2011-08-01.dbn.zst: bought for $0.087392 · session $35.531866
[2026-10-10 00:56:48 PDT] ZF range=2011-08-01_2011-09-01.dbn.zst: bought for $0.101236 · session $36.130562
[2026-10-10 00:56:58 PDT] ZF range=2011-09-01_2011-10-01.dbn.zst: bought for $0.090722 · session $36.386011
[2026-10-10 00:57:13 PDT] ZF range=2011-10-01_2011-11-01.dbn.zst: bought for $0.090901 · session $36.640912
[2026-10-10 00:57:25 PDT] ZF range=2011-11-01_2011-12-01.dbn.zst: bought for $0.089692 · session $36.897807
[2026-10-10 00:57:40 PDT] ZF range=2011-12-01_2012-01-01.dbn.zst: bought for $0.076948 · session $37.138303
[2026-10-10 00:57:55 PDT] ZF range=2012-01-01_2012-02-01.dbn.zst: bought for $0.077335 · session $37.429252
[2026-10-10 00:58:04 PDT] ZF range=2012-02-01_2012-03-01.dbn.zst: bought for $0.079967 · session $37.615117
[2026-10-10 00:58:16 PDT] ZF range=2012-03-01_2012-04-01.dbn.zst: bought for $0.085257 · session $37.848972
[2026-10-10 00:58:27 PDT] ZF range=2012-04-01_2012-05-01.dbn.zst: bought for $0.081310 · session $38.091880
[2026-10-10 00:58:45 PDT] ZF range=2012-05-01_2012-06-01.dbn.zst: bought for $0.084176 · session $38.420969
[2026-10-10 00:58:57 PDT] ZF range=2012-06-01_2012-07-01.dbn.zst: bought for $0.083326 · session $38.561010
[2026-10-10 00:59:08 PDT] ZF range=2012-07-01_2012-08-01.dbn.zst: bought for $0.080894 · session $38.806755
[2026-10-10 00:59:23 PDT] ZF range=2012-08-01_2012-09-01.dbn.zst: bought for $0.086965 · session $39.123935
[2026-10-10 00:59:38 PDT] ZF range=2012-09-01_2012-10-01.dbn.zst: bought for $0.076601 · session $39.326773
[2026-10-10 00:59:59 PDT] ZF range=2012-10-01_2012-11-01.dbn.zst: bought for $0.084921 · session $39.693129
[2026-10-10 01:00:07 PDT] ZF range=2012-11-01_2012-12-01.dbn.zst: bought for $0.075911 · session $39.849057
[2026-10-10 01:00:36 PDT] ZF range=2012-12-01_2013-01-01.dbn.zst: bought for $0.068303 · session $40.220915
[2026-10-10 01:00:54 PDT] ZF range=2013-01-01_2013-02-01.dbn.zst: bought for $0.077053 · session $40.365308
[2026-10-10 01:01:05 PDT] ZF range=2013-02-01_2013-03-01.dbn.zst: bought for $0.068719 · session $40.471410
[2026-10-10 01:01:14 PDT] ZF range=2013-03-01_2013-04-01.dbn.zst: bought for $0.070873 · session $40.719930
[2026-10-10 01:01:39 PDT] ZF range=2013-04-01_2013-05-01.dbn.zst: bought for $0.076196 · session $41.124970
[2026-10-10 01:01:52 PDT] ZF range=2013-05-01_2013-06-01.dbn.zst: bought for $0.078912 · session $41.365228
[2026-10-10 01:02:02 PDT] ZF range=2013-06-01_2013-07-01.dbn.zst: bought for $0.084001 · session $41.562334
[2026-10-10 01:02:28 PDT] ZF range=2013-07-01_2013-08-01.dbn.zst: bought for $0.085866 · session $41.959058
[2026-10-10 01:02:40 PDT] ZF range=2013-08-01_2013-09-01.dbn.zst: bought for $0.084596 · session $42.139990
[2026-10-10 01:02:49 PDT] ZF range=2013-09-01_2013-10-01.dbn.zst: bought for $0.080073 · session $42.323822
[2026-10-10 01:03:04 PDT] ZF range=2013-10-01_2013-11-01.dbn.zst: bought for $0.085246 · session $42.573693
[2026-10-10 01:03:22 PDT] ZF range=2013-11-01_2013-12-01.dbn.zst: bought for $0.072976 · session $42.734189
[2026-10-10 01:03:33 PDT] ZF range=2013-12-01_2014-01-01.dbn.zst: bought for $0.074403 · session $42.892114
[2026-10-10 01:04:12 PDT] ZF range=2014-01-01_2014-02-01.dbn.zst: bought for $0.077521 · session $43.372097
[2026-10-10 01:04:22 PDT] ZF range=2014-02-01_2014-03-01.dbn.zst: bought for $0.070416 · session $43.587899
[2026-10-10 01:04:40 PDT] ZF range=2014-03-01_2014-04-01.dbn.zst: bought for $0.081453 · session $43.864679
[2026-10-10 01:04:52 PDT] ZF range=2014-04-01_2014-05-01.dbn.zst: bought for $0.077210 · session $43.992008
[2026-10-10 01:05:04 PDT] ZF range=2014-05-01_2014-06-01.dbn.zst: bought for $0.076703 · session $44.160886
[2026-10-10 01:05:18 PDT] ZF range=2014-06-01_2014-07-01.dbn.zst: bought for $0.077886 · session $44.334043
[2026-10-10 01:05:34 PDT] ZF range=2014-07-01_2014-08-01.dbn.zst: bought for $0.080361 · session $44.563195
[2026-10-10 01:05:43 PDT] ZF range=2014-08-01_2014-09-01.dbn.zst: bought for $0.076206 · session $44.749013
[2026-10-10 01:06:03 PDT] ZF range=2014-09-01_2014-10-01.dbn.zst: bought for $0.082110 · session $45.130239
[2026-10-10 01:06:15 PDT] ZF range=2014-10-01_2014-11-01.dbn.zst: bought for $0.088867 · session $45.335161
[2026-10-10 01:06:38 PDT] ZF range=2014-11-01_2014-12-01.dbn.zst: bought for $0.071128 · session $45.683212
[2026-10-10 01:07:03 PDT] ZF range=2014-12-01_2015-01-01.dbn.zst: bought for $0.082055 · session $46.126132
[2026-10-10 01:07:13 PDT] ZF range=2015-01-01_2015-02-01.dbn.zst: bought for $0.087520 · session $46.276837
[2026-10-10 01:07:24 PDT] ZF range=2015-02-01_2015-03-01.dbn.zst: bought for $0.080956 · session $46.520406
[2026-10-10 01:07:38 PDT] ZF range=2015-03-01_2015-04-01.dbn.zst: bought for $0.086334 · session $46.750099
[2026-10-10 01:07:51 PDT] ZF range=2015-04-01_2015-05-01.dbn.zst: bought for $0.082157 · session $46.991387
[2026-10-10 01:08:02 PDT] ZF range=2015-05-01_2015-06-01.dbn.zst: bought for $0.082216 · session $47.316755
[2026-10-10 01:08:14 PDT] ZF range=2015-06-01_2015-07-01.dbn.zst: bought for $0.092507 · session $47.525496
[2026-10-10 01:08:28 PDT] ZF range=2015-07-01_2015-08-01.dbn.zst: bought for $0.093613 · session $47.698960
[2026-10-10 01:08:39 PDT] ZF range=2015-08-01_2015-09-01.dbn.zst: bought for $0.090412 · session $47.941357
[2026-10-10 01:08:48 PDT] ZF range=2015-09-01_2015-10-01.dbn.zst: bought for $0.089481 · session $48.186672
[2026-10-10 01:09:26 PDT] ZF range=2015-10-01_2015-11-01.dbn.zst: bought for $0.087155 · session $48.610214
[2026-10-10 01:09:40 PDT] ZF range=2015-11-01_2015-12-01.dbn.zst: bought for $0.081237 · session $48.757311
[2026-10-10 01:09:53 PDT] ZF range=2015-12-01_2016-01-01.dbn.zst: bought for $0.086469 · session $48.982163
[2026-10-10 01:10:05 PDT] ZF range=2016-01-01_2016-02-01.dbn.zst: bought for $0.089707 · session $49.213265
[2026-10-10 01:10:23 PDT] ZF range=2016-02-01_2016-03-01.dbn.zst: bought for $0.094161 · session $49.443677
[2026-10-10 01:10:33 PDT] ZF range=2016-03-01_2016-04-01.dbn.zst: bought for $0.094471 · session $49.568253
[2026-10-10 01:10:50 PDT] ZF range=2016-04-01_2016-05-01.dbn.zst: bought for $0.088922 · session $49.938720
[2026-10-10 01:11:11 PDT] ZF range=2016-05-01_2016-06-01.dbn.zst: bought for $0.086670 · session $50.204635
[2026-10-10 01:11:23 PDT] ZF range=2016-06-01_2016-07-01.dbn.zst: bought for $0.092989 · session $50.581006
[2026-10-10 01:11:49 PDT] ZF range=2016-07-01_2016-08-01.dbn.zst: bought for $0.089287 · session $50.889026
[2026-10-10 01:12:00 PDT] ZF range=2016-08-01_2016-09-01.dbn.zst: bought for $0.093993 · session $51.062475
[2026-10-10 01:12:24 PDT] ZF range=2016-09-01_2016-10-01.dbn.zst: bought for $0.092036 · session $51.415466
[2026-10-10 01:12:34 PDT] ZF range=2016-10-01_2016-11-01.dbn.zst: bought for $0.087699 · session $51.578057
[2026-10-10 01:12:44 PDT] ZF range=2016-11-01_2016-12-01.dbn.zst: bought for $0.096738 · session $51.694338
[2026-10-10 01:12:55 PDT] ZF range=2016-12-01_2017-01-01.dbn.zst: bought for $0.088174 · session $51.782512
[2026-10-10 01:13:22 PDT] ZF range=2017-01-01_2017-02-01.dbn.zst: bought for $0.093486 · session $52.304570
[2026-10-10 01:13:30 PDT] ZF range=2017-02-01_2017-03-01.dbn.zst: bought for $0.084662 · session $52.474511
[2026-10-10 01:13:37 PDT] ZF range=2017-03-01_2017-04-01.dbn.zst: bought for $0.097392 · session $52.592752
[2026-10-10 01:13:47 PDT] ZF range=2017-04-01_2017-05-01.dbn.zst: bought for $0.082997 · session $52.831054
[2026-10-10 01:14:15 PDT] ZF range=2017-05-01_2017-06-01.dbn.zst: bought for $0.089755 · session $53.209304
[2026-10-10 01:14:21 PDT] ZF range=2017-06-01_2017-07-01.dbn.zst: bought for $0.087035 · session $53.373743
[2026-10-10 01:14:30 PDT] ZF range=2017-07-01_2017-08-01.dbn.zst: bought for $0.088093 · session $53.581644
[2026-10-10 01:14:40 PDT] ZF range=2017-08-01_2017-09-01.dbn.zst: bought for $0.096297 · session $53.775614
[2026-10-10 01:14:49 PDT] ZF range=2017-09-01_2017-10-01.dbn.zst: bought for $0.091065 · session $54.010027
[2026-10-10 01:14:56 PDT] ZF range=2017-10-01_2017-11-01.dbn.zst: bought for $0.095808 · session $54.231246
[2026-10-10 01:15:16 PDT] ZF range=2017-11-01_2017-12-01.dbn.zst: bought for $0.091105 · session $54.521787
[2026-10-10 01:15:26 PDT] ZF range=2017-12-01_2018-01-01.dbn.zst: bought for $0.082767 · session $54.751074
[2026-10-10 01:15:37 PDT] ZF range=2018-01-01_2018-02-01.dbn.zst: bought for $0.092836 · session $54.983783
[2026-10-10 01:15:45 PDT] ZF range=2018-02-01_2018-03-01.dbn.zst: bought for $0.086936 · session $55.230627
[2026-10-10 01:15:58 PDT] ZF range=2018-03-01_2018-04-01.dbn.zst: bought for $0.092715 · session $55.470472
[2026-10-10 01:16:06 PDT] ZF range=2018-04-01_2018-05-01.dbn.zst: bought for $0.089112 · session $55.709807
[2026-10-10 01:16:12 PDT] ZF range=2018-05-01_2018-06-01.dbn.zst: bought for $0.094336 · session $55.957878
[2026-10-10 01:16:29 PDT] ZF range=2018-06-01_2018-07-01.dbn.zst: bought for $0.090565 · session $56.153435
[2026-10-10 01:16:37 PDT] ZF range=2018-07-01_2018-08-01.dbn.zst: bought for $0.090105 · session $56.397213
[2026-10-10 01:17:01 PDT] ZF range=2018-08-01_2018-09-01.dbn.zst: bought for $0.092361 · session $56.742117
[2026-10-10 01:17:10 PDT] ZF range=2018-09-01_2018-10-01.dbn.zst: bought for $0.085001 · session $56.995872
[2026-10-10 01:17:44 PDT] ZF range=2018-10-01_2018-11-01.dbn.zst: bought for $0.101667 · session $57.309113
[2026-10-10 01:17:54 PDT] ZF range=2018-11-01_2018-12-01.dbn.zst: bought for $0.093511 · session $57.489871
[2026-10-10 01:18:01 PDT] ZF range=2018-12-01_2019-01-01.dbn.zst: bought for $0.082365 · session $57.710856
[2026-10-10 01:18:12 PDT] ZF range=2019-01-01_2019-02-01.dbn.zst: bought for $0.097505 · session $58.001583
[2026-10-10 01:18:32 PDT] ZF range=2019-02-01_2019-03-01.dbn.zst: bought for $0.080832 · session $58.240322
[2026-10-10 01:18:41 PDT] ZF range=2019-03-01_2019-04-01.dbn.zst: bought for $0.093040 · session $58.352281
[2026-10-10 01:19:18 PDT] ZF range=2019-04-01_2019-05-01.dbn.zst: bought for $0.092774 · session $59.053976
/home/kiros-li/Documents/GitHub/PropExperiment/data/pull_universe.py:590: BentoWarning: No data found for the request you submitted.
  client.timeseries.get_range(**params.as_kwargs(), path=partial)
[2026-10-10 01:19:33 PDT] RTY range=2017-06-01_2017-07-01.dbn.zst: bought for $0.000000 · session $59.137554
[2026-10-10 01:19:42 PDT] RTY range=2017-07-01_2017-08-01.dbn.zst: bought for $0.028706 · session $59.269376
[2026-10-10 01:19:56 PDT] RTY range=2017-08-01_2017-09-01.dbn.zst: bought for $0.056748 · session $59.416448
[2026-10-10 01:20:09 PDT] RTY range=2017-09-01_2017-10-01.dbn.zst: bought for $0.063856 · session $59.574648
[2026-10-10 01:20:16 PDT] RTY range=2017-10-01_2017-11-01.dbn.zst: bought for $0.076674 · session $59.743332
[2026-10-10 01:20:25 PDT] RTY range=2017-11-01_2017-12-01.dbn.zst: bought for $0.087590 · session $59.851622
[2026-10-10 01:20:34 PDT] RTY range=2017-12-01_2018-01-01.dbn.zst: bought for $0.080339 · session $59.950905
[2026-10-10 01:20:44 PDT] RTY range=2018-01-01_2018-02-01.dbn.zst: bought for $0.092343 · session $60.133035
[2026-10-10 01:20:56 PDT] RTY range=2018-02-01_2018-03-01.dbn.zst: bought for $0.085629 · session $60.372450
[2026-10-10 01:21:05 PDT] RTY range=2018-03-01_2018-04-01.dbn.zst: bought for $0.090196 · session $60.556406
[2026-10-10 01:21:15 PDT] RTY range=2018-04-01_2018-05-01.dbn.zst: bought for $0.084099 · session $60.662253
[2026-10-10 01:21:24 PDT] RTY range=2018-05-01_2018-06-01.dbn.zst: bought for $0.091438 · session $60.854178
[2026-10-10 01:21:34 PDT] RTY range=2018-06-01_2018-07-01.dbn.zst: bought for $0.089338 · session $61.031132
[2026-10-10 01:21:46 PDT] RTY range=2018-07-01_2018-08-01.dbn.zst: bought for $0.092025 · session $61.279319
[2026-10-10 01:21:57 PDT] RTY range=2018-08-01_2018-09-01.dbn.zst: bought for $0.098308 · session $61.396641
[2026-10-10 01:22:06 PDT] RTY range=2018-09-01_2018-10-01.dbn.zst: bought for $0.087382 · session $61.506957
[2026-10-10 01:22:17 PDT] RTY range=2018-10-01_2018-11-01.dbn.zst: bought for $0.109589 · session $61.703369
[2026-10-10 01:22:28 PDT] RTY range=2018-11-01_2018-12-01.dbn.zst: bought for $0.103624 · session $61.893308
[2026-10-10 01:22:35 PDT] RTY range=2018-12-01_2019-01-01.dbn.zst: bought for $0.092996 · session $62.073610
[2026-10-10 01:22:43 PDT] RTY range=2019-01-01_2019-02-01.dbn.zst: bought for $0.104084 · session $62.249523
[2026-10-10 01:23:02 PDT] RTY range=2019-02-01_2019-03-01.dbn.zst: bought for $0.091438 · session $62.518801
[2026-10-10 01:23:10 PDT] RTY range=2019-03-01_2019-04-01.dbn.zst: bought for $0.099896 · session $62.639113
[2026-10-10 01:23:18 PDT] RTY range=2019-04-01_2019-05-01.dbn.zst: bought for $0.095939 · session $62.805577
[2026-10-10 01:23:23 PDT] ZB: symbology.resolve (free) written to ZB_v_0_2010-07-01_2019-05-01_symbology.json
[2026-10-10 01:23:23 PDT] ZF: symbology.resolve (free) written to ZF_v_0_2010-07-01_2019-05-01_symbology.json
[2026-10-10 01:23:23 PDT] RTY: symbology.resolve (free) written to RTY_v_0_2010-07-01_2019-05-01_symbology.json
[2026-10-10 01:23:23 PDT] condition list already cached (GLBX.MDP3_2010-07-01_2019-05-01.json)
[2026-10-10 01:23:23 PDT] buy finished: 235 chunks · harness ece91ae8e6993ad3c64412d30cc0b6ff6a4af07a15a6956ce9f2927f7ea70d32 · stage-E.17-ext2010h: account acct-2 (cap $355.38, spent $352.222639) · session cap $65.82 (spent $62.805577) · request cap $3.00
rc=0
Sat Oct 10 01:23:23 AM PDT 2026
