Sat Oct 10 12:30:44 AM PDT 2026
$ nice -n 10 uv run python -m data.pull_hist --buy --plan ext2010h --account acct-2 --harness-sha256 ece91ae8e6993ad3c64412d30cc0b6ff6a4af07a15a6956ce9f2927f7ea70d32 --roots ZL LE
[2026-10-10 00:30:49 PDT] stage-E.17-ext2010h: account acct-2 (cap $355.38, spent $289.417062) · session cap $65.82 (spent $0.101641) · request cap $3.00
[2026-10-10 00:30:49 PDT] plan ext2010h (test E16): 212 chunks over 2 root(s) ZL, LE, 2010-07-01..2019-05-01 (end exclusive, 00:00 UTC)
[2026-10-10 00:30:49 PDT] --roots: 2 of plan ext2010h's 21 roots; no other root is quoted or bought
[2026-10-10 00:30:50 PDT] harness preflight passed: ece91ae8e6993ad3c64412d30cc0b6ff6a4af07a15a6956ce9f2927f7ea70d32
[2026-10-10 00:31:10 PDT] ZL range=2010-07-01_2010-08-01.dbn.zst: bought for $0.037943 · session $0.456881
[2026-10-10 00:31:42 PDT] ZL range=2010-08-01_2010-09-01.dbn.zst: bought for $0.046263 · session $0.920443
[2026-10-10 00:31:55 PDT] ZL range=2010-09-01_2010-10-01.dbn.zst: bought for $0.044879 · session $1.264562
[2026-10-10 00:32:40 PDT] ZL range=2010-10-01_2010-11-01.dbn.zst: bought for $0.049114 · session $1.972493
[2026-10-10 00:32:50 PDT] ZL range=2010-11-01_2010-12-01.dbn.zst: bought for $0.053743 · session $2.235043
[2026-10-10 00:33:02 PDT] ZL range=2010-12-01_2011-01-01.dbn.zst: bought for $0.049709 · session $2.420014
[2026-10-10 00:34:13 PDT] ZL range=2011-01-01_2011-02-01.dbn.zst: bought for $0.048026 · session $3.874304
[2026-10-10 00:34:50 PDT] ZL range=2011-02-01_2011-03-01.dbn.zst: bought for $0.045423 · session $4.510508
[2026-10-10 00:34:59 PDT] ZL range=2011-03-01_2011-04-01.dbn.zst: bought for $0.057098 · session $4.567606
[2026-10-10 00:35:09 PDT] ZL range=2011-04-01_2011-05-01.dbn.zst: bought for $0.046281 · session $4.801479
[2026-10-10 00:35:22 PDT] ZL range=2011-05-01_2011-06-01.dbn.zst: bought for $0.049475 · session $5.122763
[2026-10-10 00:35:30 PDT] ZL range=2011-06-01_2011-07-01.dbn.zst: bought for $0.046723 · session $5.321212
[2026-10-10 00:35:37 PDT] ZL range=2011-07-01_2011-08-01.dbn.zst: bought for $0.043802 · session $5.610515
[2026-10-10 00:35:45 PDT] ZL range=2011-08-01_2011-09-01.dbn.zst: bought for $0.055346 · session $5.665861
[2026-10-10 00:35:54 PDT] ZL range=2011-09-01_2011-10-01.dbn.zst: bought for $0.056803 · session $5.826448
[2026-10-10 00:36:06 PDT] ZL range=2011-10-01_2011-11-01.dbn.zst: bought for $0.057449 · session $6.033093
[2026-10-10 00:36:21 PDT] ZL range=2011-11-01_2011-12-01.dbn.zst: bought for $0.054229 · session $6.444171
[2026-10-10 00:36:27 PDT] ZL range=2011-12-01_2012-01-01.dbn.zst: bought for $0.049001 · session $6.656508
[2026-10-10 00:36:58 PDT] ZL range=2012-01-01_2012-02-01.dbn.zst: bought for $0.049402 · session $6.985491
[2026-10-10 00:37:07 PDT] ZL range=2012-02-01_2012-03-01.dbn.zst: bought for $0.049081 · session $7.205845
[2026-10-10 00:38:24 PDT] ZL range=2012-03-01_2012-04-01.dbn.zst: bought for $0.058573 · session $8.814206
[2026-10-10 00:38:40 PDT] ZL range=2012-04-01_2012-05-01.dbn.zst: bought for $0.051027 · session $9.300191
[2026-10-10 00:39:07 PDT] ZL range=2012-05-01_2012-06-01.dbn.zst: bought for $0.067017 · session $9.884229
[2026-10-10 00:39:16 PDT] ZL range=2012-06-01_2012-07-01.dbn.zst: bought for $0.073129 · session $10.046466
[2026-10-10 00:39:26 PDT] ZL range=2012-07-01_2012-08-01.dbn.zst: bought for $0.075579 · session $10.379604
[2026-10-10 00:39:33 PDT] ZL range=2012-08-01_2012-09-01.dbn.zst: bought for $0.079018 · session $10.458621
[2026-10-10 00:39:46 PDT] ZL range=2012-09-01_2012-10-01.dbn.zst: bought for $0.069369 · session $10.707477
[2026-10-10 00:39:53 PDT] ZL range=2012-10-01_2012-11-01.dbn.zst: bought for $0.081453 · session $10.945589
[2026-10-10 00:40:06 PDT] ZL range=2012-11-01_2012-12-01.dbn.zst: bought for $0.071026 · session $11.255880
[2026-10-10 00:40:27 PDT] ZL range=2012-12-01_2013-01-01.dbn.zst: bought for $0.064002 · session $11.795320
[2026-10-10 00:40:38 PDT] ZL range=2013-01-01_2013-02-01.dbn.zst: bought for $0.069814 · session $12.044935
[2026-10-10 00:40:46 PDT] ZL range=2013-02-01_2013-03-01.dbn.zst: bought for $0.063009 · session $12.334646
[2026-10-10 00:40:54 PDT] ZL range=2013-03-01_2013-04-01.dbn.zst: bought for $0.062742 · session $12.634602
[2026-10-10 00:41:01 PDT] ZL range=2013-04-01_2013-05-01.dbn.zst: bought for $0.065020 · session $12.859494
[2026-10-10 00:41:09 PDT] ZL range=2013-05-01_2013-06-01.dbn.zst: bought for $0.061216 · session $12.999173
[2026-10-10 00:41:20 PDT] ZL range=2013-06-01_2013-07-01.dbn.zst: bought for $0.052721 · session $13.264968
[2026-10-10 00:41:49 PDT] ZL range=2013-07-01_2013-08-01.dbn.zst: bought for $0.061800 · session $13.880619
[2026-10-10 00:42:13 PDT] ZL range=2013-08-01_2013-09-01.dbn.zst: bought for $0.065134 · session $14.199967
[2026-10-10 00:42:22 PDT] ZL range=2013-09-01_2013-10-01.dbn.zst: bought for $0.056773 · session $14.493154
[2026-10-10 00:42:32 PDT] ZL range=2013-10-01_2013-11-01.dbn.zst: bought for $0.066368 · session $14.759421
[2026-10-10 00:42:45 PDT] ZL range=2013-11-01_2013-12-01.dbn.zst: bought for $0.053656 · session $15.052608
[2026-10-10 00:42:55 PDT] ZL range=2013-12-01_2014-01-01.dbn.zst: bought for $0.053856 · session $15.419811
[2026-10-10 00:43:03 PDT] ZL range=2014-01-01_2014-02-01.dbn.zst: bought for $0.055868 · session $15.750364
[2026-10-10 00:43:12 PDT] ZL range=2014-02-01_2014-03-01.dbn.zst: bought for $0.052108 · session $15.899645
[2026-10-10 00:43:23 PDT] ZL range=2014-03-01_2014-04-01.dbn.zst: bought for $0.061235 · session $16.136018
[2026-10-10 00:43:31 PDT] ZL range=2014-04-01_2014-05-01.dbn.zst: bought for $0.056419 · session $16.192438
[2026-10-10 00:43:38 PDT] ZL range=2014-05-01_2014-06-01.dbn.zst: bought for $0.056569 · session $16.507457
/home/kiros-li/Documents/GitHub/PropExperiment/data/pull_universe.py:590: BentoWarning: The streaming request contained one or more days which have reduced quality: 2014-06-11 (degraded), 2014-06-12 (degraded), 2014-06-13 (degraded)... See: https://databento.com/docs/api-reference-historical/metadata/metadata-get-dataset-condition
  client.timeseries.get_range(**params.as_kwargs(), path=partial)
[2026-10-10 00:43:53 PDT] ZL range=2014-06-01_2014-07-01.dbn.zst: bought for $0.053119 · session $16.912387
[2026-10-10 00:44:08 PDT] ZL range=2014-07-01_2014-08-01.dbn.zst: bought for $0.057949 · session $17.348798
[2026-10-10 00:44:15 PDT] ZL range=2014-08-01_2014-09-01.dbn.zst: bought for $0.059179 · session $17.592809
/home/kiros-li/Documents/GitHub/PropExperiment/data/pull_universe.py:590: BentoWarning: The streaming request contained one or more days which have reduced quality: 2014-09-22 (degraded), 2014-09-23 (degraded), 2014-09-24 (degraded)... See: https://databento.com/docs/api-reference-historical/metadata/metadata-get-dataset-condition
  client.timeseries.get_range(**params.as_kwargs(), path=partial)
[2026-10-10 00:44:22 PDT] ZL range=2014-09-01_2014-10-01.dbn.zst: bought for $0.058212 · session $17.823827
[2026-10-10 00:44:32 PDT] ZL range=2014-10-01_2014-11-01.dbn.zst: bought for $0.064184 · session $18.094635
[2026-10-10 00:44:44 PDT] ZL range=2014-11-01_2014-12-01.dbn.zst: bought for $0.051571 · session $18.517009
[2026-10-10 00:44:53 PDT] ZL range=2014-12-01_2015-01-01.dbn.zst: bought for $0.058190 · session $18.841334
[2026-10-10 00:45:01 PDT] ZL range=2015-01-01_2015-02-01.dbn.zst: bought for $0.054754 · session $19.052535
[2026-10-10 00:45:24 PDT] ZL range=2015-02-01_2015-03-01.dbn.zst: bought for $0.052327 · session $19.557125
[2026-10-10 00:45:45 PDT] ZL range=2015-03-01_2015-04-01.dbn.zst: bought for $0.061257 · session $20.270404
[2026-10-10 00:46:07 PDT] ZL range=2015-04-01_2015-05-01.dbn.zst: bought for $0.058493 · session $20.698882
[2026-10-10 00:46:17 PDT] ZL range=2015-05-01_2015-06-01.dbn.zst: bought for $0.056700 · session $20.933076
[2026-10-10 00:46:29 PDT] ZL range=2015-06-01_2015-07-01.dbn.zst: bought for $0.063294 · session $21.078304
[2026-10-10 00:46:45 PDT] ZL range=2015-07-01_2015-08-01.dbn.zst: bought for $0.062969 · session $21.420054
[2026-10-10 00:46:56 PDT] ZL range=2015-08-01_2015-09-01.dbn.zst: bought for $0.064006 · session $21.690691
[2026-10-10 00:47:14 PDT] ZL range=2015-09-01_2015-10-01.dbn.zst: bought for $0.061129 · session $22.225505
[2026-10-10 00:47:24 PDT] ZL range=2015-10-01_2015-11-01.dbn.zst: bought for $0.062914 · session $22.575093
[2026-10-10 00:47:40 PDT] ZL range=2015-11-01_2015-12-01.dbn.zst: bought for $0.050695 · session $22.983784
[2026-10-10 00:47:58 PDT] ZL range=2015-12-01_2016-01-01.dbn.zst: bought for $0.058993 · session $23.416515
[2026-10-10 00:48:07 PDT] ZL range=2016-01-01_2016-02-01.dbn.zst: bought for $0.053177 · session $23.567165
[2026-10-10 00:48:19 PDT] ZL range=2016-02-01_2016-03-01.dbn.zst: bought for $0.051852 · session $23.774350
[2026-10-10 00:48:29 PDT] ZL range=2016-03-01_2016-04-01.dbn.zst: bought for $0.062293 · session $24.030391
[2026-10-10 00:48:39 PDT] ZL range=2016-04-01_2016-05-01.dbn.zst: bought for $0.060680 · session $24.357103
[2026-10-10 00:48:51 PDT] ZL range=2016-05-01_2016-06-01.dbn.zst: bought for $0.063520 · session $24.693921
[2026-10-10 00:49:06 PDT] ZL range=2016-06-01_2016-07-01.dbn.zst: bought for $0.065265 · session $25.103831
[2026-10-10 00:49:17 PDT] ZL range=2016-07-01_2016-08-01.dbn.zst: bought for $0.060906 · session $25.527136
[2026-10-10 00:49:34 PDT] ZL range=2016-08-01_2016-09-01.dbn.zst: bought for $0.070248 · session $25.863512
[2026-10-10 00:49:44 PDT] ZL range=2016-09-01_2016-10-01.dbn.zst: bought for $0.063575 · session $26.210508
[2026-10-10 00:49:56 PDT] ZL range=2016-10-01_2016-11-01.dbn.zst: bought for $0.064951 · session $26.452380
[2026-10-10 00:50:16 PDT] ZL range=2016-11-01_2016-12-01.dbn.zst: bought for $0.063903 · session $26.961759
[2026-10-10 00:50:26 PDT] ZL range=2016-12-01_2017-01-01.dbn.zst: bought for $0.065309 · session $27.222629
[2026-10-10 00:50:37 PDT] ZL range=2017-01-01_2017-02-01.dbn.zst: bought for $0.061001 · session $27.371888
[2026-10-10 00:50:48 PDT] ZL range=2017-02-01_2017-03-01.dbn.zst: bought for $0.056350 · session $27.815831
[2026-10-10 00:51:06 PDT] ZL range=2017-03-01_2017-04-01.dbn.zst: bought for $0.072490 · session $28.250457
[2026-10-10 00:51:25 PDT] ZL range=2017-04-01_2017-05-01.dbn.zst: bought for $0.056288 · session $28.760822
[2026-10-10 00:51:42 PDT] ZL range=2017-05-01_2017-06-01.dbn.zst: bought for $0.066598 · session $29.173678
[2026-10-10 00:52:00 PDT] ZL range=2017-06-01_2017-07-01.dbn.zst: bought for $0.058296 · session $29.712439
[2026-10-10 00:52:10 PDT] ZL range=2017-07-01_2017-08-01.dbn.zst: bought for $0.062728 · session $29.948626
[2026-10-10 00:52:28 PDT] ZL range=2017-08-01_2017-09-01.dbn.zst: bought for $0.071070 · session $30.312259
[2026-10-10 00:52:40 PDT] ZL range=2017-09-01_2017-10-01.dbn.zst: bought for $0.062731 · session $30.675330
[2026-10-10 00:52:58 PDT] ZL range=2017-10-01_2017-11-01.dbn.zst: bought for $0.064466 · session $31.204332
/home/kiros-li/Documents/GitHub/PropExperiment/data/pull_universe.py:590: BentoWarning: The streaming request contained one or more days which have reduced quality: 2017-11-13 (degraded). See: https://databento.com/docs/api-reference-historical/metadata/metadata-get-dataset-condition
  client.timeseries.get_range(**params.as_kwargs(), path=partial)
[2026-10-10 00:53:08 PDT] ZL range=2017-11-01_2017-12-01.dbn.zst: bought for $0.060607 · session $31.430867
[2026-10-10 00:53:22 PDT] ZL range=2017-12-01_2018-01-01.dbn.zst: bought for $0.055251 · session $31.689675
[2026-10-10 00:53:48 PDT] ZL range=2018-01-01_2018-02-01.dbn.zst: bought for $0.062020 · session $32.413056
[2026-10-10 00:54:02 PDT] ZL range=2018-02-01_2018-03-01.dbn.zst: bought for $0.057467 · session $32.734639
[2026-10-10 00:54:13 PDT] ZL range=2018-03-01_2018-04-01.dbn.zst: bought for $0.064184 · session $32.991548
[2026-10-10 00:54:24 PDT] ZL range=2018-04-01_2018-05-01.dbn.zst: bought for $0.060632 · session $33.287539
[2026-10-10 00:54:36 PDT] ZL range=2018-05-01_2018-06-01.dbn.zst: bought for $0.062720 · session $33.454865
[2026-10-10 00:54:46 PDT] ZL range=2018-06-01_2018-07-01.dbn.zst: bought for $0.056722 · session $33.761298
[2026-10-10 00:54:56 PDT] ZL range=2018-07-01_2018-08-01.dbn.zst: bought for $0.055364 · session $33.954808
[2026-10-10 00:55:08 PDT] ZL range=2018-08-01_2018-09-01.dbn.zst: bought for $0.064013 · session $34.222173
[2026-10-10 00:55:19 PDT] ZL range=2018-09-01_2018-10-01.dbn.zst: bought for $0.053163 · session $34.499735
/home/kiros-li/Documents/GitHub/PropExperiment/data/pull_universe.py:590: BentoWarning: The streaming request contained one or more days which have reduced quality: 2018-10-21 (degraded). See: https://databento.com/docs/api-reference-historical/metadata/metadata-get-dataset-condition
  client.timeseries.get_range(**params.as_kwargs(), path=partial)
[2026-10-10 00:55:30 PDT] ZL range=2018-10-01_2018-11-01.dbn.zst: bought for $0.064009 · session $34.762766
[2026-10-10 00:55:41 PDT] ZL range=2018-11-01_2018-12-01.dbn.zst: bought for $0.053137 · session $34.961161
[2026-10-10 00:55:53 PDT] ZL range=2018-12-01_2019-01-01.dbn.zst: bought for $0.051104 · session $35.154010
/home/kiros-li/Documents/GitHub/PropExperiment/data/pull_universe.py:590: BentoWarning: The streaming request contained one or more days which have reduced quality: 2019-01-15 (degraded). See: https://databento.com/docs/api-reference-historical/metadata/metadata-get-dataset-condition
  client.timeseries.get_range(**params.as_kwargs(), path=partial)
[2026-10-10 00:56:04 PDT] ZL range=2019-01-01_2019-02-01.dbn.zst: bought for $0.054645 · session $35.416333
/home/kiros-li/Documents/GitHub/PropExperiment/data/pull_universe.py:590: BentoWarning: The streaming request contained one or more days which have reduced quality: 2019-02-22 (degraded). See: https://databento.com/docs/api-reference-historical/metadata/metadata-get-dataset-condition
  client.timeseries.get_range(**params.as_kwargs(), path=partial)
[2026-10-10 00:56:16 PDT] ZL range=2019-02-01_2019-03-01.dbn.zst: bought for $0.051363 · session $35.531866
/home/kiros-li/Documents/GitHub/PropExperiment/data/pull_universe.py:590: BentoWarning: The streaming request contained one or more days which have reduced quality: 2019-03-13 (degraded), 2019-03-26 (degraded). See: https://databento.com/docs/api-reference-historical/metadata/metadata-get-dataset-condition
  client.timeseries.get_range(**params.as_kwargs(), path=partial)
[2026-10-10 00:56:30 PDT] ZL range=2019-03-01_2019-04-01.dbn.zst: bought for $0.059771 · session $35.809432
[2026-10-10 00:56:39 PDT] ZL range=2019-04-01_2019-05-01.dbn.zst: bought for $0.055057 · session $35.982464
[2026-10-10 00:56:49 PDT] LE range=2010-07-01_2010-08-01.dbn.zst: bought for $0.031138 · session $36.130562
[2026-10-10 00:57:00 PDT] LE range=2010-08-01_2010-09-01.dbn.zst: bought for $0.036044 · session $36.386011
[2026-10-10 00:57:17 PDT] LE range=2010-09-01_2010-10-01.dbn.zst: bought for $0.034876 · session $36.730605
[2026-10-10 00:57:31 PDT] LE range=2010-10-01_2010-11-01.dbn.zst: bought for $0.035314 · session $36.974755
[2026-10-10 00:57:43 PDT] LE range=2010-11-01_2010-12-01.dbn.zst: bought for $0.034460 · session $37.138303
[2026-10-10 00:57:59 PDT] LE range=2010-12-01_2011-01-01.dbn.zst: bought for $0.034000 · session $37.580529
[2026-10-10 00:58:10 PDT] LE range=2011-01-01_2011-02-01.dbn.zst: bought for $0.034588 · session $37.816023
[2026-10-10 00:58:20 PDT] LE range=2011-02-01_2011-03-01.dbn.zst: bought for $0.032948 · session $37.909775
[2026-10-10 00:58:29 PDT] LE range=2011-03-01_2011-04-01.dbn.zst: bought for $0.044054 · session $38.148792
[2026-10-10 00:58:39 PDT] LE range=2011-04-01_2011-05-01.dbn.zst: bought for $0.037818 · session $38.335614
[2026-10-10 00:58:50 PDT] LE range=2011-05-01_2011-06-01.dbn.zst: bought for $0.038041 · session $38.477684
[2026-10-10 00:59:08 PDT] LE range=2011-06-01_2011-07-01.dbn.zst: bought for $0.040020 · session $38.806755
[2026-10-10 00:59:18 PDT] LE range=2011-07-01_2011-08-01.dbn.zst: bought for $0.032602 · session $39.063022
[2026-10-10 00:59:38 PDT] LE range=2011-08-01_2011-09-01.dbn.zst: bought for $0.039308 · session $39.326773
[2026-10-10 00:59:53 PDT] LE range=2011-09-01_2011-10-01.dbn.zst: bought for $0.036858 · session $39.598285
[2026-10-10 01:00:03 PDT] LE range=2011-10-01_2011-11-01.dbn.zst: bought for $0.036855 · session $39.849057
[2026-10-10 01:00:17 PDT] LE range=2011-11-01_2011-12-01.dbn.zst: bought for $0.035223 · session $40.006173
[2026-10-10 01:00:27 PDT] LE range=2011-12-01_2012-01-01.dbn.zst: bought for $0.034839 · session $40.041012
[2026-10-10 01:00:37 PDT] LE range=2012-01-01_2012-02-01.dbn.zst: bought for $0.033752 · session $40.220915
[2026-10-10 01:00:46 PDT] LE range=2012-02-01_2012-03-01.dbn.zst: bought for $0.027421 · session $40.325390
[2026-10-10 01:00:56 PDT] LE range=2012-03-01_2012-04-01.dbn.zst: bought for $0.039918 · session $40.365308
[2026-10-10 01:01:07 PDT] LE range=2012-04-01_2012-05-01.dbn.zst: bought for $0.037384 · session $40.609812
[2026-10-10 01:01:17 PDT] LE range=2012-05-01_2012-06-01.dbn.zst: bought for $0.039246 · session $40.719930
[2026-10-10 01:01:30 PDT] LE range=2012-06-01_2012-07-01.dbn.zst: bought for $0.037541 · session $40.879546
[2026-10-10 01:01:42 PDT] LE range=2012-07-01_2012-08-01.dbn.zst: bought for $0.034142 · session $41.172649
[2026-10-10 01:01:59 PDT] LE range=2012-08-01_2012-09-01.dbn.zst: bought for $0.039304 · session $41.562334
[2026-10-10 01:02:10 PDT] LE range=2012-09-01_2012-10-01.dbn.zst: bought for $0.033080 · session $41.804947
[2026-10-10 01:02:26 PDT] LE range=2012-10-01_2012-11-01.dbn.zst: bought for $0.039567 · session $41.959058
[2026-10-10 01:02:45 PDT] LE range=2012-11-01_2012-12-01.dbn.zst: bought for $0.035365 · session $42.220063
[2026-10-10 01:02:59 PDT] LE range=2012-12-01_2013-01-01.dbn.zst: bought for $0.034146 · session $42.533545
[2026-10-10 01:03:10 PDT] LE range=2013-01-01_2013-02-01.dbn.zst: bought for $0.040148 · session $42.573693
[2026-10-10 01:03:22 PDT] LE range=2013-02-01_2013-03-01.dbn.zst: bought for $0.034858 · session $42.734189
[2026-10-10 01:03:40 PDT] LE range=2013-03-01_2013-04-01.dbn.zst: bought for $0.035058 · session $42.947526
[2026-10-10 01:03:51 PDT] LE range=2013-04-01_2013-05-01.dbn.zst: bought for $0.038545 · session $43.180566
[2026-10-10 01:04:03 PDT] LE range=2013-05-01_2013-06-01.dbn.zst: bought for $0.036939 · session $43.217505
[2026-10-10 01:04:15 PDT] LE range=2013-06-01_2013-07-01.dbn.zst: bought for $0.032149 · session $43.426633
[2026-10-10 01:04:32 PDT] LE range=2013-07-01_2013-08-01.dbn.zst: bought for $0.032631 · session $43.726709
[2026-10-10 01:04:47 PDT] LE range=2013-08-01_2013-09-01.dbn.zst: bought for $0.035920 · session $43.941890
[2026-10-10 01:05:06 PDT] LE range=2013-09-01_2013-10-01.dbn.zst: bought for $0.033430 · session $44.160886
[2026-10-10 01:05:27 PDT] LE range=2013-10-01_2013-11-01.dbn.zst: bought for $0.039041 · session $44.532846
[2026-10-10 01:05:41 PDT] LE range=2013-11-01_2013-12-01.dbn.zst: bought for $0.030349 · session $44.749013
[2026-10-10 01:05:51 PDT] LE range=2013-12-01_2014-01-01.dbn.zst: bought for $0.032251 · session $44.980337
[2026-10-10 01:06:08 PDT] LE range=2014-01-01_2014-02-01.dbn.zst: bought for $0.037797 · session $45.219106
[2026-10-10 01:06:22 PDT] LE range=2014-02-01_2014-03-01.dbn.zst: bought for $0.033266 · session $45.491597
[2026-10-10 01:06:32 PDT] LE range=2014-03-01_2014-04-01.dbn.zst: bought for $0.038268 · session $45.595411
[2026-10-10 01:06:42 PDT] LE range=2014-04-01_2014-05-01.dbn.zst: bought for $0.036683 · session $45.683212
[2026-10-10 01:06:52 PDT] LE range=2014-05-01_2014-06-01.dbn.zst: bought for $0.035551 · session $45.981273
[2026-10-10 01:07:08 PDT] LE range=2014-06-01_2014-07-01.dbn.zst: bought for $0.034704 · session $46.213653
[2026-10-10 01:07:21 PDT] LE range=2014-07-01_2014-08-01.dbn.zst: bought for $0.044868 · session $46.460782
[2026-10-10 01:07:33 PDT] LE range=2014-08-01_2014-09-01.dbn.zst: bought for $0.039863 · session $46.750099
[2026-10-10 01:07:46 PDT] LE range=2014-09-01_2014-10-01.dbn.zst: bought for $0.036650 · session $46.991387
[2026-10-10 01:07:57 PDT] LE range=2014-10-01_2014-11-01.dbn.zst: bought for $0.045109 · session $47.237957
[2026-10-10 01:08:15 PDT] LE range=2014-11-01_2014-12-01.dbn.zst: bought for $0.025315 · session $47.525496
[2026-10-10 01:08:25 PDT] LE range=2014-12-01_2015-01-01.dbn.zst: bought for $0.027720 · session $47.698960
[2026-10-10 01:08:39 PDT] LE range=2015-01-01_2015-02-01.dbn.zst: bought for $0.028045 · session $47.941357
[2026-10-10 01:08:49 PDT] LE range=2015-02-01_2015-03-01.dbn.zst: bought for $0.026180 · session $48.186672
[2026-10-10 01:08:59 PDT] LE range=2015-03-01_2015-04-01.dbn.zst: bought for $0.030699 · session $48.432428
[2026-10-10 01:09:09 PDT] LE range=2015-04-01_2015-05-01.dbn.zst: bought for $0.028644 · session $48.461072
[2026-10-10 01:09:48 PDT] LE range=2015-05-01_2015-06-01.dbn.zst: bought for $0.027666 · session $48.951832
[2026-10-10 01:09:58 PDT] LE range=2015-06-01_2015-07-01.dbn.zst: bought for $0.030331 · session $49.132710
[2026-10-10 01:10:08 PDT] LE range=2015-07-01_2015-08-01.dbn.zst: bought for $0.029685 · session $49.213265
[2026-10-10 01:10:19 PDT] LE range=2015-08-01_2015-09-01.dbn.zst: bought for $0.029155 · session $49.389240
[2026-10-10 01:10:30 PDT] LE range=2015-09-01_2015-10-01.dbn.zst: bought for $0.030104 · session $49.568253
[2026-10-10 01:10:44 PDT] LE range=2015-10-01_2015-11-01.dbn.zst: bought for $0.031868 · session $49.791239
[2026-10-10 01:10:53 PDT] LE range=2015-11-01_2015-12-01.dbn.zst: bought for $0.026629 · session $49.938720
[2026-10-10 01:11:03 PDT] LE range=2015-12-01_2016-01-01.dbn.zst: bought for $0.028783 · session $50.179547
[2026-10-10 01:11:12 PDT] LE range=2016-01-01_2016-02-01.dbn.zst: bought for $0.025088 · session $50.274559
[2026-10-10 01:11:26 PDT] LE range=2016-02-01_2016-03-01.dbn.zst: bought for $0.025837 · session $50.581006
[2026-10-10 01:11:47 PDT] LE range=2016-03-01_2016-04-01.dbn.zst: bought for $0.021930 · session $50.889026
[2026-10-10 01:11:57 PDT] LE range=2016-04-01_2016-05-01.dbn.zst: bought for $0.020981 · session $51.062475
[2026-10-10 01:12:15 PDT] LE range=2016-05-01_2016-06-01.dbn.zst: bought for $0.020663 · session $51.350566
[2026-10-10 01:12:33 PDT] LE range=2016-06-01_2016-07-01.dbn.zst: bought for $0.021496 · session $51.578057
[2026-10-10 01:12:44 PDT] LE range=2016-07-01_2016-08-01.dbn.zst: bought for $0.019543 · session $51.694338
[2026-10-10 01:13:02 PDT] LE range=2016-08-01_2016-09-01.dbn.zst: bought for $0.022942 · session $51.950521
[2026-10-10 01:13:14 PDT] LE range=2016-09-01_2016-10-01.dbn.zst: bought for $0.020853 · session $52.160153
[2026-10-10 01:13:20 PDT] LE range=2016-10-01_2016-11-01.dbn.zst: bought for $0.020722 · session $52.304570
[2026-10-10 01:13:31 PDT] LE range=2016-11-01_2016-12-01.dbn.zst: bought for $0.020784 · session $52.474511
[2026-10-10 01:13:40 PDT] LE range=2016-12-01_2017-01-01.dbn.zst: bought for $0.020850 · session $52.651037
[2026-10-10 01:13:47 PDT] LE range=2017-01-01_2017-02-01.dbn.zst: bought for $0.019992 · session $52.831054
[2026-10-10 01:13:55 PDT] LE range=2017-02-01_2017-03-01.dbn.zst: bought for $0.018969 · session $52.998668
[2026-10-10 01:14:08 PDT] LE range=2017-03-01_2017-04-01.dbn.zst: bought for $0.023040 · session $53.092895
[2026-10-10 01:14:24 PDT] LE range=2017-04-01_2017-05-01.dbn.zst: bought for $0.018904 · session $53.531106
[2026-10-10 01:14:42 PDT] LE range=2017-05-01_2017-06-01.dbn.zst: bought for $0.021149 · session $53.775614
[2026-10-10 01:14:57 PDT] LE range=2017-06-01_2017-07-01.dbn.zst: bought for $0.021737 · session $54.231246
[2026-10-10 01:15:17 PDT] LE range=2017-07-01_2017-08-01.dbn.zst: bought for $0.019262 · session $54.521787
[2026-10-10 01:15:28 PDT] LE range=2017-08-01_2017-09-01.dbn.zst: bought for $0.022996 · session $54.751074
[2026-10-10 01:15:41 PDT] LE range=2017-09-01_2017-10-01.dbn.zst: bought for $0.019349 · session $55.135283
[2026-10-10 01:15:50 PDT] LE range=2017-10-01_2017-11-01.dbn.zst: bought for $0.021930 · session $55.230627
[2026-10-10 01:15:58 PDT] LE range=2017-11-01_2017-12-01.dbn.zst: bought for $0.020857 · session $55.470472
[2026-10-10 01:16:05 PDT] LE range=2017-12-01_2018-01-01.dbn.zst: bought for $0.019842 · session $55.709807
[2026-10-10 01:16:14 PDT] LE range=2018-01-01_2018-02-01.dbn.zst: bought for $0.020897 · session $55.957878
[2026-10-10 01:16:25 PDT] LE range=2018-02-01_2018-03-01.dbn.zst: bought for $0.018940 · session $56.132374
[2026-10-10 01:16:32 PDT] LE range=2018-03-01_2018-04-01.dbn.zst: bought for $0.021061 · session $56.307283
[2026-10-10 01:16:40 PDT] LE range=2018-04-01_2018-05-01.dbn.zst: bought for $0.021061 · session $56.459251
[2026-10-10 01:16:48 PDT] LE range=2018-05-01_2018-06-01.dbn.zst: bought for $0.021945 · session $56.560885
[2026-10-10 01:16:58 PDT] LE range=2018-06-01_2018-07-01.dbn.zst: bought for $0.020882 · session $56.742117
[2026-10-10 01:17:07 PDT] LE range=2018-07-01_2018-08-01.dbn.zst: bought for $0.020872 · session $56.911765
[2026-10-10 01:17:25 PDT] LE range=2018-08-01_2018-09-01.dbn.zst: bought for $0.022934 · session $57.290217
[2026-10-10 01:17:44 PDT] LE range=2018-09-01_2018-10-01.dbn.zst: bought for $0.018896 · session $57.309113
[2026-10-10 01:17:56 PDT] LE range=2018-10-01_2018-11-01.dbn.zst: bought for $0.022989 · session $57.489871
[2026-10-10 01:18:17 PDT] LE range=2018-11-01_2018-12-01.dbn.zst: bought for $0.020700 · session $58.135811
[2026-10-10 01:18:24 PDT] LE range=2018-12-01_2019-01-01.dbn.zst: bought for $0.019758 · session $58.219385
[2026-10-10 01:18:33 PDT] LE range=2019-01-01_2019-02-01.dbn.zst: bought for $0.020937 · session $58.240322
[2026-10-10 01:18:40 PDT] LE range=2019-02-01_2019-03-01.dbn.zst: bought for $0.018918 · session $58.352281
[2026-10-10 01:18:57 PDT] LE range=2019-03-01_2019-04-01.dbn.zst: bought for $0.020952 · session $58.661356
[2026-10-10 01:19:07 PDT] LE range=2019-04-01_2019-05-01.dbn.zst: bought for $0.021061 · session $58.856104
[2026-10-10 01:19:11 PDT] ZL: symbology.resolve (free) written to ZL_v_0_2010-07-01_2019-05-01_symbology.json
[2026-10-10 01:19:11 PDT] LE: symbology.resolve (free) written to LE_v_0_2010-07-01_2019-05-01_symbology.json
[2026-10-10 01:19:11 PDT] dataset condition (free) written to GLBX.MDP3_2010-07-01_2019-05-01.json
[2026-10-10 01:19:12 PDT] buy finished: 212 chunks · harness ece91ae8e6993ad3c64412d30cc0b6ff6a4af07a15a6956ce9f2927f7ea70d32 · stage-E.17-ext2010h: account acct-2 (cap $355.38, spent $348.336850) · session cap $65.82 (spent $58.919788) · request cap $3.00
rc=0
Sat Oct 10 01:19:12 AM PDT 2026
