Sat Oct 10 12:30:28 AM PDT 2026
$ nice -n 10 uv run python -m data.pull_hist --buy --plan ext2010h --account acct-2 --harness-sha256 ece91ae8e6993ad3c64412d30cc0b6ff6a4af07a15a6956ce9f2927f7ea70d32 --roots CL ZT HE
[2026-10-10 00:30:32 PDT] stage-E.17-ext2010h: account acct-2 (cap $355.38, spent $289.417062) · session cap $65.82 (spent $0.000000) · request cap $3.00
[2026-10-10 00:30:32 PDT] plan ext2010h (test E16): 234 chunks over 3 root(s) CL, ZT, HE, 2010-07-01..2019-05-01 (end exclusive, 00:00 UTC)
[2026-10-10 00:30:32 PDT] --roots: 3 of plan ext2010h's 21 roots; no other root is quoted or bought
[2026-10-10 00:30:33 PDT] harness preflight passed: ece91ae8e6993ad3c64412d30cc0b6ff6a4af07a15a6956ce9f2927f7ea70d32
[2026-10-10 00:30:54 PDT] CL range=2010-07-01_2010-08-01.dbn.zst: bought for $0.101641 · session $0.187647
[2026-10-10 00:31:26 PDT] CL range=2010-08-01_2010-09-01.dbn.zst: bought for $0.106621 · session $0.543405
[2026-10-10 00:31:35 PDT] CL range=2010-09-01_2010-10-01.dbn.zst: bought for $0.104745 · session $0.775598
[2026-10-10 00:31:43 PDT] CL range=2010-10-01_2010-11-01.dbn.zst: bought for $0.101802 · session $0.920443
[2026-10-10 00:31:51 PDT] CL range=2010-11-01_2010-12-01.dbn.zst: bought for $0.107505 · session $1.156824
[2026-10-10 00:31:59 PDT] CL range=2010-12-01_2011-01-01.dbn.zst: bought for $0.107738 · session $1.313676
[2026-10-10 00:32:11 PDT] CL range=2011-01-01_2011-02-01.dbn.zst: bought for $0.102507 · session $1.547743
[2026-10-10 00:32:31 PDT] CL range=2011-02-01_2011-03-01.dbn.zst: bought for $0.097976 · session $1.817236
[2026-10-10 00:32:47 PDT] CL range=2011-03-01_2011-04-01.dbn.zst: bought for $0.114784 · session $2.235043
[2026-10-10 00:33:11 PDT] CL range=2011-04-01_2011-05-01.dbn.zst: bought for $0.094793 · session $2.512050
[2026-10-10 00:33:20 PDT] CL range=2011-05-01_2011-06-01.dbn.zst: bought for $0.107625 · session $2.788349
[2026-10-10 00:33:29 PDT] CL range=2011-06-01_2011-07-01.dbn.zst: bought for $0.104617 · session $2.945252
[2026-10-10 00:33:45 PDT] CL range=2011-07-01_2011-08-01.dbn.zst: bought for $0.097049 · session $3.262305
[2026-10-10 00:33:57 PDT] CL range=2011-08-01_2011-09-01.dbn.zst: bought for $0.112550 · session $3.520010
[2026-10-10 00:34:13 PDT] CL range=2011-09-01_2011-10-01.dbn.zst: bought for $0.104091 · session $3.874304
[2026-10-10 00:34:19 PDT] CL range=2011-10-01_2011-11-01.dbn.zst: bought for $0.103416 · session $4.115486
[2026-10-10 00:35:09 PDT] CL range=2011-11-01_2011-12-01.dbn.zst: bought for $0.104548 · session $4.801479
[2026-10-10 00:35:15 PDT] CL range=2011-12-01_2012-01-01.dbn.zst: bought for $0.098151 · session $5.033515
[2026-10-10 00:35:28 PDT] CL range=2012-01-01_2012-02-01.dbn.zst: bought for $0.099243 · session $5.321212
[2026-10-10 00:35:38 PDT] CL range=2012-02-01_2012-03-01.dbn.zst: bought for $0.102616 · session $5.610515
[2026-10-10 00:36:01 PDT] CL range=2012-03-01_2012-04-01.dbn.zst: bought for $0.103785 · session $5.941060
[2026-10-10 00:36:10 PDT] CL range=2012-04-01_2012-05-01.dbn.zst: bought for $0.092033 · session $6.033093
[2026-10-10 00:36:24 PDT] CL range=2012-05-01_2012-06-01.dbn.zst: bought for $0.108060 · session $6.557013
[2026-10-10 00:37:00 PDT] CL range=2012-06-01_2012-07-01.dbn.zst: bought for $0.099495 · session $6.985491
[2026-10-10 00:37:11 PDT] CL range=2012-07-01_2012-08-01.dbn.zst: bought for $0.104617 · session $7.264419
[2026-10-10 00:37:26 PDT] CL range=2012-08-01_2012-09-01.dbn.zst: bought for $0.107253 · session $7.526202
[2026-10-10 00:37:40 PDT] CL range=2012-09-01_2012-10-01.dbn.zst: bought for $0.093376 · session $7.759666
[2026-10-10 00:37:51 PDT] CL range=2012-10-01_2012-11-01.dbn.zst: bought for $0.112462 · session $8.033723
[2026-10-10 00:37:58 PDT] CL range=2012-11-01_2012-12-01.dbn.zst: bought for $0.100247 · session $8.278409
[2026-10-10 00:38:17 PDT] CL range=2012-12-01_2013-01-01.dbn.zst: bought for $0.093037 · session $8.737565
[2026-10-10 00:38:32 PDT] CL range=2013-01-01_2013-02-01.dbn.zst: bought for $0.103135 · session $9.069505
[2026-10-10 00:38:42 PDT] CL range=2013-02-01_2013-03-01.dbn.zst: bought for $0.088221 · session $9.300191
[2026-10-10 00:38:50 PDT] CL range=2013-03-01_2013-04-01.dbn.zst: bought for $0.096589 · session $9.622329
[2026-10-10 00:39:19 PDT] CL range=2013-04-01_2013-05-01.dbn.zst: bought for $0.106508 · session $10.122045
[2026-10-10 00:39:33 PDT] CL range=2013-05-01_2013-06-01.dbn.zst: bought for $0.103675 · session $10.458621
[2026-10-10 00:39:51 PDT] CL range=2013-06-01_2013-07-01.dbn.zst: bought for $0.097848 · session $10.858185
[2026-10-10 00:40:08 PDT] CL range=2013-07-01_2013-08-01.dbn.zst: bought for $0.108436 · session $11.255880
[2026-10-10 00:40:16 PDT] CL range=2013-08-01_2013-09-01.dbn.zst: bought for $0.108308 · session $11.559632
[2026-10-10 00:40:31 PDT] CL range=2013-09-01_2013-10-01.dbn.zst: bought for $0.097439 · session $11.795320
[2026-10-10 00:40:39 PDT] CL range=2013-10-01_2013-11-01.dbn.zst: bought for $0.110809 · session $12.044935
[2026-10-10 00:40:49 PDT] CL range=2013-11-01_2013-12-01.dbn.zst: bought for $0.092047 · session $12.474636
[2026-10-10 00:40:56 PDT] CL range=2013-12-01_2014-01-01.dbn.zst: bought for $0.096990 · session $12.634602
[2026-10-10 00:41:09 PDT] CL range=2014-01-01_2014-02-01.dbn.zst: bought for $0.100897 · session $13.059444
[2026-10-10 00:41:26 PDT] CL range=2014-02-01_2014-03-01.dbn.zst: bought for $0.090908 · session $13.391286
[2026-10-10 00:41:32 PDT] CL range=2014-03-01_2014-04-01.dbn.zst: bought for $0.100181 · session $13.491467
[2026-10-10 00:41:48 PDT] CL range=2014-04-01_2014-05-01.dbn.zst: bought for $0.096308 · session $13.796242
[2026-10-10 00:42:13 PDT] CL range=2014-05-01_2014-06-01.dbn.zst: bought for $0.099838 · session $14.199967
/home/kiros-li/Documents/GitHub/PropExperiment/data/pull_universe.py:590: BentoWarning: The streaming request contained one or more days which have reduced quality: 2014-06-11 (degraded), 2014-06-12 (degraded), 2014-06-13 (degraded)... See: https://databento.com/docs/api-reference-historical/metadata/metadata-get-dataset-condition
  client.timeseries.get_range(**params.as_kwargs(), path=partial)
[2026-10-10 00:42:25 PDT] CL range=2014-06-01_2014-07-01.dbn.zst: bought for $0.095815 · session $14.493154
[2026-10-10 00:42:31 PDT] CL range=2014-07-01_2014-08-01.dbn.zst: bought for $0.109326 · session $14.759421
[2026-10-10 00:42:44 PDT] CL range=2014-08-01_2014-09-01.dbn.zst: bought for $0.099626 · session $15.052608
/home/kiros-li/Documents/GitHub/PropExperiment/data/pull_universe.py:590: BentoWarning: The streaming request contained one or more days which have reduced quality: 2014-09-22 (degraded), 2014-09-23 (degraded), 2014-09-24 (degraded)... See: https://databento.com/docs/api-reference-historical/metadata/metadata-get-dataset-condition
  client.timeseries.get_range(**params.as_kwargs(), path=partial)
[2026-10-10 00:42:56 PDT] CL range=2014-09-01_2014-10-01.dbn.zst: bought for $0.087597 · session $15.419811
[2026-10-10 00:43:04 PDT] CL range=2014-10-01_2014-11-01.dbn.zst: bought for $0.113207 · session $15.750364
[2026-10-10 00:43:18 PDT] CL range=2014-11-01_2014-12-01.dbn.zst: bought for $0.097173 · session $16.029777
[2026-10-10 00:43:32 PDT] CL range=2014-12-01_2015-01-01.dbn.zst: bought for $0.106241 · session $16.264409
[2026-10-10 00:43:44 PDT] CL range=2015-01-01_2015-02-01.dbn.zst: bought for $0.105051 · session $16.641710
[2026-10-10 00:43:54 PDT] CL range=2015-02-01_2015-03-01.dbn.zst: bought for $0.099495 · session $16.912387
[2026-10-10 00:44:04 PDT] CL range=2015-03-01_2015-04-01.dbn.zst: bought for $0.110170 · session $17.244236
[2026-10-10 00:44:11 PDT] CL range=2015-04-01_2015-05-01.dbn.zst: bought for $0.104562 · session $17.493705
[2026-10-10 00:44:18 PDT] CL range=2015-05-01_2015-06-01.dbn.zst: bought for $0.099104 · session $17.823827
[2026-10-10 00:44:29 PDT] CL range=2015-06-01_2015-07-01.dbn.zst: bought for $0.106975 · session $18.094635
[2026-10-10 00:44:47 PDT] CL range=2015-07-01_2015-08-01.dbn.zst: bought for $0.108038 · session $18.575199
[2026-10-10 00:45:04 PDT] CL range=2015-08-01_2015-09-01.dbn.zst: bought for $0.104354 · session $19.052535
[2026-10-10 00:45:25 PDT] CL range=2015-09-01_2015-10-01.dbn.zst: bought for $0.108326 · session $19.557125
[2026-10-10 00:45:33 PDT] CL range=2015-10-01_2015-11-01.dbn.zst: bought for $0.108392 · session $19.997216
[2026-10-10 00:45:48 PDT] CL range=2015-11-01_2015-12-01.dbn.zst: bought for $0.102273 · session $20.343792
[2026-10-10 00:46:00 PDT] CL range=2015-12-01_2016-01-01.dbn.zst: bought for $0.107768 · session $20.598869
[2026-10-10 00:46:19 PDT] CL range=2016-01-01_2016-02-01.dbn.zst: bought for $0.100013 · session $20.933076
[2026-10-10 00:46:39 PDT] CL range=2016-02-01_2016-03-01.dbn.zst: bought for $0.104197 · session $21.339076
[2026-10-10 00:46:56 PDT] CL range=2016-03-01_2016-04-01.dbn.zst: bought for $0.110038 · session $21.690691
[2026-10-10 00:47:08 PDT] CL range=2016-04-01_2016-05-01.dbn.zst: bought for $0.104128 · session $22.025526
[2026-10-10 00:47:20 PDT] CL range=2016-05-01_2016-06-01.dbn.zst: bought for $0.109213 · session $22.366436
[2026-10-10 00:47:35 PDT] CL range=2016-06-01_2016-07-01.dbn.zst: bought for $0.110400 · session $22.790971
[2026-10-10 00:47:53 PDT] CL range=2016-07-01_2016-08-01.dbn.zst: bought for $0.103503 · session $23.135430
[2026-10-10 00:48:15 PDT] CL range=2016-08-01_2016-09-01.dbn.zst: bought for $0.114941 · session $23.692146
[2026-10-10 00:48:28 PDT] CL range=2016-09-01_2016-10-01.dbn.zst: bought for $0.109016 · session $24.030391
[2026-10-10 00:48:37 PDT] CL range=2016-10-01_2016-11-01.dbn.zst: bought for $0.104573 · session $24.357103
[2026-10-10 00:48:48 PDT] CL range=2016-11-01_2016-12-01.dbn.zst: bought for $0.108352 · session $24.693921
[2026-10-10 00:49:12 PDT] CL range=2016-12-01_2017-01-01.dbn.zst: bought for $0.105307 · session $25.255934
[2026-10-10 00:49:23 PDT] CL range=2017-01-01_2017-02-01.dbn.zst: bought for $0.103456 · session $25.597384
[2026-10-10 00:49:40 PDT] CL range=2017-02-01_2017-03-01.dbn.zst: bought for $0.098929 · session $26.031977
[2026-10-10 00:49:51 PDT] CL range=2017-03-01_2017-04-01.dbn.zst: bought for $0.114956 · session $26.357948
[2026-10-10 00:50:06 PDT] CL range=2017-04-01_2017-05-01.dbn.zst: bought for $0.094431 · session $26.688589
[2026-10-10 00:50:17 PDT] CL range=2017-05-01_2017-06-01.dbn.zst: bought for $0.114080 · session $26.961759
[2026-10-10 00:50:31 PDT] CL range=2017-06-01_2017-07-01.dbn.zst: bought for $0.110144 · session $27.371888
[2026-10-10 00:50:44 PDT] CL range=2017-07-01_2017-08-01.dbn.zst: bought for $0.103595 · session $27.700619
[2026-10-10 00:50:53 PDT] CL range=2017-08-01_2017-09-01.dbn.zst: bought for $0.115211 · session $27.908028
[2026-10-10 00:51:04 PDT] CL range=2017-09-01_2017-10-01.dbn.zst: bought for $0.102405 · session $28.250457
[2026-10-10 00:51:22 PDT] CL range=2017-10-01_2017-11-01.dbn.zst: bought for $0.110341 · session $28.760822
/home/kiros-li/Documents/GitHub/PropExperiment/data/pull_universe.py:590: BentoWarning: The streaming request contained one or more days which have reduced quality: 2017-11-13 (degraded). See: https://databento.com/docs/api-reference-historical/metadata/metadata-get-dataset-condition
  client.timeseries.get_range(**params.as_kwargs(), path=partial)
[2026-10-10 00:51:37 PDT] CL range=2017-11-01_2017-12-01.dbn.zst: bought for $0.107914 · session $29.094000
[2026-10-10 00:51:48 PDT] CL range=2017-12-01_2018-01-01.dbn.zst: bought for $0.100130 · session $29.374081
[2026-10-10 00:51:57 PDT] CL range=2018-01-01_2018-02-01.dbn.zst: bought for $0.109586 · session $29.712439
[2026-10-10 00:52:07 PDT] CL range=2018-02-01_2018-03-01.dbn.zst: bought for $0.099685 · session $29.948626
[2026-10-10 00:52:16 PDT] CL range=2018-03-01_2018-04-01.dbn.zst: bought for $0.105146 · session $30.053773
[2026-10-10 00:52:30 PDT] CL range=2018-04-01_2018-05-01.dbn.zst: bought for $0.105084 · session $30.312259
[2026-10-10 00:52:40 PDT] CL range=2018-05-01_2018-06-01.dbn.zst: bought for $0.114788 · session $30.675330
[2026-10-10 00:52:52 PDT] CL range=2018-06-01_2018-07-01.dbn.zst: bought for $0.104442 · session $31.006901
[2026-10-10 00:53:09 PDT] CL range=2018-07-01_2018-08-01.dbn.zst: bought for $0.108750 · session $31.430867
[2026-10-10 00:53:19 PDT] CL range=2018-08-01_2018-09-01.dbn.zst: bought for $0.115033 · session $31.689675
[2026-10-10 00:53:29 PDT] CL range=2018-09-01_2018-10-01.dbn.zst: bought for $0.098881 · session $31.940137
/home/kiros-li/Documents/GitHub/PropExperiment/data/pull_universe.py:590: BentoWarning: The streaming request contained one or more days which have reduced quality: 2018-10-21 (degraded). See: https://databento.com/docs/api-reference-historical/metadata/metadata-get-dataset-condition
  client.timeseries.get_range(**params.as_kwargs(), path=partial)
[2026-10-10 00:53:39 PDT] CL range=2018-10-01_2018-11-01.dbn.zst: bought for $0.115208 · session $32.144577
[2026-10-10 00:53:49 PDT] CL range=2018-11-01_2018-12-01.dbn.zst: bought for $0.108498 · session $32.413056
[2026-10-10 00:54:01 PDT] CL range=2018-12-01_2019-01-01.dbn.zst: bought for $0.099528 · session $32.734639
/home/kiros-li/Documents/GitHub/PropExperiment/data/pull_universe.py:590: BentoWarning: The streaming request contained one or more days which have reduced quality: 2019-01-15 (degraded). See: https://databento.com/docs/api-reference-historical/metadata/metadata-get-dataset-condition
  client.timeseries.get_range(**params.as_kwargs(), path=partial)
[2026-10-10 00:54:13 PDT] CL range=2019-01-01_2019-02-01.dbn.zst: bought for $0.110137 · session $32.991548
/home/kiros-li/Documents/GitHub/PropExperiment/data/pull_universe.py:590: BentoWarning: The streaming request contained one or more days which have reduced quality: 2019-02-22 (degraded). See: https://databento.com/docs/api-reference-historical/metadata/metadata-get-dataset-condition
  client.timeseries.get_range(**params.as_kwargs(), path=partial)
[2026-10-10 00:54:26 PDT] CL range=2019-02-01_2019-03-01.dbn.zst: bought for $0.099177 · session $33.287539
/home/kiros-li/Documents/GitHub/PropExperiment/data/pull_universe.py:590: BentoWarning: The streaming request contained one or more days which have reduced quality: 2019-03-13 (degraded), 2019-03-26 (degraded). See: https://databento.com/docs/api-reference-historical/metadata/metadata-get-dataset-condition
  client.timeseries.get_range(**params.as_kwargs(), path=partial)
[2026-10-10 00:54:37 PDT] CL range=2019-03-01_2019-04-01.dbn.zst: bought for $0.104606 · session $33.542159
[2026-10-10 00:54:51 PDT] CL range=2019-04-01_2019-05-01.dbn.zst: bought for $0.105416 · session $33.954808
[2026-10-10 00:55:01 PDT] ZT range=2010-07-01_2010-08-01.dbn.zst: bought for $0.061680 · session $34.158160
[2026-10-10 00:55:17 PDT] ZT range=2010-08-01_2010-09-01.dbn.zst: bought for $0.063089 · session $34.499735
[2026-10-10 00:55:49 PDT] ZT range=2010-09-01_2010-10-01.dbn.zst: bought for $0.058522 · session $35.154010
[2026-10-10 00:56:06 PDT] ZT range=2010-10-01_2010-11-01.dbn.zst: bought for $0.053834 · session $35.416333
[2026-10-10 00:56:17 PDT] ZT range=2010-11-01_2010-12-01.dbn.zst: bought for $0.064170 · session $35.531866
[2026-10-10 00:56:28 PDT] ZT range=2010-12-01_2011-01-01.dbn.zst: bought for $0.062450 · session $35.809432
[2026-10-10 00:56:39 PDT] ZT range=2011-01-01_2011-02-01.dbn.zst: bought for $0.060490 · session $35.982464
[2026-10-10 00:56:50 PDT] ZT range=2011-02-01_2011-03-01.dbn.zst: bought for $0.060475 · session $36.130562
[2026-10-10 00:57:02 PDT] ZT range=2011-03-01_2011-04-01.dbn.zst: bought for $0.073899 · session $36.386011
[2026-10-10 00:57:20 PDT] ZT range=2011-04-01_2011-05-01.dbn.zst: bought for $0.062472 · session $36.730605
[2026-10-10 00:57:31 PDT] ZT range=2011-05-01_2011-06-01.dbn.zst: bought for $0.066977 · session $36.974755
[2026-10-10 00:57:43 PDT] ZT range=2011-06-01_2011-07-01.dbn.zst: bought for $0.065247 · session $37.138303
[2026-10-10 00:57:53 PDT] ZT range=2011-07-01_2011-08-01.dbn.zst: bought for $0.063728 · session $37.374888
[2026-10-10 00:58:04 PDT] ZT range=2011-08-01_2011-09-01.dbn.zst: bought for $0.071311 · session $37.580529
[2026-10-10 00:58:16 PDT] ZT range=2011-09-01_2011-10-01.dbn.zst: bought for $0.059128 · session $37.848972
[2026-10-10 00:58:25 PDT] ZT range=2011-10-01_2011-11-01.dbn.zst: bought for $0.060804 · session $38.091880
[2026-10-10 00:58:36 PDT] ZT range=2011-11-01_2011-12-01.dbn.zst: bought for $0.056912 · session $38.270787
[2026-10-10 00:58:56 PDT] ZT range=2011-12-01_2012-01-01.dbn.zst: bought for $0.047314 · session $38.561010
[2026-10-10 00:59:06 PDT] ZT range=2012-01-01_2012-02-01.dbn.zst: bought for $0.051681 · session $38.733604
[2026-10-10 00:59:16 PDT] ZT range=2012-02-01_2012-03-01.dbn.zst: bought for $0.056240 · session $39.063022
[2026-10-10 00:59:35 PDT] ZT range=2012-03-01_2012-04-01.dbn.zst: bought for $0.060913 · session $39.326773
[2026-10-10 00:59:51 PDT] ZT range=2012-04-01_2012-05-01.dbn.zst: bought for $0.054809 · session $39.598285
[2026-10-10 01:00:12 PDT] ZT range=2012-05-01_2012-06-01.dbn.zst: bought for $0.057989 · session $39.884280
[2026-10-10 01:00:24 PDT] ZT range=2012-06-01_2012-07-01.dbn.zst: bought for $0.053590 · session $40.041012
[2026-10-10 01:00:59 PDT] ZT range=2012-07-01_2012-08-01.dbn.zst: bought for $0.054524 · session $40.434026
[2026-10-10 01:01:12 PDT] ZT range=2012-08-01_2012-09-01.dbn.zst: bought for $0.057566 · session $40.719930
[2026-10-10 01:01:21 PDT] ZT range=2012-09-01_2012-10-01.dbn.zst: bought for $0.049216 · session $40.879546
[2026-10-10 01:01:36 PDT] ZT range=2012-10-01_2012-11-01.dbn.zst: bought for $0.055967 · session $41.124970
[2026-10-10 01:01:44 PDT] ZT range=2012-11-01_2012-12-01.dbn.zst: bought for $0.047679 · session $41.325924
[2026-10-10 01:01:59 PDT] ZT range=2012-12-01_2013-01-01.dbn.zst: bought for $0.039067 · session $41.562334
[2026-10-10 01:02:09 PDT] ZT range=2013-01-01_2013-02-01.dbn.zst: bought for $0.051210 · session $41.804947
[2026-10-10 01:02:47 PDT] ZT range=2013-02-01_2013-03-01.dbn.zst: bought for $0.045949 · session $42.220063
[2026-10-10 01:03:09 PDT] ZT range=2013-03-01_2013-04-01.dbn.zst: bought for $0.049819 · session $42.573693
[2026-10-10 01:03:21 PDT] ZT range=2013-04-01_2013-05-01.dbn.zst: bought for $0.052663 · session $42.734189
[2026-10-10 01:03:32 PDT] ZT range=2013-05-01_2013-06-01.dbn.zst: bought for $0.048464 · session $42.892114
[2026-10-10 01:03:42 PDT] ZT range=2013-06-01_2013-07-01.dbn.zst: bought for $0.055412 · session $42.947526
[2026-10-10 01:03:55 PDT] ZT range=2013-07-01_2013-08-01.dbn.zst: bought for $0.051542 · session $43.180566
[2026-10-10 01:04:11 PDT] ZT range=2013-08-01_2013-09-01.dbn.zst: bought for $0.051421 · session $43.372097
[2026-10-10 01:04:20 PDT] ZT range=2013-09-01_2013-10-01.dbn.zst: bought for $0.054535 · session $43.587899
[2026-10-10 01:04:31 PDT] ZT range=2013-10-01_2013-11-01.dbn.zst: bought for $0.057357 · session $43.726709
[2026-10-10 01:04:44 PDT] ZT range=2013-11-01_2013-12-01.dbn.zst: bought for $0.045638 · session $43.864679
[2026-10-10 01:05:18 PDT] ZT range=2013-12-01_2014-01-01.dbn.zst: bought for $0.050118 · session $44.334043
[2026-10-10 01:05:31 PDT] ZT range=2014-01-01_2014-02-01.dbn.zst: bought for $0.052027 · session $44.563195
[2026-10-10 01:05:43 PDT] ZT range=2014-02-01_2014-03-01.dbn.zst: bought for $0.043988 · session $44.749013
[2026-10-10 01:05:55 PDT] ZT range=2014-03-01_2014-04-01.dbn.zst: bought for $0.052064 · session $44.980337
[2026-10-10 01:06:04 PDT] ZT range=2014-04-01_2014-05-01.dbn.zst: bought for $0.051527 · session $45.130239
[2026-10-10 01:06:17 PDT] ZT range=2014-05-01_2014-06-01.dbn.zst: bought for $0.047570 · session $45.335161
[2026-10-10 01:06:32 PDT] ZT range=2014-06-01_2014-07-01.dbn.zst: bought for $0.052042 · session $45.595411
[2026-10-10 01:06:44 PDT] ZT range=2014-07-01_2014-08-01.dbn.zst: bought for $0.051118 · session $45.828130
[2026-10-10 01:06:54 PDT] ZT range=2014-08-01_2014-09-01.dbn.zst: bought for $0.048442 · session $45.981273
[2026-10-10 01:07:10 PDT] ZT range=2014-09-01_2014-10-01.dbn.zst: bought for $0.051761 · session $46.213653
[2026-10-10 01:07:21 PDT] ZT range=2014-10-01_2014-11-01.dbn.zst: bought for $0.058120 · session $46.460782
[2026-10-10 01:07:35 PDT] ZT range=2014-11-01_2014-12-01.dbn.zst: bought for $0.048048 · session $46.750099
[2026-10-10 01:07:46 PDT] ZT range=2014-12-01_2015-01-01.dbn.zst: bought for $0.055284 · session $46.991387
[2026-10-10 01:07:57 PDT] ZT range=2015-01-01_2015-02-01.dbn.zst: bought for $0.058730 · session $47.237957
[2026-10-10 01:08:07 PDT] ZT range=2015-02-01_2015-03-01.dbn.zst: bought for $0.053484 · session $47.316755
[2026-10-10 01:08:21 PDT] ZT range=2015-03-01_2015-04-01.dbn.zst: bought for $0.056306 · session $47.646830
[2026-10-10 01:08:32 PDT] ZT range=2015-04-01_2015-05-01.dbn.zst: bought for $0.052130 · session $47.767814
[2026-10-10 01:08:44 PDT] ZT range=2015-05-01_2015-06-01.dbn.zst: bought for $0.055087 · session $48.057018
[2026-10-10 01:08:54 PDT] ZT range=2015-06-01_2015-07-01.dbn.zst: bought for $0.059033 · session $48.304526
[2026-10-10 01:09:19 PDT] ZT range=2015-07-01_2015-08-01.dbn.zst: bought for $0.058664 · session $48.552349
[2026-10-10 01:09:37 PDT] ZT range=2015-08-01_2015-09-01.dbn.zst: bought for $0.057865 · session $48.757311
[2026-10-10 01:09:55 PDT] ZT range=2015-09-01_2015-10-01.dbn.zst: bought for $0.053772 · session $49.043003
[2026-10-10 01:10:06 PDT] ZT range=2015-10-01_2015-11-01.dbn.zst: bought for $0.050870 · session $49.213265
[2026-10-10 01:10:28 PDT] ZT range=2015-11-01_2015-12-01.dbn.zst: bought for $0.052659 · session $49.568253
[2026-10-10 01:10:45 PDT] ZT range=2015-12-01_2016-01-01.dbn.zst: bought for $0.051889 · session $49.791239
[2026-10-10 01:10:55 PDT] ZT range=2016-01-01_2016-02-01.dbn.zst: bought for $0.058044 · session $50.025389
[2026-10-10 01:11:07 PDT] ZT range=2016-02-01_2016-03-01.dbn.zst: bought for $0.059497 · session $50.204635
[2026-10-10 01:11:17 PDT] ZT range=2016-03-01_2016-04-01.dbn.zst: bought for $0.059767 · session $50.453152
[2026-10-10 01:11:28 PDT] ZT range=2016-04-01_2016-05-01.dbn.zst: bought for $0.052794 · session $50.581006
[2026-10-10 01:11:48 PDT] ZT range=2016-05-01_2016-06-01.dbn.zst: bought for $0.055057 · session $50.889026
[2026-10-10 01:12:01 PDT] ZT range=2016-06-01_2016-07-01.dbn.zst: bought for $0.058475 · session $51.062475
[2026-10-10 01:12:10 PDT] ZT range=2016-07-01_2016-08-01.dbn.zst: bought for $0.053787 · session $51.228962
[2026-10-10 01:12:21 PDT] ZT range=2016-08-01_2016-09-01.dbn.zst: bought for $0.055061 · session $51.350566
[2026-10-10 01:12:52 PDT] ZT range=2016-09-01_2016-10-01.dbn.zst: bought for $0.053396 · session $51.782512
[2026-10-10 01:13:01 PDT] ZT range=2016-10-01_2016-11-01.dbn.zst: bought for $0.051582 · session $51.950521
[2026-10-10 01:13:11 PDT] ZT range=2016-11-01_2016-12-01.dbn.zst: bought for $0.064294 · session $52.104102
[2026-10-10 01:13:17 PDT] ZT range=2016-12-01_2017-01-01.dbn.zst: bought for $0.056050 · session $52.180874
[2026-10-10 01:14:10 PDT] ZT range=2017-01-01_2017-02-01.dbn.zst: bought for $0.056492 · session $53.092895
[2026-10-10 01:14:17 PDT] ZT range=2017-02-01_2017-03-01.dbn.zst: bought for $0.051425 · session $53.209304
[2026-10-10 01:14:27 PDT] ZT range=2017-03-01_2017-04-01.dbn.zst: bought for $0.058500 · session $53.531106
[2026-10-10 01:14:35 PDT] ZT range=2017-04-01_2017-05-01.dbn.zst: bought for $0.050538 · session $53.775614
[2026-10-10 01:14:49 PDT] ZT range=2017-05-01_2017-06-01.dbn.zst: bought for $0.055861 · session $54.010027
[2026-10-10 01:15:07 PDT] ZT range=2017-06-01_2017-07-01.dbn.zst: bought for $0.059274 · session $54.407546
[2026-10-10 01:15:13 PDT] ZT range=2017-07-01_2017-08-01.dbn.zst: bought for $0.054627 · session $54.462173
[2026-10-10 01:15:26 PDT] ZT range=2017-08-01_2017-09-01.dbn.zst: bought for $0.058124 · session $54.751074
[2026-10-10 01:15:36 PDT] ZT range=2017-09-01_2017-10-01.dbn.zst: bought for $0.059110 · session $54.964433
[2026-10-10 01:15:47 PDT] ZT range=2017-10-01_2017-11-01.dbn.zst: bought for $0.064564 · session $55.230627
[2026-10-10 01:15:58 PDT] ZT range=2017-11-01_2017-12-01.dbn.zst: bought for $0.057646 · session $55.470472
[2026-10-10 01:16:07 PDT] ZT range=2017-12-01_2018-01-01.dbn.zst: bought for $0.055839 · session $55.709807
[2026-10-10 01:16:16 PDT] ZT range=2018-01-01_2018-02-01.dbn.zst: bought for $0.064477 · session $55.976818
[2026-10-10 01:16:25 PDT] ZT range=2018-02-01_2018-03-01.dbn.zst: bought for $0.064991 · session $56.132374
[2026-10-10 01:16:36 PDT] ZT range=2018-03-01_2018-04-01.dbn.zst: bought for $0.063743 · session $56.397213
[2026-10-10 01:16:45 PDT] ZT range=2018-04-01_2018-05-01.dbn.zst: bought for $0.062038 · session $56.481196
[2026-10-10 01:17:03 PDT] ZT range=2018-05-01_2018-06-01.dbn.zst: bought for $0.067989 · session $56.762989
[2026-10-10 01:17:11 PDT] ZT range=2018-06-01_2018-07-01.dbn.zst: bought for $0.061173 · session $56.995872
[2026-10-10 01:17:21 PDT] ZT range=2018-07-01_2018-08-01.dbn.zst: bought for $0.061001 · session $57.228259
[2026-10-10 01:17:54 PDT] ZT range=2018-08-01_2018-09-01.dbn.zst: bought for $0.061957 · session $57.489871
[2026-10-10 01:18:01 PDT] ZT range=2018-09-01_2018-10-01.dbn.zst: bought for $0.059424 · session $57.710856
[2026-10-10 01:18:08 PDT] ZT range=2018-10-01_2018-11-01.dbn.zst: bought for $0.068208 · session $57.876569
[2026-10-10 01:18:16 PDT] ZT range=2018-11-01_2018-12-01.dbn.zst: bought for $0.065093 · session $58.135811
[2026-10-10 01:18:26 PDT] ZT range=2018-12-01_2019-01-01.dbn.zst: bought for $0.063816 · session $58.219385
[2026-10-10 01:18:50 PDT] ZT range=2019-01-01_2019-02-01.dbn.zst: bought for $0.072118 · session $58.661356
[2026-10-10 01:19:03 PDT] ZT range=2019-02-01_2019-03-01.dbn.zst: bought for $0.062790 · session $58.783552
[2026-10-10 01:19:11 PDT] ZT range=2019-03-01_2019-04-01.dbn.zst: bought for $0.072552 · session $58.919788
[2026-10-10 01:19:24 PDT] ZT range=2019-04-01_2019-05-01.dbn.zst: bought for $0.071705 · session $59.053976
[2026-10-10 01:19:31 PDT] HE range=2017-07-01_2017-08-01.dbn.zst: bought for $0.019656 · session $59.137554
[2026-10-10 01:19:38 PDT] HE range=2017-08-01_2017-09-01.dbn.zst: bought for $0.022916 · session $59.160470
[2026-10-10 01:19:48 PDT] HE range=2017-09-01_2017-10-01.dbn.zst: bought for $0.019948 · session $59.337825
[2026-10-10 01:19:57 PDT] HE range=2017-10-01_2017-11-01.dbn.zst: bought for $0.021876 · session $59.416448
[2026-10-10 01:20:09 PDT] HE range=2017-11-01_2017-12-01.dbn.zst: bought for $0.020627 · session $59.574648
[2026-10-10 01:20:18 PDT] HE range=2017-12-01_2018-01-01.dbn.zst: bought for $0.019722 · session $59.743332
[2026-10-10 01:20:28 PDT] HE range=2018-01-01_2018-02-01.dbn.zst: bought for $0.020700 · session $59.931961
[2026-10-10 01:20:38 PDT] HE range=2018-02-01_2018-03-01.dbn.zst: bought for $0.018944 · session $60.019795
[2026-10-10 01:21:00 PDT] HE range=2018-03-01_2018-04-01.dbn.zst: bought for $0.020897 · session $60.462646
[2026-10-10 01:21:07 PDT] HE range=2018-04-01_2018-05-01.dbn.zst: bought for $0.020598 · session $60.556406
[2026-10-10 01:21:18 PDT] HE range=2018-05-01_2018-06-01.dbn.zst: bought for $0.021748 · session $60.833358
[2026-10-10 01:21:30 PDT] HE range=2018-06-01_2018-07-01.dbn.zst: bought for $0.020820 · session $61.010330
[2026-10-10 01:21:37 PDT] HE range=2018-07-01_2018-08-01.dbn.zst: bought for $0.020802 · session $61.102892
[2026-10-10 01:21:45 PDT] HE range=2018-08-01_2018-09-01.dbn.zst: bought for $0.022617 · session $61.279319
[2026-10-10 01:21:52 PDT] HE range=2018-09-01_2018-10-01.dbn.zst: bought for $0.019013 · session $61.396641
[2026-10-10 01:22:05 PDT] HE range=2018-10-01_2018-11-01.dbn.zst: bought for $0.022934 · session $61.506957
[2026-10-10 01:22:19 PDT] HE range=2018-11-01_2018-12-01.dbn.zst: bought for $0.020704 · session $61.703369
[2026-10-10 01:22:26 PDT] HE range=2018-12-01_2019-01-01.dbn.zst: bought for $0.019667 · session $61.893308
[2026-10-10 01:22:39 PDT] HE range=2019-01-01_2019-02-01.dbn.zst: bought for $0.020806 · session $62.249523
[2026-10-10 01:22:50 PDT] HE range=2019-02-01_2019-03-01.dbn.zst: bought for $0.018590 · session $62.425892
[2026-10-10 01:22:58 PDT] HE range=2019-03-01_2019-04-01.dbn.zst: bought for $0.020879 · session $62.446771
[2026-10-10 01:23:16 PDT] HE range=2019-04-01_2019-05-01.dbn.zst: bought for $0.020415 · session $62.805577
[2026-10-10 01:23:27 PDT] CL: symbology.resolve (free) written to CL_v_0_2010-07-01_2019-05-01_symbology.json
[2026-10-10 01:23:27 PDT] ZT: symbology.resolve (free) written to ZT_v_0_2010-07-01_2019-05-01_symbology.json
[2026-10-10 01:23:27 PDT] HE: symbology.resolve (free) written to HE_v_0_2010-07-01_2019-05-01_symbology.json
[2026-10-10 01:23:27 PDT] condition list already cached (GLBX.MDP3_2010-07-01_2019-05-01.json)
[2026-10-10 01:23:27 PDT] buy finished: 234 chunks · harness ece91ae8e6993ad3c64412d30cc0b6ff6a4af07a15a6956ce9f2927f7ea70d32 · stage-E.17-ext2010h: account acct-2 (cap $355.38, spent $352.222639) · session cap $65.82 (spent $62.805577) · request cap $3.00
rc=0
Sat Oct 10 01:23:27 AM PDT 2026
