Sat Oct 10 12:30:39 AM PDT 2026
$ nice -n 10 uv run python -m data.pull_hist --buy --plan ext2010h --account acct-2 --harness-sha256 ece91ae8e6993ad3c64412d30cc0b6ff6a4af07a15a6956ce9f2927f7ea70d32 --roots UB ZS TN
[2026-10-10 00:30:43 PDT] stage-E.17-ext2010h: account acct-2 (cap $355.38, spent $289.417062) · session cap $65.82 (spent $0.000000) · request cap $3.00
[2026-10-10 00:30:43 PDT] plan ext2010h (test E16): 252 chunks over 3 root(s) UB, ZS, TN, 2010-07-01..2019-05-01 (end exclusive, 00:00 UTC)
[2026-10-10 00:30:43 PDT] --roots: 3 of plan ext2010h's 21 roots; no other root is quoted or bought
[2026-10-10 00:30:44 PDT] harness preflight passed: ece91ae8e6993ad3c64412d30cc0b6ff6a4af07a15a6956ce9f2927f7ea70d32
[2026-10-10 00:31:08 PDT] UB range=2010-07-01_2010-08-01.dbn.zst: bought for $0.035409 · session $0.456881
[2026-10-10 00:31:22 PDT] UB range=2010-08-01_2010-09-01.dbn.zst: bought for $0.040261 · session $0.543405
[2026-10-10 00:31:34 PDT] UB range=2010-09-01_2010-10-01.dbn.zst: bought for $0.040104 · session $0.775598
[2026-10-10 00:31:59 PDT] UB range=2010-10-01_2010-11-01.dbn.zst: bought for $0.043043 · session $1.313676
[2026-10-10 00:32:10 PDT] UB range=2010-11-01_2010-12-01.dbn.zst: bought for $0.044237 · session $1.547743
[2026-10-10 00:32:19 PDT] UB range=2010-12-01_2011-01-01.dbn.zst: bought for $0.042510 · session $1.774960
[2026-10-10 00:32:31 PDT] UB range=2011-01-01_2011-02-01.dbn.zst: bought for $0.042276 · session $1.817236
[2026-10-10 00:32:39 PDT] UB range=2011-02-01_2011-03-01.dbn.zst: bought for $0.040473 · session $1.972493
[2026-10-10 00:32:51 PDT] UB range=2011-03-01_2011-04-01.dbn.zst: bought for $0.049410 · session $2.235043
[2026-10-10 00:33:01 PDT] UB range=2011-04-01_2011-05-01.dbn.zst: bought for $0.040469 · session $2.420014
[2026-10-10 00:33:11 PDT] UB range=2011-05-01_2011-06-01.dbn.zst: bought for $0.044010 · session $2.512050
[2026-10-10 00:33:31 PDT] UB range=2011-06-01_2011-07-01.dbn.zst: bought for $0.052287 · session $3.030202
[2026-10-10 00:33:43 PDT] UB range=2011-07-01_2011-08-01.dbn.zst: bought for $0.049545 · session $3.262305
[2026-10-10 00:34:00 PDT] UB range=2011-08-01_2011-09-01.dbn.zst: bought for $0.063597 · session $3.520010
[2026-10-10 00:34:17 PDT] UB range=2011-09-01_2011-10-01.dbn.zst: bought for $0.057912 · session $4.023143
[2026-10-10 00:34:30 PDT] UB range=2011-10-01_2011-11-01.dbn.zst: bought for $0.057730 · session $4.277763
[2026-10-10 00:34:57 PDT] UB range=2011-11-01_2011-12-01.dbn.zst: bought for $0.058018 · session $4.567606
[2026-10-10 00:35:06 PDT] UB range=2011-12-01_2012-01-01.dbn.zst: bought for $0.052396 · session $4.748637
[2026-10-10 00:35:19 PDT] UB range=2012-01-01_2012-02-01.dbn.zst: bought for $0.052841 · session $5.033515
[2026-10-10 00:35:32 PDT] UB range=2012-02-01_2012-03-01.dbn.zst: bought for $0.052484 · session $5.321212
[2026-10-10 00:35:53 PDT] UB range=2012-03-01_2012-04-01.dbn.zst: bought for $0.056978 · session $5.826448
[2026-10-10 00:36:12 PDT] UB range=2012-04-01_2012-05-01.dbn.zst: bought for $0.057164 · session $6.033093
[2026-10-10 00:36:19 PDT] UB range=2012-05-01_2012-06-01.dbn.zst: bought for $0.064268 · session $6.444171
[2026-10-10 00:36:28 PDT] UB range=2012-06-01_2012-07-01.dbn.zst: bought for $0.063841 · session $6.656508
[2026-10-10 00:36:37 PDT] UB range=2012-07-01_2012-08-01.dbn.zst: bought for $0.062410 · session $6.768321
[2026-10-10 00:36:44 PDT] UB range=2012-08-01_2012-09-01.dbn.zst: bought for $0.065853 · session $6.924447
[2026-10-10 00:37:02 PDT] UB range=2012-09-01_2012-10-01.dbn.zst: bought for $0.061045 · session $7.034573
[2026-10-10 00:37:12 PDT] UB range=2012-10-01_2012-11-01.dbn.zst: bought for $0.066656 · session $7.264419
[2026-10-10 00:37:22 PDT] UB range=2012-11-01_2012-12-01.dbn.zst: bought for $0.061841 · session $7.526202
[2026-10-10 00:37:37 PDT] UB range=2012-12-01_2013-01-01.dbn.zst: bought for $0.056401 · session $7.759666
[2026-10-10 00:37:48 PDT] UB range=2013-01-01_2013-02-01.dbn.zst: bought for $0.067047 · session $8.033723
[2026-10-10 00:37:56 PDT] UB range=2013-02-01_2013-03-01.dbn.zst: bought for $0.059398 · session $8.278409
[2026-10-10 00:38:04 PDT] UB range=2013-03-01_2013-04-01.dbn.zst: bought for $0.059128 · session $8.509066
[2026-10-10 00:38:14 PDT] UB range=2013-04-01_2013-05-01.dbn.zst: bought for $0.070530 · session $8.665911
[2026-10-10 00:38:23 PDT] UB range=2013-05-01_2013-06-01.dbn.zst: bought for $0.071654 · session $8.814206
[2026-10-10 00:38:43 PDT] UB range=2013-06-01_2013-07-01.dbn.zst: bought for $0.072099 · session $9.300191
[2026-10-10 00:38:54 PDT] UB range=2013-07-01_2013-08-01.dbn.zst: bought for $0.067525 · session $9.728837
[2026-10-10 00:39:19 PDT] UB range=2013-08-01_2013-09-01.dbn.zst: bought for $0.067799 · session $10.122045
[2026-10-10 00:39:37 PDT] UB range=2013-09-01_2013-10-01.dbn.zst: bought for $0.065320 · session $10.625838
[2026-10-10 00:39:56 PDT] UB range=2013-10-01_2013-11-01.dbn.zst: bought for $0.069255 · session $11.054024
[2026-10-10 00:40:03 PDT] UB range=2013-11-01_2013-12-01.dbn.zst: bought for $0.058040 · session $11.183090
[2026-10-10 00:40:16 PDT] UB range=2013-12-01_2014-01-01.dbn.zst: bought for $0.057883 · session $11.559632
[2026-10-10 00:40:41 PDT] UB range=2014-01-01_2014-02-01.dbn.zst: bought for $0.062385 · session $12.188681
[2026-10-10 00:40:49 PDT] UB range=2014-02-01_2014-03-01.dbn.zst: bought for $0.053918 · session $12.474636
[2026-10-10 00:40:57 PDT] UB range=2014-03-01_2014-04-01.dbn.zst: bought for $0.062976 · session $12.699623
[2026-10-10 00:41:06 PDT] UB range=2014-04-01_2014-05-01.dbn.zst: bought for $0.058975 · session $12.999173
[2026-10-10 00:41:14 PDT] UB range=2014-05-01_2014-06-01.dbn.zst: bought for $0.060271 · session $13.112165
/home/kiros-li/Documents/GitHub/PropExperiment/data/pull_universe.py:590: BentoWarning: The streaming request contained one or more days which have reduced quality: 2014-06-11 (degraded), 2014-06-12 (degraded), 2014-06-13 (degraded)... See: https://databento.com/docs/api-reference-historical/metadata/metadata-get-dataset-condition
  client.timeseries.get_range(**params.as_kwargs(), path=partial)
[2026-10-10 00:41:23 PDT] UB range=2014-06-01_2014-07-01.dbn.zst: bought for $0.061895 · session $13.326769
[2026-10-10 00:41:32 PDT] UB range=2014-07-01_2014-08-01.dbn.zst: bought for $0.064517 · session $13.491467
[2026-10-10 00:41:43 PDT] UB range=2014-08-01_2014-09-01.dbn.zst: bought for $0.062111 · session $13.728392
/home/kiros-li/Documents/GitHub/PropExperiment/data/pull_universe.py:590: BentoWarning: The streaming request contained one or more days which have reduced quality: 2014-09-22 (degraded), 2014-09-23 (degraded), 2014-09-24 (degraded)... See: https://databento.com/docs/api-reference-historical/metadata/metadata-get-dataset-condition
  client.timeseries.get_range(**params.as_kwargs(), path=partial)
[2026-10-10 00:42:02 PDT] UB range=2014-09-01_2014-10-01.dbn.zst: bought for $0.067850 · session $14.045590
[2026-10-10 00:42:12 PDT] UB range=2014-10-01_2014-11-01.dbn.zst: bought for $0.076575 · session $14.199967
[2026-10-10 00:42:36 PDT] UB range=2014-11-01_2014-12-01.dbn.zst: bought for $0.057964 · session $14.859047
[2026-10-10 00:42:44 PDT] UB range=2014-12-01_2015-01-01.dbn.zst: bought for $0.067434 · session $15.052608
[2026-10-10 00:42:52 PDT] UB range=2015-01-01_2015-02-01.dbn.zst: bought for $0.072647 · session $15.350625
[2026-10-10 00:43:00 PDT] UB range=2015-02-01_2015-03-01.dbn.zst: bought for $0.069186 · session $15.677418
[2026-10-10 00:43:14 PDT] UB range=2015-03-01_2015-04-01.dbn.zst: bought for $0.072946 · session $15.899645
[2026-10-10 00:43:29 PDT] UB range=2015-04-01_2015-05-01.dbn.zst: bought for $0.068898 · session $16.192438
[2026-10-10 00:43:39 PDT] UB range=2015-05-01_2015-06-01.dbn.zst: bought for $0.071972 · session $16.507457
[2026-10-10 00:43:48 PDT] UB range=2015-06-01_2015-07-01.dbn.zst: bought for $0.081135 · session $16.830832
[2026-10-10 00:44:00 PDT] UB range=2015-07-01_2015-08-01.dbn.zst: bought for $0.081555 · session $17.166284
[2026-10-10 00:44:13 PDT] UB range=2015-08-01_2015-09-01.dbn.zst: bought for $0.077952 · session $17.493705
[2026-10-10 00:44:39 PDT] UB range=2015-09-01_2015-10-01.dbn.zst: bought for $0.077466 · session $18.346543
[2026-10-10 00:44:46 PDT] UB range=2015-10-01_2015-11-01.dbn.zst: bought for $0.076838 · session $18.517009
[2026-10-10 00:44:57 PDT] UB range=2015-11-01_2015-12-01.dbn.zst: bought for $0.068339 · session $18.979746
[2026-10-10 00:45:06 PDT] UB range=2015-12-01_2016-01-01.dbn.zst: bought for $0.072789 · session $19.140939
[2026-10-10 00:45:15 PDT] UB range=2016-01-01_2016-02-01.dbn.zst: bought for $0.080584 · session $19.382176
[2026-10-10 00:45:23 PDT] UB range=2016-02-01_2016-03-01.dbn.zst: bought for $0.082570 · session $19.557125
[2026-10-10 00:45:33 PDT] UB range=2016-03-01_2016-04-01.dbn.zst: bought for $0.078722 · session $19.997216
[2026-10-10 00:45:42 PDT] UB range=2016-04-01_2016-05-01.dbn.zst: bought for $0.077849 · session $20.177338
[2026-10-10 00:46:00 PDT] UB range=2016-05-01_2016-06-01.dbn.zst: bought for $0.073388 · session $20.598869
[2026-10-10 00:46:14 PDT] UB range=2016-06-01_2016-07-01.dbn.zst: bought for $0.082051 · session $20.933076
[2026-10-10 00:46:33 PDT] UB range=2016-07-01_2016-08-01.dbn.zst: bought for $0.081935 · session $21.182501
[2026-10-10 00:46:57 PDT] UB range=2016-08-01_2016-09-01.dbn.zst: bought for $0.080978 · session $21.690691
[2026-10-10 00:47:10 PDT] UB range=2016-09-01_2016-10-01.dbn.zst: bought for $0.078320 · session $22.025526
[2026-10-10 00:47:22 PDT] UB range=2016-10-01_2016-11-01.dbn.zst: bought for $0.078017 · session $22.366436
[2026-10-10 00:47:29 PDT] UB range=2016-11-01_2016-12-01.dbn.zst: bought for $0.086728 · session $22.712516
[2026-10-10 00:47:49 PDT] UB range=2016-12-01_2017-01-01.dbn.zst: bought for $0.078455 · session $23.135430
[2026-10-10 00:48:04 PDT] UB range=2017-01-01_2017-02-01.dbn.zst: bought for $0.082763 · session $23.469692
[2026-10-10 00:48:16 PDT] UB range=2017-02-01_2017-03-01.dbn.zst: bought for $0.073129 · session $23.692146
[2026-10-10 00:48:30 PDT] UB range=2017-03-01_2017-04-01.dbn.zst: bought for $0.084731 · session $24.030391
[2026-10-10 00:48:40 PDT] UB range=2017-04-01_2017-05-01.dbn.zst: bought for $0.073425 · session $24.357103
[2026-10-10 00:48:50 PDT] UB range=2017-05-01_2017-06-01.dbn.zst: bought for $0.078390 · session $24.693921
[2026-10-10 00:48:59 PDT] UB range=2017-06-01_2017-07-01.dbn.zst: bought for $0.078481 · session $25.027946
[2026-10-10 00:49:07 PDT] UB range=2017-07-01_2017-08-01.dbn.zst: bought for $0.075885 · session $25.195028
[2026-10-10 00:49:21 PDT] UB range=2017-08-01_2017-09-01.dbn.zst: bought for $0.081515 · session $25.597384
[2026-10-10 00:49:31 PDT] UB range=2017-09-01_2017-10-01.dbn.zst: bought for $0.074914 · session $25.863512
[2026-10-10 00:49:54 PDT] UB range=2017-10-01_2017-11-01.dbn.zst: bought for $0.079817 · session $26.357948
/home/kiros-li/Documents/GitHub/PropExperiment/data/pull_universe.py:590: BentoWarning: The streaming request contained one or more days which have reduced quality: 2017-11-13 (degraded). See: https://databento.com/docs/api-reference-historical/metadata/metadata-get-dataset-condition
  client.timeseries.get_range(**params.as_kwargs(), path=partial)
[2026-10-10 00:50:04 PDT] UB range=2017-11-01_2017-12-01.dbn.zst: bought for $0.078872 · session $26.595155
[2026-10-10 00:50:14 PDT] UB range=2017-12-01_2018-01-01.dbn.zst: bought for $0.073249 · session $26.875918
[2026-10-10 00:50:36 PDT] UB range=2018-01-01_2018-02-01.dbn.zst: bought for $0.085417 · session $27.371888
[2026-10-10 00:50:52 PDT] UB range=2018-02-01_2018-03-01.dbn.zst: bought for $0.080631 · session $27.908028
[2026-10-10 00:51:02 PDT] UB range=2018-03-01_2018-04-01.dbn.zst: bought for $0.081190 · session $28.250457
[2026-10-10 00:51:13 PDT] UB range=2018-04-01_2018-05-01.dbn.zst: bought for $0.081551 · session $28.442349
[2026-10-10 00:51:23 PDT] UB range=2018-05-01_2018-06-01.dbn.zst: bought for $0.083607 · session $28.760822
[2026-10-10 00:51:34 PDT] UB range=2018-06-01_2018-07-01.dbn.zst: bought for $0.079605 · session $29.094000
[2026-10-10 00:51:46 PDT] UB range=2018-07-01_2018-08-01.dbn.zst: bought for $0.079678 · session $29.374081
[2026-10-10 00:51:58 PDT] UB range=2018-08-01_2018-09-01.dbn.zst: bought for $0.082234 · session $29.712439
[2026-10-10 00:52:35 PDT] UB range=2018-09-01_2018-10-01.dbn.zst: bought for $0.073775 · session $30.582151
/home/kiros-li/Documents/GitHub/PropExperiment/data/pull_universe.py:590: BentoWarning: The streaming request contained one or more days which have reduced quality: 2018-10-21 (degraded). See: https://databento.com/docs/api-reference-historical/metadata/metadata-get-dataset-condition
  client.timeseries.get_range(**params.as_kwargs(), path=partial)
[2026-10-10 00:52:46 PDT] UB range=2018-10-01_2018-11-01.dbn.zst: bought for $0.093179 · session $30.922393
[2026-10-10 00:53:03 PDT] UB range=2018-11-01_2018-12-01.dbn.zst: bought for $0.084508 · session $31.264939
[2026-10-10 00:53:33 PDT] UB range=2018-12-01_2019-01-01.dbn.zst: bought for $0.078941 · session $32.055345
/home/kiros-li/Documents/GitHub/PropExperiment/data/pull_universe.py:590: BentoWarning: The streaming request contained one or more days which have reduced quality: 2019-01-15 (degraded). See: https://databento.com/docs/api-reference-historical/metadata/metadata-get-dataset-condition
  client.timeseries.get_range(**params.as_kwargs(), path=partial)
[2026-10-10 00:53:42 PDT] UB range=2019-01-01_2019-02-01.dbn.zst: bought for $0.089232 · session $32.229907
/home/kiros-li/Documents/GitHub/PropExperiment/data/pull_universe.py:590: BentoWarning: The streaming request contained one or more days which have reduced quality: 2019-02-22 (degraded). See: https://databento.com/docs/api-reference-historical/metadata/metadata-get-dataset-condition
  client.timeseries.get_range(**params.as_kwargs(), path=partial)
[2026-10-10 00:53:53 PDT] UB range=2019-02-01_2019-03-01.dbn.zst: bought for $0.074651 · session $32.413056
/home/kiros-li/Documents/GitHub/PropExperiment/data/pull_universe.py:590: BentoWarning: The streaming request contained one or more days which have reduced quality: 2019-03-13 (degraded), 2019-03-26 (degraded). See: https://databento.com/docs/api-reference-historical/metadata/metadata-get-dataset-condition
  client.timeseries.get_range(**params.as_kwargs(), path=partial)
[2026-10-10 00:54:03 PDT] UB range=2019-03-01_2019-04-01.dbn.zst: bought for $0.083267 · session $32.734639
[2026-10-10 00:54:18 PDT] UB range=2019-04-01_2019-05-01.dbn.zst: bought for $0.082588 · session $33.052180
[2026-10-10 00:54:31 PDT] ZS range=2010-07-01_2010-08-01.dbn.zst: bought for $0.049001 · session $33.454865
[2026-10-10 00:54:44 PDT] ZS range=2010-08-01_2010-09-01.dbn.zst: bought for $0.057000 · session $33.761298
[2026-10-10 00:54:54 PDT] ZS range=2010-09-01_2010-10-01.dbn.zst: bought for $0.054780 · session $33.954808
[2026-10-10 00:55:05 PDT] ZS range=2010-10-01_2010-11-01.dbn.zst: bought for $0.061337 · session $34.222173
[2026-10-10 00:55:17 PDT] ZS range=2010-11-01_2010-12-01.dbn.zst: bought for $0.065247 · session $34.499735
[2026-10-10 00:55:30 PDT] ZS range=2010-12-01_2011-01-01.dbn.zst: bought for $0.059690 · session $34.762766
[2026-10-10 00:55:40 PDT] ZS range=2011-01-01_2011-02-01.dbn.zst: bought for $0.056704 · session $34.961161
[2026-10-10 00:55:57 PDT] ZS range=2011-02-01_2011-03-01.dbn.zst: bought for $0.052002 · session $35.207844
[2026-10-10 00:56:15 PDT] ZS range=2011-03-01_2011-04-01.dbn.zst: bought for $0.066452 · session $35.531866
[2026-10-10 00:56:28 PDT] ZS range=2011-04-01_2011-05-01.dbn.zst: bought for $0.054108 · session $35.809432
[2026-10-10 00:56:40 PDT] ZS range=2011-05-01_2011-06-01.dbn.zst: bought for $0.057485 · session $35.982464
[2026-10-10 00:56:52 PDT] ZS range=2011-06-01_2011-07-01.dbn.zst: bought for $0.056485 · session $36.130562
[2026-10-10 00:57:03 PDT] ZS range=2011-07-01_2011-08-01.dbn.zst: bought for $0.054784 · session $36.386011
[2026-10-10 00:57:16 PDT] ZS range=2011-08-01_2011-09-01.dbn.zst: bought for $0.066652 · session $36.640912
[2026-10-10 00:57:27 PDT] ZS range=2011-09-01_2011-10-01.dbn.zst: bought for $0.064911 · session $36.897807
[2026-10-10 00:57:37 PDT] ZS range=2011-10-01_2011-11-01.dbn.zst: bought for $0.063841 · session $37.138303
[2026-10-10 00:57:50 PDT] ZS range=2011-11-01_2011-12-01.dbn.zst: bought for $0.061523 · session $37.374888
[2026-10-10 00:58:03 PDT] ZS range=2011-12-01_2012-01-01.dbn.zst: bought for $0.054364 · session $37.580529
[2026-10-10 00:58:21 PDT] ZS range=2012-01-01_2012-02-01.dbn.zst: bought for $0.056521 · session $37.991086
[2026-10-10 00:58:29 PDT] ZS range=2012-02-01_2012-03-01.dbn.zst: bought for $0.056740 · session $38.148792
[2026-10-10 00:58:41 PDT] ZS range=2012-03-01_2012-04-01.dbn.zst: bought for $0.064827 · session $38.382928
[2026-10-10 00:59:03 PDT] ZS range=2012-04-01_2012-05-01.dbn.zst: bought for $0.056715 · session $38.733604
[2026-10-10 00:59:12 PDT] ZS range=2012-05-01_2012-06-01.dbn.zst: bought for $0.073151 · session $38.949961
[2026-10-10 00:59:31 PDT] ZS range=2012-06-01_2012-07-01.dbn.zst: bought for $0.080460 · session $39.239844
[2026-10-10 00:59:44 PDT] ZS range=2012-07-01_2012-08-01.dbn.zst: bought for $0.086929 · session $39.503361
[2026-10-10 00:59:56 PDT] ZS range=2012-08-01_2012-09-01.dbn.zst: bought for $0.094924 · session $39.656274
[2026-10-10 01:00:26 PDT] ZS range=2012-09-01_2012-10-01.dbn.zst: bought for $0.080018 · session $40.041012
[2026-10-10 01:00:59 PDT] ZS range=2012-10-01_2012-11-01.dbn.zst: bought for $0.091627 · session $40.434026
[2026-10-10 01:01:10 PDT] ZS range=2012-11-01_2012-12-01.dbn.zst: bought for $0.080836 · session $40.680684
[2026-10-10 01:01:26 PDT] ZS range=2012-12-01_2013-01-01.dbn.zst: bought for $0.072859 · session $40.879546
[2026-10-10 01:01:39 PDT] ZS range=2013-01-01_2013-02-01.dbn.zst: bought for $0.079120 · session $41.124970
[2026-10-10 01:01:51 PDT] ZS range=2013-02-01_2013-03-01.dbn.zst: bought for $0.074363 · session $41.365228
[2026-10-10 01:02:03 PDT] ZS range=2013-03-01_2013-04-01.dbn.zst: bought for $0.074038 · session $41.562334
[2026-10-10 01:02:17 PDT] ZS range=2013-04-01_2013-05-01.dbn.zst: bought for $0.072457 · session $41.844514
[2026-10-10 01:02:26 PDT] ZS range=2013-05-01_2013-06-01.dbn.zst: bought for $0.068595 · session $41.959058
[2026-10-10 01:02:41 PDT] ZS range=2013-06-01_2013-07-01.dbn.zst: bought for $0.060972 · session $42.139990
[2026-10-10 01:02:54 PDT] ZS range=2013-07-01_2013-08-01.dbn.zst: bought for $0.069613 · session $42.373641
[2026-10-10 01:03:44 PDT] ZS range=2013-08-01_2013-09-01.dbn.zst: bought for $0.074659 · session $43.063591
[2026-10-10 01:03:57 PDT] ZS range=2013-09-01_2013-10-01.dbn.zst: bought for $0.065433 · session $43.217505
[2026-10-10 01:04:15 PDT] ZS range=2013-10-01_2013-11-01.dbn.zst: bought for $0.071022 · session $43.426633
[2026-10-10 01:04:24 PDT] ZS range=2013-11-01_2013-12-01.dbn.zst: bought for $0.058219 · session $43.645256
[2026-10-10 01:04:38 PDT] ZS range=2013-12-01_2014-01-01.dbn.zst: bought for $0.056412 · session $43.828759
[2026-10-10 01:05:07 PDT] ZS range=2014-01-01_2014-02-01.dbn.zst: bought for $0.058745 · session $44.160886
[2026-10-10 01:05:21 PDT] ZS range=2014-02-01_2014-03-01.dbn.zst: bought for $0.056229 · session $44.334043
[2026-10-10 01:05:30 PDT] ZS range=2014-03-01_2014-04-01.dbn.zst: bought for $0.066415 · session $44.532846
[2026-10-10 01:05:41 PDT] ZS range=2014-04-01_2014-05-01.dbn.zst: bought for $0.065623 · session $44.749013
[2026-10-10 01:05:51 PDT] ZS range=2014-05-01_2014-06-01.dbn.zst: bought for $0.064900 · session $44.980337
[2026-10-10 01:06:05 PDT] ZS range=2014-06-01_2014-07-01.dbn.zst: bought for $0.060577 · session $45.130239
[2026-10-10 01:06:24 PDT] ZS range=2014-07-01_2014-08-01.dbn.zst: bought for $0.068485 · session $45.491597
[2026-10-10 01:06:39 PDT] ZS range=2014-08-01_2014-09-01.dbn.zst: bought for $0.065546 · session $45.683212
[2026-10-10 01:06:49 PDT] ZS range=2014-09-01_2014-10-01.dbn.zst: bought for $0.062863 · session $45.912123
[2026-10-10 01:06:57 PDT] ZS range=2014-10-01_2014-11-01.dbn.zst: bought for $0.069150 · session $45.981273
[2026-10-10 01:07:07 PDT] ZS range=2014-11-01_2014-12-01.dbn.zst: bought for $0.058394 · session $46.126132
[2026-10-10 01:07:16 PDT] ZS range=2014-12-01_2015-01-01.dbn.zst: bought for $0.063184 · session $46.379825
[2026-10-10 01:07:27 PDT] ZS range=2015-01-01_2015-02-01.dbn.zst: bought for $0.059625 · session $46.568454
[2026-10-10 01:07:36 PDT] ZS range=2015-02-01_2015-03-01.dbn.zst: bought for $0.055448 · session $46.750099
[2026-10-10 01:07:51 PDT] ZS range=2015-03-01_2015-04-01.dbn.zst: bought for $0.067196 · session $46.991387
[2026-10-10 01:08:02 PDT] ZS range=2015-04-01_2015-05-01.dbn.zst: bought for $0.060515 · session $47.316755
[2026-10-10 01:08:24 PDT] ZS range=2015-05-01_2015-06-01.dbn.zst: bought for $0.059928 · session $47.646830
[2026-10-10 01:08:39 PDT] ZS range=2015-06-01_2015-07-01.dbn.zst: bought for $0.068854 · session $47.941357
[2026-10-10 01:08:50 PDT] ZS range=2015-07-01_2015-08-01.dbn.zst: bought for $0.070621 · session $48.186672
[2026-10-10 01:09:06 PDT] ZS range=2015-08-01_2015-09-01.dbn.zst: bought for $0.069237 · session $48.461072
[2026-10-10 01:09:23 PDT] ZS range=2015-09-01_2015-10-01.dbn.zst: bought for $0.063611 · session $48.552349
[2026-10-10 01:09:38 PDT] ZS range=2015-10-01_2015-11-01.dbn.zst: bought for $0.065860 · session $48.757311
[2026-10-10 01:09:49 PDT] ZS range=2015-11-01_2015-12-01.dbn.zst: bought for $0.054280 · session $48.951832
[2026-10-10 01:10:16 PDT] ZS range=2015-12-01_2016-01-01.dbn.zst: bought for $0.060840 · session $49.295079
[2026-10-10 01:10:30 PDT] ZS range=2016-01-01_2016-02-01.dbn.zst: bought for $0.054437 · session $49.568253
[2026-10-10 01:10:42 PDT] ZS range=2016-02-01_2016-03-01.dbn.zst: bought for $0.050308 · session $49.791239
[2026-10-10 01:10:54 PDT] ZS range=2016-03-01_2016-04-01.dbn.zst: bought for $0.062808 · session $49.938720
[2026-10-10 01:11:07 PDT] ZS range=2016-04-01_2016-05-01.dbn.zst: bought for $0.065878 · session $50.179547
[2026-10-10 01:11:17 PDT] ZS range=2016-05-01_2016-06-01.dbn.zst: bought for $0.069923 · session $50.453152
[2026-10-10 01:11:26 PDT] ZS range=2016-06-01_2016-07-01.dbn.zst: bought for $0.075060 · session $50.581006
[2026-10-10 01:11:36 PDT] ZS range=2016-07-01_2016-08-01.dbn.zst: bought for $0.066703 · session $50.813984
[2026-10-10 01:12:08 PDT] ZS range=2016-08-01_2016-09-01.dbn.zst: bought for $0.075042 · session $51.228962
[2026-10-10 01:12:20 PDT] ZS range=2016-09-01_2016-10-01.dbn.zst: bought for $0.066543 · session $51.350566
[2026-10-10 01:13:02 PDT] ZS range=2016-10-01_2016-11-01.dbn.zst: bought for $0.064900 · session $51.950521
[2026-10-10 01:13:15 PDT] ZS range=2016-11-01_2016-12-01.dbn.zst: bought for $0.068434 · session $52.160153
[2026-10-10 01:13:25 PDT] ZS range=2016-12-01_2017-01-01.dbn.zst: bought for $0.067204 · session $52.410016
[2026-10-10 01:13:35 PDT] ZS range=2017-01-01_2017-02-01.dbn.zst: bought for $0.064495 · session $52.592752
[2026-10-10 01:13:43 PDT] ZS range=2017-02-01_2017-03-01.dbn.zst: bought for $0.058285 · session $52.754026
[2026-10-10 01:13:52 PDT] ZS range=2017-03-01_2017-04-01.dbn.zst: bought for $0.077028 · session $52.939778
[2026-10-10 01:14:00 PDT] ZS range=2017-04-01_2017-05-01.dbn.zst: bought for $0.058891 · session $53.021709
[2026-10-10 01:14:08 PDT] ZS range=2017-05-01_2017-06-01.dbn.zst: bought for $0.071187 · session $53.092895
[2026-10-10 01:14:18 PDT] ZS range=2017-06-01_2017-07-01.dbn.zst: bought for $0.064984 · session $53.228208
[2026-10-10 01:14:29 PDT] ZS range=2017-07-01_2017-08-01.dbn.zst: bought for $0.069270 · session $53.581644
[2026-10-10 01:14:40 PDT] ZS range=2017-08-01_2017-09-01.dbn.zst: bought for $0.076524 · session $53.775614
[2026-10-10 01:14:48 PDT] ZS range=2017-09-01_2017-10-01.dbn.zst: bought for $0.065751 · session $54.010027
[2026-10-10 01:14:57 PDT] ZS range=2017-10-01_2017-11-01.dbn.zst: bought for $0.066138 · session $54.231246
[2026-10-10 01:15:06 PDT] ZS range=2017-11-01_2017-12-01.dbn.zst: bought for $0.065933 · session $54.407546
[2026-10-10 01:15:18 PDT] ZS range=2017-12-01_2018-01-01.dbn.zst: bought for $0.059614 · session $54.521787
[2026-10-10 01:15:28 PDT] ZS range=2018-01-01_2018-02-01.dbn.zst: bought for $0.065400 · session $54.751074
[2026-10-10 01:15:42 PDT] ZS range=2018-02-01_2018-03-01.dbn.zst: bought for $0.061413 · session $55.135283
[2026-10-10 01:15:50 PDT] ZS range=2018-03-01_2018-04-01.dbn.zst: bought for $0.073414 · session $55.230627
[2026-10-10 01:15:59 PDT] ZS range=2018-04-01_2018-05-01.dbn.zst: bought for $0.068627 · session $55.470472
[2026-10-10 01:16:07 PDT] ZS range=2018-05-01_2018-06-01.dbn.zst: bought for $0.074542 · session $55.709807
[2026-10-10 01:16:15 PDT] ZS range=2018-06-01_2018-07-01.dbn.zst: bought for $0.068361 · session $55.957878
[2026-10-10 01:16:44 PDT] ZS range=2018-07-01_2018-08-01.dbn.zst: bought for $0.068868 · session $56.459251
[2026-10-10 01:16:51 PDT] ZS range=2018-08-01_2018-09-01.dbn.zst: bought for $0.079689 · session $56.628873
[2026-10-10 01:17:12 PDT] ZS range=2018-09-01_2018-10-01.dbn.zst: bought for $0.063776 · session $56.995872
[2026-10-10 01:17:44 PDT] ZS range=2018-10-01_2018-11-01.dbn.zst: bought for $0.069719 · session $57.309113
[2026-10-10 01:17:53 PDT] ZS range=2018-11-01_2018-12-01.dbn.zst: bought for $0.064257 · session $57.489871
[2026-10-10 01:18:05 PDT] ZS range=2018-12-01_2019-01-01.dbn.zst: bought for $0.058497 · session $57.876569
[2026-10-10 01:18:12 PDT] ZS range=2019-01-01_2019-02-01.dbn.zst: bought for $0.059920 · session $58.001583
[2026-10-10 01:18:40 PDT] ZS range=2019-02-01_2019-03-01.dbn.zst: bought for $0.053396 · session $58.352281
[2026-10-10 01:18:47 PDT] ZS range=2019-03-01_2019-04-01.dbn.zst: bought for $0.064334 · session $58.530341
[2026-10-10 01:18:55 PDT] ZS range=2019-04-01_2019-05-01.dbn.zst: bought for $0.058898 · session $58.661356
[2026-10-10 01:19:04 PDT] TN range=2016-01-01_2016-02-01.dbn.zst: bought for $0.038344 · session $58.783552
[2026-10-10 01:19:14 PDT] TN range=2016-02-01_2016-03-01.dbn.zst: bought for $0.063684 · session $58.919788
[2026-10-10 01:19:24 PDT] TN range=2016-03-01_2016-04-01.dbn.zst: bought for $0.062483 · session $59.053976
[2026-10-10 01:19:35 PDT] TN range=2016-04-01_2016-05-01.dbn.zst: bought for $0.063922 · session $59.160470
[2026-10-10 01:19:44 PDT] TN range=2016-05-01_2016-06-01.dbn.zst: bought for $0.060253 · session $59.269376
[2026-10-10 01:19:53 PDT] TN range=2016-06-01_2016-07-01.dbn.zst: bought for $0.068449 · session $59.416448
[2026-10-10 01:20:08 PDT] TN range=2016-07-01_2016-08-01.dbn.zst: bought for $0.073717 · session $59.574648
[2026-10-10 01:20:33 PDT] TN range=2016-08-01_2016-09-01.dbn.zst: bought for $0.072289 · session $59.950905
[2026-10-10 01:20:43 PDT] TN range=2016-09-01_2016-10-01.dbn.zst: bought for $0.068890 · session $60.133035
[2026-10-10 01:20:50 PDT] TN range=2016-10-01_2016-11-01.dbn.zst: bought for $0.069157 · session $60.287821
[2026-10-10 01:21:01 PDT] TN range=2016-11-01_2016-12-01.dbn.zst: bought for $0.084629 · session $60.462646
[2026-10-10 01:21:15 PDT] TN range=2016-12-01_2017-01-01.dbn.zst: bought for $0.073162 · session $60.662253
[2026-10-10 01:21:24 PDT] TN range=2017-01-01_2017-02-01.dbn.zst: bought for $0.079667 · session $60.854178
[2026-10-10 01:21:33 PDT] TN range=2017-02-01_2017-03-01.dbn.zst: bought for $0.066813 · session $61.031132
[2026-10-10 01:21:42 PDT] TN range=2017-03-01_2017-04-01.dbn.zst: bought for $0.071760 · session $61.217534
[2026-10-10 01:22:09 PDT] TN range=2017-04-01_2017-05-01.dbn.zst: bought for $0.061786 · session $61.637250
[2026-10-10 01:22:18 PDT] TN range=2017-05-01_2017-06-01.dbn.zst: bought for $0.066119 · session $61.703369
[2026-10-10 01:22:26 PDT] TN range=2017-06-01_2017-07-01.dbn.zst: bought for $0.066649 · session $61.893308
[2026-10-10 01:22:35 PDT] TN range=2017-07-01_2017-08-01.dbn.zst: bought for $0.066499 · session $62.073610
[2026-10-10 01:22:44 PDT] TN range=2017-08-01_2017-09-01.dbn.zst: bought for $0.071829 · session $62.249523
[2026-10-10 01:22:56 PDT] TN range=2017-09-01_2017-10-01.dbn.zst: bought for $0.066342 · session $62.446771
[2026-10-10 01:23:10 PDT] TN range=2017-10-01_2017-11-01.dbn.zst: bought for $0.072030 · session $62.639113
[2026-10-10 01:23:20 PDT] TN range=2017-11-01_2017-12-01.dbn.zst: bought for $0.070526 · session $62.805577
[2026-10-10 01:23:35 PDT] TN range=2017-12-01_2018-01-01.dbn.zst: bought for $0.063838 · session $62.869415
[2026-10-10 01:23:45 PDT] TN range=2018-01-01_2018-02-01.dbn.zst: bought for $0.073556 · session $62.942971
[2026-10-10 01:23:52 PDT] TN range=2018-02-01_2018-03-01.dbn.zst: bought for $0.074443 · session $63.017414
[2026-10-10 01:23:59 PDT] TN range=2018-03-01_2018-04-01.dbn.zst: bought for $0.073801 · session $63.091215
[2026-10-10 01:24:08 PDT] TN range=2018-04-01_2018-05-01.dbn.zst: bought for $0.073293 · session $63.164508
[2026-10-10 01:24:20 PDT] TN range=2018-05-01_2018-06-01.dbn.zst: bought for $0.077371 · session $63.241879
[2026-10-10 01:24:31 PDT] TN range=2018-06-01_2018-07-01.dbn.zst: bought for $0.073498 · session $63.315377
[2026-10-10 01:24:46 PDT] TN range=2018-07-01_2018-08-01.dbn.zst: bought for $0.070413 · session $63.385789
[2026-10-10 01:24:55 PDT] TN range=2018-08-01_2018-09-01.dbn.zst: bought for $0.071030 · session $63.456819
[2026-10-10 01:25:06 PDT] TN range=2018-09-01_2018-10-01.dbn.zst: bought for $0.061709 · session $63.518528
[2026-10-10 01:25:13 PDT] TN range=2018-10-01_2018-11-01.dbn.zst: bought for $0.085009 · session $63.603537
[2026-10-10 01:25:25 PDT] TN range=2018-11-01_2018-12-01.dbn.zst: bought for $0.076214 · session $63.679750
[2026-10-10 01:25:49 PDT] TN range=2018-12-01_2019-01-01.dbn.zst: bought for $0.072110 · session $63.751861
[2026-10-10 01:25:58 PDT] TN range=2019-01-01_2019-02-01.dbn.zst: bought for $0.081084 · session $63.832945
[2026-10-10 01:26:05 PDT] TN range=2019-02-01_2019-03-01.dbn.zst: bought for $0.064086 · session $63.897031
[2026-10-10 01:26:14 PDT] TN range=2019-03-01_2019-04-01.dbn.zst: bought for $0.069796 · session $63.966826
[2026-10-10 01:26:22 PDT] TN range=2019-04-01_2019-05-01.dbn.zst: bought for $0.071340 · session $64.038166
[2026-10-10 01:26:30 PDT] UB: symbology.resolve (free) written to UB_v_0_2010-07-01_2019-05-01_symbology.json
[2026-10-10 01:26:30 PDT] ZS: symbology.resolve (free) written to ZS_v_0_2010-07-01_2019-05-01_symbology.json
[2026-10-10 01:26:30 PDT] TN: symbology.resolve (free) written to TN_v_0_2010-07-01_2019-05-01_symbology.json
[2026-10-10 01:26:30 PDT] condition list already cached (GLBX.MDP3_2010-07-01_2019-05-01.json)
[2026-10-10 01:26:30 PDT] buy finished: 252 chunks · harness ece91ae8e6993ad3c64412d30cc0b6ff6a4af07a15a6956ce9f2927f7ea70d32 · stage-E.17-ext2010h: account acct-2 (cap $355.38, spent $353.455228) · session cap $65.82 (spent $64.038166) · request cap $3.00
rc=0
Sat Oct 10 01:26:30 AM PDT 2026
