Sat Oct 10 01:27:13 AM PDT 2026
$ nice -n 10 uv run --no-sync python -m data.hist_store --plan ext2010h --products ZT ZF ZB CL ZL ZS UB TN RTY LE HE --harness-sha256 ece91ae8e6993ad3c64412d30cc0b6ff6a4af07a15a6956ce9f2927f7ea70d32
ZT ext2010h: built
  rows decoded 1654776, in window 1654752, written 1654752; trade dates 2269 (2010-07-01..2019-04-30)
  dropped unread: before the window 0 rows, after it 24 rows, on unsourced dates 0 rows
  calendar: 2279 trade dates, 0 unsourced {}
  rolls: 35 splices, 105 blackout dates in window
  closure bars kept and flagged: 1 (close-minute bars 104)
ZF ext2010h: built
  rows decoded 2490368, in window 2490263, written 2490263; trade dates 2269 (2010-07-01..2019-04-30)
  dropped unread: before the window 0 rows, after it 105 rows, on unsourced dates 0 rows
  calendar: 2279 trade dates, 0 unsourced {}
  rolls: 37 splices, 109 blackout dates in window
  closure bars kept and flagged: 1 (close-minute bars 111)
ZB ext2010h: built
  rows decoded 2528978, in window 2528907, written 2528907; trade dates 2269 (2010-07-01..2019-04-30)
  dropped unread: before the window 0 rows, after it 71 rows, on unsourced dates 0 rows
  calendar: 2279 trade dates, 0 unsourced {}
  rolls: 35 splices, 105 blackout dates in window
  closure bars kept and flagged: 1 (close-minute bars 104)
CL ext2010h: built
  rows decoded 3019419, in window 3019299, written 3019299; trade dates 2266 (2010-07-01..2019-04-30)
  dropped unread: before the window 0 rows, after it 120 rows, on unsourced dates 0 rows
  calendar: 2278 trade dates, 0 unsourced {}
  rolls: 106 splices, 318 blackout dates in window
  closure bars kept and flagged: 1 (close-minute bars 63)
ZL ext2010h: built
  rows decoded 1704606, in window 1704606, written 1704606; trade dates 2223 (2010-07-01..2019-04-30)
  dropped unread: before the window 0 rows, after it 0 rows, on unsourced dates 0 rows
  calendar: 2225 trade dates, 0 unsourced {}
  rolls: 56 splices, 156 blackout dates in window
  closure bars kept and flagged: 2 (close-minute bars 98)
ZS ext2010h: built
  rows decoded 1898620, in window 1898620, written 1898620; trade dates 2223 (2010-07-01..2019-04-30)
  dropped unread: before the window 0 rows, after it 0 rows, on unsourced dates 0 rows
  calendar: 2225 trade dates, 0 unsourced {}
  rolls: 58 splices, 159 blackout dates in window
  closure bars kept and flagged: 2 (close-minute bars 175)
UB ext2010h: built
  rows decoded 1977263, in window 1977206, written 1977206; trade dates 2269 (2010-07-01..2019-04-30)
  dropped unread: before the window 0 rows, after it 57 rows, on unsourced dates 0 rows
  calendar: 2279 trade dates, 0 unsourced {}
  rolls: 35 splices, 105 blackout dates in window
  closure bars kept and flagged: 1 (close-minute bars 30)
TN ext2010h: built
  rows decoded 764654, in window 764625, written 764625; trade dates 851 (2016-01-11..2019-04-30)
  dropped unread: before the window 0 rows, after it 29 rows, on unsourced dates 0 rows
  calendar: 2279 trade dates, 0 unsourced {}
  rolls: 20 splices, 60 blackout dates in window
  closure bars kept and flagged: 1 (close-minute bars 22)
RTY ext2010h: built
  rows decoded 521049, in window 520954, written 520954; trade dates 466 (2017-07-10..2019-04-30)
  dropped unread: before the window 0 rows, after it 95 rows, on unsourced dates 0 rows
  calendar: 2280 trade dates, 0 unsourced {}
  rolls: 7 splices, 21 blackout dates in window
  closure bars kept and flagged: 0 (close-minute bars 111)
LE ext2010h: built
  rows decoded 856603, in window 850522, written 850522; trade dates 2195 (2010-07-01..2019-04-30)
  dropped unread: before the window 0 rows, after it 0 rows, on unsourced dates 6081 rows
  calendar: 2230 trade dates, 25 unsourced {'entry_unverified': 1, 'listed': 24}
  rolls: 92 splices, 224 blackout dates in window
  closure bars kept and flagged: 112 (close-minute bars 40)
HE ext2010h: built
  rows decoded 124597, in window 123513, written 123513; trade dates 456 (2017-07-03..2019-04-30)
  dropped unread: before the window 0 rows, after it 0 rows, on unsourced dates 1084 rows
  calendar: 2230 trade dates, 25 unsourced {'entry_unverified': 1, 'listed': 24}
  rolls: 96 splices, 238 blackout dates in window
  closure bars kept and flagged: 1 (close-minute bars 28)
	Command being timed: "nice -n 10 uv run --no-sync python -m data.hist_store --plan ext2010h --products ZT ZF ZB CL ZL ZS UB TN RTY LE HE --harness-sha256 ece91ae8e6993ad3c64412d30cc0b6ff6a4af07a15a6956ce9f2927f7ea70d32"
	User time (seconds): 184.59
	System time (seconds): 12.29
	Percent of CPU this job got: 100%
	Elapsed (wall clock) time (h:mm:ss or m:ss): 3:15.20
	Average shared text size (kbytes): 0
	Average unshared data size (kbytes): 0
	Average stack size (kbytes): 0
	Average total size (kbytes): 0
	Maximum resident set size (kbytes): 1371516
	Average resident set size (kbytes): 0
	Major (requiring I/O) page faults: 95
	Minor (reclaiming a frame) page faults: 4166872
	Voluntary context switches: 1088
	Involuntary context switches: 2019
	Swaps: 0
	File system inputs: 85552
	File system outputs: 474104
	Socket messages sent: 0
	Socket messages received: 0
	Signals delivered: 0
	Page size (bytes): 4096
	Exit status: 0
rc=0
Sat Oct 10 01:30:28 AM PDT 2026
