Sat Oct 10 01:31:39 AM PDT 2026
$ nice -n 10 uv run --no-sync python -m base_rules.run run --test H1 --freeze reports/stage_e16_freeze.json --freeze-sha256 5274aa97f3359d7dcfaae15cb0590b6147d1624e6056ea396df08c6215209ad4 --manifest reports/stage_e17_run_manifest.json --manifest-sha256 256a5410c03065a746d229c2cddbc85240de8fe57db2e8fe77467c1483ffa74d
H1: complete -> /home/kiros-li/Documents/GitHub/PropExperiment/reports/stage_e17_runs/H1_result.json
	Command being timed: "nice -n 10 uv run --no-sync python -m base_rules.run run --test H1 --freeze reports/stage_e16_freeze.json --freeze-sha256 5274aa97f3359d7dcfaae15cb0590b6147d1624e6056ea396df08c6215209ad4 --manifest reports/stage_e17_run_manifest.json --manifest-sha256 256a5410c03065a746d229c2cddbc85240de8fe57db2e8fe77467c1483ffa74d"
	User time (seconds): 179.67
	System time (seconds): 12.65
	Percent of CPU this job got: 105%
	Elapsed (wall clock) time (h:mm:ss or m:ss): 3:02.60
	Average shared text size (kbytes): 0
	Average unshared data size (kbytes): 0
	Average stack size (kbytes): 0
	Average total size (kbytes): 0
	Maximum resident set size (kbytes): 1580320
	Average resident set size (kbytes): 0
	Major (requiring I/O) page faults: 258
	Minor (reclaiming a frame) page faults: 6214602
	Voluntary context switches: 4983
	Involuntary context switches: 2260
	Swaps: 0
	File system inputs: 79944
	File system outputs: 63408
	Socket messages sent: 0
	Socket messages received: 0
	Signals delivered: 0
	Page size (bytes): 4096
	Exit status: 0
rc=0
Sat Oct 10 01:34:41 AM PDT 2026
