1 K6-cp1-01 ZC run trips 265 days 276 mean -1.3932 t -6.013 pass False cov {'ZC': 0.9998} labels [] mll 2 hold 28.8 power not_run
   counters {'engine_not_a_window_date': 30, 'engine_price_limit_reference_unavailable': 1, 'mll_liquidation': 2, 'price_limit_zone_no_entry': 2} window 276 2025-04-01 2026-06-17 {'not_every_leg_trades': 0, 'roll_blackout_any_leg': 29, 'unseen_roll_UR-1': 1}
2 K6-cp1-01 ZW run trips 269 days 283 mean -1.3931 t -4.334 pass False cov {'ZW': 0.9978} labels [] mll 2 hold 29.0 power not_run
   counters {'engine_not_a_window_date': 23, 'engine_price_limit_reference_unavailable': 1, 'mll_liquidation': 1, 'price_limit_zone_no_entry': 3} window 283 2025-04-01 2026-06-15 {'not_every_leg_trades': 0, 'roll_blackout_any_leg': 23, 'unseen_roll_UR-1': 0}
3 K6-cp1-01 ZS run trips 280 days 285 mean -2.5301 t -5.756 pass False cov {'ZS': 0.9999} labels [] mll 4 hold 28.8 power not_run
   counters {'engine_not_a_window_date': 21, 'engine_price_limit_reference_unavailable': 1, 'mll_liquidation': 4, 'price_limit_zone_no_entry': 1} window 285 2025-04-01 2026-06-15 {'not_every_leg_trades': 0, 'roll_blackout_any_leg': 21, 'unseen_roll_UR-1': 0}
4 K6-cp1-01 ZM run trips 270 days 278 mean -1.4134 t -3.820 pass False cov {'ZM': 0.9987} labels [] mll 2 hold 28.9 power not_run
   counters {'engine_not_a_window_date': 27, 'engine_price_limit_reference_unavailable': 1, 'mll_liquidation': 1, 'price_limit_zone_no_entry': 1} window 278 2025-04-01 2026-06-17 {'not_every_leg_trades': 0, 'roll_blackout_any_leg': 27, 'unseen_roll_UR-1': 1}
5 K6-cp1-01 ZL run trips 271 days 287 mean -1.1361 t -1.235 pass False cov {'ZL': 0.9962} labels [] mll 1 hold 28.9 power not_run
   counters {'engine_not_a_window_date': 19, 'engine_price_limit_reference_unavailable': 1, 'mll_liquidation': 1, 'price_limit_exit': 1, 'price_limit_zone_no_entry': 7} window 287 2025-04-01 2026-06-17 {'not_every_leg_trades': 0, 'roll_blackout_any_leg': 18, 'unseen_roll_UR-1': 1}
6 K6-cp1-01 HE run trips 255 days 273 mean -1.7366 t -3.717 pass False cov {'HE': 0.9963} labels [] mll 2 hold 28.6 power not_run
   counters {'engine_not_a_window_date': 30, 'engine_price_limit_reference_unavailable': 1, 'mll_liquidation': 2, 'price_limit_exit': 3, 'price_limit_zone_no_entry': 9} window 273 2025-04-01 2026-06-17 {'not_every_leg_trades': 0, 'roll_blackout_any_leg': 32, 'unseen_roll_UR-1': 1}
7 K6-cp1-01 LE run trips 197 days 266 mean -1.6911 t -1.699 pass False cov {'LE': 0.9984} labels [] mll 2 hold 27.6 power not_run
   counters {'closure_bars_seen:LE': 1, 'engine_not_a_window_date': 38, 'engine_price_limit_reference_unavailable': 1, 'mll_liquidation': 2, 'price_limit_exit': 14, 'price_limit_zone_no_entry': 59} window 266 2025-04-01 2026-06-17 {'not_every_leg_trades': 0, 'roll_blackout_any_leg': 39, 'unseen_roll_UR-1': 1}
8 K6-cp2-01 ZC run trips 247 days 276 mean -1.2369 t -2.414 pass False cov {'ZC': 0.9996} labels [] mll 2 hold 72.1 power not_run
   counters {'engine_not_a_window_date': 26, 'engine_price_limit_reference_unavailable': 1, 'fill_guard_deferral': 2, 'forced_flatten': 15, 'mll_liquidation': 2} window 276 2025-04-01 2026-06-17 {'not_every_leg_trades': 0, 'roll_blackout_any_leg': 29, 'unseen_roll_UR-1': 1}
9 K6-cp2-01 ZW run trips 265 days 283 mean -1.5501 t -2.014 pass False cov {'ZW': 0.9948} labels [] mll 3 hold 74.2 power not_run
   counters {'engine_not_a_window_date': 21, 'engine_price_limit_reference_unavailable': 1, 'forced_flatten': 4, 'mll_liquidation': 3, 'price_limit_zone_no_entry': 1} window 283 2025-04-01 2026-06-15 {'not_every_leg_trades': 0, 'roll_blackout_any_leg': 23, 'unseen_roll_UR-1': 0}
10 K6-cp2-01 ZS run trips 272 days 285 mean -1.9418 t -1.803 pass False cov {'ZS': 0.9998} labels [] mll 5 hold 72.6 power not_run
   counters {'engine_not_a_window_date': 19, 'engine_price_limit_reference_unavailable': 1, 'fill_guard_deferral': 1, 'forced_flatten': 7, 'mll_liquidation': 5, 'price_limit_exit': 1} window 285 2025-04-01 2026-06-15 {'not_every_leg_trades': 0, 'roll_blackout_any_leg': 21, 'unseen_roll_UR-1': 0}
11 K6-cp2-01 ZM run trips 262 days 278 mean -3.2959 t -3.458 pass False cov {'ZM': 0.9973} labels [] mll 5 hold 72.8 power not_run
   counters {'engine_not_a_window_date': 27, 'engine_price_limit_reference_unavailable': 1, 'forced_flatten': 11, 'mll_liquidation': 5, 'price_limit_exit': 1} window 278 2025-04-01 2026-06-17 {'not_every_leg_trades': 0, 'roll_blackout_any_leg': 27, 'unseen_roll_UR-1': 1}
12 K6-cp2-01 ZL run trips 276 days 287 mean -0.5481 t -0.262 pass False cov {'ZL': 0.9973} labels [] mll 3 hold 73.3 power not_run
   counters {'engine_not_a_window_date': 19, 'engine_price_limit_reference_unavailable': 1, 'forced_flatten': 3, 'mll_liquidation': 3, 'price_limit_exit': 6, 'price_limit_zone_no_entry': 1} window 287 2025-04-01 2026-06-17 {'not_every_leg_trades': 0, 'roll_blackout_any_leg': 18, 'unseen_roll_UR-1': 1}
13 K6-cp2-01 HE run trips 249 days 273 mean -3.6279 t -3.046 pass False cov {'HE': 0.9935} labels [] mll 6 hold 72.7 power not_run
   counters {'engine_not_a_window_date': 30, 'engine_price_limit_reference_unavailable': 1, 'forced_flatten': 3, 'mll_liquidation': 6, 'price_limit_exit': 9, 'price_limit_zone_no_entry': 2} window 273 2025-04-01 2026-06-17 {'not_every_leg_trades': 0, 'roll_blackout_any_leg': 32, 'unseen_roll_UR-1': 1}
14 K6-cp2-01 LE run trips 232 days 266 mean -4.2907 t -1.707 pass False cov {'LE': 0.9991} labels [] mll 10 hold 64.5 power not_run
   counters {'closure_bars_seen:LE': 1, 'engine_not_a_window_date': 38, 'engine_price_limit_reference_unavailable': 1, 'forced_flatten': 4, 'mll_liquidation': 10, 'price_limit_exit': 43, 'price_limit_zone_no_entry': 24} window 266 2025-04-01 2026-06-17 {'not_every_leg_trades': 0, 'roll_blackout_any_leg': 39, 'unseen_roll_UR-1': 1}
15 K6-cp3-01 ZC run trips 135 days 276 mean -0.6851 t -1.123 pass False cov {'ZC': 0.9996} labels [] mll 2 hold 280.3 power not_run
   counters {'engine_not_a_window_date': 11, 'mll_liquidation': 2, 'price_limit_exit': 1} window 276 2025-04-01 2026-06-17 {'not_every_leg_trades': 0, 'roll_blackout_any_leg': 29, 'unseen_roll_UR-1': 1}
16 K6-cp3-01 ZW run trips 131 days 283 mean -0.0791 t -0.084 pass False cov {'ZW': 0.9948} labels [] mll 1 hold 277.3 power not_run
   counters {'engine_not_a_window_date': 3, 'mll_liquidation': 1, 'price_limit_exit': 3} window 283 2025-04-01 2026-06-15 {'not_every_leg_trades': 0, 'roll_blackout_any_leg': 23, 'unseen_roll_UR-1': 0}
17 K6-cp3-01 ZS run trips 136 days 285 mean -0.5618 t -0.475 pass False cov {'ZS': 0.9998} labels [] mll 3 hold 277.0 power not_run
   counters {'engine_not_a_window_date': 5, 'mll_liquidation': 3, 'price_limit_exit': 1} window 285 2025-04-01 2026-06-15 {'not_every_leg_trades': 0, 'roll_blackout_any_leg': 21, 'unseen_roll_UR-1': 0}
18 K6-cp3-01 ZM run trips 119 days 278 mean 0.4725 t 0.495 pass False cov {'ZM': 0.9973} labels [] mll 1 hold 279.2 power not_run
   counters {'engine_not_a_window_date': 10, 'mll_liquidation': 1, 'price_limit_exit': 2} window 278 2025-04-01 2026-06-17 {'not_every_leg_trades': 0, 'roll_blackout_any_leg': 27, 'unseen_roll_UR-1': 1}
19 K6-cp3-01 ZL run trips 143 days 287 mean -1.9353 t -0.723 pass False cov {'ZL': 0.9973} labels [] mll 4 hold 269.5 power not_run
   counters {'engine_not_a_window_date': 4, 'mll_liquidation': 4, 'price_limit_exit': 6, 'price_limit_zone_no_entry': 1} window 287 2025-04-01 2026-06-17 {'not_every_leg_trades': 0, 'roll_blackout_any_leg': 18, 'unseen_roll_UR-1': 1}
20 K6-cp3-01 HE run trips 115 days 273 mean -2.4697 t -1.590 pass False cov {'HE': 0.9934} labels [] mll 5 hold 245.3 power not_run
   counters {'engine_not_a_window_date': 10, 'mll_liquidation': 5, 'price_limit_exit': 10} window 273 2025-04-01 2026-06-17 {'not_every_leg_trades': 0, 'roll_blackout_any_leg': 32, 'unseen_roll_UR-1': 1}
21 K6-cp3-01 LE run trips 112 days 266 mean 1.5336 t 0.568 pass False cov {'LE': 0.9991} labels [] mll 4 hold 193.1 power not_run
   counters {'closure_bars_seen:LE': 1, 'engine_not_a_window_date': 9, 'mll_liquidation': 4, 'price_limit_exit': 42, 'price_limit_zone_no_entry': 7} window 266 2025-04-01 2026-06-17 {'not_every_leg_trades': 0, 'roll_blackout_any_leg': 39, 'unseen_roll_UR-1': 1}
22 K6-crushgap-01 ZS run trips 137 days 264 mean -3.4807 t -2.708 pass False cov {'ZL': 1.0, 'ZM': 1.0, 'ZS': 0.9998} labels [] mll 7 hold 271.8 power not_run
   counters {'engine_not_a_window_date': 10, 'mll_liquidation': 7, 'price_limit_exit': 1} window 264 2025-04-01 2026-06-15 {'not_every_leg_trades': 0, 'roll_blackout_any_leg': 42, 'unseen_roll_UR-1': 0}
23 K6-limitcont-01 HE run trips 1 days 273 mean 0.1869 t 1.002 pass True cov {'HE': 0.9934} labels [] mll 0 hold 99.0 power not_run
   counters {'price_limit_exit': 1} window 273 2025-04-01 2026-06-17 {'not_every_leg_trades': 0, 'roll_blackout_any_leg': 32, 'unseen_roll_UR-1': 1}
24 K6-limitcont-01 LE run trips 0 days 266 mean 0.0000 t None pass False cov {'LE': 0.9991} labels [] mll 0 hold None power not_run
   counters {'closure_bars_seen:LE': 1} window 266 2025-04-01 2026-06-17 {'not_every_leg_trades': 0, 'roll_blackout_any_leg': 39, 'unseen_roll_UR-1': 1}
25 K6-wasdepre-01 ZC run trips 12 days 276 mean -0.4729 t -1.315 pass False cov {'ZC': 0.9998} labels [] mll 0 hold 45.0 power not_run
   counters {'engine_not_a_window_date': 1} window 276 2025-04-01 2026-06-17 {'not_every_leg_trades': 0, 'roll_blackout_any_leg': 29, 'unseen_roll_UR-1': 1}
26 K6-wasdepre-01 ZS run trips 13 days 285 mean -0.7410 t -1.288 pass False cov {'ZS': 0.9999} labels [] mll 1 hold 44.5 power not_run
   counters {'mll_liquidation': 1} window 285 2025-04-01 2026-06-15 {'not_every_leg_trades': 0, 'roll_blackout_any_leg': 21, 'unseen_roll_UR-1': 0}
27 K6-wasdepost-01 ZC run trips 13 days 276 mean -0.1777 t -0.748 pass False cov {'ZC': 0.9992} labels [] mll 0 hold 114.0 power not_run
   counters {'engine_not_a_window_date': 1, 'price_limit_exit': 1} window 276 2025-04-01 2026-06-17 {'not_every_leg_trades': 0, 'roll_blackout_any_leg': 29, 'unseen_roll_UR-1': 1}
CLUSTER keys ['cluster', 'harness_sha256', 'members', 'not_tiered', 'power_check_undefined', 'refused_members', 'tiers', 'window']
tiers {"cluster": "K6", "members": [{"labels": [], "member_id": "K6-cp1-01 ZC", "note": "fails the D5 screen", "screen": {"mean_ticks": -1.3931797101449277, "member_id": "K6-cp1-01 ZC", "n_days": 276, "n_trips": 265, "passes": false, "sd_pop_ticks": 3.849179618770646, "t_daily": -6.013031851872485}, "tier": "B"}, {"labels": [], "member_id": "K6-cp1-01 ZW", "note": "fails the D5 screen", "screen": {"mean_ticks": -1.393079858657244, "member_id": "K6-cp1-01 ZW", "n_days": 283, "n_trips": 269, "passes": false, "sd_pop_ticks": 5.407593618947915, "t_daily": -4.333763265663034}, "tier": "B"}, {"labels": [], "member_id": "K6-cp1-01 ZS", "note": "fails the D5 screen", "screen": {"mean_ticks": -2.5300659649122808, "member_id": "K6-cp1-01 ZS", "n_days": 285, "n_trips": 280, "passes": false, "sd_pop_ticks": 7.42020751276477, "t_daily": -5.756231126047699}, "tier": "B"}, {"labels": [], "member_id": "K6-cp1-01 ZM", "note": "fails the D5 screen", "screen": {"mean_ticks": -1.413388489208633, "member_id": "K6-cp1-01 ZM", "n_days": 278, "n_trips": 270, "passes": false, "sd_pop_ticks": 6.1691851857656514, "t_daily": -3.8199364772971465}, "tier": "B"}, {"labels": [], "member_id": "K6-cp1-01 ZL", "note": "fails the D5 screen", "screen": {"mean_ticks": -1.1361207897793262, "member_id": "K6-cp1-01 ZL", "n_days": 287, "n_trips": 271, "passes": false, "sd_pop_ticks": 15.583915746571845, "t_daily": -1.2350622962032158}, "tier": "B"}, {"labels": [], "member_id": "K6-cp1-01 HE", "note": "fails the D5 screen", "screen": {"mean_ticks": -1.7365604395604397, "member_id": "K6-cp1-01 HE", "n_days": 273, "n_trips": 255, "passes": false, "sd_pop_ticks": 7.718798313458917, "t_daily": -3.717247973882893}, "tier": "B"}, {"labels": [], "member_id": "K6-cp1-01 LE", "note": "fails the D5 screen", "screen": {"mean_ticks": -1.6910751879699255, "member_id": "K6-cp1-01 LE", "n_days": 266, "n_trips": 197, "passes": false, "sd_pop_ticks": 16.231729321108865, "t_daily": -1.6991782641698385}, "tier": "B"}, {"labels": [], "member_id": "K6-cp2-01 ZC", "note": "fails the D5 screen", "screen": {"mean_ticks": -1.2369014492753623, "member_id": "K6-cp2-01 ZC", "n_days": 276, "n_trips": 247, "passes": false, "sd_pop_ticks": 8.51187738641143, "t_daily": -2.414150164106241}, "tier": "B"}, {"labels": [], "member_id": "K6-cp2-01 ZW", "note": "fails the D5 screen", "screen": {"mean_ticks": -1.5500579505300356, "member_id": "K6-cp2-01 ZW", "n_days": 283, "n_trips": 265, "passes": false, "sd_pop_ticks": 12.949773927896896, "t_daily": -2.0136267225939264}, "tier": "B"}, {"labels": [], "member_id": "K6-cp2-01 ZS", "note": "fails the D5 screen", "screen": {"mean_ticks": -1.941838596491228, "member_id": "K6-cp2-01 ZS", "n_days": 285, "n_trips": 272, "passes": false, "sd_pop_ticks": 18.182420793978928, "t_daily": -1.8029507128858488}, "tier": "B"}, {"labels": [], "member_id": "K6-cp2-01 ZM", "note": "fails the D5 screen", "screen": {"mean_ticks": -3.2959172661870504, "member_id": "K6-cp2-01 ZM", "n_days": 278, "n_trips":
not_tiered {} refused {} power_undef []
TIER KEYS ['cluster']
TIER B K6-cp1-01 ZC fails the D5 screen []
TIER B K6-cp1-01 ZW fails the D5 screen []
TIER B K6-cp1-01 ZS fails the D5 screen []
TIER B K6-cp1-01 ZM fails the D5 screen []
TIER B K6-cp1-01 ZL fails the D5 screen []
TIER B K6-cp1-01 HE fails the D5 screen []
TIER B K6-cp1-01 LE fails the D5 screen []
TIER B K6-cp2-01 ZC fails the D5 screen []
TIER B K6-cp2-01 ZW fails the D5 screen []
TIER B K6-cp2-01 ZS fails the D5 screen []
TIER B K6-cp2-01 ZM fails the D5 screen []
TIER B K6-cp2-01 ZL fails the D5 screen []
TIER B K6-cp2-01 HE fails the D5 screen []
TIER B K6-cp2-01 LE fails the D5 screen []
TIER B K6-cp3-01 ZC fails the D5 screen []
TIER B K6-cp3-01 ZW fails the D5 screen []
TIER B K6-cp3-01 ZS fails the D5 screen []
TIER B K6-cp3-01 ZM fails the D5 screen []
TIER B K6-cp3-01 ZL fails the D5 screen []
TIER B K6-cp3-01 HE fails the D5 screen []
TIER B K6-cp3-01 LE fails the D5 screen []
TIER B K6-crushgap-01 ZS fails the D5 screen []
TIER A K6-limitcont-01 HE passes the D5 screen []
TIER B K6-limitcont-01 LE fails the D5 screen []
TIER B K6-wasdepre-01 ZC fails the D5 screen []
TIER B K6-wasdepre-01 ZS fails the D5 screen []
TIER B K6-wasdepost-01 ZC fails the D5 screen []
cluster "K6"
