NOOP-flight control_ok 209 0
NOOP-oilcad control_ok 209 0
NOOP-wkndbtc control_ok 209 0
NOOP-_releases control_ok 209 0
NOOP-_calendar control_ok 209 0
AF01 killed 153 56 ['tests/test_k8_members_flight.py::test_trading_windows_are_the_s0_12_intervals', 'tests/test_k8_members_flight.py::test_the_entry_size_is_the_frozen_q_c']
AF02 killed 153 56 ['tests/test_k8_members_flight.py::test_trading_windows_are_the_s0_12_intervals', 'tests/test_k8_members_flight.py::test_the_entry_size_is_the_frozen_q_c']
AF03 killed 205 4 ['tests/test_k8_members_flight.py::test_trading_windows_are_the_s0_12_intervals', 'tests/test_k8_members_flight.py::test_decision_times_are_0835_to_1455_every_5_minutes']
AF04 killed 205 4 ['tests/test_k8_members_flight.py::test_trading_windows_are_the_s0_12_intervals', 'tests/test_k8_members_flight.py::test_decision_times_are_0835_to_1455_every_5_minutes']
AF05 killed 154 55 ['tests/test_k8_members_flight.py::test_trading_windows_are_the_s0_12_intervals', 'tests/test_k8_members_flight.py::test_the_entry_size_is_the_frozen_q_c']
AF06 killed 154 55 ['tests/test_k8_members_flight.py::test_trading_windows_are_the_s0_12_intervals', 'tests/test_k8_members_flight.py::test_the_entry_size_is_the_frozen_q_c']
AF07 killed 154 55 ['tests/test_k8_members_flight.py::test_trading_windows_are_the_s0_12_intervals', 'tests/test_k8_members_flight.py::test_the_entry_size_is_the_frozen_q_c']
AF08 killed 157 52 ['tests/test_k8_members_flight.py::test_the_entry_size_is_the_frozen_q_c', 'tests/test_k8_members_flight.py::test_k1_reads_the_0829_and_0834_bars']
AF09 killed 158 51 ['tests/test_k8_members_flight.py::test_the_entry_size_is_the_frozen_q_c', 'tests/test_k8_members_flight.py::test_k1_reads_the_0829_and_0834_bars']
AF10 killed 207 2 ['tests/test_k8_members_flight.py::test_threshold_m_and_the_value_floor', 'tests/test_k8_members_flight.py::test_member_n_1199_is_no_trade_and_n_1200_trades']
AF11 killed 206 3 ['tests/test_k8_members_flight.py::test_threshold_m_and_the_value_floor', 'tests/test_k8_members_flight.py::test_m_is_ceil_of_n_over_200[1200-6]']
AF12 killed 205 4 ['tests/test_k8_members_flight.py::test_threshold_m_and_the_value_floor', 'tests/test_k8_members_flight.py::test_m_is_ceil_of_n_over_200[1200-6]']
AF13 killed 198 11 ['tests/test_k8_members_flight.py::test_r_equal_to_q_in_another_form_triggers', 'tests/test_k8_members_flight.py::test_threshold_m_and_the_value_floor']
AF14 killed 198 11 ['tests/test_k8_members_flight.py::test_threshold_m_and_the_value_floor', 'tests/test_k8_members_flight.py::test_threshold_counts_duplicates']
AF15 killed 201 8 ['tests/test_k8_members_flight_exits.py::test_a_second_trigger_while_long_and_after_the_exit_does_nothing', 'tests/test_k8_members_flight_exits.py::test_h30_exit_is_sent_on_the_bar_at_te_plus_29']
AF16 killed 198 11 ['tests/test_k8_members_flight_exits.py::test_a_second_trigger_while_long_and_after_the_exit_does_nothing', 'tests/test_k8_members_flight_exits.py::test_h30_exit_is_sent_on_the_bar_at_te_plus_29']
AF17 killed 203 6 ['tests/test_k8_members_flight.py::test_trading_windows_are_the_s0_12_intervals', 'tests/test_k8_members_flight_exits.py::test_heod_exit_is_sent_on_the_bar_at_1504']
AF18 killed 200 9 ['tests/test_k8_members_flight.py::test_trading_windows_are_the_s0_12_intervals', 'tests/test_k8_members_flight_exits.py::test_heod_exit_is_sent_on_the_bar_at_1504']
AF19 killed 208 1 ['tests/test_k8_members_flight.py::test_compare_and_trigger_are_exact_beyond_float']
AF20 killed 208 1 ['tests/test_k8_members_flight.py::test_block_return_is_the_tick_ratio_and_needs_c6_positive']
AF21 killed 208 1 ['tests/test_k8_members_flight.py::test_block_return_is_the_tick_ratio_and_needs_c6_positive']
AF22 killed 207 2 ['tests/test_k8_members_flight.py::test_trigger_needs_r_negative_even_at_or_below_q', 'tests/test_k8_members_flight.py::test_a_positive_q_never_triggers_a_non_negative_r']
AF23 killed 202 7 ['tests/test_k8_members_flight.py::test_r_equal_to_q_in_another_form_triggers', 'tests/test_k8_members_flight.py::test_member_n_1199_is_no_trade_and_n_1200_trades']
AF24 killed 208 1 ['tests/test_k8_members_flight.py::test_ticks_round_a_near_grid_float_to_the_nearest_tick']
AF25 killed 207 2 ['tests/test_k8_members_flight.py::test_an_mes_roll_inside_a_block_is_no_trigger_and_later_blocks_trigger', 'tests/test_k8_members_flight.py::test_undefined_reference_computations_are_not_values']
AF26 killed 208 1 ['tests/test_k8_members_flight.py::test_a_bar_whose_trade_date_is_not_its_ct_date_is_not_a_block_bar']
AF27 killed 208 1 ['tests/test_k8_members_flight.py::test_a_non_full_date_is_skipped_as_a_reference_and_as_d']
AF28 killed 208 1 ['tests/test_k8_members_flight.py::test_warm_up_the_20th_date_does_not_trade_and_the_21st_does']
AF29 killed 208 1 ['tests/test_k8_members_flight.py::test_fewer_than_20_reference_dates_at_the_tables_start_is_no_trade']
AF30 killed 204 5 ['tests/test_k8_members_flight.py::test_values_of_d_itself_never_enter_q_of_d', 'tests/test_k8_members_flight_exits.py::test_c6_skips_the_1300_trigger_on_an_fomc_date_and_enters_at_1305']
AF31 killed 204 5 ['tests/test_k8_members_flight.py::test_values_of_d_itself_never_enter_q_of_d', 'tests/test_k8_members_flight_exits.py::test_c6_skips_the_1300_trigger_on_an_fomc_date_and_enters_at_1305']
AF32 killed 204 5 ['tests/test_k8_members_flight.py::test_values_of_d_itself_never_enter_q_of_d', 'tests/test_k8_members_flight_exits.py::test_c6_skips_the_1300_trigger_on_an_fomc_date_and_enters_at_1305']
AF33 killed 207 2 ['tests/test_k8_members_flight_exits.py::test_a_missing_entry_bar_at_the_first_trigger_ends_the_day', 'tests/test_k8_members_flight_exits.py::test_an_entry_bar_of_another_trade_date_counts_as_missing']
AF34 killed 208 1 ['tests/test_k8_members_flight_exits.py::test_an_entry_bar_of_another_trade_date_counts_as_missing']
AF35 killed 208 1 ['tests/test_k8_members_flight_exits.py::test_no_entry_while_an_order_is_pending_on_mgc']
AF36 killed 158 51 ['tests/test_k8_members_flight.py::test_the_entry_size_is_the_frozen_q_c', 'tests/test_k8_members_flight.py::test_k1_reads_the_0829_and_0834_bars']
AF37 killed 160 49 ['tests/test_k8_members_flight.py::test_the_entry_size_is_the_frozen_q_c', 'tests/test_k8_members_flight.py::test_k1_reads_the_0829_and_0834_bars']
AF38 killed 202 7 ['tests/test_k8_members_flight_exits.py::test_only_the_first_trigger_of_d_enters_even_when_refused', 'tests/test_k8_members_flight_exits.py::test_a_second_trigger_while_long_and_after_the_exit_does_nothing']
AF39 killed 204 5 ['tests/test_k8_members_flight_exits.py::test_heod_exit_is_sent_on_the_bar_at_1504', 'tests/test_k8_members_flight_exits.py::test_a_missing_exit_bar_sends_the_exit_on_the_first_later_bar[HEOD-missing2-905]']
AF40 killed 206 3 ['tests/test_k8_members_flight_exits.py::test_h30_exit_is_capped_at_1504[74-904]', 'tests/test_k8_members_flight_exits.py::test_h30_exit_is_capped_at_1504[77-904]']
AF41 SURVIVED 209 0 []
AF42 killed 207 2 ['tests/test_k8_members_flight_exits.py::test_a_second_trigger_while_long_and_after_the_exit_does_nothing', 'tests/test_k8_members_flight_exits.py::test_a_refused_exit_is_resent_and_a_pending_exit_is_not_duplicated']
AF43 killed 195 14 ['tests/test_k8_members_flight_exits.py::test_a_second_trigger_while_long_and_after_the_exit_does_nothing', 'tests/test_k8_members_flight_exits.py::test_h30_exit_is_sent_on_the_bar_at_te_plus_29']
AF44 killed 191 18 ['tests/test_k8_members_flight_exits.py::test_a_second_trigger_while_long_and_after_the_exit_does_nothing', 'tests/test_k8_members_flight_exits.py::test_h30_exit_is_sent_on_the_bar_at_te_plus_29']
AF45 killed 191 18 ['tests/test_k8_members_flight_exits.py::test_a_second_trigger_while_long_and_after_the_exit_does_nothing', 'tests/test_k8_members_flight_exits.py::test_h30_exit_is_sent_on_the_bar_at_te_plus_29']
AF46 killed 208 1 ['tests/test_k8_members_flight_exits.py::test_t_e_resets_when_flat']
AF47 killed 155 54 ['tests/test_k8_members_flight.py::test_the_entry_size_is_the_frozen_q_c', 'tests/test_k8_members_flight.py::test_k1_reads_the_0829_and_0834_bars']
AF48 killed 206 3 ['tests/test_k8_members_flight.py::test_member_n_1199_is_no_trade_and_n_1200_trades', 'tests/test_k8_members_flight.py::test_member_m_at_1201_and_1540']
AF49 killed 155 54 ['tests/test_k8_members_flight.py::test_the_entry_size_is_the_frozen_q_c', 'tests/test_k8_members_flight.py::test_k1_reads_the_0829_and_0834_bars']
AF50 killed 208 1 ['tests/test_k8_members_flight.py::test_declarations_names_legs_and_factories']
AF51 killed 208 1 ['tests/test_k8_members_flight.py::test_declarations_names_legs_and_factories']
AF52 killed 208 1 ['tests/test_k8_members_flight.py::test_trading_windows_are_the_s0_12_intervals']
AO01 killed 206 3 ['tests/test_k8_members_oilcad.py::test_trading_windows_are_s0_12', 'tests/test_k8_members_oilcad.py::test_decision_clock_is_08_05_to_13_25_every_5_minutes']
AO02 killed 206 3 ['tests/test_k8_members_oilcad.py::test_trading_windows_are_s0_12', 'tests/test_k8_members_oilcad.py::test_decision_clock_is_08_05_to_13_25_every_5_minutes']
AO03 killed 205 4 ['tests/test_k8_members_oilcad.py::test_trading_windows_are_s0_12', 'tests/test_k8_members_oilcad.py::test_decision_clock_is_08_05_to_13_25_every_5_minutes']
AO04 killed 177 32 ['tests/test_k8_members_oilcad.py::test_decision_clock_is_08_05_to_13_25_every_5_minutes', 'tests/test_k8_members_oilcad.py::test_first_and_last_decisions_trade']
AO05 killed 177 32 ['tests/test_k8_members_oilcad.py::test_trading_windows_are_s0_12', 'tests/test_k8_members_oilcad.py::test_first_and_last_decisions_trade']
AO06 killed 177 32 ['tests/test_k8_members_oilcad.py::test_trading_windows_are_s0_12', 'tests/test_k8_members_oilcad.py::test_first_and_last_decisions_trade']
AO07 killed 178 31 ['tests/test_k8_members_oilcad.py::test_first_and_last_decisions_trade', 'tests/test_k8_members_oilcad.py::test_r_t_reads_the_mcl_bars_at_t_minus_1_and_t_minus_6']
AO08 killed 207 2 ['tests/test_k8_members_oilcad.py::test_scale_refuses_fewer_than_1000_values_and_a_zero_deviation', 'tests/test_k8_members_oilcad.py::test_n_1000_trades_and_n_999_does_not']
AO09 killed 207 2 ['tests/test_k8_members_oilcad.py::test_scale_refuses_fewer_than_1000_values_and_a_zero_deviation', 'tests/test_k8_members_oilcad.py::test_n_1000_trades_and_n_999_does_not']
AO10 killed 208 1 ['tests/test_k8_members_oilcad.py::test_threshold_is_inclusive_at_exactly_2']
AO11 killed 205 4 ['tests/test_k8_members_oilcad.py::test_threshold_is_inclusive_at_exactly_2', 'tests/test_k8_members_oilcad.py::test_z_exactly_2_trades_end_to_end']
AO12 killed 195 14 ['tests/test_k8_members_oilcad.py::test_trading_windows_are_s0_12', 'tests/test_k8_members_oilcad.py::test_exit_on_the_first_6c_bar_at_t_e_plus_14_resent_while_not_pending']
AO13 killed 197 12 ['tests/test_k8_members_oilcad.py::test_trading_windows_are_s0_12', 'tests/test_k8_members_oilcad.py::test_exit_on_the_first_6c_bar_at_t_e_plus_14_resent_while_not_pending']
AO14 killed 207 2 ['tests/test_k8_members_oilcad.py::test_block_return_requires_a_positive_denominator', 'tests/test_k8_members_oilcad.py::test_a_zero_mcl_close_at_t_minus_6_leaves_r_t_undefined']
AO15 killed 205 4 ['tests/test_k8_members_oilcad.py::test_block_return_requires_a_positive_denominator', 'tests/test_k8_members_oilcad.py::test_z_exactly_2_trades_end_to_end']
AO16 killed 206 3 ['tests/test_k8_members_oilcad.py::test_scale_is_the_sample_standard_deviation_ddof_1', 'tests/test_k8_members_oilcad.py::test_scale_refuses_fewer_than_1000_values_and_a_zero_deviation']
AO17 killed 207 2 ['tests/test_k8_members_oilcad.py::test_scale_refuses_fewer_than_1000_values_and_a_zero_deviation', 'tests/test_k8_members_oilcad.py::test_n_1000_trades_and_n_999_does_not']
AO18 killed 207 2 ['tests/test_k8_members_oilcad.py::test_scale_refuses_fewer_than_1000_values_and_a_zero_deviation', 'tests/test_k8_members_oilcad.py::test_zero_scale_is_no_trade_on_d']
AO19 killed 205 4 ['tests/test_k8_members_oilcad.py::test_threshold_is_inclusive_at_exactly_2', 'tests/test_k8_members_oilcad.py::test_z_exactly_2_trades_end_to_end']
AO20 killed 204 5 ['tests/test_k8_members_oilcad.py::test_threshold_is_inclusive_at_exactly_2', 'tests/test_k8_members_oilcad.py::test_z_exactly_2_trades_end_to_end']
AO21 killed 204 5 ['tests/test_k8_members_oilcad.py::test_z_exactly_2_trades_end_to_end', 'tests/test_k8_members_oilcad.py::test_n_1000_trades_and_n_999_does_not']
AO22 killed 208 1 ['tests/test_k8_members_oilcad.py::test_an_mcl_bar_is_read_on_its_own_ct_date_only']
AO23 killed 208 1 ['tests/test_k8_members_oilcad.py::test_a_previous_dates_t_minus_6_bar_is_never_used']
AO24 killed 180 29 ['tests/test_k8_members_oilcad.py::test_first_and_last_decisions_trade', 'tests/test_k8_members_oilcad.py::test_r_t_reads_the_mcl_bars_at_t_minus_1_and_t_minus_6']
AO25 killed 208 1 ['tests/test_k8_members_oilcad.py::test_warm_up_20th_eligible_date_no_trade_21st_trades']
AO26 killed 208 1 ['tests/test_k8_members_oilcad.py::test_too_few_reference_dates_at_the_table_start_no_trade']
AO27 killed 195 14 ['tests/test_k8_members_oilcad.py::test_no_entry_while_a_position_or_a_pending_order_exists[1-0]', 'tests/test_k8_members_oilcad.py::test_no_entry_while_a_position_or_a_pending_order_exists[-1-0]']
AO28 killed 199 10 ['tests/test_k8_members_oilcad.py::test_exit_on_the_first_6c_bar_at_t_e_plus_14_resent_while_not_pending', 'tests/test_k8_members_oilcad.py::test_exit_of_a_short_buys_the_whole_position']
AO29 killed 207 2 ['tests/test_k8_members_oilcad.py::test_no_entry_while_a_position_or_a_pending_order_exists[0-1]', 'tests/test_k8_members_oilcad.py::test_no_entry_while_a_position_or_a_pending_order_exists[0--1]']
AO30 killed 208 1 ['tests/test_k8_members_oilcad.py::test_exit_on_the_first_6c_bar_at_t_e_plus_14_resent_while_not_pending']
AO31 killed 199 10 ['tests/test_k8_members_oilcad.py::test_exit_on_the_first_6c_bar_at_t_e_plus_14_resent_while_not_pending', 'tests/test_k8_members_oilcad.py::test_exit_of_a_short_buys_the_whole_position']
AO32 killed 197 12 ['tests/test_k8_members_oilcad.py::test_exit_on_the_first_6c_bar_at_t_e_plus_14_resent_while_not_pending', 'tests/test_k8_members_oilcad.py::test_exit_of_a_short_buys_the_whole_position']
AO33 killed 198 11 ['tests/test_k8_members_oilcad.py::test_exit_on_the_first_6c_bar_at_t_e_plus_14_resent_while_not_pending', 'tests/test_k8_members_oilcad.py::test_exit_of_a_short_buys_the_whole_position']
AO34 killed 208 1 ['tests/test_k8_members_oilcad.py::test_bars_are_identified_by_ct_date_not_trade_date_alone']
AO35 killed 208 1 ['tests/test_k8_members_oilcad.py::test_a_date_outside_oilcad_dates_never_trades']
AO36 killed 204 5 ['tests/test_k8_members_oilcad.py::test_c6_skips_09_30_on_a_standard_wpsr_date_and_not_09_35', 'tests/test_k8_members_oilcad.py::test_c6_skips_13_00_on_an_fomc_date']
AO37 killed 204 5 ['tests/test_k8_members_oilcad.py::test_c6_skips_09_30_on_a_standard_wpsr_date_and_not_09_35', 'tests/test_k8_members_oilcad.py::test_c6_skips_13_00_on_an_fomc_date']
AO38 killed 178 31 ['tests/test_k8_members_oilcad.py::test_first_and_last_decisions_trade', 'tests/test_k8_members_oilcad.py::test_r_t_reads_the_mcl_bars_at_t_minus_1_and_t_minus_6']
AO39 killed 183 26 ['tests/test_k8_members_oilcad.py::test_first_and_last_decisions_trade', 'tests/test_k8_members_oilcad.py::test_r_t_reads_the_mcl_bars_at_t_minus_1_and_t_minus_6']
AO40 killed 208 1 ['tests/test_k8_members_oilcad.py::test_factory_name_legs_size_and_protocol']
AO41 killed 208 1 ['tests/test_k8_members_oilcad.py::test_trading_windows_are_s0_12']
AO42 killed 178 31 ['tests/test_k8_members_oilcad.py::test_first_and_last_decisions_trade', 'tests/test_k8_members_oilcad.py::test_r_t_reads_the_mcl_bars_at_t_minus_1_and_t_minus_6']
AW01 killed 191 18 ['tests/test_k8_members_wkndbtc.py::test_research_window_mondays_and_no_mnq_guard_at_sunday_18_00', 'tests/test_k8_members_wkndbtc.py::test_buy_on_the_sunday_17_59_view_when_p_s_above_p_f']
AW02 killed 191 18 ['tests/test_k8_members_wkndbtc.py::test_research_window_mondays_and_no_mnq_guard_at_sunday_18_00', 'tests/test_k8_members_wkndbtc.py::test_buy_on_the_sunday_17_59_view_when_p_s_above_p_f']
AW03 killed 192 17 ['tests/test_k8_members_wkndbtc.py::test_trading_windows_are_s0_12', 'tests/test_k8_members_wkndbtc.py::test_buy_on_the_sunday_17_59_view_when_p_s_above_p_f']
AW04 killed 188 21 ['tests/test_k8_members_wkndbtc.py::test_trading_windows_are_s0_12', 'tests/test_k8_members_wkndbtc.py::test_buy_on_the_sunday_17_59_view_when_p_s_above_p_f']
AW05 killed 188 21 ['tests/test_k8_members_wkndbtc.py::test_trading_windows_are_s0_12', 'tests/test_k8_members_wkndbtc.py::test_buy_on_the_sunday_17_59_view_when_p_s_above_p_f']
AW06 killed 185 24 ['tests/test_k8_members_wkndbtc.py::test_trading_windows_are_s0_12', 'tests/test_k8_members_wkndbtc.py::test_buy_on_the_sunday_17_59_view_when_p_s_above_p_f']
AW07 killed 185 24 ['tests/test_k8_members_wkndbtc.py::test_trading_windows_are_s0_12', 'tests/test_k8_members_wkndbtc.py::test_buy_on_the_sunday_17_59_view_when_p_s_above_p_f']
AW08 killed 202 7 ['tests/test_k8_members_wkndbtc.py::test_trading_windows_are_s0_12', 'tests/test_k8_members_wkndbtc.py::test_exit_at_monday_14_58_resent_while_not_pending']
AW09 killed 204 5 ['tests/test_k8_members_wkndbtc.py::test_trading_windows_are_s0_12', 'tests/test_k8_members_wkndbtc.py::test_exit_at_monday_14_58_resent_while_not_pending']
AW10 killed 207 2 ['tests/test_k8_members_wkndbtc.py::test_research_window_mondays_and_no_mnq_guard_at_sunday_18_00', 'tests/test_k8_members_wkndbtc.py::test_a_non_monday_never_trades']
AW11 killed 207 2 ['tests/test_k8_members_wkndbtc.py::test_excluded_mondays_do_not_trade[monday0]', 'tests/test_k8_members_wkndbtc.py::test_is_trade_monday_needs_both_d_and_d_minus_3']
AW12 killed 205 4 ['tests/test_k8_members_wkndbtc.py::test_research_window_mondays_and_no_mnq_guard_at_sunday_18_00', 'tests/test_k8_members_wkndbtc.py::test_excluded_mondays_do_not_trade[monday1]']
AW13 killed 207 2 ['tests/test_k8_members_wkndbtc.py::test_g_zero_is_no_trade', 'tests/test_k8_members_wkndbtc.py::test_side_of_is_the_sign_of_the_tick_difference']
AW14 killed 192 17 ['tests/test_k8_members_wkndbtc.py::test_buy_on_the_sunday_17_59_view_when_p_s_above_p_f', 'tests/test_k8_members_wkndbtc.py::test_sell_when_p_s_below_p_f']
AW15 killed 206 3 ['tests/test_k8_members_wkndbtc.py::test_both_regimes_read_the_same_two_bars[monday1]', 'tests/test_k8_members_wkndbtc.py::test_a_saturday_mnq_bar_booked_to_monday_is_not_the_entry_bar']
AW16 killed 208 1 ['tests/test_k8_members_wkndbtc.py::test_a_saturday_mnq_bar_booked_to_monday_is_not_the_entry_bar']
AW17 killed 208 1 ['tests/test_k8_members_wkndbtc.py::test_mbt_sunday_bar_must_carry_trade_date_d']
AW18 killed 208 1 ['tests/test_k8_members_wkndbtc.py::test_p_f_comes_from_ct_date_d_minus_3_only_never_a_stale_friday']
AW19 killed 208 1 ['tests/test_k8_members_wkndbtc.py::test_one_instrument_id_across_p_f_and_p_s']
AW20 killed 207 2 ['tests/test_k8_members_wkndbtc.py::test_c6_tests_the_mnq_sunday_18_00_fill', 'tests/test_k8_members_wkndbtc.py::test_c6_skips_a_guarded_sunday_18_00_fill']
AW21 killed 207 2 ['tests/test_k8_members_wkndbtc.py::test_c6_tests_the_mnq_sunday_18_00_fill', 'tests/test_k8_members_wkndbtc.py::test_c6_skips_a_guarded_sunday_18_00_fill']
AW22 killed 203 6 ['tests/test_k8_members_wkndbtc.py::test_exit_at_monday_14_58_resent_while_not_pending', 'tests/test_k8_members_wkndbtc.py::test_exit_of_a_short_buys_and_a_missing_exit_bar_goes_to_the_next_bar']
AW23 killed 206 3 ['tests/test_k8_members_wkndbtc.py::test_exit_at_monday_14_58_resent_while_not_pending', 'tests/test_k8_members_wkndbtc.py::test_exit_of_a_short_buys_and_a_missing_exit_bar_goes_to_the_next_bar']
AW24 killed 205 4 ['tests/test_k8_members_wkndbtc.py::test_exit_at_monday_14_58_resent_while_not_pending', 'tests/test_k8_members_wkndbtc.py::test_every_exit_closes_the_whole_position']
AW25 killed 203 6 ['tests/test_k8_members_wkndbtc.py::test_exit_at_monday_14_58_resent_while_not_pending', 'tests/test_k8_members_wkndbtc.py::test_exit_of_a_short_buys_and_a_missing_exit_bar_goes_to_the_next_bar']
AW26 killed 203 6 ['tests/test_k8_members_wkndbtc.py::test_exit_at_monday_14_58_resent_while_not_pending', 'tests/test_k8_members_wkndbtc.py::test_exit_of_a_short_buys_and_a_missing_exit_bar_goes_to_the_next_bar']
AW27 killed 207 2 ['tests/test_k8_members_wkndbtc.py::test_no_entry_while_a_position_or_a_pending_order_exists[0-1]', 'tests/test_k8_members_wkndbtc.py::test_no_entry_while_a_position_or_a_pending_order_exists[0--1]']
AW28 killed 197 12 ['tests/test_k8_members_wkndbtc.py::test_buy_on_the_sunday_17_59_view_when_p_s_above_p_f', 'tests/test_k8_members_wkndbtc.py::test_sell_when_p_s_below_p_f']
AW29 killed 208 1 ['tests/test_k8_members_wkndbtc.py::test_factory_name_legs_size_and_protocol']
AW30 killed 193 16 ['tests/test_k8_members_wkndbtc.py::test_buy_on_the_sunday_17_59_view_when_p_s_above_p_f', 'tests/test_k8_members_wkndbtc.py::test_sell_when_p_s_below_p_f']
AW31 killed 208 1 ['tests/test_k8_members_wkndbtc.py::test_trading_windows_are_s0_12']
AR01 killed 205 4 ['tests/test_k8_members_tables.py::test_releases_source_is_the_frozen_calendar', 'tests/test_k8_members_tables.py::test_in_guard_edges']
AR02 killed 206 3 ['tests/test_k8_members_tables.py::test_releases_source_is_the_frozen_calendar', 'tests/test_k8_members_tables.py::test_in_guard_edges']
AR03 killed 199 10 ['tests/test_k8_members_tables.py::test_in_guard_edges', 'tests/test_k8_members_tables.py::test_mgc_guards_on_the_flight_fill_grid_are_the_fomc_1300_dates']
AR04 killed 207 2 ['tests/test_k8_members_tables.py::test_in_guard_edges', 'tests/test_k8_members_flight_exits.py::test_c6_tests_the_fill_minute_t_k_against_r_and_r_plus_2_min[658-True]']
AC01 killed 148 61 ['tests/test_k8_members_tables.py::test_previous_dates_are_the_k_most_recent_strictly_before_d', 'tests/test_k8_members_flight.py::test_k1_reads_the_0829_and_0834_bars']
AC02 killed 102 107 ['tests/test_k8_members_tables.py::test_previous_dates_are_the_k_most_recent_strictly_before_d', 'tests/test_k8_members_flight.py::test_the_entry_size_is_the_frozen_q_c']
AC03 killed 208 1 ['tests/test_k8_members_tables.py::test_member_dates_are_the_sorted_intersections']
AC04 SURVIVED 209 0 []
AC05 SURVIVED 209 0 []
{"elapsed_s": 593.0, "guarded_files_changed": [], "n_mutants": 134, "killed": 131, "survived": 3, "bad": 0}
