[inputs] q_c {'MGC': 1, '6C': 1, 'MNQ': 1} tick cents {'MGC': 100, '6C': 500, 'MNQ': 50} commission side cents {'MGC': 96, '6C': 211, 'MNQ': 61} instants {'MGC': 312, '6C': 513, 'MNQ': 313}
[inputs] slippage side-symmetric in every bucket: True
[0] freeze file sha256 99f5a6ce4f91fd63 members [('K8-flight-01 H30 MGC', 1), ('K8-flight-01 HEOD MGC', 2), ('K8-oilcad-01 6C', 3), ('K8-wkndbtc-01 MNQ', 4)]
[0] strategy/members/__init__.py: freeze e3b0c44298fc current e3b0c44298fc part1 n/a OK
[0] strategy/members/k8/__init__.py: freeze e3b0c44298fc current e3b0c44298fc part1 e3b0c44298fc OK
[0] strategy/members/k8/_calendar.py: freeze 1e10dc29234a current 1e10dc29234a part1 1e10dc29234a OK
[0] strategy/members/k8/_releases.py: freeze 2acb8ab3fb2d current 2acb8ab3fb2d part1 2acb8ab3fb2d OK
[0] strategy/members/k8/flight.py: freeze 020056632df9 current 020056632df9 part1 020056632df9 OK
[0] strategy/members/k8/oilcad.py: freeze b64db6b459c0 current b64db6b459c0 part1 b64db6b459c0 OK
[0] strategy/members/k8/wkndbtc.py: freeze 04847787d465 current 04847787d465 part1 04847787d465 OK
[0] part-1 files absent from the freeze: [] | all match: True
[1] K8-flight-01 H30 MGC: n 280 (record 280, screen 280) mean 4.269964285714 (record 4.269964285714, rel 0.0e+00) sd 73.209153680 (rel 0.0e+00) t 0.975973154454 (record 0.975973154454, rel 0.0e+00) passes False (record False) n_trips 55=55
    dates: sorted+unique True, first/last 2025-04-01/2026-06-12 = 2025-04-01/2026-06-12, weekdays only True, no excluded date in series True; daily_net_usd/(q_c x tick) == values True; non-zero days 55 <= trip dates 55: True; non-zero days all trip dates True; trip dates all in series True; trip dates with zero net 0
[1] K8-flight-01 HEOD MGC: n 280 (record 280, screen 280) mean 10.676392857143 (record 10.676392857143, rel 0.0e+00) sd 128.078745748 (rel 0.0e+00) t 1.394846752908 (record 1.394846752908, rel 0.0e+00) passes True (record True) n_trips 55=55
    dates: sorted+unique True, first/last 2025-04-01/2026-06-12 = 2025-04-01/2026-06-12, weekdays only True, no excluded date in series True; daily_net_usd/(q_c x tick) == values True; non-zero days 55 <= trip dates 55: True; non-zero days all trip dates True; trip dates all in series True; trip dates with zero net 0
[1] K8-oilcad-01 6C: n 255 (record 255, screen 255) mean -4.454352941176 (record -4.454352941176, rel 0.0e+00) sd 12.040836045 (rel 0.0e+00) t -5.907423044551 (record -5.907423044551, rel 0.0e+00) passes False (record False) n_trips 552=552
    dates: sorted+unique True, first/last 2025-04-01/2026-06-16 = 2025-04-01/2026-06-16, weekdays only True, no excluded date in series True; daily_net_usd/(q_c x tick) == values True; non-zero days 190 <= trip dates 190: True; non-zero days all trip dates True; trip dates all in series True; trip dates with zero net 0
[1] K8-wkndbtc-01 MNQ: n 250 (record 250, screen 250) mean 28.974880000000 (record 28.974880000000, rel 0.0e+00) sd 427.201387117 (rel 0.0e+00) t 1.072405409875 (record 1.072405409875, rel 0.0e+00) passes True (record True) n_trips 39=39
    dates: sorted+unique True, first/last 2025-04-01/2026-06-12 = 2025-04-01/2026-06-12, weekdays only True, no excluded date in series True; daily_net_usd/(q_c x tick) == values True; non-zero days 39 <= trip dates 39: True; non-zero days all trip dates True; trip dates all in series True; trip dates with zero net 0
[2] K8-flight-01 H30 MGC: my tier B (runner B, note 'fails the D5 screen'); record labels (), my D9 labels []; coverage {MES: 1.0000, MGC: 0.9990}; trade_rate max/day 1 min hold 20.0 mean hold 29.6
[2] K8-flight-01 HEOD MGC: my tier A (runner A, note 'passes the D5 screen'); record labels (), my D9 labels []; coverage {MES: 1.0000, MGC: 0.9990}; trade_rate max/day 1 min hold 20.0 mean hold 292.3
    sensitivity: without the top 1 day(s) [('2026-04-02', 849.9)]: mean 7.668 t 1.0853 (passes)
    sensitivity: without the top 2 day(s) [('2026-04-02', 849.9), ('2026-01-22', 775.9)]: mean 4.905 t 0.7513 (fails)
    sensitivity: without the top 3 day(s) [('2026-04-02', 849.9), ('2026-01-22', 775.9), ('2026-03-09', 665.9)]: mean 2.519 t 0.4129 (fails)
    (without the worst day 2026-06-09 -606.1: t 1.7520)
[2] K8-oilcad-01 6C: my tier B (runner B, note 'fails the D5 screen'); record labels (), my D9 labels []; coverage {6C: 0.9823, MCL: 0.9985}; trade_rate max/day 15 min hold 3.0 mean hold 15.0
[2] K8-wkndbtc-01 MNQ: my tier A (runner A, note 'passes the D5 screen'); record labels (), my D9 labels []; coverage {MBT: 0.9739, MNQ: 0.9980}; trade_rate max/day 1 min hold 2.0 mean hold 1226.8
    sensitivity: without the top 1 day(s) [('2026-06-08', 2267.6)]: mean 19.984 t 0.7810 (fails)
    sensitivity: without the top 2 day(s) [('2026-06-08', 2267.6), ('2025-05-12', 2106.6)]: mean 11.571 t 0.4768 (fails)
    sensitivity: without the top 3 day(s) [('2026-06-08', 2267.6), ('2025-05-12', 2106.6), ('2025-11-24', 1905.6)]: mean 3.903 t 0.1688 (fails)
    (without the worst day 2026-03-09 -2800.4: t 1.6383)
[2] cluster file: refused {} not_tiered {} power_check_undefined [] harness 9a8ebe7364be records' harness all equal: True
[3] K8-flight-01 HEOD MGC: trips 55=55; record_sha256 5bbc9ae70c8adbd3 == file 5bbc9ae70c8adbd3: True; status run schema stage_e_member_trips/1
    net rebuilt = gross - 2 x 96 c - slippage(entry bucket, event?) - slippage(exit bucket, event? or D9.7 forced): trips matching exactly 55/55; event-window fills entry 1 exit 0; daily sums vs daily_net_usd and series: mismatching days 0; trip days outside the series []
    gross: not checkable without prices (the trip list carries no fill prices)
[3] K8-wkndbtc-01 MNQ: trips 39=39; record_sha256 9d29d80b3808680c == file 9d29d80b3808680c: True; status run schema stage_e_member_trips/1
    net rebuilt = gross - 2 x 61 c - slippage(entry bucket, event?) - slippage(exit bucket, event? or D9.7 forced): trips matching exactly 39/39; event-window fills entry 0 exit 1; daily sums vs daily_net_usd and series: mismatching days 0; trip days outside the series []
    gross: not checkable without prices (the trip list carries no fill prices)
[3] K8-oilcad-01 6C: trips 552=552; record_sha256 89ddd825b397a50e == file 89ddd825b397a50e: True; status run schema stage_e_member_trips/1
    net rebuilt = gross - 2 x 211 c - slippage(entry bucket, event?) - slippage(exit bucket, event? or D9.7 forced): trips matching exactly 552/552; event-window fills entry 19 exit 20; daily sums vs daily_net_usd and series: mismatching days 0; trip days outside the series []
    gross: not checkable without prices (the trip list carries no fill prices)
[4w] eligible Mondays (1b B) 54; excluded among them: roll 14, UR-1 0, not-every-leg 0; expected trip Mondays 40; trips 39 on 39 dates
    unexplained Mondays (expected, no trip): ['2026-03-16']; trips on unexpected dates: []; duplicates []; all trip dates in WKNDBTC_DATES and d-3 too: True
    entry fills Sunday 18:00 CT: 39/39; exit fills Monday 14:59 (strategy): 38; deviations: [('2025-04-07', 'Sun 18:00', 'Sun 18:02', 'price_limit_exit', 2.0, 1896)]
    guard at any wkndbtc fill (MNQ): 0; trips before the 24/7 change 38, after 1 (after: ['2026-06-08'])
[4f] K8-flight-01 H30 MGC: trips 55; all on FLIGHT_DATES True; all in the series True; <=1 per date True; entry fills on the grid 08:35..14:55 True; entries inside an MGC guard []; entries at 13:00 ['2025-11-17'] of which on an FOMC date []
    exits at T_e + 30 or 15:05 (when T_e + 30 > 15:05): deviations []; holds [(20.0, 2), (30.0, 53)]
[4f] K8-flight-01 HEOD MGC: trips 55; all on FLIGHT_DATES True; all in the series True; <=1 per date True; entry fills on the grid 08:35..14:55 True; entries inside an MGC guard []; entries at 13:00 ['2025-11-17'] of which on an FOMC date []
    exits at 15:05: deviations []; min hold 20.0 max 390.0
[4f] H30 and HEOD identical entry (date, fill instant): True (sides: both BUY by construction; the trip list carries no side; the gross signs differ per trip as the exits differ)
[4f] HEOD (entry in event window, exit in event window) counts: {(False, False): 54, (True, False): 1}
[4o] oilcad trips 552 on 190 dates; all on OILCAD_DATES True; max per day 15 (<= 17 True); entries off the 08:05..13:25 grid []; entries inside a 6C guard []; days with entries < 20 min apart []
    entry fills at a guarded minute of their date (R or R+1 for WPSR/NFP/FOMC rows naming 6C): []
[4o] exits not at T_e + 15: 11
     ('2025-07-25', '12:35', 16.0, 'not a guard: a missing 6C bar at the nominal minute 12:50 (fill 12:51)')
     ('2025-08-08', '12:10', 16.0, 'not a guard: a missing 6C bar at the nominal minute 12:25 (fill 12:26)')
     ('2025-09-10', '10:50', 16.0, 'not a guard: a missing 6C bar at the nominal minute 11:05 (fill 11:06)')
     ('2025-09-26', '09:05', '09:09', 'mll_liquidation', 4.0, -1000, -2008)
     ('2025-10-06', '10:20', 16.0, 'not a guard: a missing 6C bar at the nominal minute 10:35 (fill 10:36)')
     ('2025-10-08', '09:15', 17.0, 'D9.5a exit deferral (nominal 09:30 in [R=09:30, R+2); fill 09:32 == R+2)')
     ('2025-10-13', '08:10', 16.0, 'not a guard: a missing 6C bar at the nominal minute 08:25 (fill 08:26)')
     ('2026-03-04', '09:15', 17.0, 'D9.5a exit deferral (nominal 09:30 in [R=09:30, R+2); fill 09:32 == R+2)')
     ('2026-03-04', '10:05', '10:08', 'mll_liquidation', 3.0, -1500, -2520)
     ('2026-05-06', '09:15', 17.0, 'D9.5a exit deferral (nominal 09:30 in [R=09:30, R+2); fill 09:32 == R+2)')
     ('2026-05-20', '09:15', 17.0, 'D9.5a exit deferral (nominal 09:30 in [R=09:30, R+2); fill 09:32 == R+2)')
    implied fill_guard_deferral counts from exit deferrals: 8 (record counter 8); entry fills that are exactly R+2 of a 6C instant (a deferred entry would land there): []
    oilcad event-window fills: entries 19, exits 20
[5] screened 4 ['K8-flight-01 H30 MGC', 'K8-flight-01 HEOD MGC', 'K8-oilcad-01 6C', 'K8-wkndbtc-01 MNQ']; statuses Counter({'run': 4}); refused {} not_tiered {}; records == freeze declarations True; record ordinals [('K8-flight-01 H30 MGC', 1), ('K8-flight-01 HEOD MGC', 2), ('K8-oilcad-01 6C', 3), ('K8-wkndbtc-01 MNQ', 4)]; N = 194 + 4 = 198
    files in the screen dir not belonging to a declared trial: []
[6] K8-flight-01 H30 MGC: accounts_started 1 (MLL restarts 0); counters {'engine_not_a_window_date': 10}; locked_trips 0
[6] K8-flight-01 HEOD MGC: accounts_started 1 (MLL restarts 0); counters {'engine_not_a_window_date': 10}; locked_trips 0
[6] K8-oilcad-01 6C: accounts_started 3 (MLL restarts 2); counters {'account_not_active': 7, 'engine_not_a_window_date': 158, 'fill_guard_deferral': 8, 'mll_liquidation': 2}; locked_trips 0
[6] K8-wkndbtc-01 MNQ: accounts_started 1 (MLL restarts 0); counters {'engine_not_a_window_date': 2, 'price_limit_exit': 1}; locked_trips 0
[6] oilcad MLL trips: [('2025-09-26', '09:05', '09:09', 4.0, -2008), ('2026-03-04', '10:05', '10:08', 3.0, -2520)]; their net -9.06 ticks of a series total -1135.86 ticks over 255 days
    with the two MLL trips set to zero: mean -4.4188 t -5.8886 (still fails: mean < 0 True); refused intents while terminal (account_not_active) 7: to lift the mean to 0 they would need 162.3 net ticks each (6C tick 0.00005: 0.00811 USD/CAD per 15-minute trade); to reach t = 1 with the same sd they would need a mean of 0.750 ticks/day, i.e. a total of 1327.2 ticks from 7 trades
PART2 DONE
