[equity] mine 1779 module 1779 research mine 303 | only_mine [] only_module []
   halt/F disagreements 0; weekend trade dates 0; booked-forward weekdays 0
[crypto] mine 1782 module 1782 research mine 304 | only_mine [] only_module []
   halt/F disagreements 1; weekend trade dates 0; booked-forward weekdays 31
    2024-07-03 halt=None F=11:30:00 (tests disagree)
[metals] mine 1783 module 1783 research mine 304 | only_mine [] only_module []
   halt/F disagreements 1; weekend trade dates 0; booked-forward weekdays 0
    2024-07-03 halt=None F=11:30:00 (tests disagree)
[energy] mine 1783 module 1783 research mine 304 | only_mine [] only_module []
   halt/F disagreements 1; weekend trade dates 0; booked-forward weekdays 0
    2024-07-03 halt=None F=11:30:00 (tests disagree)
[fx] mine 1783 module 1783 research mine 304 | only_mine [] only_module []
   halt/F disagreements 31; weekend trade dates 0; booked-forward weekdays 0
    2022-01-17 halt=None F=11:30:00 (tests disagree)
    2022-02-21 halt=None F=11:30:00 (tests disagree)
    2022-05-30 halt=None F=11:30:00 (tests disagree)
    2022-06-20 halt=None F=11:30:00 (tests disagree)
    2022-07-04 halt=None F=11:30:00 (tests disagree)
    2022-09-05 halt=None F=11:30:00 (tests disagree)
    2022-11-24 halt=None F=11:30:00 (tests disagree)
    2023-01-16 halt=None F=11:30:00 (tests disagree)
    2023-02-20 halt=None F=11:30:00 (tests disagree)
    2023-05-29 halt=None F=11:30:00 (tests disagree)
    2023-06-19 halt=None F=11:30:00 (tests disagree)
    2023-07-04 halt=None F=11:30:00 (tests disagree)
    2023-09-04 halt=None F=11:30:00 (tests disagree)
    2023-11-23 halt=None F=11:30:00 (tests disagree)
    2024-01-15 halt=None F=11:30:00 (tests disagree)
    2024-02-19 halt=None F=11:30:00 (tests disagree)
    2024-05-27 halt=None F=11:30:00 (tests disagree)
    2024-06-19 halt=None F=11:30:00 (tests disagree)
    2024-07-03 halt=None F=11:30:00 (tests disagree)
    2024-07-04 halt=None F=11:30:00 (tests disagree)
    2024-09-02 halt=None F=11:30:00 (tests disagree)
    2024-11-28 halt=None F=11:30:00 (tests disagree)
    2025-01-20 halt=None F=11:30:00 (tests disagree)
    2025-02-17 halt=None F=11:30:00 (tests disagree)
    2025-05-26 halt=None F=11:30:00 (tests disagree)
    2025-06-19 halt=None F=11:30:00 (tests disagree)
    2025-09-01 halt=None F=11:30:00 (tests disagree)
    2025-11-27 halt=None F=11:30:00 (tests disagree)
    2026-01-19 halt=None F=11:45:00 (tests disagree)
    2026-02-16 halt=None F=11:45:00 (tests disagree)
    2026-05-25 halt=None F=11:45:00 (tests disagree)
[FLIGHT_DATES] mine 1779 module 1779 research 303 | symdiff []
[OILCAD_DATES] mine 1783 module 1783 research 304 | symdiff []
[WKNDBTC_DATES] mine 1779 module 1779 research 303 | symdiff []
[wkndbtc] research Mondays with d and d-3 in WKNDBTC_DATES: 54; after 2026-05-29: ['2026-06-01', '2026-06-08', '2026-06-15']
[wkndbtc] research Mondays 63, excluded 9: ['2025-04-21', '2025-05-26', '2025-07-07', '2025-09-01', '2025-12-01', '2026-01-19', '2026-02-16', '2026-04-06', '2026-05-25']
[earlier equity] earlier 1779 (2019-05-01..2026-06-18); only_earlier []; only_k8 []
[earlier fx] earlier 1797 (2019-05-01..2026-06-18); only_earlier ['2022-01-17', '2022-02-21', '2022-05-30', '2022-06-20', '2022-07-04', '2022-09-05', '2022-11-24', '2023-01-16', '2023-02-20', '2023-05-29', '2023-06-19', '2023-07-04', '2023-09-04', '2023-11-23']; only_k8 []
[earlier energy] earlier 1784 (2019-05-01..2026-06-18); only_earlier ['2024-07-03']; only_k8 []
[earlier metals] earlier 1784 (2019-05-01..2026-06-18); only_earlier ['2024-07-03']; only_k8 []
[earlier crypto] earlier 1782 (2019-05-01..2026-06-18); only_earlier []; only_k8 []
[releases] schema stage_e_release_calendar/1 coverage {'first': '2019-05-01', 'last': '2026-06-21'} rows 2609
[releases] rows naming a K8 root outside the table range: []
[releases] rows whose CT date differs from 'date': [] (count 0)
[guard MGC] rebuilt 312 module 312 engine 312 | module^rebuilt [] | module^engine [] | research 52
[guard MGC] in_guard vs engine.in_fill_guard disagreements at edges: 0
[guard 6C] rebuilt 513 module 513 engine 513 | module^rebuilt [] | module^engine [] | research 88
[guard 6C] in_guard vs engine.in_fill_guard disagreements at edges: 0
[guard MNQ] rebuilt 313 module 313 engine 313 | module^rebuilt [] | module^engine [] | research 53
[guard MNQ] in_guard vs engine.in_fill_guard disagreements at edges: 0
[R-1b-1] WPSR-2025-12-29 in rows: True; WPSR-2026-05-28 in rows: True
[A3 MGC] research instants meeting a fill minute: 10 ['2025-05-07 13:00+0', '2025-06-18 13:00+0', '2025-07-30 13:00+0', '2025-09-17 13:00+0', '2025-10-29 13:00+0', '2025-12-10 13:00+0', '2026-01-28 13:00+0', '2026-03-18 13:00+0', '2026-04-29 13:00+0', '2026-06-17 13:00+0']
[A3 6C] research instants meeting a fill minute: 73 ['2025-04-02 09:30+0', '2025-04-09 09:30+0', '2025-04-16 09:30+0', '2025-04-23 09:30+0', '2025-04-30 09:30+0', '2025-05-07 09:30+0', '2025-05-07 13:00+0', '2025-05-14 09:30+0', '2025-05-21 09:30+0', '2025-05-29 11:00+0', '2025-06-04 09:30+0', '2025-06-11 09:30+0', '2025-06-18 09:30+0', '2025-06-18 13:00+0', '2025-06-25 09:30+0', '2025-07-02 09:30+0', '2025-07-09 09:30+0', '2025-07-16 09:30+0', '2025-07-23 09:30+0', '2025-07-30 09:30+0', '2025-07-30 13:00+0', '2025-08-06 09:30+0', '2025-08-13 09:30+0', '2025-08-20 09:30+0', '2025-08-27 09:30+0', '2025-09-04 11:00+0', '2025-09-10 09:30+0', '2025-09-17 09:30+0', '2025-09-17 13:00+0', '2025-09-24 09:30+0', '2025-10-01 09:30+0', '2025-10-08 09:30+0', '2025-10-16 11:00+0', '2025-10-22 09:30+0', '2025-10-29 09:30+0', '2025-10-29 13:00+0', '2025-11-05 09:30+0', '2025-11-13 11:00+0', '2025-11-19 09:30+0', '2025-11-26 09:30+0', '2025-12-03 09:30+0', '2025-12-10 09:30+0', '2025-12-10 13:00+0', '2025-12-17 09:30+0', '2025-12-31 09:30+0', '2026-01-07 09:30+0', '2026-01-14 09:30+0', '2026-01-22 11:00+0', '2026-01-28 09:30+0', '2026-01-28 13:00+0', '2026-02-04 09:30+0', '2026-02-11 09:30+0', '2026-02-19 11:00+0', '2026-02-25 09:30+0', '2026-03-04 09:30+0', '2026-03-11 09:30+0', '2026-03-18 09:30+0', '2026-03-18 13:00+0', '2026-03-25 09:30+0', '2026-04-01 09:30+0', '2026-04-08 09:30+0', '2026-04-15 09:30+0', '2026-04-22 09:30+0', '2026-04-29 09:30+0', '2026-04-29 13:00+0', '2026-05-06 09:30+0', '2026-05-13 09:30+0', '2026-05-20 09:30+0', '2026-05-28 11:00+0', '2026-06-03 09:30+0', '2026-06-10 09:30+0', '2026-06-17 09:30+0', '2026-06-17 13:00+0']
[A3 MNQ] research instants meeting a fill minute: 0 []
