[static] strategy/members/k8/__init__.py: 0 bytes, problems []
[static] strategy/members/k8/_calendar.py: 30150 bytes, problems []
[static] strategy/members/k8/_releases.py: 50543 bytes, problems []
[static] strategy/members/k8/flight.py: 15667 bytes, problems []
[static] strategy/members/k8/oilcad.py: 13028 bytes, problems []
[static] strategy/members/k8/wkndbtc.py: 9031 bytes, problems []
[static] fractions allowed: False; statistics allowed: True
[vehicle] MGC q_c 1
[vehicle] 6C q_c 1
[vehicle] MNQ q_c 1
[decl] strategy.members.k8.flight.make_h30: name='K8-flight-01 H30 MGC' legs=[('MGC', True), ('MES', False)] protocol=True
       window MGC: [08:34 d+0, 15:06 d+0)
       window MES: [08:29 d+0, 14:55 d+0)
       size attribute 1
[decl] strategy.members.k8.flight.make_heod: name='K8-flight-01 HEOD MGC' legs=[('MGC', True), ('MES', False)] protocol=True
       window MGC: [08:34 d+0, 15:06 d+0)
       window MES: [08:29 d+0, 14:55 d+0)
       size attribute 1
[decl] strategy.members.k8.oilcad.make_6c: name='K8-oilcad-01 6C' legs=[('6C', True), ('MCL', False)] protocol=True
       window 6C: [08:04 d+0, 13:41 d+0)
       window MCL: [07:59 d+0, 13:25 d+0)
       size attribute 1
[decl] strategy.members.k8.wkndbtc.make_mnq: name='K8-wkndbtc-01 MNQ' legs=[('MNQ', True), ('MBT', False)] protocol=True
       window MNQ: [17:59 d-1, 18:01 d-1); [14:58 d+0, 15:00 d+0)
       window MBT: [17:59 d-1, 18:00 d-1); [14:59 d+0, 15:00 d+0)
       size attribute 1
[fields] flight.py: ['close', 'instrument_id', 'trade_date', 'ts_event_ns']
[fields] flight.py: account.['pending', 'position'] view.['bar', 'bars', 'decision_ts_ns', 'ts_event_ns']
[intents] flight.py: ['leg_market_intent(view, TRADED, "buy", self._q_c)', 'leg_market_intent(view, TRADED, side, abs(position)']
[fields] oilcad.py: ['close', 'instrument_id', 'trade_date', 'ts_event_ns']
[fields] oilcad.py: account.['pending', 'position'] view.['bar', 'bars', 'ts_event_ns']
[intents] oilcad.py: ['leg_market_intent(view, TRADED, side, abs(position)', 'leg_market_intent(view, TRADED, side, self._q)']
[fields] wkndbtc.py: ['close', 'instrument_id', 'trade_date', 'ts_event_ns']
[fields] wkndbtc.py: account.['pending', 'position'] view.['bar']
[intents] wkndbtc.py: ['leg_market_intent(view, TRADED, side, abs(position)', 'leg_market_intent(view, TRADED, side, self._q)']
