tiers {"cluster": "K1", "members": [{"labels": [], "member_id": "K1-cp1-01 MNQ", "note": "fails the D5 screen", "screen": {"mean_ticks": 4.472508361204012, "member_id": "K1-cp1-01 MNQ", "n_days": 299, "n_trips": 284, "passes": false, "sd_pop_ticks": 232.09811687787692, "t_daily": 0.33320778411430935}, "tier": "B"}, {"labels": [], "member_id": "K1-cp1-01 M2K", "note": "fails the D5 screen", "screen": {"mean_ticks": -2.9538461538461527, "member_id": "K1-cp1-01 M2K", "n_days": 299, "n_trips": 285, "passes": false, "sd_pop_ticks": 52.373307144580934, "t_daily": -0.9752444055185701}, "tier": "B"}, {"labe
not_tiered {} refused {} power_undef []
window "research"
1 K1-cp1-01 MNQ run trips 284 days 299 mean 4.4725 t 0.333 pass False cov {'MNQ': 0.9998} labels [] mll 1 acc 2 power {'reason': "StartRuleMissing: no frozen  rate {'entry_cap_refusals': 0, 'max_entries_per_product_day': 1, 'mean_hold_minutes': 28.954225352112676, 'min_hold_minutes':
   counters {'engine_not_a_window_date': 11, 'mll_liquidation': 1}
2 K1-cp1-01 M2K run trips 285 days 299 mean -2.9538 t -0.975 pass False cov {'M2K': 0.9998} labels [] mll 1 acc 2 power {'reason': "StartRuleMissing: no frozen  rate {'entry_cap_refusals': 0, 'max_entries_per_product_day': 1, 'mean_hold_minutes': 28.950877192982457, 'min_hold_minutes':
   counters {'engine_not_a_window_date': 11, 'mll_liquidation': 1}
3 K1-cp1-01 MYM run trips 286 days 299 mean -8.2648 t -1.822 pass False cov {'MYM': 0.9999} labels [] mll 2 acc 3 power {'reason': "StartRuleMissing: no frozen  rate {'entry_cap_refusals': 0, 'max_entries_per_product_day': 1, 'mean_hold_minutes': 28.87062937062937, 'min_hold_minutes': 
   counters {'engine_not_a_window_date': 11, 'mll_liquidation': 2}
4 K1-cp2-01 MNQ run trips 296 days 299 mean -8.4855 t -0.293 pass False cov {'MNQ': 1.0} labels [] mll 2 acc 3 power {'reason': "StartRuleMissing: no frozen  rate {'entry_cap_refusals': 0, 'max_entries_per_product_day': 1, 'mean_hold_minutes': 74.78378378378379, 'min_hold_minutes': 
   counters {'engine_not_a_window_date': 17, 'engine_price_limit_reference_unavailable': 1, 'mll_liquidation': 2, 'price_limit_exit': 2}
5 K1-cp2-01 M2K run trips 297 days 299 mean 2.8543 t 0.366 pass False cov {'M2K': 0.9996} labels [] mll 0 acc 1 power {'reason': "StartRuleMissing: no frozen  rate {'entry_cap_refusals': 0, 'max_entries_per_product_day': 1, 'mean_hold_minutes': 74.5993265993266, 'min_hold_minutes': 3
   counters {'engine_not_a_window_date': 17, 'engine_price_limit_reference_unavailable': 1, 'fill_guard_deferral': 2, 'price_limit_exit': 2}
6 K1-cp2-01 MYM run trips 295 days 299 mean -10.7871 t -1.071 pass False cov {'MYM': 0.9998} labels [] mll 5 acc 6 power {'reason': "StartRuleMissing: no frozen  rate {'entry_cap_refusals': 0, 'max_entries_per_product_day': 1, 'mean_hold_minutes': 74.11525423728814, 'min_hold_minutes': 
   counters {'engine_not_a_window_date': 17, 'engine_price_limit_reference_unavailable': 1, 'fill_guard_deferral': 1, 'mll_liquidation': 5}
7 K1-cp3-01 MNQ run trips 118 days 299 mean 10.3082 t 0.285 pass False cov {'MNQ': 1.0} labels [] mll 4 acc 5 power {'reason': "StartRuleMissing: no frozen  rate {'entry_cap_refusals': 0, 'max_entries_per_product_day': 1, 'mean_hold_minutes': 374.4491525423729, 'min_hold_minutes': 
   counters {'engine_not_a_window_date': 4, 'mll_liquidation': 4, 'price_limit_exit': 2}
8 K1-cp3-01 M2K run trips 140 days 299 mean -14.1300 t -1.287 pass False cov {'M2K': 0.9996} labels [] mll 6 acc 7 power {'reason': "StartRuleMissing: no frozen  rate {'entry_cap_refusals': 0, 'max_entries_per_product_day': 1, 'mean_hold_minutes': 369.8, 'min_hold_minutes': 0.0, 'min_ho
   counters {'engine_not_a_window_date': 6, 'mll_liquidation': 6, 'price_limit_exit': 3}
9 K1-cp3-01 MYM run trips 131 days 299 mean -16.1497 t -1.218 pass False cov {'MYM': 0.9998} labels [] mll 8 acc 9 power {'reason': "StartRuleMissing: no frozen  rate {'entry_cap_refusals': 0, 'max_entries_per_product_day': 1, 'mean_hold_minutes': 370.42748091603056, 'min_hold_minutes':
   counters {'engine_not_a_window_date': 3, 'mll_liquidation': 8, 'price_limit_exit': 1}
10 K1-vxnband-01 MNQ run trips 25 days 299 mean -11.5237 t -0.775 pass False cov {'MNQ': 1.0} labels [] mll 1 acc 2 power {'reason': "StartRuleMissing: no frozen  rate {'entry_cap_refusals': 0, 'max_entries_per_product_day': 1, 'mean_hold_minutes': 29.64, 'min_hold_minutes': 21.0, 'min_h
   counters {'mll_liquidation': 1}
11 K1-vwap-01 MNQ run trips 3502 days 299 mean -56.3758 t -1.115 pass False cov {'MNQ': 1.0} labels [] mll 8 acc 9 power {'reason': "StartRuleMissing: no frozen  rate {'entry_cap_refusals': 0, 'max_entries_per_product_day': 20, 'mean_hold_minutes': 28.888349514563107, 'min_hold_minutes'
   counters {'account_not_active': 104, 'engine_not_a_window_date': 320, 'engine_price_limit_reference_unavailable': 20, 'fill_guard_deferral': 10, 'mll_liquidation': 8, 'price_limit_exit': 4, 'price_limit_zone_no_entry': 9}
