03:20:52 start ZT B1
03:20:52 start ZF B1
03:21:12 end ZT B1 rc=0
03:21:12 end ZF B1 rc=0
03:21:12 start ZN B1
03:21:12 start TN B1
03:21:32 end ZN B1 rc=0
03:21:32 end TN B1 rc=0
03:21:32 start ZB B1
03:21:32 start UB B1
03:21:52 end ZB B1 rc=0
03:21:52 end UB B1 rc=0
03:21:52 start MCL B1
03:21:52 start NG B1
03:22:12 end MCL B1 rc=0
03:22:12 end NG B1 rc=0
03:22:12 start MGC B1
03:22:12 start MHG B1
03:22:32 end MGC B1 rc=0
03:22:32 end MHG B1 rc=0
03:22:32 start 6E B1
03:22:32 start 6A B1
03:22:52 end 6E B1 rc=0
03:22:52 end 6A B1 rc=0
03:22:52 start 6B B1
03:22:52 start 6C B1
03:23:12 end 6B B1 rc=0
03:23:12 end 6C B1 rc=0
03:23:12 start 6J B1
03:23:12 start 6S B1
03:23:32 end 6J B1 rc=0
03:23:32 end 6S B1 rc=0
03:23:32 start 6N B1
03:23:32 start ZC B1
03:27:54 end 6N B1 rc=0
03:27:54 start ZW B1
03:46:43 end ZC B1 rc=0
03:46:43 start ZS B1
04:08:54 end ZW B1 rc=0
04:08:54 start ZM B1
04:27:24 end ZS B1 rc=0
04:27:24 start ZL B1
04:49:35 end ZM B1 rc=0
04:49:36 start HE B1
05:08:26 end ZL B1 rc=0
05:08:26 start LE B1
05:29:18 end HE B1 rc=0
05:29:19 start MBT B1
05:31:40 end LE B1 rc=0
05:31:40 start MNQ B1
05:48:50 end MNQ B1 rc=0
05:48:50 start M2K B1
06:22:11 end MBT B1 rc=0
06:22:11 start MYM B1
06:25:13 end M2K B1 rc=0
06:36:18 end MYM B1 rc=0
06:36:18 B1 done
06:36:18 start ZB B2
06:36:18 start UB B2
06:43:23 end ZB B2 rc=0
06:43:23 start MCL B2
06:44:03 end UB B2 rc=0
06:44:03 start NG B2
06:59:15 end NG B2 rc=0
06:59:15 start 6S B2
07:00:36 end MCL B2 rc=0
07:00:36 start LE B2
07:09:04 end 6S B2 rc=0
07:09:04 start MNQ B2
07:14:48 end LE B2 rc=0
07:14:48 start MYM B2
07:17:09 end MYM B2 rc=0
07:19:11 end MNQ B2 rc=0
07:19:11 B2 done
