18:05:19 start ZT B1
18:05:19 start ZF B1
18:05:39 end ZT B1 rc=0
18:05:39 end ZF B1 rc=0
18:05:39 start ZN B1
18:05:39 start TN B1
18:05:59 end ZN B1 rc=0
18:05:59 end TN B1 rc=0
18:05:59 start ZB B1
18:05:59 start UB B1
18:06:19 end ZB B1 rc=0
18:06:19 end UB B1 rc=0
18:06:19 start MCL B1
18:06:19 start NG B1
18:06:39 end MCL B1 rc=0
18:06:39 end NG B1 rc=0
18:06:39 start MGC B1
18:06:39 start MHG B1
18:06:59 end MGC B1 rc=0
18:06:59 start 6E B1
18:36:29 end MHG B1 rc=0
18:36:29 start 6A B1
18:52:35 end 6E B1 rc=0
18:52:35 start 6B B1
19:30:09 end 6A B1 rc=0
19:30:09 start 6C B1
19:43:37 end 6B B1 rc=0
19:43:37 start 6J B1
20:29:20 end 6C B1 rc=0
20:29:20 start 6S B1
20:45:06 end 6J B1 rc=0
20:45:06 start 6N B1
21:12:19 end 6S B1 rc=0
21:12:19 start ZC B1
