17:42:21 start ZT B1
17:42:21 start ZF B1
17:42:41 end ZT B1 rc=0
17:42:41 end ZF B1 rc=0
17:42:41 start ZN B1
17:42:41 start TN B1
17:43:01 end ZN B1 rc=0
17:43:01 end TN B1 rc=0
17:43:01 start ZB B1
17:43:01 start UB B1
17:43:21 end ZB B1 rc=0
17:43:21 end UB B1 rc=0
17:43:21 start MCL B1
17:43:21 start NG B1
17:43:41 end MCL B1 rc=0
17:43:41 end NG B1 rc=0
17:43:41 start MGC B1
17:43:41 start MHG B1
17:49:43 end MGC B1 rc=0
17:49:43 start 6E B1
Traceback (most recent call last):
  File "<frozen runpy>", line 198, in _run_module_as_main
  File "<frozen runpy>", line 88, in _run_code
  File "/home/kiros-li/Documents/GitHub/PropExperiment/funnel/exposure_gate_run.py", line 669, in <module>
    main()
  File "/home/kiros-li/Documents/GitHub/PropExperiment/funnel/exposure_gate_run.py", line 659, in main
    drive(args.phases, args.parallel, args.workers, args.peak_estimate_gb, args.early_stop)
  File "/home/kiros-li/Documents/GitHub/PropExperiment/funnel/exposure_gate_run.py", line 605, in drive
    compute["peak_memory"] = (json.loads(mem_file.read_text())
                              ^^^^^^^^^^^^^^^^^^^^^^^^^^^^^^^^
  File "/home/kiros-li/.local/share/uv/python/cpython-3.12.13-linux-x86_64-gnu/lib/python3.12/json/__init__.py", line 346, in loads
    return _default_decoder.decode(s)
           ^^^^^^^^^^^^^^^^^^^^^^^^^^
  File "/home/kiros-li/.local/share/uv/python/cpython-3.12.13-linux-x86_64-gnu/lib/python3.12/json/decoder.py", line 338, in decode
    obj, end = self.raw_decode(s, idx=_w(s, 0).end())
               ^^^^^^^^^^^^^^^^^^^^^^^^^^^^^^^^^^^^^^
  File "/home/kiros-li/.local/share/uv/python/cpython-3.12.13-linux-x86_64-gnu/lib/python3.12/json/decoder.py", line 356, in raw_decode
    raise JSONDecodeError("Expecting value", s, err.value) from None
json.decoder.JSONDecodeError: Expecting value: line 1 column 1 (char 0)
