MES null comparison sample standard: 14s
  MES standard|T1|p0.5|R2.0: 28.5s net/day 122.24 robust_c80=pass (0.8281)
MES null comparison sample consistency: 15s
  MES consistency|T4|p0.58|R1.0: 65.4s net/day 84.41 robust_c80=marginal (0.8043)
  MES standard|T16|p0.55|R1.0: 126.5s net/day 45.33 robust_c80=fail (0.2486)
[
 {
  "cell": "standard|T1|p0.5|R2.0",
  "T": 1,
  "wall_seconds": 28.5,
  "rows_equal_to_regression_run": true,
  "regression_wall_seconds": 20.6
 },
 {
  "cell": "consistency|T4|p0.58|R1.0",
  "T": 4,
  "wall_seconds": 65.4,
  "rows_equal_to_regression_run": true,
  "regression_wall_seconds": 46.9
 },
 {
  "cell": "standard|T16|p0.55|R1.0",
  "T": 16,
  "wall_seconds": 126.5,
  "rows_equal_to_regression_run": true,
  "regression_wall_seconds": 93.2
 }
] {'peak_pss_mb': 349.8}
