MES null comparison sample consistency: 12s
  MES consistency|T2|p0.6|R1.0: 31.0s net/day 87.48 robust_c80=pass (0.8121)
  MES consistency|T4|p0.58|R1.0: 46.9s net/day 84.41 robust_c80=marginal (0.8043)
MES null comparison sample standard: 10s
  MES standard|T1|p0.5|R2.0: 20.6s net/day 122.24 robust_c80=pass (0.8281)
  MES standard|T1|p0.47|R2.0: 17.2s net/day 99.29 robust_c80=fail (0.6635)
  MES standard|T8|p0.55|R1.0: 51.7s net/day 47.59 robust_c80=fail (0.2796)
  MES standard|T16|p0.55|R1.0: 93.2s net/day 45.33 robust_c80=fail (0.2486)
  MES standard|T32|p0.425|R2.0: 437.4s net/day 188.50 robust_c80=pass (0.9939)
{
 "all_equal": true,
 "cells": [
  [
   "consistency|T2|p0.6|R1.0",
   true,
   true,
   53,
   31.0
  ],
  [
   "consistency|T4|p0.58|R1.0",
   true,
   true,
   54,
   46.9
  ],
  [
   "standard|T1|p0.5|R2.0",
   true,
   true,
   53,
   20.6
  ],
  [
   "standard|T1|p0.47|R2.0",
   true,
   true,
   54,
   17.2
  ],
  [
   "standard|T8|p0.55|R1.0",
   true,
   true,
   54,
   51.7
  ],
  [
   "standard|T16|p0.55|R1.0",
   true,
   true,
   54,
   93.2
  ],
  [
   "standard|T32|p0.425|R2.0",
   true,
   true,
   54,
   437.4
  ]
 ]
}
