built null generator T=1: {'move_ticks_shape': [310, 1], 'research_days': 310, 'mean_abs_move_ticks_per_segment': 144.26774193548388, 'mean_round_turn_cost_usd_per_micro': 2.6384354838709676, 'build_seconds': 2.5}
null comparison sample standard: 7s
null comparison sample consistency: 10s
PROBE standard T=1 p=0.50 R=1.75: 20.3s
  standard T=1 p=0.47 R=2.0: 18.9s net_edge_ticks=39.714 robust_c80=fail (66%)
  standard T=1 p=0.48 R=2.0: 19.6s net_edge_ticks=42.775 robust_c80=fail (73%)
  standard T=1 p=0.49 R=2.0: 19.1s net_edge_ticks=45.835 robust_c80=fail (78%)
  standard T=1 p=0.56 R=1.5: 16.8s net_edge_ticks=45.007 robust_c80=fail (80%)
  standard T=1 p=0.57 R=1.5: 17.6s net_edge_ticks=47.952 robust_c80=pass (84%)
  standard T=1 p=0.58 R=1.5: 19.1s net_edge_ticks=50.897 robust_c80=pass (89%)
  standard T=1 p=0.59 R=1.5: 20.3s net_edge_ticks=53.841 robust_c80=pass (92%)
  standard T=1 p=0.52 R=1.75: 18.9s net_edge_ticks=44.783 robust_c80=fail (78%)
  standard T=1 p=0.54 R=1.75: 19.6s net_edge_ticks=50.781 robust_c80=pass (87%)
  standard T=1 p=0.65 R=1.0: 17.5s net_edge_ticks=41.170 robust_c80=fail (78%)
  standard T=1 p=0.7 R=1.0: 24.7s net_edge_ticks=55.596 robust_c80=pass (96%)
  standard T=1 p=0.45 R=2.5: 21.0s net_edge_ticks=50.354 robust_c80=pass (83%)
standard T=1 group done: 12 new cells in 233s; total 273s; wrote reports/stage_d1e_gate_extension.json
  consistency T=1 p=0.47 R=2.0: 22.4s net_edge_ticks=39.714 robust_c80=marginal (80%)
  consistency T=1 p=0.48 R=2.0: 23.8s net_edge_ticks=42.775 robust_c80=pass (85%)
  consistency T=1 p=0.49 R=2.0: 25.3s net_edge_ticks=45.835 robust_c80=pass (89%)
  consistency T=1 p=0.56 R=1.5: 27.7s net_edge_ticks=45.007 robust_c80=pass (91%)
  consistency T=1 p=0.57 R=1.5: 27.0s net_edge_ticks=47.952 robust_c80=pass (94%)
  consistency T=1 p=0.58 R=1.5: 26.6s net_edge_ticks=50.897 robust_c80=pass (96%)
  consistency T=1 p=0.59 R=1.5: 28.7s net_edge_ticks=53.841 robust_c80=pass (97%)
  consistency T=1 p=0.52 R=1.75: 25.2s net_edge_ticks=44.783 robust_c80=pass (89%)
  consistency T=1 p=0.54 R=1.75: 27.6s net_edge_ticks=50.781 robust_c80=pass (95%)
  consistency T=1 p=0.65 R=1.0: 22.6s net_edge_ticks=41.170 robust_c80=pass (90%)
  consistency T=1 p=0.7 R=1.0: 30.2s net_edge_ticks=55.596 robust_c80=pass (99%)
  consistency T=1 p=0.45 R=2.5: 65.5s net_edge_ticks=50.354 robust_c80=pass (91%)
consistency T=1 group done: 12 new cells in 353s; total 627s; wrote reports/stage_d1e_gate_extension.json
built null generator T=2: {'move_ticks_shape': [310, 2], 'research_days': 310, 'mean_abs_move_ticks_per_segment': 97.90161290322581, 'mean_round_turn_cost_usd_per_micro': 2.6051854838709674, 'build_seconds': 10.5}
  standard T=2 p=0.47 R=2.0: 60.5s net_edge_ticks=26.299 robust_c80=pass (88%)
  standard T=2 p=0.48 R=2.0: 63.5s net_edge_ticks=28.376 robust_c80=pass (92%)
  standard T=2 p=0.49 R=2.0: 35.1s net_edge_ticks=30.452 robust_c80=pass (95%)
  standard T=2 p=0.52 R=1.5: 25.5s net_edge_ticks=21.897 robust_c80=fail (78%)
  standard T=2 p=0.53 R=1.5: 28.6s net_edge_ticks=23.895 robust_c80=pass (84%)
  standard T=2 p=0.54 R=1.5: 28.6s net_edge_ticks=25.894 robust_c80=pass (90%)
  standard T=2 p=0.62 R=1.0: 46.2s net_edge_ticks=21.412 robust_c80=marginal (81%)
  standard T=2 p=0.65 R=1.0: 59.3s net_edge_ticks=27.286 robust_c80=pass (94%)
  standard T=2 p=0.5 R=1.75: 51.5s net_edge_ticks=25.668 robust_c80=pass (88%)
  standard T=2 p=0.52 R=1.75: 53.0s net_edge_ticks=29.739 robust_c80=pass (95%)
standard T=2 group done: 10 new cells in 452s; total 1089s; wrote reports/stage_d1e_gate_extension.json
  consistency T=2 p=0.47 R=2.0: 48.3s net_edge_ticks=26.299 robust_c80=pass (95%)
  consistency T=2 p=0.48 R=2.0: 37.5s net_edge_ticks=28.376 robust_c80=pass (98%)
  consistency T=2 p=0.49 R=2.0: 38.9s net_edge_ticks=30.452 robust_c80=pass (98%)
  consistency T=2 p=0.52 R=1.5: 30.6s net_edge_ticks=21.897 robust_c80=pass (90%)
  consistency T=2 p=0.53 R=1.5: 32.3s net_edge_ticks=23.895 robust_c80=pass (94%)
  consistency T=2 p=0.54 R=1.5: 34.6s net_edge_ticks=25.894 robust_c80=pass (96%)
  consistency T=2 p=0.62 R=1.0: 29.6s net_edge_ticks=21.412 robust_c80=pass (92%)
  consistency T=2 p=0.65 R=1.0: 35.7s net_edge_ticks=27.286 robust_c80=pass (98%)
  consistency T=2 p=0.5 R=1.75: 34.5s net_edge_ticks=25.668 robust_c80=pass (95%)
  consistency T=2 p=0.52 R=1.75: 38.4s net_edge_ticks=29.739 robust_c80=pass (99%)
consistency T=2 group done: 10 new cells in 361s; total 1450s; wrote reports/stage_d1e_gate_extension.json
built null generator T=4: {'move_ticks_shape': [310, 4], 'research_days': 310, 'mean_abs_move_ticks_per_segment': 65.70806451612903, 'mean_round_turn_cost_usd_per_micro': 2.590625, 'build_seconds': 1.6}
  standard T=4 p=0.42 R=2.0: 33.0s net_edge_ticks=10.008 robust_c80=fail (71%)
  standard T=4 p=0.43 R=2.0: 37.8s net_edge_ticks=11.402 robust_c80=pass (81%)
  standard T=4 p=0.44 R=2.0: 42.0s net_edge_ticks=12.796 robust_c80=pass (90%)
  standard T=4 p=0.48 R=1.5: 36.5s net_edge_ticks=8.658 robust_c80=fail (62%)
  standard T=4 p=0.49 R=1.5: 35.9s net_edge_ticks=9.999 robust_c80=fail (74%)
  standard T=4 p=0.58 R=1.0: 32.3s net_edge_ticks=8.441 robust_c80=fail (62%)
  standard T=4 p=0.59 R=1.0: 34.5s net_edge_ticks=9.755 robust_c80=fail (74%)
  standard T=4 p=0.46 R=1.75: 39.8s net_edge_ticks=11.090 robust_c80=marginal (81%)
  standard T=4 p=0.48 R=1.75: 48.5s net_edge_ticks=13.822 robust_c80=pass (94%)
  standard T=4 p=0.66 R=0.75: 35.7s net_edge_ticks=9.688 robust_c80=fail (76%)
  standard T=4 p=0.68 R=0.75: 42.3s net_edge_ticks=12.343 robust_c80=pass (92%)
standard T=4 group done: 11 new cells in 419s; total 1870s; wrote reports/stage_d1e_gate_extension.json
  consistency T=4 p=0.42 R=2.0: 47.5s net_edge_ticks=10.008 robust_c80=pass (86%)
  consistency T=4 p=0.43 R=2.0: 50.3s net_edge_ticks=11.402 robust_c80=pass (92%)
  consistency T=4 p=0.44 R=2.0: 56.8s net_edge_ticks=12.796 robust_c80=pass (96%)
  consistency T=4 p=0.48 R=1.5: 41.9s net_edge_ticks=8.658 robust_c80=fail (80%)
  consistency T=4 p=0.49 R=1.5: 47.5s net_edge_ticks=9.999 robust_c80=pass (88%)
  consistency T=4 p=0.58 R=1.0: 39.9s net_edge_ticks=8.441 robust_c80=marginal (80%)
  consistency T=4 p=0.59 R=1.0: 44.3s net_edge_ticks=9.755 robust_c80=pass (89%)
  consistency T=4 p=0.46 R=1.75: 48.7s net_edge_ticks=11.090 robust_c80=pass (92%)
  consistency T=4 p=0.48 R=1.75: 57.7s net_edge_ticks=13.822 robust_c80=pass (98%)
  consistency T=4 p=0.66 R=0.75: 43.8s net_edge_ticks=9.688 robust_c80=pass (91%)
  consistency T=4 p=0.68 R=0.75: 54.3s net_edge_ticks=12.343 robust_c80=pass (98%)
consistency T=4 group done: 11 new cells in 533s; total 2403s; wrote reports/stage_d1e_gate_extension.json
built null generator T=8: {'move_ticks_shape': [310, 8], 'research_days': 310, 'mean_abs_move_ticks_per_segment': 44.43225806451613, 'mean_round_turn_cost_usd_per_micro': 2.5799254032258063, 'build_seconds': 1.9}
  standard T=8 p=0.4 R=2.0: 52.0s net_edge_ticks=4.220 robust_c80=fail (58%)
  standard T=8 p=0.425 R=2.0: 74.0s net_edge_ticks=6.576 robust_c80=pass (92%)
resuming: 66 points already present
built null generator T=1: {'move_ticks_shape': [310, 1], 'research_days': 310, 'mean_abs_move_ticks_per_segment': 144.26774193548388, 'mean_round_turn_cost_usd_per_micro': 2.6384354838709676, 'build_seconds': 2.4}
null comparison sample standard: 8s
null comparison sample consistency: 7s
PROBE standard T=1 p=0.50 R=1.75: 18.8s
standard T=1 group done: 0 new cells in 0s; total 37s; wrote reports/stage_d1e_gate_extension.json
consistency T=1 group done: 0 new cells in 0s; total 37s; wrote reports/stage_d1e_gate_extension.json
built null generator T=2: {'move_ticks_shape': [310, 2], 'research_days': 310, 'mean_abs_move_ticks_per_segment': 97.90161290322581, 'mean_round_turn_cost_usd_per_micro': 2.6051854838709674, 'build_seconds': 2.4}
standard T=2 group done: 0 new cells in 0s; total 40s; wrote reports/stage_d1e_gate_extension.json
consistency T=2 group done: 0 new cells in 0s; total 40s; wrote reports/stage_d1e_gate_extension.json
built null generator T=4: {'move_ticks_shape': [310, 4], 'research_days': 310, 'mean_abs_move_ticks_per_segment': 65.70806451612903, 'mean_round_turn_cost_usd_per_micro': 2.590625, 'build_seconds': 2.7}
standard T=4 group done: 0 new cells in 0s; total 43s; wrote reports/stage_d1e_gate_extension.json
consistency T=4 group done: 0 new cells in 0s; total 43s; wrote reports/stage_d1e_gate_extension.json
built null generator T=8: {'move_ticks_shape': [310, 8], 'research_days': 310, 'mean_abs_move_ticks_per_segment': 44.43225806451613, 'mean_round_turn_cost_usd_per_micro': 2.5799254032258063, 'build_seconds': 2.5}
  standard T=8 p=0.4 R=2.0: 64.9s net_edge_ticks=4.220 robust_c80=fail (58%)
  standard T=8 p=0.425 R=2.0: 87.2s net_edge_ticks=6.576 robust_c80=pass (92%)
  standard T=8 p=0.45 R=2.0: 122.0s net_edge_ticks=8.932 robust_c80=pass (100%)
  standard T=8 p=0.45 R=1.5: 52.0s net_edge_ticks=2.471 robust_c80=fail (27%)
  standard T=8 p=0.475 R=1.5: 72.7s net_edge_ticks=4.738 robust_c80=fail (69%)
  standard T=8 p=0.5 R=1.5: 106.1s net_edge_ticks=7.006 robust_c80=pass (96%)
  standard T=8 p=0.55 R=1.0: 59.4s net_edge_ticks=2.379 robust_c80=fail (28%)
  standard T=8 p=0.575 R=1.0: 75.3s net_edge_ticks=4.601 robust_c80=fail (71%)
  standard T=8 p=0.6 R=1.0: 105.4s net_edge_ticks=6.823 robust_c80=pass (95%)
standard T=8 group done: 9 new cells in 745s; total 791s; wrote reports/stage_d1e_gate_extension.json
  consistency T=8 p=0.4 R=2.0: 90.7s net_edge_ticks=4.220 robust_c80=fail (76%)
  consistency T=8 p=0.425 R=2.0: 127.9s net_edge_ticks=6.576 robust_c80=pass (98%)
  consistency T=8 p=0.45 R=2.0: 3192.3s net_edge_ticks=8.932 robust_c80=pass (100%)
  consistency T=8 p=0.45 R=1.5: 51.4s net_edge_ticks=2.471 robust_c80=fail (44%)
  consistency T=8 p=0.475 R=1.5: 75.8s net_edge_ticks=4.738 robust_c80=pass (86%)
  consistency T=8 p=0.5 R=1.5: 109.1s net_edge_ticks=7.006 robust_c80=pass (99%)
  consistency T=8 p=0.55 R=1.0: 66.5s net_edge_ticks=2.379 robust_c80=fail (46%)
  consistency T=8 p=0.575 R=1.0: 75.9s net_edge_ticks=4.601 robust_c80=pass (86%)
  consistency T=8 p=0.6 R=1.0: 97.9s net_edge_ticks=6.823 robust_c80=pass (99%)
consistency T=8 group done: 9 new cells in 3888s; total 4679s; wrote reports/stage_d1e_gate_extension.json
built null generator T=16: {'move_ticks_shape': [310, 16], 'research_days': 310, 'mean_abs_move_ticks_per_segment': 31.957459677419354, 'mean_round_turn_cost_usd_per_micro': 2.5780453629032256, 'build_seconds': 1.6}
  standard T=16 p=0.4 R=2.0: 103.6s net_edge_ticks=2.457 robust_c80=fail (68%)
  standard T=16 p=0.425 R=2.0: 190.4s net_edge_ticks=4.152 robust_c80=pass (98%)
  standard T=16 p=0.45 R=1.5: 76.6s net_edge_ticks=1.199 robust_c80=fail (26%)
  standard T=16 p=0.475 R=1.5: 118.2s net_edge_ticks=2.830 robust_c80=pass (81%)
  standard T=16 p=0.55 R=1.0: 78.3s net_edge_ticks=1.133 robust_c80=fail (25%)
  standard T=16 p=0.6 R=1.0: 186.7s net_edge_ticks=4.329 robust_c80=pass (99%)
standard T=16 group done: 6 new cells in 754s; total 5435s; wrote reports/stage_d1e_gate_extension.json
  consistency T=16 p=0.4 R=2.0: 130.1s net_edge_ticks=2.457 robust_c80=pass (84%)
  consistency T=16 p=0.425 R=2.0: 191.6s net_edge_ticks=4.152 robust_c80=pass (100%)
  consistency T=16 p=0.45 R=1.5: 89.3s net_edge_ticks=1.199 robust_c80=fail (41%)
  consistency T=16 p=0.475 R=1.5: 162.7s net_edge_ticks=2.830 robust_c80=pass (93%)
  consistency T=16 p=0.55 R=1.0: 86.8s net_edge_ticks=1.133 robust_c80=fail (41%)
  consistency T=16 p=0.6 R=1.0: 201.9s net_edge_ticks=4.329 robust_c80=pass (100%)
consistency T=16 group done: 6 new cells in 863s; total 6297s; wrote reports/stage_d1e_gate_extension.json
built null generator T=32: {'move_ticks_shape': [310, 32], 'research_days': 310, 'mean_abs_move_ticks_per_segment': 22.708266129032257, 'mean_round_turn_cost_usd_per_micro': 2.574414818548387, 'build_seconds': 1.6}
  standard T=32 p=0.4 R=2.0: 184.2s net_edge_ticks=1.152 robust_c80=fail (62%)
  standard T=32 p=0.425 R=2.0: 346.9s net_edge_ticks=2.356 robust_c80=pass (99%)
  standard T=32 p=0.45 R=1.5: 126.8s net_edge_ticks=0.258 robust_c80=fail (12%)
  standard T=32 p=0.475 R=1.5: 218.9s net_edge_ticks=1.417 robust_c80=fail (79%)
standard T=32 group done: 4 new cells in 877s; total 7176s; wrote reports/stage_d1e_gate_extension.json
done: 100 rows in 7175.9s -> reports/stage_d1e_gate_extension.json
