[2026-09-24 21:54:00 PDT] attempt 15, vendor host http 200
[2026-09-24 21:54:01 PDT] stage-E.1-2026-09-24: account acct-2 (cap $125.00, spent $77.7556) · session cap $113.48 (spent $77.7556) · request cap $3.00
[2026-09-24 21:54:01 PDT] plan: 900 requests over 45 roots before splitting
[2026-09-24 21:54:01 PDT] resume scan: {'settled_files_on_disk': 692, 'leftover_partials': 0}
[2026-09-24 21:54:01 PDT] MNQ ohlcv-1m 2025-04-01..2025-05-01 (depth 0): skipped, already bought and settled
[2026-09-24 21:54:01 PDT] MNQ ohlcv-1m 2025-05-01..2025-06-01 (depth 0): skipped, already bought and settled
[2026-09-24 21:54:01 PDT] MNQ ohlcv-1m 2025-06-01..2025-07-01 (depth 0): skipped, already bought and settled
[2026-09-24 21:54:01 PDT] MNQ ohlcv-1m 2025-07-01..2025-08-01 (depth 0): skipped, already bought and settled
[2026-09-24 21:54:01 PDT] MNQ ohlcv-1m 2025-08-01..2025-09-01 (depth 0): skipped, already bought and settled
[2026-09-24 21:54:01 PDT] MNQ ohlcv-1m 2025-09-01..2025-10-01 (depth 0): skipped, already bought and settled
[2026-09-24 21:54:01 PDT] MNQ ohlcv-1m 2025-10-01..2025-11-01 (depth 0): skipped, already bought and settled
[2026-09-24 21:54:01 PDT] MNQ ohlcv-1m 2025-11-01..2025-12-01 (depth 0): skipped, already bought and settled
[2026-09-24 21:54:01 PDT] MNQ ohlcv-1m 2025-12-01..2026-01-01 (depth 0): skipped, already bought and settled
[2026-09-24 21:54:01 PDT] MNQ ohlcv-1m 2026-01-01..2026-02-01 (depth 0): skipped, already bought and settled
[2026-09-24 21:54:01 PDT] MNQ ohlcv-1m 2026-02-01..2026-03-01 (depth 0): skipped, already bought and settled
[2026-09-24 21:54:01 PDT] MNQ ohlcv-1m 2026-03-01..2026-04-01 (depth 0): skipped, already bought and settled
[2026-09-24 21:54:01 PDT] MNQ ohlcv-1m 2026-04-01..2026-05-01 (depth 0): skipped, already bought and settled
[2026-09-24 21:54:01 PDT] MNQ ohlcv-1m 2026-05-01..2026-06-01 (depth 0): skipped, already bought and settled
[2026-09-24 21:54:01 PDT] MNQ ohlcv-1m 2026-06-01..2026-06-21 (depth 0): skipped, already bought and settled
[2026-09-24 21:54:01 PDT] NQ ohlcv-1m 2025-04-01..2025-05-01 (depth 0): skipped, already bought and settled
[2026-09-24 21:54:01 PDT] NQ ohlcv-1m 2025-05-01..2025-06-01 (depth 0): skipped, already bought and settled
[2026-09-24 21:54:01 PDT] NQ ohlcv-1m 2025-06-01..2025-07-01 (depth 0): skipped, already bought and settled
[2026-09-24 21:54:01 PDT] NQ ohlcv-1m 2025-07-01..2025-08-01 (depth 0): skipped, already bought and settled
[2026-09-24 21:54:01 PDT] NQ ohlcv-1m 2025-08-01..2025-09-01 (depth 0): skipped, already bought and settled
[2026-09-24 21:54:01 PDT] NQ ohlcv-1m 2025-09-01..2025-10-01 (depth 0): skipped, already bought and settled
[2026-09-24 21:54:01 PDT] NQ ohlcv-1m 2025-10-01..2025-11-01 (depth 0): skipped, already bought and settled
[2026-09-24 21:54:01 PDT] NQ ohlcv-1m 2025-11-01..2025-12-01 (depth 0): skipped, already bought and settled
[2026-09-24 21:54:01 PDT] NQ ohlcv-1m 2025-12-01..2026-01-01 (depth 0): skipped, already bought and settled
[2026-09-24 21:54:01 PDT] NQ ohlcv-1m 2026-01-01..2026-02-01 (depth 0): skipped, already bought and settled
[2026-09-24 21:54:01 PDT] NQ ohlcv-1m 2026-02-01..2026-03-01 (depth 0): skipped, already bought and settled
[2026-09-24 21:54:01 PDT] NQ ohlcv-1m 2026-03-01..2026-04-01 (depth 0): skipped, already bought and settled
[2026-09-24 21:54:01 PDT] NQ ohlcv-1m 2026-04-01..2026-05-01 (depth 0): skipped, already bought and settled
[2026-09-24 21:54:01 PDT] NQ ohlcv-1m 2026-05-01..2026-06-01 (depth 0): skipped, already bought and settled
[2026-09-24 21:54:01 PDT] NQ ohlcv-1m 2026-06-01..2026-06-21 (depth 0): skipped, already bought and settled
[2026-09-24 21:54:01 PDT] RTY ohlcv-1m 2025-04-01..2025-05-01 (depth 0): skipped, already bought and settled
[2026-09-24 21:54:01 PDT] RTY ohlcv-1m 2025-05-01..2025-06-01 (depth 0): skipped, already bought and settled
[2026-09-24 21:54:01 PDT] RTY ohlcv-1m 2025-06-01..2025-07-01 (depth 0): skipped, already bought and settled
[2026-09-24 21:54:01 PDT] RTY ohlcv-1m 2025-07-01..2025-08-01 (depth 0): skipped, already bought and settled
[2026-09-24 21:54:01 PDT] RTY ohlcv-1m 2025-08-01..2025-09-01 (depth 0): skipped, already bought and settled
[2026-09-24 21:54:01 PDT] RTY ohlcv-1m 2025-09-01..2025-10-01 (depth 0): skipped, already bought and settled
[2026-09-24 21:54:01 PDT] RTY ohlcv-1m 2025-10-01..2025-11-01 (depth 0): skipped, already bought and settled
[2026-09-24 21:54:01 PDT] RTY ohlcv-1m 2025-11-01..2025-12-01 (depth 0): skipped, already bought and settled
[2026-09-24 21:54:01 PDT] RTY ohlcv-1m 2025-12-01..2026-01-01 (depth 0): skipped, already bought and settled
[2026-09-24 21:54:01 PDT] RTY ohlcv-1m 2026-01-01..2026-02-01 (depth 0): skipped, already bought and settled
[2026-09-24 21:54:01 PDT] RTY ohlcv-1m 2026-02-01..2026-03-01 (depth 0): skipped, already bought and settled
[2026-09-24 21:54:01 PDT] RTY ohlcv-1m 2026-03-01..2026-04-01 (depth 0): skipped, already bought and settled
[2026-09-24 21:54:01 PDT] RTY ohlcv-1m 2026-04-01..2026-05-01 (depth 0): skipped, already bought and settled
[2026-09-24 21:54:01 PDT] RTY ohlcv-1m 2026-05-01..2026-06-01 (depth 0): skipped, already bought and settled
[2026-09-24 21:54:01 PDT] RTY ohlcv-1m 2026-06-01..2026-06-21 (depth 0): skipped, already bought and settled
[2026-09-24 21:54:01 PDT] M2K ohlcv-1m 2025-04-01..2025-05-01 (depth 0): skipped, already bought and settled
[2026-09-24 21:54:01 PDT] M2K ohlcv-1m 2025-05-01..2025-06-01 (depth 0): skipped, already bought and settled
[2026-09-24 21:54:01 PDT] M2K ohlcv-1m 2025-06-01..2025-07-01 (depth 0): skipped, already bought and settled
[2026-09-24 21:54:01 PDT] M2K ohlcv-1m 2025-07-01..2025-08-01 (depth 0): skipped, already bought and settled
[2026-09-24 21:54:01 PDT] M2K ohlcv-1m 2025-08-01..2025-09-01 (depth 0): skipped, already bought and settled
[2026-09-24 21:54:01 PDT] M2K ohlcv-1m 2025-09-01..2025-10-01 (depth 0): skipped, already bought and settled
[2026-09-24 21:54:01 PDT] M2K ohlcv-1m 2025-10-01..2025-11-01 (depth 0): skipped, already bought and settled
[2026-09-24 21:54:01 PDT] M2K ohlcv-1m 2025-11-01..2025-12-01 (depth 0): skipped, already bought and settled
[2026-09-24 21:54:01 PDT] M2K ohlcv-1m 2025-12-01..2026-01-01 (depth 0): skipped, already bought and settled
[2026-09-24 21:54:01 PDT] M2K ohlcv-1m 2026-01-01..2026-02-01 (depth 0): skipped, already bought and settled
[2026-09-24 21:54:01 PDT] M2K ohlcv-1m 2026-02-01..2026-03-01 (depth 0): skipped, already bought and settled
[2026-09-24 21:54:01 PDT] M2K ohlcv-1m 2026-03-01..2026-04-01 (depth 0): skipped, already bought and settled
[2026-09-24 21:54:01 PDT] M2K ohlcv-1m 2026-04-01..2026-05-01 (depth 0): skipped, already bought and settled
[2026-09-24 21:54:01 PDT] M2K ohlcv-1m 2026-05-01..2026-06-01 (depth 0): skipped, already bought and settled
[2026-09-24 21:54:01 PDT] M2K ohlcv-1m 2026-06-01..2026-06-21 (depth 0): skipped, already bought and settled
[2026-09-24 21:54:01 PDT] MYM ohlcv-1m 2025-04-01..2025-05-01 (depth 0): skipped, already bought and settled
[2026-09-24 21:54:01 PDT] MYM ohlcv-1m 2025-05-01..2025-06-01 (depth 0): skipped, already bought and settled
[2026-09-24 21:54:01 PDT] MYM ohlcv-1m 2025-06-01..2025-07-01 (depth 0): skipped, already bought and settled
[2026-09-24 21:54:01 PDT] MYM ohlcv-1m 2025-07-01..2025-08-01 (depth 0): skipped, already bought and settled
[2026-09-24 21:54:01 PDT] MYM ohlcv-1m 2025-08-01..2025-09-01 (depth 0): skipped, already bought and settled
[2026-09-24 21:54:01 PDT] MYM ohlcv-1m 2025-09-01..2025-10-01 (depth 0): skipped, already bought and settled
[2026-09-24 21:54:01 PDT] MYM ohlcv-1m 2025-10-01..2025-11-01 (depth 0): skipped, already bought and settled
[2026-09-24 21:54:01 PDT] MYM ohlcv-1m 2025-11-01..2025-12-01 (depth 0): skipped, already bought and settled
[2026-09-24 21:54:01 PDT] MYM ohlcv-1m 2025-12-01..2026-01-01 (depth 0): skipped, already bought and settled
[2026-09-24 21:54:01 PDT] MYM ohlcv-1m 2026-01-01..2026-02-01 (depth 0): skipped, already bought and settled
[2026-09-24 21:54:01 PDT] MYM ohlcv-1m 2026-02-01..2026-03-01 (depth 0): skipped, already bought and settled
[2026-09-24 21:54:01 PDT] MYM ohlcv-1m 2026-03-01..2026-04-01 (depth 0): skipped, already bought and settled
[2026-09-24 21:54:01 PDT] MYM ohlcv-1m 2026-04-01..2026-05-01 (depth 0): skipped, already bought and settled
[2026-09-24 21:54:01 PDT] MYM ohlcv-1m 2026-05-01..2026-06-01 (depth 0): skipped, already bought and settled
[2026-09-24 21:54:01 PDT] MYM ohlcv-1m 2026-06-01..2026-06-21 (depth 0): skipped, already bought and settled
[2026-09-24 21:54:01 PDT] YM ohlcv-1m 2025-04-01..2025-05-01 (depth 0): skipped, already bought and settled
[2026-09-24 21:54:01 PDT] YM ohlcv-1m 2025-05-01..2025-06-01 (depth 0): skipped, already bought and settled
[2026-09-24 21:54:01 PDT] YM ohlcv-1m 2025-06-01..2025-07-01 (depth 0): skipped, already bought and settled
[2026-09-24 21:54:01 PDT] YM ohlcv-1m 2025-07-01..2025-08-01 (depth 0): skipped, already bought and settled
[2026-09-24 21:54:01 PDT] YM ohlcv-1m 2025-08-01..2025-09-01 (depth 0): skipped, already bought and settled
[2026-09-24 21:54:01 PDT] YM ohlcv-1m 2025-09-01..2025-10-01 (depth 0): skipped, already bought and settled
[2026-09-24 21:54:01 PDT] YM ohlcv-1m 2025-10-01..2025-11-01 (depth 0): skipped, already bought and settled
[2026-09-24 21:54:01 PDT] YM ohlcv-1m 2025-11-01..2025-12-01 (depth 0): skipped, already bought and settled
[2026-09-24 21:54:01 PDT] YM ohlcv-1m 2025-12-01..2026-01-01 (depth 0): skipped, already bought and settled
[2026-09-24 21:54:01 PDT] YM ohlcv-1m 2026-01-01..2026-02-01 (depth 0): skipped, already bought and settled
[2026-09-24 21:54:01 PDT] YM ohlcv-1m 2026-02-01..2026-03-01 (depth 0): skipped, already bought and settled
[2026-09-24 21:54:01 PDT] YM ohlcv-1m 2026-03-01..2026-04-01 (depth 0): skipped, already bought and settled
[2026-09-24 21:54:01 PDT] YM ohlcv-1m 2026-04-01..2026-05-01 (depth 0): skipped, already bought and settled
[2026-09-24 21:54:01 PDT] YM ohlcv-1m 2026-05-01..2026-06-01 (depth 0): skipped, already bought and settled
[2026-09-24 21:54:01 PDT] YM ohlcv-1m 2026-06-01..2026-06-21 (depth 0): skipped, already bought and settled
[2026-09-24 21:54:01 PDT] ZT ohlcv-1m 2025-04-01..2025-05-01 (depth 0): skipped, already bought and settled
[2026-09-24 21:54:01 PDT] ZT ohlcv-1m 2025-05-01..2025-06-01 (depth 0): skipped, already bought and settled
[2026-09-24 21:54:01 PDT] ZT ohlcv-1m 2025-06-01..2025-07-01 (depth 0): skipped, already bought and settled
[2026-09-24 21:54:01 PDT] ZT ohlcv-1m 2025-07-01..2025-08-01 (depth 0): skipped, already bought and settled
[2026-09-24 21:54:01 PDT] ZT ohlcv-1m 2025-08-01..2025-09-01 (depth 0): skipped, already bought and settled
[2026-09-24 21:54:01 PDT] ZT ohlcv-1m 2025-09-01..2025-10-01 (depth 0): skipped, already bought and settled
[2026-09-24 21:54:01 PDT] ZT ohlcv-1m 2025-10-01..2025-11-01 (depth 0): skipped, already bought and settled
[2026-09-24 21:54:01 PDT] ZT ohlcv-1m 2025-11-01..2025-12-01 (depth 0): skipped, already bought and settled
[2026-09-24 21:54:01 PDT] ZT ohlcv-1m 2025-12-01..2026-01-01 (depth 0): skipped, already bought and settled
[2026-09-24 21:54:01 PDT] ZT ohlcv-1m 2026-01-01..2026-02-01 (depth 0): skipped, already bought and settled
[2026-09-24 21:54:01 PDT] ZT ohlcv-1m 2026-02-01..2026-03-01 (depth 0): skipped, already bought and settled
[2026-09-24 21:54:01 PDT] ZT ohlcv-1m 2026-03-01..2026-04-01 (depth 0): skipped, already bought and settled
[2026-09-24 21:54:01 PDT] ZT ohlcv-1m 2026-04-01..2026-05-01 (depth 0): skipped, already bought and settled
[2026-09-24 21:54:01 PDT] ZT ohlcv-1m 2026-05-01..2026-06-01 (depth 0): skipped, already bought and settled
[2026-09-24 21:54:01 PDT] ZT ohlcv-1m 2026-06-01..2026-06-21 (depth 0): skipped, already bought and settled
[2026-09-24 21:54:01 PDT] ZF ohlcv-1m 2025-04-01..2025-05-01 (depth 0): skipped, already bought and settled
[2026-09-24 21:54:01 PDT] ZF ohlcv-1m 2025-05-01..2025-06-01 (depth 0): skipped, already bought and settled
[2026-09-24 21:54:01 PDT] ZF ohlcv-1m 2025-06-01..2025-07-01 (depth 0): skipped, already bought and settled
[2026-09-24 21:54:01 PDT] ZF ohlcv-1m 2025-07-01..2025-08-01 (depth 0): skipped, already bought and settled
[2026-09-24 21:54:01 PDT] ZF ohlcv-1m 2025-08-01..2025-09-01 (depth 0): skipped, already bought and settled
[2026-09-24 21:54:01 PDT] ZF ohlcv-1m 2025-09-01..2025-10-01 (depth 0): skipped, already bought and settled
[2026-09-24 21:54:01 PDT] ZF ohlcv-1m 2025-10-01..2025-11-01 (depth 0): skipped, already bought and settled
[2026-09-24 21:54:01 PDT] ZF ohlcv-1m 2025-11-01..2025-12-01 (depth 0): skipped, already bought and settled
[2026-09-24 21:54:01 PDT] ZF ohlcv-1m 2025-12-01..2026-01-01 (depth 0): skipped, already bought and settled
[2026-09-24 21:54:01 PDT] ZF ohlcv-1m 2026-01-01..2026-02-01 (depth 0): skipped, already bought and settled
[2026-09-24 21:54:01 PDT] ZF ohlcv-1m 2026-02-01..2026-03-01 (depth 0): skipped, already bought and settled
[2026-09-24 21:54:01 PDT] ZF ohlcv-1m 2026-03-01..2026-04-01 (depth 0): skipped, already bought and settled
[2026-09-24 21:54:01 PDT] ZF ohlcv-1m 2026-04-01..2026-05-01 (depth 0): skipped, already bought and settled
[2026-09-24 21:54:01 PDT] ZF ohlcv-1m 2026-05-01..2026-06-01 (depth 0): skipped, already bought and settled
[2026-09-24 21:54:01 PDT] ZF ohlcv-1m 2026-06-01..2026-06-21 (depth 0): skipped, already bought and settled
[2026-09-24 21:54:01 PDT] ZN ohlcv-1m 2025-04-01..2025-05-01 (depth 0): skipped, already bought and settled
[2026-09-24 21:54:01 PDT] ZN ohlcv-1m 2025-05-01..2025-06-01 (depth 0): skipped, already bought and settled
[2026-09-24 21:54:01 PDT] ZN ohlcv-1m 2025-06-01..2025-07-01 (depth 0): skipped, already bought and settled
[2026-09-24 21:54:01 PDT] ZN ohlcv-1m 2025-07-01..2025-08-01 (depth 0): skipped, already bought and settled
[2026-09-24 21:54:01 PDT] ZN ohlcv-1m 2025-08-01..2025-09-01 (depth 0): skipped, already bought and settled
[2026-09-24 21:54:01 PDT] ZN ohlcv-1m 2025-09-01..2025-10-01 (depth 0): skipped, already bought and settled
[2026-09-24 21:54:01 PDT] ZN ohlcv-1m 2025-10-01..2025-11-01 (depth 0): skipped, already bought and settled
[2026-09-24 21:54:01 PDT] ZN ohlcv-1m 2025-11-01..2025-12-01 (depth 0): skipped, already bought and settled
[2026-09-24 21:54:01 PDT] ZN ohlcv-1m 2025-12-01..2026-01-01 (depth 0): skipped, already bought and settled
[2026-09-24 21:54:01 PDT] ZN ohlcv-1m 2026-01-01..2026-02-01 (depth 0): skipped, already bought and settled
[2026-09-24 21:54:01 PDT] ZN ohlcv-1m 2026-02-01..2026-03-01 (depth 0): skipped, already bought and settled
[2026-09-24 21:54:01 PDT] ZN ohlcv-1m 2026-03-01..2026-04-01 (depth 0): skipped, already bought and settled
[2026-09-24 21:54:01 PDT] ZN ohlcv-1m 2026-04-01..2026-05-01 (depth 0): skipped, already bought and settled
[2026-09-24 21:54:01 PDT] ZN ohlcv-1m 2026-05-01..2026-06-01 (depth 0): skipped, already bought and settled
[2026-09-24 21:54:01 PDT] ZN ohlcv-1m 2026-06-01..2026-06-21 (depth 0): skipped, already bought and settled
[2026-09-24 21:54:01 PDT] TN ohlcv-1m 2025-04-01..2025-05-01 (depth 0): skipped, already bought and settled
[2026-09-24 21:54:01 PDT] TN ohlcv-1m 2025-05-01..2025-06-01 (depth 0): skipped, already bought and settled
[2026-09-24 21:54:01 PDT] TN ohlcv-1m 2025-06-01..2025-07-01 (depth 0): skipped, already bought and settled
[2026-09-24 21:54:01 PDT] TN ohlcv-1m 2025-07-01..2025-08-01 (depth 0): skipped, already bought and settled
[2026-09-24 21:54:01 PDT] TN ohlcv-1m 2025-08-01..2025-09-01 (depth 0): skipped, already bought and settled
[2026-09-24 21:54:01 PDT] TN ohlcv-1m 2025-09-01..2025-10-01 (depth 0): skipped, already bought and settled
[2026-09-24 21:54:01 PDT] TN ohlcv-1m 2025-10-01..2025-11-01 (depth 0): skipped, already bought and settled
[2026-09-24 21:54:01 PDT] TN ohlcv-1m 2025-11-01..2025-12-01 (depth 0): skipped, already bought and settled
[2026-09-24 21:54:01 PDT] TN ohlcv-1m 2025-12-01..2026-01-01 (depth 0): skipped, already bought and settled
[2026-09-24 21:54:01 PDT] TN ohlcv-1m 2026-01-01..2026-02-01 (depth 0): skipped, already bought and settled
[2026-09-24 21:54:01 PDT] TN ohlcv-1m 2026-02-01..2026-03-01 (depth 0): skipped, already bought and settled
[2026-09-24 21:54:01 PDT] TN ohlcv-1m 2026-03-01..2026-04-01 (depth 0): skipped, already bought and settled
[2026-09-24 21:54:01 PDT] TN ohlcv-1m 2026-04-01..2026-05-01 (depth 0): skipped, already bought and settled
[2026-09-24 21:54:01 PDT] TN ohlcv-1m 2026-05-01..2026-06-01 (depth 0): skipped, already bought and settled
[2026-09-24 21:54:01 PDT] TN ohlcv-1m 2026-06-01..2026-06-21 (depth 0): skipped, already bought and settled
[2026-09-24 21:54:01 PDT] ZB ohlcv-1m 2025-04-01..2025-05-01 (depth 0): skipped, already bought and settled
[2026-09-24 21:54:01 PDT] ZB ohlcv-1m 2025-05-01..2025-06-01 (depth 0): skipped, already bought and settled
[2026-09-24 21:54:01 PDT] ZB ohlcv-1m 2025-06-01..2025-07-01 (depth 0): skipped, already bought and settled
[2026-09-24 21:54:01 PDT] ZB ohlcv-1m 2025-07-01..2025-08-01 (depth 0): skipped, already bought and settled
[2026-09-24 21:54:01 PDT] ZB ohlcv-1m 2025-08-01..2025-09-01 (depth 0): skipped, already bought and settled
[2026-09-24 21:54:01 PDT] ZB ohlcv-1m 2025-09-01..2025-10-01 (depth 0): skipped, already bought and settled
[2026-09-24 21:54:01 PDT] ZB ohlcv-1m 2025-10-01..2025-11-01 (depth 0): skipped, already bought and settled
[2026-09-24 21:54:01 PDT] ZB ohlcv-1m 2025-11-01..2025-12-01 (depth 0): skipped, already bought and settled
[2026-09-24 21:54:01 PDT] ZB ohlcv-1m 2025-12-01..2026-01-01 (depth 0): skipped, already bought and settled
[2026-09-24 21:54:01 PDT] ZB ohlcv-1m 2026-01-01..2026-02-01 (depth 0): skipped, already bought and settled
[2026-09-24 21:54:01 PDT] ZB ohlcv-1m 2026-02-01..2026-03-01 (depth 0): skipped, already bought and settled
[2026-09-24 21:54:01 PDT] ZB ohlcv-1m 2026-03-01..2026-04-01 (depth 0): skipped, already bought and settled
[2026-09-24 21:54:01 PDT] ZB ohlcv-1m 2026-04-01..2026-05-01 (depth 0): skipped, already bought and settled
[2026-09-24 21:54:01 PDT] ZB ohlcv-1m 2026-05-01..2026-06-01 (depth 0): skipped, already bought and settled
[2026-09-24 21:54:01 PDT] ZB ohlcv-1m 2026-06-01..2026-06-21 (depth 0): skipped, already bought and settled
[2026-09-24 21:54:01 PDT] UB ohlcv-1m 2025-04-01..2025-05-01 (depth 0): skipped, already bought and settled
[2026-09-24 21:54:01 PDT] UB ohlcv-1m 2025-05-01..2025-06-01 (depth 0): skipped, already bought and settled
[2026-09-24 21:54:01 PDT] UB ohlcv-1m 2025-06-01..2025-07-01 (depth 0): skipped, already bought and settled
[2026-09-24 21:54:01 PDT] UB ohlcv-1m 2025-07-01..2025-08-01 (depth 0): skipped, already bought and settled
[2026-09-24 21:54:01 PDT] UB ohlcv-1m 2025-08-01..2025-09-01 (depth 0): skipped, already bought and settled
[2026-09-24 21:54:01 PDT] UB ohlcv-1m 2025-09-01..2025-10-01 (depth 0): skipped, already bought and settled
[2026-09-24 21:54:01 PDT] UB ohlcv-1m 2025-10-01..2025-11-01 (depth 0): skipped, already bought and settled
[2026-09-24 21:54:01 PDT] UB ohlcv-1m 2025-11-01..2025-12-01 (depth 0): skipped, already bought and settled
[2026-09-24 21:54:01 PDT] UB ohlcv-1m 2025-12-01..2026-01-01 (depth 0): skipped, already bought and settled
[2026-09-24 21:54:01 PDT] UB ohlcv-1m 2026-01-01..2026-02-01 (depth 0): skipped, already bought and settled
[2026-09-24 21:54:01 PDT] UB ohlcv-1m 2026-02-01..2026-03-01 (depth 0): skipped, already bought and settled
[2026-09-24 21:54:01 PDT] UB ohlcv-1m 2026-03-01..2026-04-01 (depth 0): skipped, already bought and settled
[2026-09-24 21:54:01 PDT] UB ohlcv-1m 2026-04-01..2026-05-01 (depth 0): skipped, already bought and settled
[2026-09-24 21:54:01 PDT] UB ohlcv-1m 2026-05-01..2026-06-01 (depth 0): skipped, already bought and settled
[2026-09-24 21:54:01 PDT] UB ohlcv-1m 2026-06-01..2026-06-21 (depth 0): skipped, already bought and settled
[2026-09-24 21:54:01 PDT] 6E ohlcv-1m 2025-04-01..2025-05-01 (depth 0): skipped, already bought and settled
[2026-09-24 21:54:01 PDT] 6E ohlcv-1m 2025-05-01..2025-06-01 (depth 0): skipped, already bought and settled
[2026-09-24 21:54:01 PDT] 6E ohlcv-1m 2025-06-01..2025-07-01 (depth 0): skipped, already bought and settled
[2026-09-24 21:54:01 PDT] 6E ohlcv-1m 2025-07-01..2025-08-01 (depth 0): skipped, already bought and settled
[2026-09-24 21:54:01 PDT] 6E ohlcv-1m 2025-08-01..2025-09-01 (depth 0): skipped, already bought and settled
[2026-09-24 21:54:01 PDT] 6E ohlcv-1m 2025-09-01..2025-10-01 (depth 0): skipped, already bought and settled
[2026-09-24 21:54:01 PDT] 6E ohlcv-1m 2025-10-01..2025-11-01 (depth 0): skipped, already bought and settled
[2026-09-24 21:54:01 PDT] 6E ohlcv-1m 2025-11-01..2025-12-01 (depth 0): skipped, already bought and settled
[2026-09-24 21:54:01 PDT] 6E ohlcv-1m 2025-12-01..2026-01-01 (depth 0): skipped, already bought and settled
[2026-09-24 21:54:01 PDT] 6E ohlcv-1m 2026-01-01..2026-02-01 (depth 0): skipped, already bought and settled
[2026-09-24 21:54:01 PDT] 6E ohlcv-1m 2026-02-01..2026-03-01 (depth 0): skipped, already bought and settled
[2026-09-24 21:54:01 PDT] 6E ohlcv-1m 2026-03-01..2026-04-01 (depth 0): skipped, already bought and settled
[2026-09-24 21:54:01 PDT] 6E ohlcv-1m 2026-04-01..2026-05-01 (depth 0): skipped, already bought and settled
[2026-09-24 21:54:01 PDT] 6E ohlcv-1m 2026-05-01..2026-06-01 (depth 0): skipped, already bought and settled
[2026-09-24 21:54:01 PDT] 6E ohlcv-1m 2026-06-01..2026-06-21 (depth 0): skipped, already bought and settled
[2026-09-24 21:54:01 PDT] M6E ohlcv-1m 2025-04-01..2025-05-01 (depth 0): skipped, already bought and settled
[2026-09-24 21:54:01 PDT] M6E ohlcv-1m 2025-05-01..2025-06-01 (depth 0): skipped, already bought and settled
[2026-09-24 21:54:01 PDT] M6E ohlcv-1m 2025-06-01..2025-07-01 (depth 0): skipped, already bought and settled
[2026-09-24 21:54:01 PDT] M6E ohlcv-1m 2025-07-01..2025-08-01 (depth 0): skipped, already bought and settled
[2026-09-24 21:54:01 PDT] M6E ohlcv-1m 2025-08-01..2025-09-01 (depth 0): skipped, already bought and settled
[2026-09-24 21:54:01 PDT] M6E ohlcv-1m 2025-09-01..2025-10-01 (depth 0): skipped, already bought and settled
[2026-09-24 21:54:01 PDT] M6E ohlcv-1m 2025-10-01..2025-11-01 (depth 0): skipped, already bought and settled
[2026-09-24 21:54:01 PDT] M6E ohlcv-1m 2025-11-01..2025-12-01 (depth 0): skipped, already bought and settled
[2026-09-24 21:54:01 PDT] M6E ohlcv-1m 2025-12-01..2026-01-01 (depth 0): skipped, already bought and settled
[2026-09-24 21:54:01 PDT] M6E ohlcv-1m 2026-01-01..2026-02-01 (depth 0): skipped, already bought and settled
[2026-09-24 21:54:01 PDT] M6E ohlcv-1m 2026-02-01..2026-03-01 (depth 0): skipped, already bought and settled
[2026-09-24 21:54:01 PDT] M6E ohlcv-1m 2026-03-01..2026-04-01 (depth 0): skipped, already bought and settled
[2026-09-24 21:54:01 PDT] M6E ohlcv-1m 2026-04-01..2026-05-01 (depth 0): skipped, already bought and settled
[2026-09-24 21:54:01 PDT] M6E ohlcv-1m 2026-05-01..2026-06-01 (depth 0): skipped, already bought and settled
[2026-09-24 21:54:01 PDT] M6E ohlcv-1m 2026-06-01..2026-06-21 (depth 0): skipped, already bought and settled
[2026-09-24 21:54:01 PDT] E7 ohlcv-1m 2025-04-01..2025-05-01 (depth 0): skipped, already bought and settled
[2026-09-24 21:54:01 PDT] E7 ohlcv-1m 2025-05-01..2025-06-01 (depth 0): skipped, already bought and settled
[2026-09-24 21:54:01 PDT] E7 ohlcv-1m 2025-06-01..2025-07-01 (depth 0): skipped, already bought and settled
[2026-09-24 21:54:01 PDT] E7 ohlcv-1m 2025-07-01..2025-08-01 (depth 0): skipped, already bought and settled
[2026-09-24 21:54:01 PDT] E7 ohlcv-1m 2025-08-01..2025-09-01 (depth 0): skipped, already bought and settled
[2026-09-24 21:54:01 PDT] E7 ohlcv-1m 2025-09-01..2025-10-01 (depth 0): skipped, already bought and settled
[2026-09-24 21:54:01 PDT] E7 ohlcv-1m 2025-10-01..2025-11-01 (depth 0): skipped, already bought and settled
[2026-09-24 21:54:01 PDT] E7 ohlcv-1m 2025-11-01..2025-12-01 (depth 0): skipped, already bought and settled
[2026-09-24 21:54:01 PDT] E7 ohlcv-1m 2025-12-01..2026-01-01 (depth 0): skipped, already bought and settled
[2026-09-24 21:54:01 PDT] E7 ohlcv-1m 2026-01-01..2026-02-01 (depth 0): skipped, already bought and settled
[2026-09-24 21:54:01 PDT] E7 ohlcv-1m 2026-02-01..2026-03-01 (depth 0): skipped, already bought and settled
[2026-09-24 21:54:01 PDT] E7 ohlcv-1m 2026-03-01..2026-04-01 (depth 0): skipped, already bought and settled
[2026-09-24 21:54:01 PDT] E7 ohlcv-1m 2026-04-01..2026-05-01 (depth 0): skipped, already bought and settled
[2026-09-24 21:54:01 PDT] E7 ohlcv-1m 2026-05-01..2026-06-01 (depth 0): skipped, already bought and settled
[2026-09-24 21:54:01 PDT] E7 ohlcv-1m 2026-06-01..2026-06-21 (depth 0): skipped, already bought and settled
[2026-09-24 21:54:01 PDT] 6A ohlcv-1m 2025-04-01..2025-05-01 (depth 0): skipped, already bought and settled
[2026-09-24 21:54:01 PDT] 6A ohlcv-1m 2025-05-01..2025-06-01 (depth 0): skipped, already bought and settled
[2026-09-24 21:54:01 PDT] 6A ohlcv-1m 2025-06-01..2025-07-01 (depth 0): skipped, already bought and settled
[2026-09-24 21:54:01 PDT] 6A ohlcv-1m 2025-07-01..2025-08-01 (depth 0): skipped, already bought and settled
[2026-09-24 21:54:01 PDT] 6A ohlcv-1m 2025-08-01..2025-09-01 (depth 0): skipped, already bought and settled
[2026-09-24 21:54:01 PDT] 6A ohlcv-1m 2025-09-01..2025-10-01 (depth 0): skipped, already bought and settled
[2026-09-24 21:54:01 PDT] 6A ohlcv-1m 2025-10-01..2025-11-01 (depth 0): skipped, already bought and settled
[2026-09-24 21:54:01 PDT] 6A ohlcv-1m 2025-11-01..2025-12-01 (depth 0): skipped, already bought and settled
[2026-09-24 21:54:01 PDT] 6A ohlcv-1m 2025-12-01..2026-01-01 (depth 0): skipped, already bought and settled
[2026-09-24 21:54:01 PDT] 6A ohlcv-1m 2026-01-01..2026-02-01 (depth 0): skipped, already bought and settled
[2026-09-24 21:54:01 PDT] 6A ohlcv-1m 2026-02-01..2026-03-01 (depth 0): skipped, already bought and settled
[2026-09-24 21:54:01 PDT] 6A ohlcv-1m 2026-03-01..2026-04-01 (depth 0): skipped, already bought and settled
[2026-09-24 21:54:01 PDT] 6A ohlcv-1m 2026-04-01..2026-05-01 (depth 0): skipped, already bought and settled
[2026-09-24 21:54:01 PDT] 6A ohlcv-1m 2026-05-01..2026-06-01 (depth 0): skipped, already bought and settled
[2026-09-24 21:54:01 PDT] 6A ohlcv-1m 2026-06-01..2026-06-21 (depth 0): skipped, already bought and settled
[2026-09-24 21:54:01 PDT] M6A ohlcv-1m 2025-04-01..2025-05-01 (depth 0): skipped, already bought and settled
[2026-09-24 21:54:01 PDT] M6A ohlcv-1m 2025-05-01..2025-06-01 (depth 0): skipped, already bought and settled
[2026-09-24 21:54:01 PDT] M6A ohlcv-1m 2025-06-01..2025-07-01 (depth 0): skipped, already bought and settled
[2026-09-24 21:54:01 PDT] M6A ohlcv-1m 2025-07-01..2025-08-01 (depth 0): skipped, already bought and settled
[2026-09-24 21:54:01 PDT] M6A ohlcv-1m 2025-08-01..2025-09-01 (depth 0): skipped, already bought and settled
[2026-09-24 21:54:01 PDT] M6A ohlcv-1m 2025-09-01..2025-10-01 (depth 0): skipped, already bought and settled
[2026-09-24 21:54:01 PDT] M6A ohlcv-1m 2025-10-01..2025-11-01 (depth 0): skipped, already bought and settled
[2026-09-24 21:54:01 PDT] M6A ohlcv-1m 2025-11-01..2025-12-01 (depth 0): skipped, already bought and settled
[2026-09-24 21:54:01 PDT] M6A ohlcv-1m 2025-12-01..2026-01-01 (depth 0): skipped, already bought and settled
[2026-09-24 21:54:01 PDT] M6A ohlcv-1m 2026-01-01..2026-02-01 (depth 0): skipped, already bought and settled
[2026-09-24 21:54:01 PDT] M6A ohlcv-1m 2026-02-01..2026-03-01 (depth 0): skipped, already bought and settled
[2026-09-24 21:54:01 PDT] M6A ohlcv-1m 2026-03-01..2026-04-01 (depth 0): skipped, already bought and settled
[2026-09-24 21:54:01 PDT] M6A ohlcv-1m 2026-04-01..2026-05-01 (depth 0): skipped, already bought and settled
[2026-09-24 21:54:01 PDT] M6A ohlcv-1m 2026-05-01..2026-06-01 (depth 0): skipped, already bought and settled
[2026-09-24 21:54:01 PDT] M6A ohlcv-1m 2026-06-01..2026-06-21 (depth 0): skipped, already bought and settled
[2026-09-24 21:54:01 PDT] 6B ohlcv-1m 2025-04-01..2025-05-01 (depth 0): skipped, already bought and settled
[2026-09-24 21:54:01 PDT] 6B ohlcv-1m 2025-05-01..2025-06-01 (depth 0): skipped, already bought and settled
[2026-09-24 21:54:01 PDT] 6B ohlcv-1m 2025-06-01..2025-07-01 (depth 0): skipped, already bought and settled
[2026-09-24 21:54:01 PDT] 6B ohlcv-1m 2025-07-01..2025-08-01 (depth 0): skipped, already bought and settled
[2026-09-24 21:54:01 PDT] 6B ohlcv-1m 2025-08-01..2025-09-01 (depth 0): skipped, already bought and settled
[2026-09-24 21:54:01 PDT] 6B ohlcv-1m 2025-09-01..2025-10-01 (depth 0): skipped, already bought and settled
[2026-09-24 21:54:01 PDT] 6B ohlcv-1m 2025-10-01..2025-11-01 (depth 0): skipped, already bought and settled
[2026-09-24 21:54:01 PDT] 6B ohlcv-1m 2025-11-01..2025-12-01 (depth 0): skipped, already bought and settled
[2026-09-24 21:54:01 PDT] 6B ohlcv-1m 2025-12-01..2026-01-01 (depth 0): skipped, already bought and settled
[2026-09-24 21:54:01 PDT] 6B ohlcv-1m 2026-01-01..2026-02-01 (depth 0): skipped, already bought and settled
[2026-09-24 21:54:01 PDT] 6B ohlcv-1m 2026-02-01..2026-03-01 (depth 0): skipped, already bought and settled
[2026-09-24 21:54:01 PDT] 6B ohlcv-1m 2026-03-01..2026-04-01 (depth 0): skipped, already bought and settled
[2026-09-24 21:54:01 PDT] 6B ohlcv-1m 2026-04-01..2026-05-01 (depth 0): skipped, already bought and settled
[2026-09-24 21:54:01 PDT] 6B ohlcv-1m 2026-05-01..2026-06-01 (depth 0): skipped, already bought and settled
[2026-09-24 21:54:01 PDT] 6B ohlcv-1m 2026-06-01..2026-06-21 (depth 0): skipped, already bought and settled
[2026-09-24 21:54:01 PDT] M6B ohlcv-1m 2025-04-01..2025-05-01 (depth 0): skipped, already bought and settled
[2026-09-24 21:54:01 PDT] M6B ohlcv-1m 2025-05-01..2025-06-01 (depth 0): skipped, already bought and settled
[2026-09-24 21:54:01 PDT] M6B ohlcv-1m 2025-06-01..2025-07-01 (depth 0): skipped, already bought and settled
[2026-09-24 21:54:01 PDT] M6B ohlcv-1m 2025-07-01..2025-08-01 (depth 0): skipped, already bought and settled
[2026-09-24 21:54:01 PDT] M6B ohlcv-1m 2025-08-01..2025-09-01 (depth 0): skipped, already bought and settled
[2026-09-24 21:54:01 PDT] M6B ohlcv-1m 2025-09-01..2025-10-01 (depth 0): skipped, already bought and settled
[2026-09-24 21:54:01 PDT] M6B ohlcv-1m 2025-10-01..2025-11-01 (depth 0): skipped, already bought and settled
[2026-09-24 21:54:01 PDT] M6B ohlcv-1m 2025-11-01..2025-12-01 (depth 0): skipped, already bought and settled
[2026-09-24 21:54:01 PDT] M6B ohlcv-1m 2025-12-01..2026-01-01 (depth 0): skipped, already bought and settled
[2026-09-24 21:54:01 PDT] M6B ohlcv-1m 2026-01-01..2026-02-01 (depth 0): skipped, already bought and settled
[2026-09-24 21:54:01 PDT] M6B ohlcv-1m 2026-02-01..2026-03-01 (depth 0): skipped, already bought and settled
[2026-09-24 21:54:01 PDT] M6B ohlcv-1m 2026-03-01..2026-04-01 (depth 0): skipped, already bought and settled
[2026-09-24 21:54:01 PDT] M6B ohlcv-1m 2026-04-01..2026-05-01 (depth 0): skipped, already bought and settled
[2026-09-24 21:54:01 PDT] M6B ohlcv-1m 2026-05-01..2026-06-01 (depth 0): skipped, already bought and settled
[2026-09-24 21:54:01 PDT] M6B ohlcv-1m 2026-06-01..2026-06-21 (depth 0): skipped, already bought and settled
[2026-09-24 21:54:01 PDT] 6C ohlcv-1m 2025-04-01..2025-05-01 (depth 0): skipped, already bought and settled
[2026-09-24 21:54:01 PDT] 6C ohlcv-1m 2025-05-01..2025-06-01 (depth 0): skipped, already bought and settled
[2026-09-24 21:54:01 PDT] 6C ohlcv-1m 2025-06-01..2025-07-01 (depth 0): skipped, already bought and settled
[2026-09-24 21:54:01 PDT] 6C ohlcv-1m 2025-07-01..2025-08-01 (depth 0): skipped, already bought and settled
[2026-09-24 21:54:01 PDT] 6C ohlcv-1m 2025-08-01..2025-09-01 (depth 0): skipped, already bought and settled
[2026-09-24 21:54:01 PDT] 6C ohlcv-1m 2025-09-01..2025-10-01 (depth 0): skipped, already bought and settled
[2026-09-24 21:54:01 PDT] 6C ohlcv-1m 2025-10-01..2025-11-01 (depth 0): skipped, already bought and settled
[2026-09-24 21:54:01 PDT] 6C ohlcv-1m 2025-11-01..2025-12-01 (depth 0): skipped, already bought and settled
[2026-09-24 21:54:01 PDT] 6C ohlcv-1m 2025-12-01..2026-01-01 (depth 0): skipped, already bought and settled
[2026-09-24 21:54:01 PDT] 6C ohlcv-1m 2026-01-01..2026-02-01 (depth 0): skipped, already bought and settled
[2026-09-24 21:54:01 PDT] 6C ohlcv-1m 2026-02-01..2026-03-01 (depth 0): skipped, already bought and settled
[2026-09-24 21:54:01 PDT] 6C ohlcv-1m 2026-03-01..2026-04-01 (depth 0): skipped, already bought and settled
[2026-09-24 21:54:01 PDT] 6C ohlcv-1m 2026-04-01..2026-05-01 (depth 0): skipped, already bought and settled
[2026-09-24 21:54:01 PDT] 6C ohlcv-1m 2026-05-01..2026-06-01 (depth 0): skipped, already bought and settled
[2026-09-24 21:54:01 PDT] 6C ohlcv-1m 2026-06-01..2026-06-21 (depth 0): skipped, already bought and settled
[2026-09-24 21:54:01 PDT] 6J ohlcv-1m 2025-04-01..2025-05-01 (depth 0): skipped, already bought and settled
[2026-09-24 21:54:01 PDT] 6J ohlcv-1m 2025-05-01..2025-06-01 (depth 0): skipped, already bought and settled
[2026-09-24 21:54:01 PDT] 6J ohlcv-1m 2025-06-01..2025-07-01 (depth 0): skipped, already bought and settled
[2026-09-24 21:54:01 PDT] 6J ohlcv-1m 2025-07-01..2025-08-01 (depth 0): skipped, already bought and settled
[2026-09-24 21:54:01 PDT] 6J ohlcv-1m 2025-08-01..2025-09-01 (depth 0): skipped, already bought and settled
[2026-09-24 21:54:01 PDT] 6J ohlcv-1m 2025-09-01..2025-10-01 (depth 0): skipped, already bought and settled
[2026-09-24 21:54:01 PDT] 6J ohlcv-1m 2025-10-01..2025-11-01 (depth 0): skipped, already bought and settled
[2026-09-24 21:54:01 PDT] 6J ohlcv-1m 2025-11-01..2025-12-01 (depth 0): skipped, already bought and settled
[2026-09-24 21:54:01 PDT] 6J ohlcv-1m 2025-12-01..2026-01-01 (depth 0): skipped, already bought and settled
[2026-09-24 21:54:01 PDT] 6J ohlcv-1m 2026-01-01..2026-02-01 (depth 0): skipped, already bought and settled
[2026-09-24 21:54:01 PDT] 6J ohlcv-1m 2026-02-01..2026-03-01 (depth 0): skipped, already bought and settled
[2026-09-24 21:54:01 PDT] 6J ohlcv-1m 2026-03-01..2026-04-01 (depth 0): skipped, already bought and settled
[2026-09-24 21:54:01 PDT] 6J ohlcv-1m 2026-04-01..2026-05-01 (depth 0): skipped, already bought and settled
[2026-09-24 21:54:01 PDT] 6J ohlcv-1m 2026-05-01..2026-06-01 (depth 0): skipped, already bought and settled
[2026-09-24 21:54:01 PDT] 6J ohlcv-1m 2026-06-01..2026-06-21 (depth 0): skipped, already bought and settled
[2026-09-24 21:54:01 PDT] 6S ohlcv-1m 2025-04-01..2025-05-01 (depth 0): skipped, already bought and settled
[2026-09-24 21:54:01 PDT] 6S ohlcv-1m 2025-05-01..2025-06-01 (depth 0): skipped, already bought and settled
[2026-09-24 21:54:01 PDT] 6S ohlcv-1m 2025-06-01..2025-07-01 (depth 0): skipped, already bought and settled
[2026-09-24 21:54:01 PDT] 6S ohlcv-1m 2025-07-01..2025-08-01 (depth 0): skipped, already bought and settled
[2026-09-24 21:54:01 PDT] 6S ohlcv-1m 2025-08-01..2025-09-01 (depth 0): skipped, already bought and settled
[2026-09-24 21:54:01 PDT] 6S ohlcv-1m 2025-09-01..2025-10-01 (depth 0): skipped, already bought and settled
[2026-09-24 21:54:01 PDT] 6S ohlcv-1m 2025-10-01..2025-11-01 (depth 0): skipped, already bought and settled
[2026-09-24 21:54:01 PDT] 6S ohlcv-1m 2025-11-01..2025-12-01 (depth 0): skipped, already bought and settled
[2026-09-24 21:54:01 PDT] 6S ohlcv-1m 2025-12-01..2026-01-01 (depth 0): skipped, already bought and settled
[2026-09-24 21:54:01 PDT] 6S ohlcv-1m 2026-01-01..2026-02-01 (depth 0): skipped, already bought and settled
[2026-09-24 21:54:01 PDT] 6S ohlcv-1m 2026-02-01..2026-03-01 (depth 0): skipped, already bought and settled
[2026-09-24 21:54:01 PDT] 6S ohlcv-1m 2026-03-01..2026-04-01 (depth 0): skipped, already bought and settled
[2026-09-24 21:54:01 PDT] 6S ohlcv-1m 2026-04-01..2026-05-01 (depth 0): skipped, already bought and settled
[2026-09-24 21:54:01 PDT] 6S ohlcv-1m 2026-05-01..2026-06-01 (depth 0): skipped, already bought and settled
[2026-09-24 21:54:01 PDT] 6S ohlcv-1m 2026-06-01..2026-06-21 (depth 0): skipped, already bought and settled
[2026-09-24 21:54:01 PDT] 6N ohlcv-1m 2025-04-01..2025-05-01 (depth 0): skipped, already bought and settled
[2026-09-24 21:54:01 PDT] 6N ohlcv-1m 2025-05-01..2025-06-01 (depth 0): skipped, already bought and settled
[2026-09-24 21:54:01 PDT] 6N ohlcv-1m 2025-06-01..2025-07-01 (depth 0): skipped, already bought and settled
[2026-09-24 21:54:01 PDT] 6N ohlcv-1m 2025-07-01..2025-08-01 (depth 0): skipped, already bought and settled
[2026-09-24 21:54:01 PDT] 6N ohlcv-1m 2025-08-01..2025-09-01 (depth 0): skipped, already bought and settled
[2026-09-24 21:54:01 PDT] 6N ohlcv-1m 2025-09-01..2025-10-01 (depth 0): skipped, already bought and settled
[2026-09-24 21:54:01 PDT] 6N ohlcv-1m 2025-10-01..2025-11-01 (depth 0): skipped, already bought and settled
[2026-09-24 21:54:01 PDT] 6N ohlcv-1m 2025-11-01..2025-12-01 (depth 0): skipped, already bought and settled
[2026-09-24 21:54:01 PDT] 6N ohlcv-1m 2025-12-01..2026-01-01 (depth 0): skipped, already bought and settled
[2026-09-24 21:54:01 PDT] 6N ohlcv-1m 2026-01-01..2026-02-01 (depth 0): skipped, already bought and settled
[2026-09-24 21:54:01 PDT] 6N ohlcv-1m 2026-02-01..2026-03-01 (depth 0): skipped, already bought and settled
[2026-09-24 21:54:01 PDT] 6N ohlcv-1m 2026-03-01..2026-04-01 (depth 0): skipped, already bought and settled
[2026-09-24 21:54:01 PDT] 6N ohlcv-1m 2026-04-01..2026-05-01 (depth 0): skipped, already bought and settled
[2026-09-24 21:54:01 PDT] 6N ohlcv-1m 2026-05-01..2026-06-01 (depth 0): skipped, already bought and settled
[2026-09-24 21:54:01 PDT] 6N ohlcv-1m 2026-06-01..2026-06-21 (depth 0): skipped, already bought and settled
[2026-09-24 21:54:01 PDT] CL ohlcv-1m 2025-04-01..2025-05-01 (depth 0): skipped, already bought and settled
[2026-09-24 21:54:01 PDT] CL ohlcv-1m 2025-05-01..2025-06-01 (depth 0): skipped, already bought and settled
[2026-09-24 21:54:01 PDT] CL ohlcv-1m 2025-06-01..2025-07-01 (depth 0): skipped, already bought and settled
[2026-09-24 21:54:01 PDT] CL ohlcv-1m 2025-07-01..2025-08-01 (depth 0): skipped, already bought and settled
[2026-09-24 21:54:01 PDT] CL ohlcv-1m 2025-08-01..2025-09-01 (depth 0): skipped, already bought and settled
[2026-09-24 21:54:01 PDT] CL ohlcv-1m 2025-09-01..2025-10-01 (depth 0): skipped, already bought and settled
[2026-09-24 21:54:01 PDT] CL ohlcv-1m 2025-10-01..2025-11-01 (depth 0): skipped, already bought and settled
[2026-09-24 21:54:01 PDT] CL ohlcv-1m 2025-11-01..2025-12-01 (depth 0): skipped, already bought and settled
[2026-09-24 21:54:01 PDT] CL ohlcv-1m 2025-12-01..2026-01-01 (depth 0): skipped, already bought and settled
[2026-09-24 21:54:01 PDT] CL ohlcv-1m 2026-01-01..2026-02-01 (depth 0): skipped, already bought and settled
[2026-09-24 21:54:01 PDT] CL ohlcv-1m 2026-02-01..2026-03-01 (depth 0): skipped, already bought and settled
[2026-09-24 21:54:01 PDT] CL ohlcv-1m 2026-03-01..2026-04-01 (depth 0): skipped, already bought and settled
[2026-09-24 21:54:01 PDT] CL ohlcv-1m 2026-04-01..2026-05-01 (depth 0): skipped, already bought and settled
[2026-09-24 21:54:01 PDT] CL ohlcv-1m 2026-05-01..2026-06-01 (depth 0): skipped, already bought and settled
[2026-09-24 21:54:01 PDT] CL ohlcv-1m 2026-06-01..2026-06-21 (depth 0): skipped, already bought and settled
[2026-09-24 21:54:01 PDT] MCL ohlcv-1m 2025-04-01..2025-05-01 (depth 0): skipped, already bought and settled
[2026-09-24 21:54:01 PDT] MCL ohlcv-1m 2025-05-01..2025-06-01 (depth 0): skipped, already bought and settled
[2026-09-24 21:54:01 PDT] MCL ohlcv-1m 2025-06-01..2025-07-01 (depth 0): skipped, already bought and settled
[2026-09-24 21:54:01 PDT] MCL ohlcv-1m 2025-07-01..2025-08-01 (depth 0): skipped, already bought and settled
[2026-09-24 21:54:01 PDT] MCL ohlcv-1m 2025-08-01..2025-09-01 (depth 0): skipped, already bought and settled
[2026-09-24 21:54:01 PDT] MCL ohlcv-1m 2025-09-01..2025-10-01 (depth 0): skipped, already bought and settled
[2026-09-24 21:54:01 PDT] MCL ohlcv-1m 2025-10-01..2025-11-01 (depth 0): skipped, already bought and settled
[2026-09-24 21:54:01 PDT] MCL ohlcv-1m 2025-11-01..2025-12-01 (depth 0): skipped, already bought and settled
[2026-09-24 21:54:01 PDT] MCL ohlcv-1m 2025-12-01..2026-01-01 (depth 0): skipped, already bought and settled
[2026-09-24 21:54:01 PDT] MCL ohlcv-1m 2026-01-01..2026-02-01 (depth 0): skipped, already bought and settled
[2026-09-24 21:54:01 PDT] MCL ohlcv-1m 2026-02-01..2026-03-01 (depth 0): skipped, already bought and settled
[2026-09-24 21:54:01 PDT] MCL ohlcv-1m 2026-03-01..2026-04-01 (depth 0): skipped, already bought and settled
[2026-09-24 21:54:01 PDT] MCL ohlcv-1m 2026-04-01..2026-05-01 (depth 0): skipped, already bought and settled
[2026-09-24 21:54:01 PDT] MCL ohlcv-1m 2026-05-01..2026-06-01 (depth 0): skipped, already bought and settled
[2026-09-24 21:54:01 PDT] MCL ohlcv-1m 2026-06-01..2026-06-21 (depth 0): skipped, already bought and settled
[2026-09-24 21:54:01 PDT] QM ohlcv-1m 2025-04-01..2025-05-01 (depth 0): skipped, already bought and settled
[2026-09-24 21:54:01 PDT] QM ohlcv-1m 2025-05-01..2025-06-01 (depth 0): skipped, already bought and settled
[2026-09-24 21:54:01 PDT] QM ohlcv-1m 2025-06-01..2025-07-01 (depth 0): skipped, already bought and settled
[2026-09-24 21:54:01 PDT] QM ohlcv-1m 2025-07-01..2025-08-01 (depth 0): skipped, already bought and settled
[2026-09-24 21:54:01 PDT] QM ohlcv-1m 2025-08-01..2025-09-01 (depth 0): skipped, already bought and settled
[2026-09-24 21:54:01 PDT] QM ohlcv-1m 2025-09-01..2025-10-01 (depth 0): skipped, already bought and settled
[2026-09-24 21:54:01 PDT] QM ohlcv-1m 2025-10-01..2025-11-01 (depth 0): skipped, already bought and settled
[2026-09-24 21:54:01 PDT] QM ohlcv-1m 2025-11-01..2025-12-01 (depth 0): skipped, already bought and settled
[2026-09-24 21:54:01 PDT] QM ohlcv-1m 2025-12-01..2026-01-01 (depth 0): skipped, already bought and settled
[2026-09-24 21:54:01 PDT] QM ohlcv-1m 2026-01-01..2026-02-01 (depth 0): skipped, already bought and settled
[2026-09-24 21:54:01 PDT] QM ohlcv-1m 2026-02-01..2026-03-01 (depth 0): skipped, already bought and settled
[2026-09-24 21:54:01 PDT] QM ohlcv-1m 2026-03-01..2026-04-01 (depth 0): skipped, already bought and settled
[2026-09-24 21:54:01 PDT] QM ohlcv-1m 2026-04-01..2026-05-01 (depth 0): skipped, already bought and settled
[2026-09-24 21:54:01 PDT] QM ohlcv-1m 2026-05-01..2026-06-01 (depth 0): skipped, already bought and settled
[2026-09-24 21:54:01 PDT] QM ohlcv-1m 2026-06-01..2026-06-21 (depth 0): skipped, already bought and settled
[2026-09-24 21:54:01 PDT] NG ohlcv-1m 2025-04-01..2025-05-01 (depth 0): skipped, already bought and settled
[2026-09-24 21:54:01 PDT] NG ohlcv-1m 2025-05-01..2025-06-01 (depth 0): skipped, already bought and settled
[2026-09-24 21:54:01 PDT] NG ohlcv-1m 2025-06-01..2025-07-01 (depth 0): skipped, already bought and settled
[2026-09-24 21:54:01 PDT] NG ohlcv-1m 2025-07-01..2025-08-01 (depth 0): skipped, already bought and settled
[2026-09-24 21:54:01 PDT] NG ohlcv-1m 2025-08-01..2025-09-01 (depth 0): skipped, already bought and settled
[2026-09-24 21:54:01 PDT] NG ohlcv-1m 2025-09-01..2025-10-01 (depth 0): skipped, already bought and settled
[2026-09-24 21:54:01 PDT] NG ohlcv-1m 2025-10-01..2025-11-01 (depth 0): skipped, already bought and settled
[2026-09-24 21:54:01 PDT] NG ohlcv-1m 2025-11-01..2025-12-01 (depth 0): skipped, already bought and settled
[2026-09-24 21:54:01 PDT] NG ohlcv-1m 2025-12-01..2026-01-01 (depth 0): skipped, already bought and settled
[2026-09-24 21:54:01 PDT] NG ohlcv-1m 2026-01-01..2026-02-01 (depth 0): skipped, already bought and settled
[2026-09-24 21:54:01 PDT] NG ohlcv-1m 2026-02-01..2026-03-01 (depth 0): skipped, already bought and settled
[2026-09-24 21:54:01 PDT] NG ohlcv-1m 2026-03-01..2026-04-01 (depth 0): skipped, already bought and settled
[2026-09-24 21:54:01 PDT] NG ohlcv-1m 2026-04-01..2026-05-01 (depth 0): skipped, already bought and settled
[2026-09-24 21:54:01 PDT] NG ohlcv-1m 2026-05-01..2026-06-01 (depth 0): skipped, already bought and settled
[2026-09-24 21:54:01 PDT] NG ohlcv-1m 2026-06-01..2026-06-21 (depth 0): skipped, already bought and settled
[2026-09-24 21:54:01 PDT] MNG ohlcv-1m 2025-04-01..2025-05-01 (depth 0): skipped, already bought and settled
[2026-09-24 21:54:01 PDT] MNG ohlcv-1m 2025-05-01..2025-06-01 (depth 0): skipped, already bought and settled
[2026-09-24 21:54:01 PDT] MNG ohlcv-1m 2025-06-01..2025-07-01 (depth 0): skipped, already bought and settled
[2026-09-24 21:54:01 PDT] MNG ohlcv-1m 2025-07-01..2025-08-01 (depth 0): skipped, already bought and settled
[2026-09-24 21:54:01 PDT] MNG ohlcv-1m 2025-08-01..2025-09-01 (depth 0): skipped, already bought and settled
[2026-09-24 21:54:01 PDT] MNG ohlcv-1m 2025-09-01..2025-10-01 (depth 0): skipped, already bought and settled
[2026-09-24 21:54:01 PDT] MNG ohlcv-1m 2025-10-01..2025-11-01 (depth 0): skipped, already bought and settled
[2026-09-24 21:54:01 PDT] MNG ohlcv-1m 2025-11-01..2025-12-01 (depth 0): skipped, already bought and settled
[2026-09-24 21:54:01 PDT] MNG ohlcv-1m 2025-12-01..2026-01-01 (depth 0): skipped, already bought and settled
[2026-09-24 21:54:01 PDT] MNG ohlcv-1m 2026-01-01..2026-02-01 (depth 0): skipped, already bought and settled
[2026-09-24 21:54:01 PDT] MNG ohlcv-1m 2026-02-01..2026-03-01 (depth 0): skipped, already bought and settled
[2026-09-24 21:54:01 PDT] MNG ohlcv-1m 2026-03-01..2026-04-01 (depth 0): skipped, already bought and settled
[2026-09-24 21:54:01 PDT] MNG ohlcv-1m 2026-04-01..2026-05-01 (depth 0): skipped, already bought and settled
[2026-09-24 21:54:01 PDT] MNG ohlcv-1m 2026-05-01..2026-06-01 (depth 0): skipped, already bought and settled
[2026-09-24 21:54:01 PDT] MNG ohlcv-1m 2026-06-01..2026-06-21 (depth 0): skipped, already bought and settled
[2026-09-24 21:54:01 PDT] QG ohlcv-1m 2025-04-01..2025-05-01 (depth 0): skipped, already bought and settled
[2026-09-24 21:54:01 PDT] QG ohlcv-1m 2025-05-01..2025-06-01 (depth 0): skipped, already bought and settled
[2026-09-24 21:54:01 PDT] QG ohlcv-1m 2025-06-01..2025-07-01 (depth 0): skipped, already bought and settled
[2026-09-24 21:54:01 PDT] QG ohlcv-1m 2025-07-01..2025-08-01 (depth 0): skipped, already bought and settled
[2026-09-24 21:54:01 PDT] QG ohlcv-1m 2025-08-01..2025-09-01 (depth 0): skipped, already bought and settled
[2026-09-24 21:54:01 PDT] QG ohlcv-1m 2025-09-01..2025-10-01 (depth 0): skipped, already bought and settled
[2026-09-24 21:54:01 PDT] QG ohlcv-1m 2025-10-01..2025-11-01 (depth 0): skipped, already bought and settled
[2026-09-24 21:54:01 PDT] QG ohlcv-1m 2025-11-01..2025-12-01 (depth 0): skipped, already bought and settled
[2026-09-24 21:54:01 PDT] QG ohlcv-1m 2025-12-01..2026-01-01 (depth 0): skipped, already bought and settled
[2026-09-24 21:54:01 PDT] QG ohlcv-1m 2026-01-01..2026-02-01 (depth 0): skipped, already bought and settled
[2026-09-24 21:54:01 PDT] QG ohlcv-1m 2026-02-01..2026-03-01 (depth 0): skipped, already bought and settled
[2026-09-24 21:54:01 PDT] QG ohlcv-1m 2026-03-01..2026-04-01 (depth 0): skipped, already bought and settled
[2026-09-24 21:54:01 PDT] QG ohlcv-1m 2026-04-01..2026-05-01 (depth 0): skipped, already bought and settled
[2026-09-24 21:54:01 PDT] QG ohlcv-1m 2026-05-01..2026-06-01 (depth 0): skipped, already bought and settled
[2026-09-24 21:54:01 PDT] QG ohlcv-1m 2026-06-01..2026-06-21 (depth 0): skipped, already bought and settled
[2026-09-24 21:54:01 PDT] RB ohlcv-1m 2025-04-01..2025-05-01 (depth 0): skipped, already bought and settled
[2026-09-24 21:54:01 PDT] RB ohlcv-1m 2025-05-01..2025-06-01 (depth 0): skipped, already bought and settled
[2026-09-24 21:54:01 PDT] RB ohlcv-1m 2025-06-01..2025-07-01 (depth 0): skipped, already bought and settled
[2026-09-24 21:54:01 PDT] RB ohlcv-1m 2025-07-01..2025-08-01 (depth 0): skipped, already bought and settled
[2026-09-24 21:54:01 PDT] RB ohlcv-1m 2025-08-01..2025-09-01 (depth 0): skipped, already bought and settled
[2026-09-24 21:54:01 PDT] RB ohlcv-1m 2025-09-01..2025-10-01 (depth 0): skipped, already bought and settled
[2026-09-24 21:54:01 PDT] RB ohlcv-1m 2025-10-01..2025-11-01 (depth 0): skipped, already bought and settled
[2026-09-24 21:54:01 PDT] RB ohlcv-1m 2025-11-01..2025-12-01 (depth 0): skipped, already bought and settled
[2026-09-24 21:54:01 PDT] RB ohlcv-1m 2025-12-01..2026-01-01 (depth 0): skipped, already bought and settled
[2026-09-24 21:54:01 PDT] RB ohlcv-1m 2026-01-01..2026-02-01 (depth 0): skipped, already bought and settled
[2026-09-24 21:54:01 PDT] RB ohlcv-1m 2026-02-01..2026-03-01 (depth 0): skipped, already bought and settled
[2026-09-24 21:54:01 PDT] RB ohlcv-1m 2026-03-01..2026-04-01 (depth 0): skipped, already bought and settled
[2026-09-24 21:54:01 PDT] RB ohlcv-1m 2026-04-01..2026-05-01 (depth 0): skipped, already bought and settled
[2026-09-24 21:54:01 PDT] RB ohlcv-1m 2026-05-01..2026-06-01 (depth 0): skipped, already bought and settled
[2026-09-24 21:54:01 PDT] RB ohlcv-1m 2026-06-01..2026-06-21 (depth 0): skipped, already bought and settled
[2026-09-24 21:54:01 PDT] HO ohlcv-1m 2025-04-01..2025-05-01 (depth 0): skipped, already bought and settled
[2026-09-24 21:54:01 PDT] HO ohlcv-1m 2025-05-01..2025-06-01 (depth 0): skipped, already bought and settled
[2026-09-24 21:54:01 PDT] HO ohlcv-1m 2025-06-01..2025-07-01 (depth 0): skipped, already bought and settled
[2026-09-24 21:54:01 PDT] HO ohlcv-1m 2025-07-01..2025-08-01 (depth 0): skipped, already bought and settled
[2026-09-24 21:54:01 PDT] HO ohlcv-1m 2025-08-01..2025-09-01 (depth 0): skipped, already bought and settled
[2026-09-24 21:54:01 PDT] HO ohlcv-1m 2025-09-01..2025-10-01 (depth 0): skipped, already bought and settled
[2026-09-24 21:54:01 PDT] HO ohlcv-1m 2025-10-01..2025-11-01 (depth 0): skipped, already bought and settled
[2026-09-24 21:54:01 PDT] HO ohlcv-1m 2025-11-01..2025-12-01 (depth 0): skipped, already bought and settled
[2026-09-24 21:54:01 PDT] HO ohlcv-1m 2025-12-01..2026-01-01 (depth 0): skipped, already bought and settled
[2026-09-24 21:54:01 PDT] HO ohlcv-1m 2026-01-01..2026-02-01 (depth 0): skipped, already bought and settled
[2026-09-24 21:54:01 PDT] HO ohlcv-1m 2026-02-01..2026-03-01 (depth 0): skipped, already bought and settled
[2026-09-24 21:54:01 PDT] HO ohlcv-1m 2026-03-01..2026-04-01 (depth 0): skipped, already bought and settled
[2026-09-24 21:54:01 PDT] HO ohlcv-1m 2026-04-01..2026-05-01 (depth 0): skipped, already bought and settled
[2026-09-24 21:54:01 PDT] HO ohlcv-1m 2026-05-01..2026-06-01 (depth 0): skipped, already bought and settled
[2026-09-24 21:54:01 PDT] HO ohlcv-1m 2026-06-01..2026-06-21 (depth 0): skipped, already bought and settled
[2026-09-24 21:54:01 PDT] MGC ohlcv-1m 2025-04-01..2025-05-01 (depth 0): skipped, already bought and settled
[2026-09-24 21:54:01 PDT] MGC ohlcv-1m 2025-05-01..2025-06-01 (depth 0): skipped, already bought and settled
[2026-09-24 21:54:01 PDT] MGC ohlcv-1m 2025-06-01..2025-07-01 (depth 0): skipped, already bought and settled
[2026-09-24 21:54:01 PDT] MGC ohlcv-1m 2025-07-01..2025-08-01 (depth 0): skipped, already bought and settled
[2026-09-24 21:54:01 PDT] MGC ohlcv-1m 2025-08-01..2025-09-01 (depth 0): skipped, already bought and settled
[2026-09-24 21:54:01 PDT] MGC ohlcv-1m 2025-09-01..2025-10-01 (depth 0): skipped, already bought and settled
[2026-09-24 21:54:01 PDT] MGC ohlcv-1m 2025-10-01..2025-11-01 (depth 0): skipped, already bought and settled
[2026-09-24 21:54:01 PDT] MGC ohlcv-1m 2025-11-01..2025-12-01 (depth 0): skipped, already bought and settled
[2026-09-24 21:54:01 PDT] MGC ohlcv-1m 2025-12-01..2026-01-01 (depth 0): skipped, already bought and settled
[2026-09-24 21:54:01 PDT] MGC ohlcv-1m 2026-01-01..2026-02-01 (depth 0): skipped, already bought and settled
[2026-09-24 21:54:01 PDT] MGC ohlcv-1m 2026-02-01..2026-03-01 (depth 0): skipped, already bought and settled
[2026-09-24 21:54:01 PDT] MGC ohlcv-1m 2026-03-01..2026-04-01 (depth 0): skipped, already bought and settled
[2026-09-24 21:54:01 PDT] MGC ohlcv-1m 2026-04-01..2026-05-01 (depth 0): skipped, already bought and settled
[2026-09-24 21:54:01 PDT] MGC ohlcv-1m 2026-05-01..2026-06-01 (depth 0): skipped, already bought and settled
[2026-09-24 21:54:01 PDT] MGC ohlcv-1m 2026-06-01..2026-06-21 (depth 0): skipped, already bought and settled
[2026-09-24 21:54:01 PDT] GC ohlcv-1m 2025-04-01..2025-05-01 (depth 0): skipped, already bought and settled
[2026-09-24 21:54:01 PDT] GC ohlcv-1m 2025-05-01..2025-06-01 (depth 0): skipped, already bought and settled
[2026-09-24 21:54:01 PDT] GC ohlcv-1m 2025-06-01..2025-07-01 (depth 0): skipped, already bought and settled
[2026-09-24 21:54:01 PDT] GC ohlcv-1m 2025-07-01..2025-08-01 (depth 0): skipped, already bought and settled
[2026-09-24 21:54:01 PDT] GC ohlcv-1m 2025-08-01..2025-09-01 (depth 0): skipped, already bought and settled
[2026-09-24 21:54:01 PDT] GC ohlcv-1m 2025-09-01..2025-10-01 (depth 0): skipped, already bought and settled
[2026-09-24 21:54:01 PDT] GC ohlcv-1m 2025-10-01..2025-11-01 (depth 0): skipped, already bought and settled
[2026-09-24 21:54:01 PDT] GC ohlcv-1m 2025-11-01..2025-12-01 (depth 0): skipped, already bought and settled
[2026-09-24 21:54:01 PDT] GC ohlcv-1m 2025-12-01..2026-01-01 (depth 0): skipped, already bought and settled
[2026-09-24 21:54:01 PDT] GC ohlcv-1m 2026-01-01..2026-02-01 (depth 0): skipped, already bought and settled
[2026-09-24 21:54:01 PDT] GC ohlcv-1m 2026-02-01..2026-03-01 (depth 0): skipped, already bought and settled
[2026-09-24 21:54:01 PDT] GC ohlcv-1m 2026-03-01..2026-04-01 (depth 0): skipped, already bought and settled
[2026-09-24 21:54:01 PDT] GC ohlcv-1m 2026-04-01..2026-05-01 (depth 0): skipped, already bought and settled
[2026-09-24 21:54:01 PDT] GC ohlcv-1m 2026-05-01..2026-06-01 (depth 0): skipped, already bought and settled
[2026-09-24 21:54:01 PDT] GC ohlcv-1m 2026-06-01..2026-06-21 (depth 0): skipped, already bought and settled
[2026-09-24 21:54:01 PDT] SIL ohlcv-1m 2025-04-01..2025-05-01 (depth 0): skipped, already bought and settled
[2026-09-24 21:54:01 PDT] SIL ohlcv-1m 2025-05-01..2025-06-01 (depth 0): skipped, already bought and settled
[2026-09-24 21:54:01 PDT] SIL ohlcv-1m 2025-06-01..2025-07-01 (depth 0): skipped, already bought and settled
[2026-09-24 21:54:01 PDT] SIL ohlcv-1m 2025-07-01..2025-08-01 (depth 0): skipped, already bought and settled
[2026-09-24 21:54:01 PDT] SIL ohlcv-1m 2025-08-01..2025-09-01 (depth 0): skipped, already bought and settled
[2026-09-24 21:54:01 PDT] SIL ohlcv-1m 2025-09-01..2025-10-01 (depth 0): skipped, already bought and settled
[2026-09-24 21:54:01 PDT] SIL ohlcv-1m 2025-10-01..2025-11-01 (depth 0): skipped, already bought and settled
[2026-09-24 21:54:01 PDT] SIL ohlcv-1m 2025-11-01..2025-12-01 (depth 0): skipped, already bought and settled
[2026-09-24 21:54:01 PDT] SIL ohlcv-1m 2025-12-01..2026-01-01 (depth 0): skipped, already bought and settled
[2026-09-24 21:54:01 PDT] SIL ohlcv-1m 2026-01-01..2026-02-01 (depth 0): skipped, already bought and settled
[2026-09-24 21:54:01 PDT] SIL ohlcv-1m 2026-02-01..2026-03-01 (depth 0): skipped, already bought and settled
[2026-09-24 21:54:01 PDT] SIL ohlcv-1m 2026-03-01..2026-04-01 (depth 0): skipped, already bought and settled
[2026-09-24 21:54:01 PDT] SIL ohlcv-1m 2026-04-01..2026-05-01 (depth 0): skipped, already bought and settled
[2026-09-24 21:54:01 PDT] SIL ohlcv-1m 2026-05-01..2026-06-01 (depth 0): skipped, already bought and settled
[2026-09-24 21:54:01 PDT] SIL ohlcv-1m 2026-06-01..2026-06-21 (depth 0): skipped, already bought and settled
[2026-09-24 21:54:01 PDT] SI ohlcv-1m 2025-04-01..2025-05-01 (depth 0): skipped, already bought and settled
[2026-09-24 21:54:01 PDT] SI ohlcv-1m 2025-05-01..2025-06-01 (depth 0): skipped, already bought and settled
[2026-09-24 21:54:01 PDT] SI ohlcv-1m 2025-06-01..2025-07-01 (depth 0): skipped, already bought and settled
[2026-09-24 21:54:01 PDT] SI ohlcv-1m 2025-07-01..2025-08-01 (depth 0): skipped, already bought and settled
[2026-09-24 21:54:01 PDT] SI ohlcv-1m 2025-08-01..2025-09-01 (depth 0): skipped, already bought and settled
[2026-09-24 21:54:01 PDT] SI ohlcv-1m 2025-09-01..2025-10-01 (depth 0): skipped, already bought and settled
[2026-09-24 21:54:01 PDT] SI ohlcv-1m 2025-10-01..2025-11-01 (depth 0): skipped, already bought and settled
[2026-09-24 21:54:01 PDT] SI ohlcv-1m 2025-11-01..2025-12-01 (depth 0): skipped, already bought and settled
[2026-09-24 21:54:01 PDT] SI ohlcv-1m 2025-12-01..2026-01-01 (depth 0): skipped, already bought and settled
[2026-09-24 21:54:02 PDT] SI ohlcv-1m 2026-01-01..2026-02-01 (depth 0): skipped, already bought and settled
[2026-09-24 21:54:02 PDT] SI ohlcv-1m 2026-02-01..2026-03-01 (depth 0): skipped, already bought and settled
[2026-09-24 21:54:02 PDT] SI ohlcv-1m 2026-03-01..2026-04-01 (depth 0): skipped, already bought and settled
[2026-09-24 21:54:02 PDT] SI ohlcv-1m 2026-04-01..2026-05-01 (depth 0): skipped, already bought and settled
[2026-09-24 21:54:02 PDT] SI ohlcv-1m 2026-05-01..2026-06-01 (depth 0): skipped, already bought and settled
[2026-09-24 21:54:02 PDT] SI ohlcv-1m 2026-06-01..2026-06-21 (depth 0): skipped, already bought and settled
[2026-09-24 21:54:02 PDT] HG ohlcv-1m 2025-04-01..2025-05-01 (depth 0): skipped, already bought and settled
[2026-09-24 21:54:02 PDT] HG ohlcv-1m 2025-05-01..2025-06-01 (depth 0): skipped, already bought and settled
[2026-09-24 21:54:02 PDT] HG ohlcv-1m 2025-06-01..2025-07-01 (depth 0): skipped, already bought and settled
[2026-09-24 21:54:02 PDT] HG ohlcv-1m 2025-07-01..2025-08-01 (depth 0): skipped, already bought and settled
[2026-09-24 21:54:02 PDT] HG ohlcv-1m 2025-08-01..2025-09-01 (depth 0): skipped, already bought and settled
[2026-09-24 21:54:02 PDT] HG ohlcv-1m 2025-09-01..2025-10-01 (depth 0): skipped, already bought and settled
[2026-09-24 21:54:02 PDT] HG ohlcv-1m 2025-10-01..2025-11-01 (depth 0): skipped, already bought and settled
[2026-09-24 21:54:02 PDT] HG ohlcv-1m 2025-11-01..2025-12-01 (depth 0): skipped, already bought and settled
[2026-09-24 21:54:02 PDT] HG ohlcv-1m 2025-12-01..2026-01-01 (depth 0): skipped, already bought and settled
[2026-09-24 21:54:02 PDT] HG ohlcv-1m 2026-01-01..2026-02-01 (depth 0): skipped, already bought and settled
[2026-09-24 21:54:02 PDT] HG ohlcv-1m 2026-02-01..2026-03-01 (depth 0): skipped, already bought and settled
[2026-09-24 21:54:02 PDT] HG ohlcv-1m 2026-03-01..2026-04-01 (depth 0): skipped, already bought and settled
[2026-09-24 21:54:02 PDT] HG ohlcv-1m 2026-04-01..2026-05-01 (depth 0): skipped, already bought and settled
[2026-09-24 21:54:02 PDT] HG ohlcv-1m 2026-05-01..2026-06-01 (depth 0): skipped, already bought and settled
[2026-09-24 21:54:02 PDT] HG ohlcv-1m 2026-06-01..2026-06-21 (depth 0): skipped, already bought and settled
[2026-09-24 21:54:02 PDT] MHG ohlcv-1m 2025-04-01..2025-05-01 (depth 0): skipped, already bought and settled
[2026-09-24 21:54:02 PDT] MHG ohlcv-1m 2025-05-01..2025-06-01 (depth 0): skipped, already bought and settled
[2026-09-24 21:54:02 PDT] MHG ohlcv-1m 2025-06-01..2025-07-01 (depth 0): skipped, already bought and settled
[2026-09-24 21:54:02 PDT] MHG ohlcv-1m 2025-07-01..2025-08-01 (depth 0): skipped, already bought and settled
[2026-09-24 21:54:02 PDT] MHG ohlcv-1m 2025-08-01..2025-09-01 (depth 0): skipped, already bought and settled
[2026-09-24 21:54:02 PDT] MHG ohlcv-1m 2025-09-01..2025-10-01 (depth 0): skipped, already bought and settled
[2026-09-24 21:54:02 PDT] MHG ohlcv-1m 2025-10-01..2025-11-01 (depth 0): skipped, already bought and settled
[2026-09-24 21:54:02 PDT] MHG ohlcv-1m 2025-11-01..2025-12-01 (depth 0): skipped, already bought and settled
[2026-09-24 21:54:02 PDT] MHG ohlcv-1m 2025-12-01..2026-01-01 (depth 0): skipped, already bought and settled
[2026-09-24 21:54:02 PDT] MHG ohlcv-1m 2026-01-01..2026-02-01 (depth 0): skipped, already bought and settled
[2026-09-24 21:54:02 PDT] MHG ohlcv-1m 2026-02-01..2026-03-01 (depth 0): skipped, already bought and settled
[2026-09-24 21:54:02 PDT] MHG ohlcv-1m 2026-03-01..2026-04-01 (depth 0): skipped, already bought and settled
[2026-09-24 21:54:02 PDT] MHG ohlcv-1m 2026-04-01..2026-05-01 (depth 0): skipped, already bought and settled
[2026-09-24 21:54:02 PDT] MHG ohlcv-1m 2026-05-01..2026-06-01 (depth 0): skipped, already bought and settled
[2026-09-24 21:54:02 PDT] MHG ohlcv-1m 2026-06-01..2026-06-21 (depth 0): skipped, already bought and settled
[2026-09-24 21:54:02 PDT] ZC ohlcv-1m 2025-04-01..2025-05-01 (depth 0): skipped, already bought and settled
[2026-09-24 21:54:02 PDT] ZC ohlcv-1m 2025-05-01..2025-06-01 (depth 0): skipped, already bought and settled
[2026-09-24 21:54:02 PDT] ZC ohlcv-1m 2025-06-01..2025-07-01 (depth 0): skipped, already bought and settled
[2026-09-24 21:54:02 PDT] ZC ohlcv-1m 2025-07-01..2025-08-01 (depth 0): skipped, already bought and settled
[2026-09-24 21:54:02 PDT] ZC ohlcv-1m 2025-08-01..2025-09-01 (depth 0): skipped, already bought and settled
[2026-09-24 21:54:02 PDT] ZC ohlcv-1m 2025-09-01..2025-10-01 (depth 0): skipped, already bought and settled
[2026-09-24 21:54:02 PDT] ZC ohlcv-1m 2025-10-01..2025-11-01 (depth 0): skipped, already bought and settled
[2026-09-24 21:54:02 PDT] ZC ohlcv-1m 2025-11-01..2025-12-01 (depth 0): skipped, already bought and settled
[2026-09-24 21:54:02 PDT] ZC ohlcv-1m 2025-12-01..2026-01-01 (depth 0): skipped, already bought and settled
[2026-09-24 21:54:02 PDT] ZC ohlcv-1m 2026-01-01..2026-02-01 (depth 0): skipped, already bought and settled
[2026-09-24 21:54:02 PDT] ZC ohlcv-1m 2026-02-01..2026-03-01 (depth 0): skipped, already bought and settled
[2026-09-24 21:54:02 PDT] ZC ohlcv-1m 2026-03-01..2026-04-01 (depth 0): skipped, already bought and settled
[2026-09-24 21:54:02 PDT] ZC ohlcv-1m 2026-04-01..2026-05-01 (depth 0): skipped, already bought and settled
[2026-09-24 21:54:02 PDT] ZC ohlcv-1m 2026-05-01..2026-06-01 (depth 0): skipped, already bought and settled
[2026-09-24 21:54:02 PDT] ZC ohlcv-1m 2026-06-01..2026-06-21 (depth 0): skipped, already bought and settled
[2026-09-24 21:54:02 PDT] ZW ohlcv-1m 2025-04-01..2025-05-01 (depth 0): skipped, already bought and settled
[2026-09-24 21:54:02 PDT] ZW ohlcv-1m 2025-05-01..2025-06-01 (depth 0): skipped, already bought and settled
[2026-09-24 21:54:02 PDT] ZW ohlcv-1m 2025-06-01..2025-07-01 (depth 0): skipped, already bought and settled
[2026-09-24 21:54:02 PDT] ZW ohlcv-1m 2025-07-01..2025-08-01 (depth 0): skipped, already bought and settled
[2026-09-24 21:54:02 PDT] ZW ohlcv-1m 2025-08-01..2025-09-01 (depth 0): skipped, already bought and settled
[2026-09-24 21:54:02 PDT] ZW ohlcv-1m 2025-09-01..2025-10-01 (depth 0): skipped, already bought and settled
[2026-09-24 21:54:02 PDT] ZW ohlcv-1m 2025-10-01..2025-11-01 (depth 0): skipped, already bought and settled
[2026-09-24 21:54:02 PDT] ZW ohlcv-1m 2025-11-01..2025-12-01 (depth 0): skipped, already bought and settled
[2026-09-24 21:54:02 PDT] ZW ohlcv-1m 2025-12-01..2026-01-01 (depth 0): skipped, already bought and settled
[2026-09-24 21:54:02 PDT] ZW ohlcv-1m 2026-01-01..2026-02-01 (depth 0): skipped, already bought and settled
[2026-09-24 21:54:02 PDT] ZW ohlcv-1m 2026-02-01..2026-03-01 (depth 0): skipped, already bought and settled
[2026-09-24 21:54:02 PDT] ZW ohlcv-1m 2026-03-01..2026-04-01 (depth 0): skipped, already bought and settled
[2026-09-24 21:54:02 PDT] ZW ohlcv-1m 2026-04-01..2026-05-01 (depth 0): skipped, already bought and settled
[2026-09-24 21:54:02 PDT] ZW ohlcv-1m 2026-05-01..2026-06-01 (depth 0): skipped, already bought and settled
[2026-09-24 21:54:02 PDT] ZW ohlcv-1m 2026-06-01..2026-06-21 (depth 0): skipped, already bought and settled
[2026-09-24 21:54:02 PDT] ZS ohlcv-1m 2025-04-01..2025-05-01 (depth 0): skipped, already bought and settled
[2026-09-24 21:54:02 PDT] ZS ohlcv-1m 2025-05-01..2025-06-01 (depth 0): skipped, already bought and settled
[2026-09-24 21:54:02 PDT] ZS ohlcv-1m 2025-06-01..2025-07-01 (depth 0): skipped, already bought and settled
[2026-09-24 21:54:02 PDT] ZS ohlcv-1m 2025-07-01..2025-08-01 (depth 0): skipped, already bought and settled
[2026-09-24 21:54:02 PDT] ZS ohlcv-1m 2025-08-01..2025-09-01 (depth 0): skipped, already bought and settled
[2026-09-24 21:54:02 PDT] ZS ohlcv-1m 2025-09-01..2025-10-01 (depth 0): skipped, already bought and settled
[2026-09-24 21:54:02 PDT] ZS ohlcv-1m 2025-10-01..2025-11-01 (depth 0): skipped, already bought and settled
[2026-09-24 21:54:02 PDT] ZS ohlcv-1m 2025-11-01..2025-12-01 (depth 0): skipped, already bought and settled
[2026-09-24 21:54:02 PDT] ZS ohlcv-1m 2025-12-01..2026-01-01 (depth 0): skipped, already bought and settled
[2026-09-24 21:54:02 PDT] ZS ohlcv-1m 2026-01-01..2026-02-01 (depth 0): skipped, already bought and settled
[2026-09-24 21:54:02 PDT] ZS ohlcv-1m 2026-02-01..2026-03-01 (depth 0): skipped, already bought and settled
[2026-09-24 21:54:02 PDT] ZS ohlcv-1m 2026-03-01..2026-04-01 (depth 0): skipped, already bought and settled
[2026-09-24 21:54:02 PDT] ZS ohlcv-1m 2026-04-01..2026-05-01 (depth 0): skipped, already bought and settled
[2026-09-24 21:54:02 PDT] ZS ohlcv-1m 2026-05-01..2026-06-01 (depth 0): skipped, already bought and settled
[2026-09-24 21:54:02 PDT] ZS ohlcv-1m 2026-06-01..2026-06-21 (depth 0): skipped, already bought and settled
[2026-09-24 21:54:02 PDT] ZM ohlcv-1m 2025-04-01..2025-05-01 (depth 0): skipped, already bought and settled
[2026-09-24 21:54:02 PDT] ZM ohlcv-1m 2025-05-01..2025-06-01 (depth 0): skipped, already bought and settled
[2026-09-24 21:54:02 PDT] ZM ohlcv-1m 2025-06-01..2025-07-01 (depth 0): skipped, already bought and settled
[2026-09-24 21:54:02 PDT] ZM ohlcv-1m 2025-07-01..2025-08-01 (depth 0): skipped, already bought and settled
[2026-09-24 21:54:02 PDT] ZM ohlcv-1m 2025-08-01..2025-09-01 (depth 0): skipped, already bought and settled
[2026-09-24 21:54:02 PDT] ZM ohlcv-1m 2025-09-01..2025-10-01 (depth 0): skipped, already bought and settled
[2026-09-24 21:54:02 PDT] ZM ohlcv-1m 2025-10-01..2025-11-01 (depth 0): skipped, already bought and settled
[2026-09-24 21:54:02 PDT] ZM ohlcv-1m 2025-11-01..2025-12-01 (depth 0): skipped, already bought and settled
[2026-09-24 21:54:02 PDT] ZM ohlcv-1m 2025-12-01..2026-01-01 (depth 0): skipped, already bought and settled
[2026-09-24 21:54:02 PDT] ZM ohlcv-1m 2026-01-01..2026-02-01 (depth 0): skipped, already bought and settled
[2026-09-24 21:54:02 PDT] ZM ohlcv-1m 2026-02-01..2026-03-01 (depth 0): skipped, already bought and settled
[2026-09-24 21:54:02 PDT] ZM ohlcv-1m 2026-03-01..2026-04-01 (depth 0): skipped, already bought and settled
[2026-09-24 21:54:02 PDT] ZM ohlcv-1m 2026-04-01..2026-05-01 (depth 0): skipped, already bought and settled
[2026-09-24 21:54:02 PDT] ZM ohlcv-1m 2026-05-01..2026-06-01 (depth 0): skipped, already bought and settled
[2026-09-24 21:54:02 PDT] ZM ohlcv-1m 2026-06-01..2026-06-21 (depth 0): skipped, already bought and settled
[2026-09-24 21:54:02 PDT] ZL ohlcv-1m 2025-04-01..2025-05-01 (depth 0): skipped, already bought and settled
[2026-09-24 21:54:02 PDT] ZL ohlcv-1m 2025-05-01..2025-06-01 (depth 0): skipped, already bought and settled
[2026-09-24 21:54:02 PDT] ZL ohlcv-1m 2025-06-01..2025-07-01 (depth 0): skipped, already bought and settled
[2026-09-24 21:54:02 PDT] ZL ohlcv-1m 2025-07-01..2025-08-01 (depth 0): skipped, already bought and settled
[2026-09-24 21:54:02 PDT] ZL ohlcv-1m 2025-08-01..2025-09-01 (depth 0): skipped, already bought and settled
[2026-09-24 21:54:02 PDT] ZL ohlcv-1m 2025-09-01..2025-10-01 (depth 0): skipped, already bought and settled
[2026-09-24 21:54:02 PDT] ZL ohlcv-1m 2025-10-01..2025-11-01 (depth 0): skipped, already bought and settled
[2026-09-24 21:54:02 PDT] ZL ohlcv-1m 2025-11-01..2025-12-01 (depth 0): skipped, already bought and settled
[2026-09-24 21:54:02 PDT] ZL ohlcv-1m 2025-12-01..2026-01-01 (depth 0): skipped, already bought and settled
[2026-09-24 21:54:02 PDT] ZL ohlcv-1m 2026-01-01..2026-02-01 (depth 0): skipped, already bought and settled
[2026-09-24 21:54:02 PDT] ZL ohlcv-1m 2026-02-01..2026-03-01 (depth 0): skipped, already bought and settled
[2026-09-24 21:54:02 PDT] ZL ohlcv-1m 2026-03-01..2026-04-01 (depth 0): skipped, already bought and settled
[2026-09-24 21:54:02 PDT] ZL ohlcv-1m 2026-04-01..2026-05-01 (depth 0): skipped, already bought and settled
[2026-09-24 21:54:02 PDT] ZL ohlcv-1m 2026-05-01..2026-06-01 (depth 0): skipped, already bought and settled
[2026-09-24 21:54:02 PDT] ZL ohlcv-1m 2026-06-01..2026-06-21 (depth 0): skipped, already bought and settled
[2026-09-24 21:54:02 PDT] HE ohlcv-1m 2025-04-01..2025-05-01 (depth 0): skipped, already bought and settled
[2026-09-24 21:54:02 PDT] HE ohlcv-1m 2025-05-01..2025-06-01 (depth 0): skipped, already bought and settled
[2026-09-24 21:54:02 PDT] HE ohlcv-1m 2025-06-01..2025-07-01 (depth 0): skipped, already bought and settled
[2026-09-24 21:54:02 PDT] HE ohlcv-1m 2025-07-01..2025-08-01 (depth 0): skipped, already bought and settled
[2026-09-24 21:54:02 PDT] HE ohlcv-1m 2025-08-01..2025-09-01 (depth 0): skipped, already bought and settled
[2026-09-24 21:54:02 PDT] HE ohlcv-1m 2025-09-01..2025-10-01 (depth 0): skipped, already bought and settled
[2026-09-24 21:54:02 PDT] HE ohlcv-1m 2025-10-01..2025-11-01 (depth 0): skipped, already bought and settled
[2026-09-24 21:54:02 PDT] HE ohlcv-1m 2025-11-01..2025-12-01 (depth 0): skipped, already bought and settled
[2026-09-24 21:54:02 PDT] HE ohlcv-1m 2025-12-01..2026-01-01 (depth 0): skipped, already bought and settled
[2026-09-24 21:54:02 PDT] HE ohlcv-1m 2026-01-01..2026-02-01 (depth 0): skipped, already bought and settled
[2026-09-24 21:54:02 PDT] HE ohlcv-1m 2026-02-01..2026-03-01 (depth 0): skipped, already bought and settled
[2026-09-24 21:54:02 PDT] HE ohlcv-1m 2026-03-01..2026-04-01 (depth 0): skipped, already bought and settled
[2026-09-24 21:54:02 PDT] HE ohlcv-1m 2026-04-01..2026-05-01 (depth 0): skipped, already bought and settled
[2026-09-24 21:54:02 PDT] HE ohlcv-1m 2026-05-01..2026-06-01 (depth 0): skipped, already bought and settled
[2026-09-24 21:54:02 PDT] HE ohlcv-1m 2026-06-01..2026-06-21 (depth 0): skipped, already bought and settled
[2026-09-24 21:54:02 PDT] LE ohlcv-1m 2025-04-01..2025-05-01 (depth 0): skipped, already bought and settled
[2026-09-24 21:54:02 PDT] LE ohlcv-1m 2025-05-01..2025-06-01 (depth 0): skipped, already bought and settled
[2026-09-24 21:54:02 PDT] LE ohlcv-1m 2025-06-01..2025-07-01 (depth 0): skipped, already bought and settled
[2026-09-24 21:54:02 PDT] LE ohlcv-1m 2025-07-01..2025-08-01 (depth 0): skipped, already bought and settled
[2026-09-24 21:54:02 PDT] LE ohlcv-1m 2025-08-01..2025-09-01 (depth 0): skipped, already bought and settled
[2026-09-24 21:54:02 PDT] LE ohlcv-1m 2025-09-01..2025-10-01 (depth 0): skipped, already bought and settled
[2026-09-24 21:54:02 PDT] LE ohlcv-1m 2025-10-01..2025-11-01 (depth 0): skipped, already bought and settled
[2026-09-24 21:54:02 PDT] LE ohlcv-1m 2025-11-01..2025-12-01 (depth 0): skipped, already bought and settled
[2026-09-24 21:54:02 PDT] LE ohlcv-1m 2025-12-01..2026-01-01 (depth 0): skipped, already bought and settled
[2026-09-24 21:54:02 PDT] LE ohlcv-1m 2026-01-01..2026-02-01 (depth 0): skipped, already bought and settled
[2026-09-24 21:54:02 PDT] LE ohlcv-1m 2026-02-01..2026-03-01 (depth 0): skipped, already bought and settled
[2026-09-24 21:54:02 PDT] LE ohlcv-1m 2026-03-01..2026-04-01 (depth 0): skipped, already bought and settled
[2026-09-24 21:54:02 PDT] LE ohlcv-1m 2026-04-01..2026-05-01 (depth 0): skipped, already bought and settled
[2026-09-24 21:54:02 PDT] LE ohlcv-1m 2026-05-01..2026-06-01 (depth 0): skipped, already bought and settled
[2026-09-24 21:54:02 PDT] LE ohlcv-1m 2026-06-01..2026-06-21 (depth 0): skipped, already bought and settled
[2026-09-24 21:54:02 PDT] MBT ohlcv-1m 2025-04-01..2025-05-01 (depth 0): skipped, already bought and settled
[2026-09-24 21:54:02 PDT] MBT ohlcv-1m 2025-05-01..2025-06-01 (depth 0): skipped, already bought and settled
[2026-09-24 21:54:02 PDT] MBT ohlcv-1m 2025-06-01..2025-07-01 (depth 0): skipped, already bought and settled
[2026-09-24 21:54:02 PDT] MBT ohlcv-1m 2025-07-01..2025-08-01 (depth 0): skipped, already bought and settled
[2026-09-24 21:54:02 PDT] MBT ohlcv-1m 2025-08-01..2025-09-01 (depth 0): skipped, already bought and settled
[2026-09-24 21:54:02 PDT] MBT ohlcv-1m 2025-09-01..2025-10-01 (depth 0): skipped, already bought and settled
[2026-09-24 21:54:02 PDT] MBT ohlcv-1m 2025-10-01..2025-11-01 (depth 0): skipped, already bought and settled
[2026-09-24 21:54:02 PDT] MBT ohlcv-1m 2025-11-01..2025-12-01 (depth 0): skipped, already bought and settled
[2026-09-24 21:54:02 PDT] MBT ohlcv-1m 2025-12-01..2026-01-01 (depth 0): skipped, already bought and settled
[2026-09-24 21:54:02 PDT] MBT ohlcv-1m 2026-01-01..2026-02-01 (depth 0): skipped, already bought and settled
[2026-09-24 21:54:02 PDT] MBT ohlcv-1m 2026-02-01..2026-03-01 (depth 0): skipped, already bought and settled
[2026-09-24 21:54:02 PDT] MBT ohlcv-1m 2026-03-01..2026-04-01 (depth 0): skipped, already bought and settled
[2026-09-24 21:54:02 PDT] MBT ohlcv-1m 2026-04-01..2026-05-01 (depth 0): skipped, already bought and settled
[2026-09-24 21:54:02 PDT] MBT ohlcv-1m 2026-05-01..2026-06-01 (depth 0): skipped, already bought and settled
[2026-09-24 21:54:02 PDT] MBT ohlcv-1m 2026-06-01..2026-06-21 (depth 0): skipped, already bought and settled
[2026-09-24 21:54:02 PDT] MNQ mbp-1 2025-05-13T22:00:00Z..2025-05-14T21:00:00Z (depth 0): skipped, already bought and settled
[2026-09-24 21:54:02 PDT] MNQ mbp-1 2025-08-12T22:00:00Z..2025-08-13T21:00:00Z (depth 0): skipped, already bought and settled
[2026-09-24 21:54:02 PDT] MNQ mbp-1 2025-11-11T23:00:00Z..2025-11-12T22:00:00Z (depth 0): pieces already on disk, continuing with its halves
[2026-09-24 21:54:02 PDT] MNQ mbp-1 2025-11-11T23:00:00Z..2025-11-12T10:30:00Z (depth 1): skipped, already bought and settled
[2026-09-24 21:54:02 PDT] MNQ mbp-1 2025-11-12T10:30:00Z..2025-11-12T22:00:00Z (depth 1): pieces already on disk, continuing with its halves
[2026-09-24 21:54:02 PDT] MNQ mbp-1 2025-11-12T10:30:00Z..2025-11-12T16:15:00Z (depth 2): skipped, already bought and settled
[2026-09-24 21:54:02 PDT] MNQ mbp-1 2025-11-12T16:15:00Z..2025-11-12T22:00:00Z (depth 2): skipped, already bought and settled
[2026-09-24 21:54:02 PDT] MNQ mbp-1 2026-02-10T23:00:00Z..2026-02-11T22:00:00Z (depth 0): pieces already on disk, continuing with its halves
[2026-09-24 21:54:02 PDT] MNQ mbp-1 2026-02-10T23:00:00Z..2026-02-11T10:30:00Z (depth 1): skipped, already bought and settled
[2026-09-24 21:54:02 PDT] MNQ mbp-1 2026-02-11T10:30:00Z..2026-02-11T22:00:00Z (depth 1): pieces already on disk, continuing with its halves
[2026-09-24 21:54:02 PDT] MNQ mbp-1 2026-02-11T10:30:00Z..2026-02-11T16:15:00Z (depth 2): skipped, already bought and settled
[2026-09-24 21:54:02 PDT] MNQ mbp-1 2026-02-11T16:15:00Z..2026-02-11T22:00:00Z (depth 2): skipped, already bought and settled
[2026-09-24 21:54:02 PDT] MNQ mbp-1 2026-04-14T22:00:00Z..2026-04-15T21:00:00Z (depth 0): skipped, already bought and settled
[2026-09-24 21:54:02 PDT] NQ mbp-1 2025-05-13T22:00:00Z..2025-05-14T21:00:00Z (depth 0): skipped, already bought and settled
[2026-09-24 21:54:02 PDT] NQ mbp-1 2025-08-12T22:00:00Z..2025-08-13T21:00:00Z (depth 0): skipped, already bought and settled
[2026-09-24 21:54:02 PDT] NQ mbp-1 2025-11-11T23:00:00Z..2025-11-12T22:00:00Z (depth 0): skipped, already bought and settled
[2026-09-24 21:54:02 PDT] NQ mbp-1 2026-02-10T23:00:00Z..2026-02-11T22:00:00Z (depth 0): skipped, already bought and settled
[2026-09-24 21:54:02 PDT] NQ mbp-1 2026-04-14T22:00:00Z..2026-04-15T21:00:00Z (depth 0): skipped, already bought and settled
[2026-09-24 21:54:02 PDT] RTY mbp-1 2025-05-13T22:00:00Z..2025-05-14T21:00:00Z (depth 0): skipped, already bought and settled
[2026-09-24 21:54:02 PDT] RTY mbp-1 2025-08-12T22:00:00Z..2025-08-13T21:00:00Z (depth 0): skipped, already bought and settled
[2026-09-24 21:54:02 PDT] RTY mbp-1 2025-11-11T23:00:00Z..2025-11-12T22:00:00Z (depth 0): skipped, already bought and settled
[2026-09-24 21:54:32 PDT] RTY mbp-1 2026-02-10T23:00:00Z..2026-02-11T22:00:00Z (depth 0): bought 277,972,880 record bytes for $0.465988 · session $78.2216
[2026-09-24 21:54:48 PDT] RTY mbp-1 2026-04-14T22:00:00Z..2026-04-15T21:00:00Z (depth 0): bought 160,609,760 record bytes for $0.269243 · session $78.4909
[2026-09-24 21:56:23 PDT] M2K mbp-1 2025-05-13T22:00:00Z..2025-05-14T21:00:00Z (depth 0): bought 110,151,440 record bytes for $0.184656 · session $78.6755
[2026-09-24 21:56:42 PDT] M2K mbp-1 2025-08-12T22:00:00Z..2025-08-13T21:00:00Z (depth 0): bought 94,095,520 record bytes for $0.157740 · session $78.8333
RUN STOPPED (DownloadError): download of {'dataset': 'GLBX.MDP3', 'symbols': ['M2K.v.0'], 'schema': 'mbp-1', 'stype_in': 'continuous', 'start': '2025-11-11T23:00:00Z', 'end': '2025-11-12T22:00:00Z'} failed (ConnectionError: HTTPSConnectionPool(host='hist.databento.com', port=443): Max retries exceeded with url: /v0/timeseries.get_range (Caused by NewConnectionError("HTTPSConnection(host='hist.databento.com', port=443): Failed to establish a new connection: [Errno 113] No route to host"))); its commit stays in the ledger (pessimistic). Nothing after this request was requested; see the ledger and docs/ACCESS.md.
rc=1
