[2026-09-24 21:48:55 PDT] attempt 13, vendor host http 200
[2026-09-24 21:48:56 PDT] stage-E.1-2026-09-24: account acct-2 (cap $125.00, spent $76.6283) · session cap $113.48 (spent $76.6283) · request cap $3.00
[2026-09-24 21:48:56 PDT] plan: 900 requests over 45 roots before splitting
[2026-09-24 21:48:56 PDT] resume scan: {'settled_files_on_disk': 689, 'leftover_partials': 0}
[2026-09-24 21:48:56 PDT] MNQ ohlcv-1m 2025-04-01..2025-05-01 (depth 0): skipped, already bought and settled
[2026-09-24 21:48:56 PDT] MNQ ohlcv-1m 2025-05-01..2025-06-01 (depth 0): skipped, already bought and settled
[2026-09-24 21:48:56 PDT] MNQ ohlcv-1m 2025-06-01..2025-07-01 (depth 0): skipped, already bought and settled
[2026-09-24 21:48:56 PDT] MNQ ohlcv-1m 2025-07-01..2025-08-01 (depth 0): skipped, already bought and settled
[2026-09-24 21:48:56 PDT] MNQ ohlcv-1m 2025-08-01..2025-09-01 (depth 0): skipped, already bought and settled
[2026-09-24 21:48:56 PDT] MNQ ohlcv-1m 2025-09-01..2025-10-01 (depth 0): skipped, already bought and settled
[2026-09-24 21:48:56 PDT] MNQ ohlcv-1m 2025-10-01..2025-11-01 (depth 0): skipped, already bought and settled
[2026-09-24 21:48:56 PDT] MNQ ohlcv-1m 2025-11-01..2025-12-01 (depth 0): skipped, already bought and settled
[2026-09-24 21:48:56 PDT] MNQ ohlcv-1m 2025-12-01..2026-01-01 (depth 0): skipped, already bought and settled
[2026-09-24 21:48:56 PDT] MNQ ohlcv-1m 2026-01-01..2026-02-01 (depth 0): skipped, already bought and settled
[2026-09-24 21:48:56 PDT] MNQ ohlcv-1m 2026-02-01..2026-03-01 (depth 0): skipped, already bought and settled
[2026-09-24 21:48:56 PDT] MNQ ohlcv-1m 2026-03-01..2026-04-01 (depth 0): skipped, already bought and settled
[2026-09-24 21:48:56 PDT] MNQ ohlcv-1m 2026-04-01..2026-05-01 (depth 0): skipped, already bought and settled
[2026-09-24 21:48:56 PDT] MNQ ohlcv-1m 2026-05-01..2026-06-01 (depth 0): skipped, already bought and settled
[2026-09-24 21:48:56 PDT] MNQ ohlcv-1m 2026-06-01..2026-06-21 (depth 0): skipped, already bought and settled
[2026-09-24 21:48:56 PDT] NQ ohlcv-1m 2025-04-01..2025-05-01 (depth 0): skipped, already bought and settled
[2026-09-24 21:48:56 PDT] NQ ohlcv-1m 2025-05-01..2025-06-01 (depth 0): skipped, already bought and settled
[2026-09-24 21:48:56 PDT] NQ ohlcv-1m 2025-06-01..2025-07-01 (depth 0): skipped, already bought and settled
[2026-09-24 21:48:56 PDT] NQ ohlcv-1m 2025-07-01..2025-08-01 (depth 0): skipped, already bought and settled
[2026-09-24 21:48:56 PDT] NQ ohlcv-1m 2025-08-01..2025-09-01 (depth 0): skipped, already bought and settled
[2026-09-24 21:48:56 PDT] NQ ohlcv-1m 2025-09-01..2025-10-01 (depth 0): skipped, already bought and settled
[2026-09-24 21:48:56 PDT] NQ ohlcv-1m 2025-10-01..2025-11-01 (depth 0): skipped, already bought and settled
[2026-09-24 21:48:56 PDT] NQ ohlcv-1m 2025-11-01..2025-12-01 (depth 0): skipped, already bought and settled
[2026-09-24 21:48:56 PDT] NQ ohlcv-1m 2025-12-01..2026-01-01 (depth 0): skipped, already bought and settled
[2026-09-24 21:48:56 PDT] NQ ohlcv-1m 2026-01-01..2026-02-01 (depth 0): skipped, already bought and settled
[2026-09-24 21:48:56 PDT] NQ ohlcv-1m 2026-02-01..2026-03-01 (depth 0): skipped, already bought and settled
[2026-09-24 21:48:56 PDT] NQ ohlcv-1m 2026-03-01..2026-04-01 (depth 0): skipped, already bought and settled
[2026-09-24 21:48:56 PDT] NQ ohlcv-1m 2026-04-01..2026-05-01 (depth 0): skipped, already bought and settled
[2026-09-24 21:48:56 PDT] NQ ohlcv-1m 2026-05-01..2026-06-01 (depth 0): skipped, already bought and settled
[2026-09-24 21:48:56 PDT] NQ ohlcv-1m 2026-06-01..2026-06-21 (depth 0): skipped, already bought and settled
[2026-09-24 21:48:56 PDT] RTY ohlcv-1m 2025-04-01..2025-05-01 (depth 0): skipped, already bought and settled
[2026-09-24 21:48:56 PDT] RTY ohlcv-1m 2025-05-01..2025-06-01 (depth 0): skipped, already bought and settled
[2026-09-24 21:48:56 PDT] RTY ohlcv-1m 2025-06-01..2025-07-01 (depth 0): skipped, already bought and settled
[2026-09-24 21:48:56 PDT] RTY ohlcv-1m 2025-07-01..2025-08-01 (depth 0): skipped, already bought and settled
[2026-09-24 21:48:56 PDT] RTY ohlcv-1m 2025-08-01..2025-09-01 (depth 0): skipped, already bought and settled
[2026-09-24 21:48:56 PDT] RTY ohlcv-1m 2025-09-01..2025-10-01 (depth 0): skipped, already bought and settled
[2026-09-24 21:48:56 PDT] RTY ohlcv-1m 2025-10-01..2025-11-01 (depth 0): skipped, already bought and settled
[2026-09-24 21:48:56 PDT] RTY ohlcv-1m 2025-11-01..2025-12-01 (depth 0): skipped, already bought and settled
[2026-09-24 21:48:56 PDT] RTY ohlcv-1m 2025-12-01..2026-01-01 (depth 0): skipped, already bought and settled
[2026-09-24 21:48:56 PDT] RTY ohlcv-1m 2026-01-01..2026-02-01 (depth 0): skipped, already bought and settled
[2026-09-24 21:48:56 PDT] RTY ohlcv-1m 2026-02-01..2026-03-01 (depth 0): skipped, already bought and settled
[2026-09-24 21:48:56 PDT] RTY ohlcv-1m 2026-03-01..2026-04-01 (depth 0): skipped, already bought and settled
[2026-09-24 21:48:56 PDT] RTY ohlcv-1m 2026-04-01..2026-05-01 (depth 0): skipped, already bought and settled
[2026-09-24 21:48:56 PDT] RTY ohlcv-1m 2026-05-01..2026-06-01 (depth 0): skipped, already bought and settled
[2026-09-24 21:48:56 PDT] RTY ohlcv-1m 2026-06-01..2026-06-21 (depth 0): skipped, already bought and settled
[2026-09-24 21:48:56 PDT] M2K ohlcv-1m 2025-04-01..2025-05-01 (depth 0): skipped, already bought and settled
[2026-09-24 21:48:56 PDT] M2K ohlcv-1m 2025-05-01..2025-06-01 (depth 0): skipped, already bought and settled
[2026-09-24 21:48:56 PDT] M2K ohlcv-1m 2025-06-01..2025-07-01 (depth 0): skipped, already bought and settled
[2026-09-24 21:48:56 PDT] M2K ohlcv-1m 2025-07-01..2025-08-01 (depth 0): skipped, already bought and settled
[2026-09-24 21:48:56 PDT] M2K ohlcv-1m 2025-08-01..2025-09-01 (depth 0): skipped, already bought and settled
[2026-09-24 21:48:56 PDT] M2K ohlcv-1m 2025-09-01..2025-10-01 (depth 0): skipped, already bought and settled
[2026-09-24 21:48:56 PDT] M2K ohlcv-1m 2025-10-01..2025-11-01 (depth 0): skipped, already bought and settled
[2026-09-24 21:48:56 PDT] M2K ohlcv-1m 2025-11-01..2025-12-01 (depth 0): skipped, already bought and settled
[2026-09-24 21:48:56 PDT] M2K ohlcv-1m 2025-12-01..2026-01-01 (depth 0): skipped, already bought and settled
[2026-09-24 21:48:56 PDT] M2K ohlcv-1m 2026-01-01..2026-02-01 (depth 0): skipped, already bought and settled
[2026-09-24 21:48:56 PDT] M2K ohlcv-1m 2026-02-01..2026-03-01 (depth 0): skipped, already bought and settled
[2026-09-24 21:48:56 PDT] M2K ohlcv-1m 2026-03-01..2026-04-01 (depth 0): skipped, already bought and settled
[2026-09-24 21:48:56 PDT] M2K ohlcv-1m 2026-04-01..2026-05-01 (depth 0): skipped, already bought and settled
[2026-09-24 21:48:56 PDT] M2K ohlcv-1m 2026-05-01..2026-06-01 (depth 0): skipped, already bought and settled
[2026-09-24 21:48:56 PDT] M2K ohlcv-1m 2026-06-01..2026-06-21 (depth 0): skipped, already bought and settled
[2026-09-24 21:48:56 PDT] MYM ohlcv-1m 2025-04-01..2025-05-01 (depth 0): skipped, already bought and settled
[2026-09-24 21:48:56 PDT] MYM ohlcv-1m 2025-05-01..2025-06-01 (depth 0): skipped, already bought and settled
[2026-09-24 21:48:56 PDT] MYM ohlcv-1m 2025-06-01..2025-07-01 (depth 0): skipped, already bought and settled
[2026-09-24 21:48:56 PDT] MYM ohlcv-1m 2025-07-01..2025-08-01 (depth 0): skipped, already bought and settled
[2026-09-24 21:48:56 PDT] MYM ohlcv-1m 2025-08-01..2025-09-01 (depth 0): skipped, already bought and settled
[2026-09-24 21:48:56 PDT] MYM ohlcv-1m 2025-09-01..2025-10-01 (depth 0): skipped, already bought and settled
[2026-09-24 21:48:56 PDT] MYM ohlcv-1m 2025-10-01..2025-11-01 (depth 0): skipped, already bought and settled
[2026-09-24 21:48:56 PDT] MYM ohlcv-1m 2025-11-01..2025-12-01 (depth 0): skipped, already bought and settled
[2026-09-24 21:48:56 PDT] MYM ohlcv-1m 2025-12-01..2026-01-01 (depth 0): skipped, already bought and settled
[2026-09-24 21:48:56 PDT] MYM ohlcv-1m 2026-01-01..2026-02-01 (depth 0): skipped, already bought and settled
[2026-09-24 21:48:56 PDT] MYM ohlcv-1m 2026-02-01..2026-03-01 (depth 0): skipped, already bought and settled
[2026-09-24 21:48:56 PDT] MYM ohlcv-1m 2026-03-01..2026-04-01 (depth 0): skipped, already bought and settled
[2026-09-24 21:48:56 PDT] MYM ohlcv-1m 2026-04-01..2026-05-01 (depth 0): skipped, already bought and settled
[2026-09-24 21:48:56 PDT] MYM ohlcv-1m 2026-05-01..2026-06-01 (depth 0): skipped, already bought and settled
[2026-09-24 21:48:56 PDT] MYM ohlcv-1m 2026-06-01..2026-06-21 (depth 0): skipped, already bought and settled
[2026-09-24 21:48:56 PDT] YM ohlcv-1m 2025-04-01..2025-05-01 (depth 0): skipped, already bought and settled
[2026-09-24 21:48:56 PDT] YM ohlcv-1m 2025-05-01..2025-06-01 (depth 0): skipped, already bought and settled
[2026-09-24 21:48:56 PDT] YM ohlcv-1m 2025-06-01..2025-07-01 (depth 0): skipped, already bought and settled
[2026-09-24 21:48:56 PDT] YM ohlcv-1m 2025-07-01..2025-08-01 (depth 0): skipped, already bought and settled
[2026-09-24 21:48:56 PDT] YM ohlcv-1m 2025-08-01..2025-09-01 (depth 0): skipped, already bought and settled
[2026-09-24 21:48:56 PDT] YM ohlcv-1m 2025-09-01..2025-10-01 (depth 0): skipped, already bought and settled
[2026-09-24 21:48:56 PDT] YM ohlcv-1m 2025-10-01..2025-11-01 (depth 0): skipped, already bought and settled
[2026-09-24 21:48:56 PDT] YM ohlcv-1m 2025-11-01..2025-12-01 (depth 0): skipped, already bought and settled
[2026-09-24 21:48:56 PDT] YM ohlcv-1m 2025-12-01..2026-01-01 (depth 0): skipped, already bought and settled
[2026-09-24 21:48:56 PDT] YM ohlcv-1m 2026-01-01..2026-02-01 (depth 0): skipped, already bought and settled
[2026-09-24 21:48:56 PDT] YM ohlcv-1m 2026-02-01..2026-03-01 (depth 0): skipped, already bought and settled
[2026-09-24 21:48:56 PDT] YM ohlcv-1m 2026-03-01..2026-04-01 (depth 0): skipped, already bought and settled
[2026-09-24 21:48:56 PDT] YM ohlcv-1m 2026-04-01..2026-05-01 (depth 0): skipped, already bought and settled
[2026-09-24 21:48:56 PDT] YM ohlcv-1m 2026-05-01..2026-06-01 (depth 0): skipped, already bought and settled
[2026-09-24 21:48:56 PDT] YM ohlcv-1m 2026-06-01..2026-06-21 (depth 0): skipped, already bought and settled
[2026-09-24 21:48:56 PDT] ZT ohlcv-1m 2025-04-01..2025-05-01 (depth 0): skipped, already bought and settled
[2026-09-24 21:48:56 PDT] ZT ohlcv-1m 2025-05-01..2025-06-01 (depth 0): skipped, already bought and settled
[2026-09-24 21:48:56 PDT] ZT ohlcv-1m 2025-06-01..2025-07-01 (depth 0): skipped, already bought and settled
[2026-09-24 21:48:56 PDT] ZT ohlcv-1m 2025-07-01..2025-08-01 (depth 0): skipped, already bought and settled
[2026-09-24 21:48:56 PDT] ZT ohlcv-1m 2025-08-01..2025-09-01 (depth 0): skipped, already bought and settled
[2026-09-24 21:48:56 PDT] ZT ohlcv-1m 2025-09-01..2025-10-01 (depth 0): skipped, already bought and settled
[2026-09-24 21:48:56 PDT] ZT ohlcv-1m 2025-10-01..2025-11-01 (depth 0): skipped, already bought and settled
[2026-09-24 21:48:56 PDT] ZT ohlcv-1m 2025-11-01..2025-12-01 (depth 0): skipped, already bought and settled
[2026-09-24 21:48:56 PDT] ZT ohlcv-1m 2025-12-01..2026-01-01 (depth 0): skipped, already bought and settled
[2026-09-24 21:48:56 PDT] ZT ohlcv-1m 2026-01-01..2026-02-01 (depth 0): skipped, already bought and settled
[2026-09-24 21:48:56 PDT] ZT ohlcv-1m 2026-02-01..2026-03-01 (depth 0): skipped, already bought and settled
[2026-09-24 21:48:56 PDT] ZT ohlcv-1m 2026-03-01..2026-04-01 (depth 0): skipped, already bought and settled
[2026-09-24 21:48:56 PDT] ZT ohlcv-1m 2026-04-01..2026-05-01 (depth 0): skipped, already bought and settled
[2026-09-24 21:48:56 PDT] ZT ohlcv-1m 2026-05-01..2026-06-01 (depth 0): skipped, already bought and settled
[2026-09-24 21:48:56 PDT] ZT ohlcv-1m 2026-06-01..2026-06-21 (depth 0): skipped, already bought and settled
[2026-09-24 21:48:56 PDT] ZF ohlcv-1m 2025-04-01..2025-05-01 (depth 0): skipped, already bought and settled
[2026-09-24 21:48:56 PDT] ZF ohlcv-1m 2025-05-01..2025-06-01 (depth 0): skipped, already bought and settled
[2026-09-24 21:48:56 PDT] ZF ohlcv-1m 2025-06-01..2025-07-01 (depth 0): skipped, already bought and settled
[2026-09-24 21:48:56 PDT] ZF ohlcv-1m 2025-07-01..2025-08-01 (depth 0): skipped, already bought and settled
[2026-09-24 21:48:56 PDT] ZF ohlcv-1m 2025-08-01..2025-09-01 (depth 0): skipped, already bought and settled
[2026-09-24 21:48:56 PDT] ZF ohlcv-1m 2025-09-01..2025-10-01 (depth 0): skipped, already bought and settled
[2026-09-24 21:48:56 PDT] ZF ohlcv-1m 2025-10-01..2025-11-01 (depth 0): skipped, already bought and settled
[2026-09-24 21:48:56 PDT] ZF ohlcv-1m 2025-11-01..2025-12-01 (depth 0): skipped, already bought and settled
[2026-09-24 21:48:56 PDT] ZF ohlcv-1m 2025-12-01..2026-01-01 (depth 0): skipped, already bought and settled
[2026-09-24 21:48:56 PDT] ZF ohlcv-1m 2026-01-01..2026-02-01 (depth 0): skipped, already bought and settled
[2026-09-24 21:48:56 PDT] ZF ohlcv-1m 2026-02-01..2026-03-01 (depth 0): skipped, already bought and settled
[2026-09-24 21:48:56 PDT] ZF ohlcv-1m 2026-03-01..2026-04-01 (depth 0): skipped, already bought and settled
[2026-09-24 21:48:56 PDT] ZF ohlcv-1m 2026-04-01..2026-05-01 (depth 0): skipped, already bought and settled
[2026-09-24 21:48:56 PDT] ZF ohlcv-1m 2026-05-01..2026-06-01 (depth 0): skipped, already bought and settled
[2026-09-24 21:48:56 PDT] ZF ohlcv-1m 2026-06-01..2026-06-21 (depth 0): skipped, already bought and settled
[2026-09-24 21:48:56 PDT] ZN ohlcv-1m 2025-04-01..2025-05-01 (depth 0): skipped, already bought and settled
[2026-09-24 21:48:56 PDT] ZN ohlcv-1m 2025-05-01..2025-06-01 (depth 0): skipped, already bought and settled
[2026-09-24 21:48:56 PDT] ZN ohlcv-1m 2025-06-01..2025-07-01 (depth 0): skipped, already bought and settled
[2026-09-24 21:48:56 PDT] ZN ohlcv-1m 2025-07-01..2025-08-01 (depth 0): skipped, already bought and settled
[2026-09-24 21:48:56 PDT] ZN ohlcv-1m 2025-08-01..2025-09-01 (depth 0): skipped, already bought and settled
[2026-09-24 21:48:56 PDT] ZN ohlcv-1m 2025-09-01..2025-10-01 (depth 0): skipped, already bought and settled
[2026-09-24 21:48:56 PDT] ZN ohlcv-1m 2025-10-01..2025-11-01 (depth 0): skipped, already bought and settled
[2026-09-24 21:48:56 PDT] ZN ohlcv-1m 2025-11-01..2025-12-01 (depth 0): skipped, already bought and settled
[2026-09-24 21:48:56 PDT] ZN ohlcv-1m 2025-12-01..2026-01-01 (depth 0): skipped, already bought and settled
[2026-09-24 21:48:56 PDT] ZN ohlcv-1m 2026-01-01..2026-02-01 (depth 0): skipped, already bought and settled
[2026-09-24 21:48:56 PDT] ZN ohlcv-1m 2026-02-01..2026-03-01 (depth 0): skipped, already bought and settled
[2026-09-24 21:48:56 PDT] ZN ohlcv-1m 2026-03-01..2026-04-01 (depth 0): skipped, already bought and settled
[2026-09-24 21:48:56 PDT] ZN ohlcv-1m 2026-04-01..2026-05-01 (depth 0): skipped, already bought and settled
[2026-09-24 21:48:56 PDT] ZN ohlcv-1m 2026-05-01..2026-06-01 (depth 0): skipped, already bought and settled
[2026-09-24 21:48:56 PDT] ZN ohlcv-1m 2026-06-01..2026-06-21 (depth 0): skipped, already bought and settled
[2026-09-24 21:48:56 PDT] TN ohlcv-1m 2025-04-01..2025-05-01 (depth 0): skipped, already bought and settled
[2026-09-24 21:48:56 PDT] TN ohlcv-1m 2025-05-01..2025-06-01 (depth 0): skipped, already bought and settled
[2026-09-24 21:48:57 PDT] TN ohlcv-1m 2025-06-01..2025-07-01 (depth 0): skipped, already bought and settled
[2026-09-24 21:48:57 PDT] TN ohlcv-1m 2025-07-01..2025-08-01 (depth 0): skipped, already bought and settled
[2026-09-24 21:48:57 PDT] TN ohlcv-1m 2025-08-01..2025-09-01 (depth 0): skipped, already bought and settled
[2026-09-24 21:48:57 PDT] TN ohlcv-1m 2025-09-01..2025-10-01 (depth 0): skipped, already bought and settled
[2026-09-24 21:48:57 PDT] TN ohlcv-1m 2025-10-01..2025-11-01 (depth 0): skipped, already bought and settled
[2026-09-24 21:48:57 PDT] TN ohlcv-1m 2025-11-01..2025-12-01 (depth 0): skipped, already bought and settled
[2026-09-24 21:48:57 PDT] TN ohlcv-1m 2025-12-01..2026-01-01 (depth 0): skipped, already bought and settled
[2026-09-24 21:48:57 PDT] TN ohlcv-1m 2026-01-01..2026-02-01 (depth 0): skipped, already bought and settled
[2026-09-24 21:48:57 PDT] TN ohlcv-1m 2026-02-01..2026-03-01 (depth 0): skipped, already bought and settled
[2026-09-24 21:48:57 PDT] TN ohlcv-1m 2026-03-01..2026-04-01 (depth 0): skipped, already bought and settled
[2026-09-24 21:48:57 PDT] TN ohlcv-1m 2026-04-01..2026-05-01 (depth 0): skipped, already bought and settled
[2026-09-24 21:48:57 PDT] TN ohlcv-1m 2026-05-01..2026-06-01 (depth 0): skipped, already bought and settled
[2026-09-24 21:48:57 PDT] TN ohlcv-1m 2026-06-01..2026-06-21 (depth 0): skipped, already bought and settled
[2026-09-24 21:48:57 PDT] ZB ohlcv-1m 2025-04-01..2025-05-01 (depth 0): skipped, already bought and settled
[2026-09-24 21:48:57 PDT] ZB ohlcv-1m 2025-05-01..2025-06-01 (depth 0): skipped, already bought and settled
[2026-09-24 21:48:57 PDT] ZB ohlcv-1m 2025-06-01..2025-07-01 (depth 0): skipped, already bought and settled
[2026-09-24 21:48:57 PDT] ZB ohlcv-1m 2025-07-01..2025-08-01 (depth 0): skipped, already bought and settled
[2026-09-24 21:48:57 PDT] ZB ohlcv-1m 2025-08-01..2025-09-01 (depth 0): skipped, already bought and settled
[2026-09-24 21:48:57 PDT] ZB ohlcv-1m 2025-09-01..2025-10-01 (depth 0): skipped, already bought and settled
[2026-09-24 21:48:57 PDT] ZB ohlcv-1m 2025-10-01..2025-11-01 (depth 0): skipped, already bought and settled
[2026-09-24 21:48:57 PDT] ZB ohlcv-1m 2025-11-01..2025-12-01 (depth 0): skipped, already bought and settled
[2026-09-24 21:48:57 PDT] ZB ohlcv-1m 2025-12-01..2026-01-01 (depth 0): skipped, already bought and settled
[2026-09-24 21:48:57 PDT] ZB ohlcv-1m 2026-01-01..2026-02-01 (depth 0): skipped, already bought and settled
[2026-09-24 21:48:57 PDT] ZB ohlcv-1m 2026-02-01..2026-03-01 (depth 0): skipped, already bought and settled
[2026-09-24 21:48:57 PDT] ZB ohlcv-1m 2026-03-01..2026-04-01 (depth 0): skipped, already bought and settled
[2026-09-24 21:48:57 PDT] ZB ohlcv-1m 2026-04-01..2026-05-01 (depth 0): skipped, already bought and settled
[2026-09-24 21:48:57 PDT] ZB ohlcv-1m 2026-05-01..2026-06-01 (depth 0): skipped, already bought and settled
[2026-09-24 21:48:57 PDT] ZB ohlcv-1m 2026-06-01..2026-06-21 (depth 0): skipped, already bought and settled
[2026-09-24 21:48:57 PDT] UB ohlcv-1m 2025-04-01..2025-05-01 (depth 0): skipped, already bought and settled
[2026-09-24 21:48:57 PDT] UB ohlcv-1m 2025-05-01..2025-06-01 (depth 0): skipped, already bought and settled
[2026-09-24 21:48:57 PDT] UB ohlcv-1m 2025-06-01..2025-07-01 (depth 0): skipped, already bought and settled
[2026-09-24 21:48:57 PDT] UB ohlcv-1m 2025-07-01..2025-08-01 (depth 0): skipped, already bought and settled
[2026-09-24 21:48:57 PDT] UB ohlcv-1m 2025-08-01..2025-09-01 (depth 0): skipped, already bought and settled
[2026-09-24 21:48:57 PDT] UB ohlcv-1m 2025-09-01..2025-10-01 (depth 0): skipped, already bought and settled
[2026-09-24 21:48:57 PDT] UB ohlcv-1m 2025-10-01..2025-11-01 (depth 0): skipped, already bought and settled
[2026-09-24 21:48:57 PDT] UB ohlcv-1m 2025-11-01..2025-12-01 (depth 0): skipped, already bought and settled
[2026-09-24 21:48:57 PDT] UB ohlcv-1m 2025-12-01..2026-01-01 (depth 0): skipped, already bought and settled
[2026-09-24 21:48:57 PDT] UB ohlcv-1m 2026-01-01..2026-02-01 (depth 0): skipped, already bought and settled
[2026-09-24 21:48:57 PDT] UB ohlcv-1m 2026-02-01..2026-03-01 (depth 0): skipped, already bought and settled
[2026-09-24 21:48:57 PDT] UB ohlcv-1m 2026-03-01..2026-04-01 (depth 0): skipped, already bought and settled
[2026-09-24 21:48:57 PDT] UB ohlcv-1m 2026-04-01..2026-05-01 (depth 0): skipped, already bought and settled
[2026-09-24 21:48:57 PDT] UB ohlcv-1m 2026-05-01..2026-06-01 (depth 0): skipped, already bought and settled
[2026-09-24 21:48:57 PDT] UB ohlcv-1m 2026-06-01..2026-06-21 (depth 0): skipped, already bought and settled
[2026-09-24 21:48:57 PDT] 6E ohlcv-1m 2025-04-01..2025-05-01 (depth 0): skipped, already bought and settled
[2026-09-24 21:48:57 PDT] 6E ohlcv-1m 2025-05-01..2025-06-01 (depth 0): skipped, already bought and settled
[2026-09-24 21:48:57 PDT] 6E ohlcv-1m 2025-06-01..2025-07-01 (depth 0): skipped, already bought and settled
[2026-09-24 21:48:57 PDT] 6E ohlcv-1m 2025-07-01..2025-08-01 (depth 0): skipped, already bought and settled
[2026-09-24 21:48:57 PDT] 6E ohlcv-1m 2025-08-01..2025-09-01 (depth 0): skipped, already bought and settled
[2026-09-24 21:48:57 PDT] 6E ohlcv-1m 2025-09-01..2025-10-01 (depth 0): skipped, already bought and settled
[2026-09-24 21:48:57 PDT] 6E ohlcv-1m 2025-10-01..2025-11-01 (depth 0): skipped, already bought and settled
[2026-09-24 21:48:57 PDT] 6E ohlcv-1m 2025-11-01..2025-12-01 (depth 0): skipped, already bought and settled
[2026-09-24 21:48:57 PDT] 6E ohlcv-1m 2025-12-01..2026-01-01 (depth 0): skipped, already bought and settled
[2026-09-24 21:48:57 PDT] 6E ohlcv-1m 2026-01-01..2026-02-01 (depth 0): skipped, already bought and settled
[2026-09-24 21:48:57 PDT] 6E ohlcv-1m 2026-02-01..2026-03-01 (depth 0): skipped, already bought and settled
[2026-09-24 21:48:57 PDT] 6E ohlcv-1m 2026-03-01..2026-04-01 (depth 0): skipped, already bought and settled
[2026-09-24 21:48:57 PDT] 6E ohlcv-1m 2026-04-01..2026-05-01 (depth 0): skipped, already bought and settled
[2026-09-24 21:48:57 PDT] 6E ohlcv-1m 2026-05-01..2026-06-01 (depth 0): skipped, already bought and settled
[2026-09-24 21:48:57 PDT] 6E ohlcv-1m 2026-06-01..2026-06-21 (depth 0): skipped, already bought and settled
[2026-09-24 21:48:57 PDT] M6E ohlcv-1m 2025-04-01..2025-05-01 (depth 0): skipped, already bought and settled
[2026-09-24 21:48:57 PDT] M6E ohlcv-1m 2025-05-01..2025-06-01 (depth 0): skipped, already bought and settled
[2026-09-24 21:48:57 PDT] M6E ohlcv-1m 2025-06-01..2025-07-01 (depth 0): skipped, already bought and settled
[2026-09-24 21:48:57 PDT] M6E ohlcv-1m 2025-07-01..2025-08-01 (depth 0): skipped, already bought and settled
[2026-09-24 21:48:57 PDT] M6E ohlcv-1m 2025-08-01..2025-09-01 (depth 0): skipped, already bought and settled
[2026-09-24 21:48:57 PDT] M6E ohlcv-1m 2025-09-01..2025-10-01 (depth 0): skipped, already bought and settled
[2026-09-24 21:48:57 PDT] M6E ohlcv-1m 2025-10-01..2025-11-01 (depth 0): skipped, already bought and settled
[2026-09-24 21:48:57 PDT] M6E ohlcv-1m 2025-11-01..2025-12-01 (depth 0): skipped, already bought and settled
[2026-09-24 21:48:57 PDT] M6E ohlcv-1m 2025-12-01..2026-01-01 (depth 0): skipped, already bought and settled
[2026-09-24 21:48:57 PDT] M6E ohlcv-1m 2026-01-01..2026-02-01 (depth 0): skipped, already bought and settled
[2026-09-24 21:48:57 PDT] M6E ohlcv-1m 2026-02-01..2026-03-01 (depth 0): skipped, already bought and settled
[2026-09-24 21:48:57 PDT] M6E ohlcv-1m 2026-03-01..2026-04-01 (depth 0): skipped, already bought and settled
[2026-09-24 21:48:57 PDT] M6E ohlcv-1m 2026-04-01..2026-05-01 (depth 0): skipped, already bought and settled
[2026-09-24 21:48:57 PDT] M6E ohlcv-1m 2026-05-01..2026-06-01 (depth 0): skipped, already bought and settled
[2026-09-24 21:48:57 PDT] M6E ohlcv-1m 2026-06-01..2026-06-21 (depth 0): skipped, already bought and settled
[2026-09-24 21:48:57 PDT] E7 ohlcv-1m 2025-04-01..2025-05-01 (depth 0): skipped, already bought and settled
[2026-09-24 21:48:57 PDT] E7 ohlcv-1m 2025-05-01..2025-06-01 (depth 0): skipped, already bought and settled
[2026-09-24 21:48:57 PDT] E7 ohlcv-1m 2025-06-01..2025-07-01 (depth 0): skipped, already bought and settled
[2026-09-24 21:48:57 PDT] E7 ohlcv-1m 2025-07-01..2025-08-01 (depth 0): skipped, already bought and settled
[2026-09-24 21:48:57 PDT] E7 ohlcv-1m 2025-08-01..2025-09-01 (depth 0): skipped, already bought and settled
[2026-09-24 21:48:57 PDT] E7 ohlcv-1m 2025-09-01..2025-10-01 (depth 0): skipped, already bought and settled
[2026-09-24 21:48:57 PDT] E7 ohlcv-1m 2025-10-01..2025-11-01 (depth 0): skipped, already bought and settled
[2026-09-24 21:48:57 PDT] E7 ohlcv-1m 2025-11-01..2025-12-01 (depth 0): skipped, already bought and settled
[2026-09-24 21:48:57 PDT] E7 ohlcv-1m 2025-12-01..2026-01-01 (depth 0): skipped, already bought and settled
[2026-09-24 21:48:57 PDT] E7 ohlcv-1m 2026-01-01..2026-02-01 (depth 0): skipped, already bought and settled
[2026-09-24 21:48:57 PDT] E7 ohlcv-1m 2026-02-01..2026-03-01 (depth 0): skipped, already bought and settled
[2026-09-24 21:48:57 PDT] E7 ohlcv-1m 2026-03-01..2026-04-01 (depth 0): skipped, already bought and settled
[2026-09-24 21:48:57 PDT] E7 ohlcv-1m 2026-04-01..2026-05-01 (depth 0): skipped, already bought and settled
[2026-09-24 21:48:57 PDT] E7 ohlcv-1m 2026-05-01..2026-06-01 (depth 0): skipped, already bought and settled
[2026-09-24 21:48:57 PDT] E7 ohlcv-1m 2026-06-01..2026-06-21 (depth 0): skipped, already bought and settled
[2026-09-24 21:48:57 PDT] 6A ohlcv-1m 2025-04-01..2025-05-01 (depth 0): skipped, already bought and settled
[2026-09-24 21:48:57 PDT] 6A ohlcv-1m 2025-05-01..2025-06-01 (depth 0): skipped, already bought and settled
[2026-09-24 21:48:57 PDT] 6A ohlcv-1m 2025-06-01..2025-07-01 (depth 0): skipped, already bought and settled
[2026-09-24 21:48:57 PDT] 6A ohlcv-1m 2025-07-01..2025-08-01 (depth 0): skipped, already bought and settled
[2026-09-24 21:48:57 PDT] 6A ohlcv-1m 2025-08-01..2025-09-01 (depth 0): skipped, already bought and settled
[2026-09-24 21:48:57 PDT] 6A ohlcv-1m 2025-09-01..2025-10-01 (depth 0): skipped, already bought and settled
[2026-09-24 21:48:57 PDT] 6A ohlcv-1m 2025-10-01..2025-11-01 (depth 0): skipped, already bought and settled
[2026-09-24 21:48:57 PDT] 6A ohlcv-1m 2025-11-01..2025-12-01 (depth 0): skipped, already bought and settled
[2026-09-24 21:48:57 PDT] 6A ohlcv-1m 2025-12-01..2026-01-01 (depth 0): skipped, already bought and settled
[2026-09-24 21:48:57 PDT] 6A ohlcv-1m 2026-01-01..2026-02-01 (depth 0): skipped, already bought and settled
[2026-09-24 21:48:57 PDT] 6A ohlcv-1m 2026-02-01..2026-03-01 (depth 0): skipped, already bought and settled
[2026-09-24 21:48:57 PDT] 6A ohlcv-1m 2026-03-01..2026-04-01 (depth 0): skipped, already bought and settled
[2026-09-24 21:48:57 PDT] 6A ohlcv-1m 2026-04-01..2026-05-01 (depth 0): skipped, already bought and settled
[2026-09-24 21:48:57 PDT] 6A ohlcv-1m 2026-05-01..2026-06-01 (depth 0): skipped, already bought and settled
[2026-09-24 21:48:57 PDT] 6A ohlcv-1m 2026-06-01..2026-06-21 (depth 0): skipped, already bought and settled
[2026-09-24 21:48:57 PDT] M6A ohlcv-1m 2025-04-01..2025-05-01 (depth 0): skipped, already bought and settled
[2026-09-24 21:48:57 PDT] M6A ohlcv-1m 2025-05-01..2025-06-01 (depth 0): skipped, already bought and settled
[2026-09-24 21:48:57 PDT] M6A ohlcv-1m 2025-06-01..2025-07-01 (depth 0): skipped, already bought and settled
[2026-09-24 21:48:57 PDT] M6A ohlcv-1m 2025-07-01..2025-08-01 (depth 0): skipped, already bought and settled
[2026-09-24 21:48:57 PDT] M6A ohlcv-1m 2025-08-01..2025-09-01 (depth 0): skipped, already bought and settled
[2026-09-24 21:48:57 PDT] M6A ohlcv-1m 2025-09-01..2025-10-01 (depth 0): skipped, already bought and settled
[2026-09-24 21:48:57 PDT] M6A ohlcv-1m 2025-10-01..2025-11-01 (depth 0): skipped, already bought and settled
[2026-09-24 21:48:57 PDT] M6A ohlcv-1m 2025-11-01..2025-12-01 (depth 0): skipped, already bought and settled
[2026-09-24 21:48:57 PDT] M6A ohlcv-1m 2025-12-01..2026-01-01 (depth 0): skipped, already bought and settled
[2026-09-24 21:48:57 PDT] M6A ohlcv-1m 2026-01-01..2026-02-01 (depth 0): skipped, already bought and settled
[2026-09-24 21:48:57 PDT] M6A ohlcv-1m 2026-02-01..2026-03-01 (depth 0): skipped, already bought and settled
[2026-09-24 21:48:57 PDT] M6A ohlcv-1m 2026-03-01..2026-04-01 (depth 0): skipped, already bought and settled
[2026-09-24 21:48:57 PDT] M6A ohlcv-1m 2026-04-01..2026-05-01 (depth 0): skipped, already bought and settled
[2026-09-24 21:48:57 PDT] M6A ohlcv-1m 2026-05-01..2026-06-01 (depth 0): skipped, already bought and settled
[2026-09-24 21:48:57 PDT] M6A ohlcv-1m 2026-06-01..2026-06-21 (depth 0): skipped, already bought and settled
[2026-09-24 21:48:57 PDT] 6B ohlcv-1m 2025-04-01..2025-05-01 (depth 0): skipped, already bought and settled
[2026-09-24 21:48:57 PDT] 6B ohlcv-1m 2025-05-01..2025-06-01 (depth 0): skipped, already bought and settled
[2026-09-24 21:48:57 PDT] 6B ohlcv-1m 2025-06-01..2025-07-01 (depth 0): skipped, already bought and settled
[2026-09-24 21:48:57 PDT] 6B ohlcv-1m 2025-07-01..2025-08-01 (depth 0): skipped, already bought and settled
[2026-09-24 21:48:57 PDT] 6B ohlcv-1m 2025-08-01..2025-09-01 (depth 0): skipped, already bought and settled
[2026-09-24 21:48:57 PDT] 6B ohlcv-1m 2025-09-01..2025-10-01 (depth 0): skipped, already bought and settled
[2026-09-24 21:48:57 PDT] 6B ohlcv-1m 2025-10-01..2025-11-01 (depth 0): skipped, already bought and settled
[2026-09-24 21:48:57 PDT] 6B ohlcv-1m 2025-11-01..2025-12-01 (depth 0): skipped, already bought and settled
[2026-09-24 21:48:57 PDT] 6B ohlcv-1m 2025-12-01..2026-01-01 (depth 0): skipped, already bought and settled
[2026-09-24 21:48:57 PDT] 6B ohlcv-1m 2026-01-01..2026-02-01 (depth 0): skipped, already bought and settled
[2026-09-24 21:48:57 PDT] 6B ohlcv-1m 2026-02-01..2026-03-01 (depth 0): skipped, already bought and settled
[2026-09-24 21:48:57 PDT] 6B ohlcv-1m 2026-03-01..2026-04-01 (depth 0): skipped, already bought and settled
[2026-09-24 21:48:57 PDT] 6B ohlcv-1m 2026-04-01..2026-05-01 (depth 0): skipped, already bought and settled
[2026-09-24 21:48:57 PDT] 6B ohlcv-1m 2026-05-01..2026-06-01 (depth 0): skipped, already bought and settled
[2026-09-24 21:48:57 PDT] 6B ohlcv-1m 2026-06-01..2026-06-21 (depth 0): skipped, already bought and settled
[2026-09-24 21:48:57 PDT] M6B ohlcv-1m 2025-04-01..2025-05-01 (depth 0): skipped, already bought and settled
[2026-09-24 21:48:57 PDT] M6B ohlcv-1m 2025-05-01..2025-06-01 (depth 0): skipped, already bought and settled
[2026-09-24 21:48:57 PDT] M6B ohlcv-1m 2025-06-01..2025-07-01 (depth 0): skipped, already bought and settled
[2026-09-24 21:48:57 PDT] M6B ohlcv-1m 2025-07-01..2025-08-01 (depth 0): skipped, already bought and settled
[2026-09-24 21:48:57 PDT] M6B ohlcv-1m 2025-08-01..2025-09-01 (depth 0): skipped, already bought and settled
[2026-09-24 21:48:57 PDT] M6B ohlcv-1m 2025-09-01..2025-10-01 (depth 0): skipped, already bought and settled
[2026-09-24 21:48:57 PDT] M6B ohlcv-1m 2025-10-01..2025-11-01 (depth 0): skipped, already bought and settled
[2026-09-24 21:48:57 PDT] M6B ohlcv-1m 2025-11-01..2025-12-01 (depth 0): skipped, already bought and settled
[2026-09-24 21:48:57 PDT] M6B ohlcv-1m 2025-12-01..2026-01-01 (depth 0): skipped, already bought and settled
[2026-09-24 21:48:57 PDT] M6B ohlcv-1m 2026-01-01..2026-02-01 (depth 0): skipped, already bought and settled
[2026-09-24 21:48:57 PDT] M6B ohlcv-1m 2026-02-01..2026-03-01 (depth 0): skipped, already bought and settled
[2026-09-24 21:48:57 PDT] M6B ohlcv-1m 2026-03-01..2026-04-01 (depth 0): skipped, already bought and settled
[2026-09-24 21:48:57 PDT] M6B ohlcv-1m 2026-04-01..2026-05-01 (depth 0): skipped, already bought and settled
[2026-09-24 21:48:57 PDT] M6B ohlcv-1m 2026-05-01..2026-06-01 (depth 0): skipped, already bought and settled
[2026-09-24 21:48:57 PDT] M6B ohlcv-1m 2026-06-01..2026-06-21 (depth 0): skipped, already bought and settled
[2026-09-24 21:48:57 PDT] 6C ohlcv-1m 2025-04-01..2025-05-01 (depth 0): skipped, already bought and settled
[2026-09-24 21:48:57 PDT] 6C ohlcv-1m 2025-05-01..2025-06-01 (depth 0): skipped, already bought and settled
[2026-09-24 21:48:57 PDT] 6C ohlcv-1m 2025-06-01..2025-07-01 (depth 0): skipped, already bought and settled
[2026-09-24 21:48:57 PDT] 6C ohlcv-1m 2025-07-01..2025-08-01 (depth 0): skipped, already bought and settled
[2026-09-24 21:48:57 PDT] 6C ohlcv-1m 2025-08-01..2025-09-01 (depth 0): skipped, already bought and settled
[2026-09-24 21:48:57 PDT] 6C ohlcv-1m 2025-09-01..2025-10-01 (depth 0): skipped, already bought and settled
[2026-09-24 21:48:57 PDT] 6C ohlcv-1m 2025-10-01..2025-11-01 (depth 0): skipped, already bought and settled
[2026-09-24 21:48:57 PDT] 6C ohlcv-1m 2025-11-01..2025-12-01 (depth 0): skipped, already bought and settled
[2026-09-24 21:48:57 PDT] 6C ohlcv-1m 2025-12-01..2026-01-01 (depth 0): skipped, already bought and settled
[2026-09-24 21:48:57 PDT] 6C ohlcv-1m 2026-01-01..2026-02-01 (depth 0): skipped, already bought and settled
[2026-09-24 21:48:57 PDT] 6C ohlcv-1m 2026-02-01..2026-03-01 (depth 0): skipped, already bought and settled
[2026-09-24 21:48:57 PDT] 6C ohlcv-1m 2026-03-01..2026-04-01 (depth 0): skipped, already bought and settled
[2026-09-24 21:48:57 PDT] 6C ohlcv-1m 2026-04-01..2026-05-01 (depth 0): skipped, already bought and settled
[2026-09-24 21:48:57 PDT] 6C ohlcv-1m 2026-05-01..2026-06-01 (depth 0): skipped, already bought and settled
[2026-09-24 21:48:57 PDT] 6C ohlcv-1m 2026-06-01..2026-06-21 (depth 0): skipped, already bought and settled
[2026-09-24 21:48:57 PDT] 6J ohlcv-1m 2025-04-01..2025-05-01 (depth 0): skipped, already bought and settled
[2026-09-24 21:48:57 PDT] 6J ohlcv-1m 2025-05-01..2025-06-01 (depth 0): skipped, already bought and settled
[2026-09-24 21:48:57 PDT] 6J ohlcv-1m 2025-06-01..2025-07-01 (depth 0): skipped, already bought and settled
[2026-09-24 21:48:57 PDT] 6J ohlcv-1m 2025-07-01..2025-08-01 (depth 0): skipped, already bought and settled
[2026-09-24 21:48:57 PDT] 6J ohlcv-1m 2025-08-01..2025-09-01 (depth 0): skipped, already bought and settled
[2026-09-24 21:48:57 PDT] 6J ohlcv-1m 2025-09-01..2025-10-01 (depth 0): skipped, already bought and settled
[2026-09-24 21:48:57 PDT] 6J ohlcv-1m 2025-10-01..2025-11-01 (depth 0): skipped, already bought and settled
[2026-09-24 21:48:57 PDT] 6J ohlcv-1m 2025-11-01..2025-12-01 (depth 0): skipped, already bought and settled
[2026-09-24 21:48:57 PDT] 6J ohlcv-1m 2025-12-01..2026-01-01 (depth 0): skipped, already bought and settled
[2026-09-24 21:48:57 PDT] 6J ohlcv-1m 2026-01-01..2026-02-01 (depth 0): skipped, already bought and settled
[2026-09-24 21:48:57 PDT] 6J ohlcv-1m 2026-02-01..2026-03-01 (depth 0): skipped, already bought and settled
[2026-09-24 21:48:57 PDT] 6J ohlcv-1m 2026-03-01..2026-04-01 (depth 0): skipped, already bought and settled
[2026-09-24 21:48:57 PDT] 6J ohlcv-1m 2026-04-01..2026-05-01 (depth 0): skipped, already bought and settled
[2026-09-24 21:48:57 PDT] 6J ohlcv-1m 2026-05-01..2026-06-01 (depth 0): skipped, already bought and settled
[2026-09-24 21:48:57 PDT] 6J ohlcv-1m 2026-06-01..2026-06-21 (depth 0): skipped, already bought and settled
[2026-09-24 21:48:57 PDT] 6S ohlcv-1m 2025-04-01..2025-05-01 (depth 0): skipped, already bought and settled
[2026-09-24 21:48:57 PDT] 6S ohlcv-1m 2025-05-01..2025-06-01 (depth 0): skipped, already bought and settled
[2026-09-24 21:48:57 PDT] 6S ohlcv-1m 2025-06-01..2025-07-01 (depth 0): skipped, already bought and settled
[2026-09-24 21:48:57 PDT] 6S ohlcv-1m 2025-07-01..2025-08-01 (depth 0): skipped, already bought and settled
[2026-09-24 21:48:57 PDT] 6S ohlcv-1m 2025-08-01..2025-09-01 (depth 0): skipped, already bought and settled
[2026-09-24 21:48:57 PDT] 6S ohlcv-1m 2025-09-01..2025-10-01 (depth 0): skipped, already bought and settled
[2026-09-24 21:48:57 PDT] 6S ohlcv-1m 2025-10-01..2025-11-01 (depth 0): skipped, already bought and settled
[2026-09-24 21:48:57 PDT] 6S ohlcv-1m 2025-11-01..2025-12-01 (depth 0): skipped, already bought and settled
[2026-09-24 21:48:57 PDT] 6S ohlcv-1m 2025-12-01..2026-01-01 (depth 0): skipped, already bought and settled
[2026-09-24 21:48:57 PDT] 6S ohlcv-1m 2026-01-01..2026-02-01 (depth 0): skipped, already bought and settled
[2026-09-24 21:48:57 PDT] 6S ohlcv-1m 2026-02-01..2026-03-01 (depth 0): skipped, already bought and settled
[2026-09-24 21:48:57 PDT] 6S ohlcv-1m 2026-03-01..2026-04-01 (depth 0): skipped, already bought and settled
[2026-09-24 21:48:57 PDT] 6S ohlcv-1m 2026-04-01..2026-05-01 (depth 0): skipped, already bought and settled
[2026-09-24 21:48:57 PDT] 6S ohlcv-1m 2026-05-01..2026-06-01 (depth 0): skipped, already bought and settled
[2026-09-24 21:48:57 PDT] 6S ohlcv-1m 2026-06-01..2026-06-21 (depth 0): skipped, already bought and settled
[2026-09-24 21:48:57 PDT] 6N ohlcv-1m 2025-04-01..2025-05-01 (depth 0): skipped, already bought and settled
[2026-09-24 21:48:57 PDT] 6N ohlcv-1m 2025-05-01..2025-06-01 (depth 0): skipped, already bought and settled
[2026-09-24 21:48:57 PDT] 6N ohlcv-1m 2025-06-01..2025-07-01 (depth 0): skipped, already bought and settled
[2026-09-24 21:48:57 PDT] 6N ohlcv-1m 2025-07-01..2025-08-01 (depth 0): skipped, already bought and settled
[2026-09-24 21:48:57 PDT] 6N ohlcv-1m 2025-08-01..2025-09-01 (depth 0): skipped, already bought and settled
[2026-09-24 21:48:57 PDT] 6N ohlcv-1m 2025-09-01..2025-10-01 (depth 0): skipped, already bought and settled
[2026-09-24 21:48:57 PDT] 6N ohlcv-1m 2025-10-01..2025-11-01 (depth 0): skipped, already bought and settled
[2026-09-24 21:48:57 PDT] 6N ohlcv-1m 2025-11-01..2025-12-01 (depth 0): skipped, already bought and settled
[2026-09-24 21:48:57 PDT] 6N ohlcv-1m 2025-12-01..2026-01-01 (depth 0): skipped, already bought and settled
[2026-09-24 21:48:57 PDT] 6N ohlcv-1m 2026-01-01..2026-02-01 (depth 0): skipped, already bought and settled
[2026-09-24 21:48:57 PDT] 6N ohlcv-1m 2026-02-01..2026-03-01 (depth 0): skipped, already bought and settled
[2026-09-24 21:48:57 PDT] 6N ohlcv-1m 2026-03-01..2026-04-01 (depth 0): skipped, already bought and settled
[2026-09-24 21:48:57 PDT] 6N ohlcv-1m 2026-04-01..2026-05-01 (depth 0): skipped, already bought and settled
[2026-09-24 21:48:57 PDT] 6N ohlcv-1m 2026-05-01..2026-06-01 (depth 0): skipped, already bought and settled
[2026-09-24 21:48:57 PDT] 6N ohlcv-1m 2026-06-01..2026-06-21 (depth 0): skipped, already bought and settled
[2026-09-24 21:48:57 PDT] CL ohlcv-1m 2025-04-01..2025-05-01 (depth 0): skipped, already bought and settled
[2026-09-24 21:48:57 PDT] CL ohlcv-1m 2025-05-01..2025-06-01 (depth 0): skipped, already bought and settled
[2026-09-24 21:48:57 PDT] CL ohlcv-1m 2025-06-01..2025-07-01 (depth 0): skipped, already bought and settled
[2026-09-24 21:48:57 PDT] CL ohlcv-1m 2025-07-01..2025-08-01 (depth 0): skipped, already bought and settled
[2026-09-24 21:48:57 PDT] CL ohlcv-1m 2025-08-01..2025-09-01 (depth 0): skipped, already bought and settled
[2026-09-24 21:48:57 PDT] CL ohlcv-1m 2025-09-01..2025-10-01 (depth 0): skipped, already bought and settled
[2026-09-24 21:48:57 PDT] CL ohlcv-1m 2025-10-01..2025-11-01 (depth 0): skipped, already bought and settled
[2026-09-24 21:48:57 PDT] CL ohlcv-1m 2025-11-01..2025-12-01 (depth 0): skipped, already bought and settled
[2026-09-24 21:48:57 PDT] CL ohlcv-1m 2025-12-01..2026-01-01 (depth 0): skipped, already bought and settled
[2026-09-24 21:48:57 PDT] CL ohlcv-1m 2026-01-01..2026-02-01 (depth 0): skipped, already bought and settled
[2026-09-24 21:48:57 PDT] CL ohlcv-1m 2026-02-01..2026-03-01 (depth 0): skipped, already bought and settled
[2026-09-24 21:48:57 PDT] CL ohlcv-1m 2026-03-01..2026-04-01 (depth 0): skipped, already bought and settled
[2026-09-24 21:48:57 PDT] CL ohlcv-1m 2026-04-01..2026-05-01 (depth 0): skipped, already bought and settled
[2026-09-24 21:48:57 PDT] CL ohlcv-1m 2026-05-01..2026-06-01 (depth 0): skipped, already bought and settled
[2026-09-24 21:48:57 PDT] CL ohlcv-1m 2026-06-01..2026-06-21 (depth 0): skipped, already bought and settled
[2026-09-24 21:48:57 PDT] MCL ohlcv-1m 2025-04-01..2025-05-01 (depth 0): skipped, already bought and settled
[2026-09-24 21:48:57 PDT] MCL ohlcv-1m 2025-05-01..2025-06-01 (depth 0): skipped, already bought and settled
[2026-09-24 21:48:57 PDT] MCL ohlcv-1m 2025-06-01..2025-07-01 (depth 0): skipped, already bought and settled
[2026-09-24 21:48:57 PDT] MCL ohlcv-1m 2025-07-01..2025-08-01 (depth 0): skipped, already bought and settled
[2026-09-24 21:48:57 PDT] MCL ohlcv-1m 2025-08-01..2025-09-01 (depth 0): skipped, already bought and settled
[2026-09-24 21:48:57 PDT] MCL ohlcv-1m 2025-09-01..2025-10-01 (depth 0): skipped, already bought and settled
[2026-09-24 21:48:57 PDT] MCL ohlcv-1m 2025-10-01..2025-11-01 (depth 0): skipped, already bought and settled
[2026-09-24 21:48:57 PDT] MCL ohlcv-1m 2025-11-01..2025-12-01 (depth 0): skipped, already bought and settled
[2026-09-24 21:48:57 PDT] MCL ohlcv-1m 2025-12-01..2026-01-01 (depth 0): skipped, already bought and settled
[2026-09-24 21:48:57 PDT] MCL ohlcv-1m 2026-01-01..2026-02-01 (depth 0): skipped, already bought and settled
[2026-09-24 21:48:57 PDT] MCL ohlcv-1m 2026-02-01..2026-03-01 (depth 0): skipped, already bought and settled
[2026-09-24 21:48:57 PDT] MCL ohlcv-1m 2026-03-01..2026-04-01 (depth 0): skipped, already bought and settled
[2026-09-24 21:48:57 PDT] MCL ohlcv-1m 2026-04-01..2026-05-01 (depth 0): skipped, already bought and settled
[2026-09-24 21:48:57 PDT] MCL ohlcv-1m 2026-05-01..2026-06-01 (depth 0): skipped, already bought and settled
[2026-09-24 21:48:57 PDT] MCL ohlcv-1m 2026-06-01..2026-06-21 (depth 0): skipped, already bought and settled
[2026-09-24 21:48:57 PDT] QM ohlcv-1m 2025-04-01..2025-05-01 (depth 0): skipped, already bought and settled
[2026-09-24 21:48:57 PDT] QM ohlcv-1m 2025-05-01..2025-06-01 (depth 0): skipped, already bought and settled
[2026-09-24 21:48:57 PDT] QM ohlcv-1m 2025-06-01..2025-07-01 (depth 0): skipped, already bought and settled
[2026-09-24 21:48:57 PDT] QM ohlcv-1m 2025-07-01..2025-08-01 (depth 0): skipped, already bought and settled
[2026-09-24 21:48:57 PDT] QM ohlcv-1m 2025-08-01..2025-09-01 (depth 0): skipped, already bought and settled
[2026-09-24 21:48:57 PDT] QM ohlcv-1m 2025-09-01..2025-10-01 (depth 0): skipped, already bought and settled
[2026-09-24 21:48:57 PDT] QM ohlcv-1m 2025-10-01..2025-11-01 (depth 0): skipped, already bought and settled
[2026-09-24 21:48:57 PDT] QM ohlcv-1m 2025-11-01..2025-12-01 (depth 0): skipped, already bought and settled
[2026-09-24 21:48:57 PDT] QM ohlcv-1m 2025-12-01..2026-01-01 (depth 0): skipped, already bought and settled
[2026-09-24 21:48:57 PDT] QM ohlcv-1m 2026-01-01..2026-02-01 (depth 0): skipped, already bought and settled
[2026-09-24 21:48:57 PDT] QM ohlcv-1m 2026-02-01..2026-03-01 (depth 0): skipped, already bought and settled
[2026-09-24 21:48:57 PDT] QM ohlcv-1m 2026-03-01..2026-04-01 (depth 0): skipped, already bought and settled
[2026-09-24 21:48:57 PDT] QM ohlcv-1m 2026-04-01..2026-05-01 (depth 0): skipped, already bought and settled
[2026-09-24 21:48:57 PDT] QM ohlcv-1m 2026-05-01..2026-06-01 (depth 0): skipped, already bought and settled
[2026-09-24 21:48:57 PDT] QM ohlcv-1m 2026-06-01..2026-06-21 (depth 0): skipped, already bought and settled
[2026-09-24 21:48:57 PDT] NG ohlcv-1m 2025-04-01..2025-05-01 (depth 0): skipped, already bought and settled
[2026-09-24 21:48:57 PDT] NG ohlcv-1m 2025-05-01..2025-06-01 (depth 0): skipped, already bought and settled
[2026-09-24 21:48:57 PDT] NG ohlcv-1m 2025-06-01..2025-07-01 (depth 0): skipped, already bought and settled
[2026-09-24 21:48:57 PDT] NG ohlcv-1m 2025-07-01..2025-08-01 (depth 0): skipped, already bought and settled
[2026-09-24 21:48:57 PDT] NG ohlcv-1m 2025-08-01..2025-09-01 (depth 0): skipped, already bought and settled
[2026-09-24 21:48:57 PDT] NG ohlcv-1m 2025-09-01..2025-10-01 (depth 0): skipped, already bought and settled
[2026-09-24 21:48:57 PDT] NG ohlcv-1m 2025-10-01..2025-11-01 (depth 0): skipped, already bought and settled
[2026-09-24 21:48:57 PDT] NG ohlcv-1m 2025-11-01..2025-12-01 (depth 0): skipped, already bought and settled
[2026-09-24 21:48:57 PDT] NG ohlcv-1m 2025-12-01..2026-01-01 (depth 0): skipped, already bought and settled
[2026-09-24 21:48:57 PDT] NG ohlcv-1m 2026-01-01..2026-02-01 (depth 0): skipped, already bought and settled
[2026-09-24 21:48:57 PDT] NG ohlcv-1m 2026-02-01..2026-03-01 (depth 0): skipped, already bought and settled
[2026-09-24 21:48:57 PDT] NG ohlcv-1m 2026-03-01..2026-04-01 (depth 0): skipped, already bought and settled
[2026-09-24 21:48:57 PDT] NG ohlcv-1m 2026-04-01..2026-05-01 (depth 0): skipped, already bought and settled
[2026-09-24 21:48:57 PDT] NG ohlcv-1m 2026-05-01..2026-06-01 (depth 0): skipped, already bought and settled
[2026-09-24 21:48:57 PDT] NG ohlcv-1m 2026-06-01..2026-06-21 (depth 0): skipped, already bought and settled
[2026-09-24 21:48:57 PDT] MNG ohlcv-1m 2025-04-01..2025-05-01 (depth 0): skipped, already bought and settled
[2026-09-24 21:48:57 PDT] MNG ohlcv-1m 2025-05-01..2025-06-01 (depth 0): skipped, already bought and settled
[2026-09-24 21:48:57 PDT] MNG ohlcv-1m 2025-06-01..2025-07-01 (depth 0): skipped, already bought and settled
[2026-09-24 21:48:57 PDT] MNG ohlcv-1m 2025-07-01..2025-08-01 (depth 0): skipped, already bought and settled
[2026-09-24 21:48:57 PDT] MNG ohlcv-1m 2025-08-01..2025-09-01 (depth 0): skipped, already bought and settled
[2026-09-24 21:48:57 PDT] MNG ohlcv-1m 2025-09-01..2025-10-01 (depth 0): skipped, already bought and settled
[2026-09-24 21:48:57 PDT] MNG ohlcv-1m 2025-10-01..2025-11-01 (depth 0): skipped, already bought and settled
[2026-09-24 21:48:57 PDT] MNG ohlcv-1m 2025-11-01..2025-12-01 (depth 0): skipped, already bought and settled
[2026-09-24 21:48:57 PDT] MNG ohlcv-1m 2025-12-01..2026-01-01 (depth 0): skipped, already bought and settled
[2026-09-24 21:48:57 PDT] MNG ohlcv-1m 2026-01-01..2026-02-01 (depth 0): skipped, already bought and settled
[2026-09-24 21:48:57 PDT] MNG ohlcv-1m 2026-02-01..2026-03-01 (depth 0): skipped, already bought and settled
[2026-09-24 21:48:57 PDT] MNG ohlcv-1m 2026-03-01..2026-04-01 (depth 0): skipped, already bought and settled
[2026-09-24 21:48:57 PDT] MNG ohlcv-1m 2026-04-01..2026-05-01 (depth 0): skipped, already bought and settled
[2026-09-24 21:48:57 PDT] MNG ohlcv-1m 2026-05-01..2026-06-01 (depth 0): skipped, already bought and settled
[2026-09-24 21:48:57 PDT] MNG ohlcv-1m 2026-06-01..2026-06-21 (depth 0): skipped, already bought and settled
[2026-09-24 21:48:57 PDT] QG ohlcv-1m 2025-04-01..2025-05-01 (depth 0): skipped, already bought and settled
[2026-09-24 21:48:57 PDT] QG ohlcv-1m 2025-05-01..2025-06-01 (depth 0): skipped, already bought and settled
[2026-09-24 21:48:57 PDT] QG ohlcv-1m 2025-06-01..2025-07-01 (depth 0): skipped, already bought and settled
[2026-09-24 21:48:57 PDT] QG ohlcv-1m 2025-07-01..2025-08-01 (depth 0): skipped, already bought and settled
[2026-09-24 21:48:57 PDT] QG ohlcv-1m 2025-08-01..2025-09-01 (depth 0): skipped, already bought and settled
[2026-09-24 21:48:57 PDT] QG ohlcv-1m 2025-09-01..2025-10-01 (depth 0): skipped, already bought and settled
[2026-09-24 21:48:57 PDT] QG ohlcv-1m 2025-10-01..2025-11-01 (depth 0): skipped, already bought and settled
[2026-09-24 21:48:57 PDT] QG ohlcv-1m 2025-11-01..2025-12-01 (depth 0): skipped, already bought and settled
[2026-09-24 21:48:57 PDT] QG ohlcv-1m 2025-12-01..2026-01-01 (depth 0): skipped, already bought and settled
[2026-09-24 21:48:57 PDT] QG ohlcv-1m 2026-01-01..2026-02-01 (depth 0): skipped, already bought and settled
[2026-09-24 21:48:57 PDT] QG ohlcv-1m 2026-02-01..2026-03-01 (depth 0): skipped, already bought and settled
[2026-09-24 21:48:57 PDT] QG ohlcv-1m 2026-03-01..2026-04-01 (depth 0): skipped, already bought and settled
[2026-09-24 21:48:57 PDT] QG ohlcv-1m 2026-04-01..2026-05-01 (depth 0): skipped, already bought and settled
[2026-09-24 21:48:57 PDT] QG ohlcv-1m 2026-05-01..2026-06-01 (depth 0): skipped, already bought and settled
[2026-09-24 21:48:57 PDT] QG ohlcv-1m 2026-06-01..2026-06-21 (depth 0): skipped, already bought and settled
[2026-09-24 21:48:57 PDT] RB ohlcv-1m 2025-04-01..2025-05-01 (depth 0): skipped, already bought and settled
[2026-09-24 21:48:57 PDT] RB ohlcv-1m 2025-05-01..2025-06-01 (depth 0): skipped, already bought and settled
[2026-09-24 21:48:57 PDT] RB ohlcv-1m 2025-06-01..2025-07-01 (depth 0): skipped, already bought and settled
[2026-09-24 21:48:57 PDT] RB ohlcv-1m 2025-07-01..2025-08-01 (depth 0): skipped, already bought and settled
[2026-09-24 21:48:57 PDT] RB ohlcv-1m 2025-08-01..2025-09-01 (depth 0): skipped, already bought and settled
[2026-09-24 21:48:57 PDT] RB ohlcv-1m 2025-09-01..2025-10-01 (depth 0): skipped, already bought and settled
[2026-09-24 21:48:57 PDT] RB ohlcv-1m 2025-10-01..2025-11-01 (depth 0): skipped, already bought and settled
[2026-09-24 21:48:57 PDT] RB ohlcv-1m 2025-11-01..2025-12-01 (depth 0): skipped, already bought and settled
[2026-09-24 21:48:57 PDT] RB ohlcv-1m 2025-12-01..2026-01-01 (depth 0): skipped, already bought and settled
[2026-09-24 21:48:57 PDT] RB ohlcv-1m 2026-01-01..2026-02-01 (depth 0): skipped, already bought and settled
[2026-09-24 21:48:57 PDT] RB ohlcv-1m 2026-02-01..2026-03-01 (depth 0): skipped, already bought and settled
[2026-09-24 21:48:57 PDT] RB ohlcv-1m 2026-03-01..2026-04-01 (depth 0): skipped, already bought and settled
[2026-09-24 21:48:57 PDT] RB ohlcv-1m 2026-04-01..2026-05-01 (depth 0): skipped, already bought and settled
[2026-09-24 21:48:57 PDT] RB ohlcv-1m 2026-05-01..2026-06-01 (depth 0): skipped, already bought and settled
[2026-09-24 21:48:57 PDT] RB ohlcv-1m 2026-06-01..2026-06-21 (depth 0): skipped, already bought and settled
[2026-09-24 21:48:57 PDT] HO ohlcv-1m 2025-04-01..2025-05-01 (depth 0): skipped, already bought and settled
[2026-09-24 21:48:57 PDT] HO ohlcv-1m 2025-05-01..2025-06-01 (depth 0): skipped, already bought and settled
[2026-09-24 21:48:57 PDT] HO ohlcv-1m 2025-06-01..2025-07-01 (depth 0): skipped, already bought and settled
[2026-09-24 21:48:57 PDT] HO ohlcv-1m 2025-07-01..2025-08-01 (depth 0): skipped, already bought and settled
[2026-09-24 21:48:57 PDT] HO ohlcv-1m 2025-08-01..2025-09-01 (depth 0): skipped, already bought and settled
[2026-09-24 21:48:57 PDT] HO ohlcv-1m 2025-09-01..2025-10-01 (depth 0): skipped, already bought and settled
[2026-09-24 21:48:57 PDT] HO ohlcv-1m 2025-10-01..2025-11-01 (depth 0): skipped, already bought and settled
[2026-09-24 21:48:57 PDT] HO ohlcv-1m 2025-11-01..2025-12-01 (depth 0): skipped, already bought and settled
[2026-09-24 21:48:57 PDT] HO ohlcv-1m 2025-12-01..2026-01-01 (depth 0): skipped, already bought and settled
[2026-09-24 21:48:57 PDT] HO ohlcv-1m 2026-01-01..2026-02-01 (depth 0): skipped, already bought and settled
[2026-09-24 21:48:57 PDT] HO ohlcv-1m 2026-02-01..2026-03-01 (depth 0): skipped, already bought and settled
[2026-09-24 21:48:57 PDT] HO ohlcv-1m 2026-03-01..2026-04-01 (depth 0): skipped, already bought and settled
[2026-09-24 21:48:57 PDT] HO ohlcv-1m 2026-04-01..2026-05-01 (depth 0): skipped, already bought and settled
[2026-09-24 21:48:57 PDT] HO ohlcv-1m 2026-05-01..2026-06-01 (depth 0): skipped, already bought and settled
[2026-09-24 21:48:57 PDT] HO ohlcv-1m 2026-06-01..2026-06-21 (depth 0): skipped, already bought and settled
[2026-09-24 21:48:57 PDT] MGC ohlcv-1m 2025-04-01..2025-05-01 (depth 0): skipped, already bought and settled
[2026-09-24 21:48:57 PDT] MGC ohlcv-1m 2025-05-01..2025-06-01 (depth 0): skipped, already bought and settled
[2026-09-24 21:48:57 PDT] MGC ohlcv-1m 2025-06-01..2025-07-01 (depth 0): skipped, already bought and settled
[2026-09-24 21:48:57 PDT] MGC ohlcv-1m 2025-07-01..2025-08-01 (depth 0): skipped, already bought and settled
[2026-09-24 21:48:57 PDT] MGC ohlcv-1m 2025-08-01..2025-09-01 (depth 0): skipped, already bought and settled
[2026-09-24 21:48:57 PDT] MGC ohlcv-1m 2025-09-01..2025-10-01 (depth 0): skipped, already bought and settled
[2026-09-24 21:48:57 PDT] MGC ohlcv-1m 2025-10-01..2025-11-01 (depth 0): skipped, already bought and settled
[2026-09-24 21:48:57 PDT] MGC ohlcv-1m 2025-11-01..2025-12-01 (depth 0): skipped, already bought and settled
[2026-09-24 21:48:57 PDT] MGC ohlcv-1m 2025-12-01..2026-01-01 (depth 0): skipped, already bought and settled
[2026-09-24 21:48:57 PDT] MGC ohlcv-1m 2026-01-01..2026-02-01 (depth 0): skipped, already bought and settled
[2026-09-24 21:48:57 PDT] MGC ohlcv-1m 2026-02-01..2026-03-01 (depth 0): skipped, already bought and settled
[2026-09-24 21:48:57 PDT] MGC ohlcv-1m 2026-03-01..2026-04-01 (depth 0): skipped, already bought and settled
[2026-09-24 21:48:57 PDT] MGC ohlcv-1m 2026-04-01..2026-05-01 (depth 0): skipped, already bought and settled
[2026-09-24 21:48:57 PDT] MGC ohlcv-1m 2026-05-01..2026-06-01 (depth 0): skipped, already bought and settled
[2026-09-24 21:48:57 PDT] MGC ohlcv-1m 2026-06-01..2026-06-21 (depth 0): skipped, already bought and settled
[2026-09-24 21:48:57 PDT] GC ohlcv-1m 2025-04-01..2025-05-01 (depth 0): skipped, already bought and settled
[2026-09-24 21:48:57 PDT] GC ohlcv-1m 2025-05-01..2025-06-01 (depth 0): skipped, already bought and settled
[2026-09-24 21:48:57 PDT] GC ohlcv-1m 2025-06-01..2025-07-01 (depth 0): skipped, already bought and settled
[2026-09-24 21:48:57 PDT] GC ohlcv-1m 2025-07-01..2025-08-01 (depth 0): skipped, already bought and settled
[2026-09-24 21:48:57 PDT] GC ohlcv-1m 2025-08-01..2025-09-01 (depth 0): skipped, already bought and settled
[2026-09-24 21:48:57 PDT] GC ohlcv-1m 2025-09-01..2025-10-01 (depth 0): skipped, already bought and settled
[2026-09-24 21:48:57 PDT] GC ohlcv-1m 2025-10-01..2025-11-01 (depth 0): skipped, already bought and settled
[2026-09-24 21:48:57 PDT] GC ohlcv-1m 2025-11-01..2025-12-01 (depth 0): skipped, already bought and settled
[2026-09-24 21:48:57 PDT] GC ohlcv-1m 2025-12-01..2026-01-01 (depth 0): skipped, already bought and settled
[2026-09-24 21:48:57 PDT] GC ohlcv-1m 2026-01-01..2026-02-01 (depth 0): skipped, already bought and settled
[2026-09-24 21:48:57 PDT] GC ohlcv-1m 2026-02-01..2026-03-01 (depth 0): skipped, already bought and settled
[2026-09-24 21:48:57 PDT] GC ohlcv-1m 2026-03-01..2026-04-01 (depth 0): skipped, already bought and settled
[2026-09-24 21:48:57 PDT] GC ohlcv-1m 2026-04-01..2026-05-01 (depth 0): skipped, already bought and settled
[2026-09-24 21:48:57 PDT] GC ohlcv-1m 2026-05-01..2026-06-01 (depth 0): skipped, already bought and settled
[2026-09-24 21:48:57 PDT] GC ohlcv-1m 2026-06-01..2026-06-21 (depth 0): skipped, already bought and settled
[2026-09-24 21:48:57 PDT] SIL ohlcv-1m 2025-04-01..2025-05-01 (depth 0): skipped, already bought and settled
[2026-09-24 21:48:57 PDT] SIL ohlcv-1m 2025-05-01..2025-06-01 (depth 0): skipped, already bought and settled
[2026-09-24 21:48:57 PDT] SIL ohlcv-1m 2025-06-01..2025-07-01 (depth 0): skipped, already bought and settled
[2026-09-24 21:48:57 PDT] SIL ohlcv-1m 2025-07-01..2025-08-01 (depth 0): skipped, already bought and settled
[2026-09-24 21:48:57 PDT] SIL ohlcv-1m 2025-08-01..2025-09-01 (depth 0): skipped, already bought and settled
[2026-09-24 21:48:57 PDT] SIL ohlcv-1m 2025-09-01..2025-10-01 (depth 0): skipped, already bought and settled
[2026-09-24 21:48:57 PDT] SIL ohlcv-1m 2025-10-01..2025-11-01 (depth 0): skipped, already bought and settled
[2026-09-24 21:48:57 PDT] SIL ohlcv-1m 2025-11-01..2025-12-01 (depth 0): skipped, already bought and settled
[2026-09-24 21:48:57 PDT] SIL ohlcv-1m 2025-12-01..2026-01-01 (depth 0): skipped, already bought and settled
[2026-09-24 21:48:57 PDT] SIL ohlcv-1m 2026-01-01..2026-02-01 (depth 0): skipped, already bought and settled
[2026-09-24 21:48:57 PDT] SIL ohlcv-1m 2026-02-01..2026-03-01 (depth 0): skipped, already bought and settled
[2026-09-24 21:48:57 PDT] SIL ohlcv-1m 2026-03-01..2026-04-01 (depth 0): skipped, already bought and settled
[2026-09-24 21:48:57 PDT] SIL ohlcv-1m 2026-04-01..2026-05-01 (depth 0): skipped, already bought and settled
[2026-09-24 21:48:57 PDT] SIL ohlcv-1m 2026-05-01..2026-06-01 (depth 0): skipped, already bought and settled
[2026-09-24 21:48:57 PDT] SIL ohlcv-1m 2026-06-01..2026-06-21 (depth 0): skipped, already bought and settled
[2026-09-24 21:48:57 PDT] SI ohlcv-1m 2025-04-01..2025-05-01 (depth 0): skipped, already bought and settled
[2026-09-24 21:48:57 PDT] SI ohlcv-1m 2025-05-01..2025-06-01 (depth 0): skipped, already bought and settled
[2026-09-24 21:48:57 PDT] SI ohlcv-1m 2025-06-01..2025-07-01 (depth 0): skipped, already bought and settled
[2026-09-24 21:48:57 PDT] SI ohlcv-1m 2025-07-01..2025-08-01 (depth 0): skipped, already bought and settled
[2026-09-24 21:48:57 PDT] SI ohlcv-1m 2025-08-01..2025-09-01 (depth 0): skipped, already bought and settled
[2026-09-24 21:48:57 PDT] SI ohlcv-1m 2025-09-01..2025-10-01 (depth 0): skipped, already bought and settled
[2026-09-24 21:48:57 PDT] SI ohlcv-1m 2025-10-01..2025-11-01 (depth 0): skipped, already bought and settled
[2026-09-24 21:48:57 PDT] SI ohlcv-1m 2025-11-01..2025-12-01 (depth 0): skipped, already bought and settled
[2026-09-24 21:48:57 PDT] SI ohlcv-1m 2025-12-01..2026-01-01 (depth 0): skipped, already bought and settled
[2026-09-24 21:48:57 PDT] SI ohlcv-1m 2026-01-01..2026-02-01 (depth 0): skipped, already bought and settled
[2026-09-24 21:48:57 PDT] SI ohlcv-1m 2026-02-01..2026-03-01 (depth 0): skipped, already bought and settled
[2026-09-24 21:48:57 PDT] SI ohlcv-1m 2026-03-01..2026-04-01 (depth 0): skipped, already bought and settled
[2026-09-24 21:48:57 PDT] SI ohlcv-1m 2026-04-01..2026-05-01 (depth 0): skipped, already bought and settled
[2026-09-24 21:48:57 PDT] SI ohlcv-1m 2026-05-01..2026-06-01 (depth 0): skipped, already bought and settled
[2026-09-24 21:48:57 PDT] SI ohlcv-1m 2026-06-01..2026-06-21 (depth 0): skipped, already bought and settled
[2026-09-24 21:48:57 PDT] HG ohlcv-1m 2025-04-01..2025-05-01 (depth 0): skipped, already bought and settled
[2026-09-24 21:48:57 PDT] HG ohlcv-1m 2025-05-01..2025-06-01 (depth 0): skipped, already bought and settled
[2026-09-24 21:48:57 PDT] HG ohlcv-1m 2025-06-01..2025-07-01 (depth 0): skipped, already bought and settled
[2026-09-24 21:48:57 PDT] HG ohlcv-1m 2025-07-01..2025-08-01 (depth 0): skipped, already bought and settled
[2026-09-24 21:48:57 PDT] HG ohlcv-1m 2025-08-01..2025-09-01 (depth 0): skipped, already bought and settled
[2026-09-24 21:48:57 PDT] HG ohlcv-1m 2025-09-01..2025-10-01 (depth 0): skipped, already bought and settled
[2026-09-24 21:48:57 PDT] HG ohlcv-1m 2025-10-01..2025-11-01 (depth 0): skipped, already bought and settled
[2026-09-24 21:48:57 PDT] HG ohlcv-1m 2025-11-01..2025-12-01 (depth 0): skipped, already bought and settled
[2026-09-24 21:48:57 PDT] HG ohlcv-1m 2025-12-01..2026-01-01 (depth 0): skipped, already bought and settled
[2026-09-24 21:48:57 PDT] HG ohlcv-1m 2026-01-01..2026-02-01 (depth 0): skipped, already bought and settled
[2026-09-24 21:48:57 PDT] HG ohlcv-1m 2026-02-01..2026-03-01 (depth 0): skipped, already bought and settled
[2026-09-24 21:48:57 PDT] HG ohlcv-1m 2026-03-01..2026-04-01 (depth 0): skipped, already bought and settled
[2026-09-24 21:48:57 PDT] HG ohlcv-1m 2026-04-01..2026-05-01 (depth 0): skipped, already bought and settled
[2026-09-24 21:48:57 PDT] HG ohlcv-1m 2026-05-01..2026-06-01 (depth 0): skipped, already bought and settled
[2026-09-24 21:48:57 PDT] HG ohlcv-1m 2026-06-01..2026-06-21 (depth 0): skipped, already bought and settled
[2026-09-24 21:48:57 PDT] MHG ohlcv-1m 2025-04-01..2025-05-01 (depth 0): skipped, already bought and settled
[2026-09-24 21:48:57 PDT] MHG ohlcv-1m 2025-05-01..2025-06-01 (depth 0): skipped, already bought and settled
[2026-09-24 21:48:57 PDT] MHG ohlcv-1m 2025-06-01..2025-07-01 (depth 0): skipped, already bought and settled
[2026-09-24 21:48:57 PDT] MHG ohlcv-1m 2025-07-01..2025-08-01 (depth 0): skipped, already bought and settled
[2026-09-24 21:48:57 PDT] MHG ohlcv-1m 2025-08-01..2025-09-01 (depth 0): skipped, already bought and settled
[2026-09-24 21:48:57 PDT] MHG ohlcv-1m 2025-09-01..2025-10-01 (depth 0): skipped, already bought and settled
[2026-09-24 21:48:57 PDT] MHG ohlcv-1m 2025-10-01..2025-11-01 (depth 0): skipped, already bought and settled
[2026-09-24 21:48:57 PDT] MHG ohlcv-1m 2025-11-01..2025-12-01 (depth 0): skipped, already bought and settled
[2026-09-24 21:48:57 PDT] MHG ohlcv-1m 2025-12-01..2026-01-01 (depth 0): skipped, already bought and settled
[2026-09-24 21:48:57 PDT] MHG ohlcv-1m 2026-01-01..2026-02-01 (depth 0): skipped, already bought and settled
[2026-09-24 21:48:57 PDT] MHG ohlcv-1m 2026-02-01..2026-03-01 (depth 0): skipped, already bought and settled
[2026-09-24 21:48:57 PDT] MHG ohlcv-1m 2026-03-01..2026-04-01 (depth 0): skipped, already bought and settled
[2026-09-24 21:48:57 PDT] MHG ohlcv-1m 2026-04-01..2026-05-01 (depth 0): skipped, already bought and settled
[2026-09-24 21:48:57 PDT] MHG ohlcv-1m 2026-05-01..2026-06-01 (depth 0): skipped, already bought and settled
[2026-09-24 21:48:57 PDT] MHG ohlcv-1m 2026-06-01..2026-06-21 (depth 0): skipped, already bought and settled
[2026-09-24 21:48:57 PDT] ZC ohlcv-1m 2025-04-01..2025-05-01 (depth 0): skipped, already bought and settled
[2026-09-24 21:48:57 PDT] ZC ohlcv-1m 2025-05-01..2025-06-01 (depth 0): skipped, already bought and settled
[2026-09-24 21:48:57 PDT] ZC ohlcv-1m 2025-06-01..2025-07-01 (depth 0): skipped, already bought and settled
[2026-09-24 21:48:57 PDT] ZC ohlcv-1m 2025-07-01..2025-08-01 (depth 0): skipped, already bought and settled
[2026-09-24 21:48:57 PDT] ZC ohlcv-1m 2025-08-01..2025-09-01 (depth 0): skipped, already bought and settled
[2026-09-24 21:48:57 PDT] ZC ohlcv-1m 2025-09-01..2025-10-01 (depth 0): skipped, already bought and settled
[2026-09-24 21:48:57 PDT] ZC ohlcv-1m 2025-10-01..2025-11-01 (depth 0): skipped, already bought and settled
[2026-09-24 21:48:57 PDT] ZC ohlcv-1m 2025-11-01..2025-12-01 (depth 0): skipped, already bought and settled
[2026-09-24 21:48:57 PDT] ZC ohlcv-1m 2025-12-01..2026-01-01 (depth 0): skipped, already bought and settled
[2026-09-24 21:48:57 PDT] ZC ohlcv-1m 2026-01-01..2026-02-01 (depth 0): skipped, already bought and settled
[2026-09-24 21:48:57 PDT] ZC ohlcv-1m 2026-02-01..2026-03-01 (depth 0): skipped, already bought and settled
[2026-09-24 21:48:57 PDT] ZC ohlcv-1m 2026-03-01..2026-04-01 (depth 0): skipped, already bought and settled
[2026-09-24 21:48:57 PDT] ZC ohlcv-1m 2026-04-01..2026-05-01 (depth 0): skipped, already bought and settled
[2026-09-24 21:48:57 PDT] ZC ohlcv-1m 2026-05-01..2026-06-01 (depth 0): skipped, already bought and settled
[2026-09-24 21:48:57 PDT] ZC ohlcv-1m 2026-06-01..2026-06-21 (depth 0): skipped, already bought and settled
[2026-09-24 21:48:57 PDT] ZW ohlcv-1m 2025-04-01..2025-05-01 (depth 0): skipped, already bought and settled
[2026-09-24 21:48:57 PDT] ZW ohlcv-1m 2025-05-01..2025-06-01 (depth 0): skipped, already bought and settled
[2026-09-24 21:48:57 PDT] ZW ohlcv-1m 2025-06-01..2025-07-01 (depth 0): skipped, already bought and settled
[2026-09-24 21:48:57 PDT] ZW ohlcv-1m 2025-07-01..2025-08-01 (depth 0): skipped, already bought and settled
[2026-09-24 21:48:57 PDT] ZW ohlcv-1m 2025-08-01..2025-09-01 (depth 0): skipped, already bought and settled
[2026-09-24 21:48:57 PDT] ZW ohlcv-1m 2025-09-01..2025-10-01 (depth 0): skipped, already bought and settled
[2026-09-24 21:48:57 PDT] ZW ohlcv-1m 2025-10-01..2025-11-01 (depth 0): skipped, already bought and settled
[2026-09-24 21:48:57 PDT] ZW ohlcv-1m 2025-11-01..2025-12-01 (depth 0): skipped, already bought and settled
[2026-09-24 21:48:57 PDT] ZW ohlcv-1m 2025-12-01..2026-01-01 (depth 0): skipped, already bought and settled
[2026-09-24 21:48:57 PDT] ZW ohlcv-1m 2026-01-01..2026-02-01 (depth 0): skipped, already bought and settled
[2026-09-24 21:48:57 PDT] ZW ohlcv-1m 2026-02-01..2026-03-01 (depth 0): skipped, already bought and settled
[2026-09-24 21:48:57 PDT] ZW ohlcv-1m 2026-03-01..2026-04-01 (depth 0): skipped, already bought and settled
[2026-09-24 21:48:57 PDT] ZW ohlcv-1m 2026-04-01..2026-05-01 (depth 0): skipped, already bought and settled
[2026-09-24 21:48:57 PDT] ZW ohlcv-1m 2026-05-01..2026-06-01 (depth 0): skipped, already bought and settled
[2026-09-24 21:48:57 PDT] ZW ohlcv-1m 2026-06-01..2026-06-21 (depth 0): skipped, already bought and settled
[2026-09-24 21:48:57 PDT] ZS ohlcv-1m 2025-04-01..2025-05-01 (depth 0): skipped, already bought and settled
[2026-09-24 21:48:57 PDT] ZS ohlcv-1m 2025-05-01..2025-06-01 (depth 0): skipped, already bought and settled
[2026-09-24 21:48:57 PDT] ZS ohlcv-1m 2025-06-01..2025-07-01 (depth 0): skipped, already bought and settled
[2026-09-24 21:48:57 PDT] ZS ohlcv-1m 2025-07-01..2025-08-01 (depth 0): skipped, already bought and settled
[2026-09-24 21:48:57 PDT] ZS ohlcv-1m 2025-08-01..2025-09-01 (depth 0): skipped, already bought and settled
[2026-09-24 21:48:57 PDT] ZS ohlcv-1m 2025-09-01..2025-10-01 (depth 0): skipped, already bought and settled
[2026-09-24 21:48:57 PDT] ZS ohlcv-1m 2025-10-01..2025-11-01 (depth 0): skipped, already bought and settled
[2026-09-24 21:48:57 PDT] ZS ohlcv-1m 2025-11-01..2025-12-01 (depth 0): skipped, already bought and settled
[2026-09-24 21:48:57 PDT] ZS ohlcv-1m 2025-12-01..2026-01-01 (depth 0): skipped, already bought and settled
[2026-09-24 21:48:57 PDT] ZS ohlcv-1m 2026-01-01..2026-02-01 (depth 0): skipped, already bought and settled
[2026-09-24 21:48:57 PDT] ZS ohlcv-1m 2026-02-01..2026-03-01 (depth 0): skipped, already bought and settled
[2026-09-24 21:48:57 PDT] ZS ohlcv-1m 2026-03-01..2026-04-01 (depth 0): skipped, already bought and settled
[2026-09-24 21:48:57 PDT] ZS ohlcv-1m 2026-04-01..2026-05-01 (depth 0): skipped, already bought and settled
[2026-09-24 21:48:57 PDT] ZS ohlcv-1m 2026-05-01..2026-06-01 (depth 0): skipped, already bought and settled
[2026-09-24 21:48:57 PDT] ZS ohlcv-1m 2026-06-01..2026-06-21 (depth 0): skipped, already bought and settled
[2026-09-24 21:48:57 PDT] ZM ohlcv-1m 2025-04-01..2025-05-01 (depth 0): skipped, already bought and settled
[2026-09-24 21:48:57 PDT] ZM ohlcv-1m 2025-05-01..2025-06-01 (depth 0): skipped, already bought and settled
[2026-09-24 21:48:57 PDT] ZM ohlcv-1m 2025-06-01..2025-07-01 (depth 0): skipped, already bought and settled
[2026-09-24 21:48:57 PDT] ZM ohlcv-1m 2025-07-01..2025-08-01 (depth 0): skipped, already bought and settled
[2026-09-24 21:48:57 PDT] ZM ohlcv-1m 2025-08-01..2025-09-01 (depth 0): skipped, already bought and settled
[2026-09-24 21:48:57 PDT] ZM ohlcv-1m 2025-09-01..2025-10-01 (depth 0): skipped, already bought and settled
[2026-09-24 21:48:57 PDT] ZM ohlcv-1m 2025-10-01..2025-11-01 (depth 0): skipped, already bought and settled
[2026-09-24 21:48:57 PDT] ZM ohlcv-1m 2025-11-01..2025-12-01 (depth 0): skipped, already bought and settled
[2026-09-24 21:48:57 PDT] ZM ohlcv-1m 2025-12-01..2026-01-01 (depth 0): skipped, already bought and settled
[2026-09-24 21:48:57 PDT] ZM ohlcv-1m 2026-01-01..2026-02-01 (depth 0): skipped, already bought and settled
[2026-09-24 21:48:57 PDT] ZM ohlcv-1m 2026-02-01..2026-03-01 (depth 0): skipped, already bought and settled
[2026-09-24 21:48:57 PDT] ZM ohlcv-1m 2026-03-01..2026-04-01 (depth 0): skipped, already bought and settled
[2026-09-24 21:48:57 PDT] ZM ohlcv-1m 2026-04-01..2026-05-01 (depth 0): skipped, already bought and settled
[2026-09-24 21:48:57 PDT] ZM ohlcv-1m 2026-05-01..2026-06-01 (depth 0): skipped, already bought and settled
[2026-09-24 21:48:57 PDT] ZM ohlcv-1m 2026-06-01..2026-06-21 (depth 0): skipped, already bought and settled
[2026-09-24 21:48:57 PDT] ZL ohlcv-1m 2025-04-01..2025-05-01 (depth 0): skipped, already bought and settled
[2026-09-24 21:48:57 PDT] ZL ohlcv-1m 2025-05-01..2025-06-01 (depth 0): skipped, already bought and settled
[2026-09-24 21:48:57 PDT] ZL ohlcv-1m 2025-06-01..2025-07-01 (depth 0): skipped, already bought and settled
[2026-09-24 21:48:57 PDT] ZL ohlcv-1m 2025-07-01..2025-08-01 (depth 0): skipped, already bought and settled
[2026-09-24 21:48:57 PDT] ZL ohlcv-1m 2025-08-01..2025-09-01 (depth 0): skipped, already bought and settled
[2026-09-24 21:48:57 PDT] ZL ohlcv-1m 2025-09-01..2025-10-01 (depth 0): skipped, already bought and settled
[2026-09-24 21:48:57 PDT] ZL ohlcv-1m 2025-10-01..2025-11-01 (depth 0): skipped, already bought and settled
[2026-09-24 21:48:57 PDT] ZL ohlcv-1m 2025-11-01..2025-12-01 (depth 0): skipped, already bought and settled
[2026-09-24 21:48:57 PDT] ZL ohlcv-1m 2025-12-01..2026-01-01 (depth 0): skipped, already bought and settled
[2026-09-24 21:48:57 PDT] ZL ohlcv-1m 2026-01-01..2026-02-01 (depth 0): skipped, already bought and settled
[2026-09-24 21:48:57 PDT] ZL ohlcv-1m 2026-02-01..2026-03-01 (depth 0): skipped, already bought and settled
[2026-09-24 21:48:57 PDT] ZL ohlcv-1m 2026-03-01..2026-04-01 (depth 0): skipped, already bought and settled
[2026-09-24 21:48:57 PDT] ZL ohlcv-1m 2026-04-01..2026-05-01 (depth 0): skipped, already bought and settled
[2026-09-24 21:48:57 PDT] ZL ohlcv-1m 2026-05-01..2026-06-01 (depth 0): skipped, already bought and settled
[2026-09-24 21:48:57 PDT] ZL ohlcv-1m 2026-06-01..2026-06-21 (depth 0): skipped, already bought and settled
[2026-09-24 21:48:57 PDT] HE ohlcv-1m 2025-04-01..2025-05-01 (depth 0): skipped, already bought and settled
[2026-09-24 21:48:57 PDT] HE ohlcv-1m 2025-05-01..2025-06-01 (depth 0): skipped, already bought and settled
[2026-09-24 21:48:57 PDT] HE ohlcv-1m 2025-06-01..2025-07-01 (depth 0): skipped, already bought and settled
[2026-09-24 21:48:57 PDT] HE ohlcv-1m 2025-07-01..2025-08-01 (depth 0): skipped, already bought and settled
[2026-09-24 21:48:57 PDT] HE ohlcv-1m 2025-08-01..2025-09-01 (depth 0): skipped, already bought and settled
[2026-09-24 21:48:57 PDT] HE ohlcv-1m 2025-09-01..2025-10-01 (depth 0): skipped, already bought and settled
[2026-09-24 21:48:57 PDT] HE ohlcv-1m 2025-10-01..2025-11-01 (depth 0): skipped, already bought and settled
[2026-09-24 21:48:57 PDT] HE ohlcv-1m 2025-11-01..2025-12-01 (depth 0): skipped, already bought and settled
[2026-09-24 21:48:57 PDT] HE ohlcv-1m 2025-12-01..2026-01-01 (depth 0): skipped, already bought and settled
[2026-09-24 21:48:57 PDT] HE ohlcv-1m 2026-01-01..2026-02-01 (depth 0): skipped, already bought and settled
[2026-09-24 21:48:57 PDT] HE ohlcv-1m 2026-02-01..2026-03-01 (depth 0): skipped, already bought and settled
[2026-09-24 21:48:57 PDT] HE ohlcv-1m 2026-03-01..2026-04-01 (depth 0): skipped, already bought and settled
[2026-09-24 21:48:57 PDT] HE ohlcv-1m 2026-04-01..2026-05-01 (depth 0): skipped, already bought and settled
[2026-09-24 21:48:57 PDT] HE ohlcv-1m 2026-05-01..2026-06-01 (depth 0): skipped, already bought and settled
[2026-09-24 21:48:57 PDT] HE ohlcv-1m 2026-06-01..2026-06-21 (depth 0): skipped, already bought and settled
[2026-09-24 21:48:57 PDT] LE ohlcv-1m 2025-04-01..2025-05-01 (depth 0): skipped, already bought and settled
[2026-09-24 21:48:57 PDT] LE ohlcv-1m 2025-05-01..2025-06-01 (depth 0): skipped, already bought and settled
[2026-09-24 21:48:57 PDT] LE ohlcv-1m 2025-06-01..2025-07-01 (depth 0): skipped, already bought and settled
[2026-09-24 21:48:57 PDT] LE ohlcv-1m 2025-07-01..2025-08-01 (depth 0): skipped, already bought and settled
[2026-09-24 21:48:57 PDT] LE ohlcv-1m 2025-08-01..2025-09-01 (depth 0): skipped, already bought and settled
[2026-09-24 21:48:57 PDT] LE ohlcv-1m 2025-09-01..2025-10-01 (depth 0): skipped, already bought and settled
[2026-09-24 21:48:57 PDT] LE ohlcv-1m 2025-10-01..2025-11-01 (depth 0): skipped, already bought and settled
[2026-09-24 21:48:57 PDT] LE ohlcv-1m 2025-11-01..2025-12-01 (depth 0): skipped, already bought and settled
[2026-09-24 21:48:57 PDT] LE ohlcv-1m 2025-12-01..2026-01-01 (depth 0): skipped, already bought and settled
[2026-09-24 21:48:57 PDT] LE ohlcv-1m 2026-01-01..2026-02-01 (depth 0): skipped, already bought and settled
[2026-09-24 21:48:57 PDT] LE ohlcv-1m 2026-02-01..2026-03-01 (depth 0): skipped, already bought and settled
[2026-09-24 21:48:57 PDT] LE ohlcv-1m 2026-03-01..2026-04-01 (depth 0): skipped, already bought and settled
[2026-09-24 21:48:57 PDT] LE ohlcv-1m 2026-04-01..2026-05-01 (depth 0): skipped, already bought and settled
[2026-09-24 21:48:57 PDT] LE ohlcv-1m 2026-05-01..2026-06-01 (depth 0): skipped, already bought and settled
[2026-09-24 21:48:57 PDT] LE ohlcv-1m 2026-06-01..2026-06-21 (depth 0): skipped, already bought and settled
[2026-09-24 21:48:57 PDT] MBT ohlcv-1m 2025-04-01..2025-05-01 (depth 0): skipped, already bought and settled
[2026-09-24 21:48:57 PDT] MBT ohlcv-1m 2025-05-01..2025-06-01 (depth 0): skipped, already bought and settled
[2026-09-24 21:48:57 PDT] MBT ohlcv-1m 2025-06-01..2025-07-01 (depth 0): skipped, already bought and settled
[2026-09-24 21:48:57 PDT] MBT ohlcv-1m 2025-07-01..2025-08-01 (depth 0): skipped, already bought and settled
[2026-09-24 21:48:57 PDT] MBT ohlcv-1m 2025-08-01..2025-09-01 (depth 0): skipped, already bought and settled
[2026-09-24 21:48:57 PDT] MBT ohlcv-1m 2025-09-01..2025-10-01 (depth 0): skipped, already bought and settled
[2026-09-24 21:48:57 PDT] MBT ohlcv-1m 2025-10-01..2025-11-01 (depth 0): skipped, already bought and settled
[2026-09-24 21:48:57 PDT] MBT ohlcv-1m 2025-11-01..2025-12-01 (depth 0): skipped, already bought and settled
[2026-09-24 21:48:57 PDT] MBT ohlcv-1m 2025-12-01..2026-01-01 (depth 0): skipped, already bought and settled
[2026-09-24 21:48:57 PDT] MBT ohlcv-1m 2026-01-01..2026-02-01 (depth 0): skipped, already bought and settled
[2026-09-24 21:48:57 PDT] MBT ohlcv-1m 2026-02-01..2026-03-01 (depth 0): skipped, already bought and settled
[2026-09-24 21:48:57 PDT] MBT ohlcv-1m 2026-03-01..2026-04-01 (depth 0): skipped, already bought and settled
[2026-09-24 21:48:57 PDT] MBT ohlcv-1m 2026-04-01..2026-05-01 (depth 0): skipped, already bought and settled
[2026-09-24 21:48:57 PDT] MBT ohlcv-1m 2026-05-01..2026-06-01 (depth 0): skipped, already bought and settled
[2026-09-24 21:48:57 PDT] MBT ohlcv-1m 2026-06-01..2026-06-21 (depth 0): skipped, already bought and settled
[2026-09-24 21:48:57 PDT] MNQ mbp-1 2025-05-13T22:00:00Z..2025-05-14T21:00:00Z (depth 0): skipped, already bought and settled
[2026-09-24 21:48:57 PDT] MNQ mbp-1 2025-08-12T22:00:00Z..2025-08-13T21:00:00Z (depth 0): skipped, already bought and settled
[2026-09-24 21:48:57 PDT] MNQ mbp-1 2025-11-11T23:00:00Z..2025-11-12T22:00:00Z (depth 0): pieces already on disk, continuing with its halves
[2026-09-24 21:48:57 PDT] MNQ mbp-1 2025-11-11T23:00:00Z..2025-11-12T10:30:00Z (depth 1): skipped, already bought and settled
[2026-09-24 21:48:57 PDT] MNQ mbp-1 2025-11-12T10:30:00Z..2025-11-12T22:00:00Z (depth 1): pieces already on disk, continuing with its halves
[2026-09-24 21:48:57 PDT] MNQ mbp-1 2025-11-12T10:30:00Z..2025-11-12T16:15:00Z (depth 2): skipped, already bought and settled
[2026-09-24 21:48:57 PDT] MNQ mbp-1 2025-11-12T16:15:00Z..2025-11-12T22:00:00Z (depth 2): skipped, already bought and settled
[2026-09-24 21:48:57 PDT] MNQ mbp-1 2026-02-10T23:00:00Z..2026-02-11T22:00:00Z (depth 0): pieces already on disk, continuing with its halves
[2026-09-24 21:48:57 PDT] MNQ mbp-1 2026-02-10T23:00:00Z..2026-02-11T10:30:00Z (depth 1): skipped, already bought and settled
[2026-09-24 21:48:57 PDT] MNQ mbp-1 2026-02-11T10:30:00Z..2026-02-11T22:00:00Z (depth 1): pieces already on disk, continuing with its halves
[2026-09-24 21:48:57 PDT] MNQ mbp-1 2026-02-11T10:30:00Z..2026-02-11T16:15:00Z (depth 2): skipped, already bought and settled
[2026-09-24 21:48:57 PDT] MNQ mbp-1 2026-02-11T16:15:00Z..2026-02-11T22:00:00Z (depth 2): skipped, already bought and settled
[2026-09-24 21:48:57 PDT] MNQ mbp-1 2026-04-14T22:00:00Z..2026-04-15T21:00:00Z (depth 0): skipped, already bought and settled
[2026-09-24 21:48:57 PDT] NQ mbp-1 2025-05-13T22:00:00Z..2025-05-14T21:00:00Z (depth 0): skipped, already bought and settled
[2026-09-24 21:48:57 PDT] NQ mbp-1 2025-08-12T22:00:00Z..2025-08-13T21:00:00Z (depth 0): skipped, already bought and settled
[2026-09-24 21:48:57 PDT] NQ mbp-1 2025-11-11T23:00:00Z..2025-11-12T22:00:00Z (depth 0): skipped, already bought and settled
[2026-09-24 21:48:57 PDT] NQ mbp-1 2026-02-10T23:00:00Z..2026-02-11T22:00:00Z (depth 0): skipped, already bought and settled
[2026-09-24 21:48:57 PDT] NQ mbp-1 2026-04-14T22:00:00Z..2026-04-15T21:00:00Z (depth 0): skipped, already bought and settled
[2026-09-24 21:49:19 PDT] RTY mbp-1 2025-05-13T22:00:00Z..2025-05-14T21:00:00Z (depth 0): bought 211,192,800 record bytes for $0.354040 · session $76.9823
[2026-09-24 21:49:36 PDT] RTY mbp-1 2025-08-12T22:00:00Z..2025-08-13T21:00:00Z (depth 0): bought 181,773,520 record bytes for $0.304722 · session $77.2871
[2026-09-24 21:51:02 PDT] RTY mbp-1 2025-11-11T23:00:00Z..2025-11-12T22:00:00Z (depth 0): bought 279,513,760 record bytes for $0.468571 · session $77.7556
RUN STOPPED (BudgetRefusedError): unpriceable request (quote=None): never assumed cheap. Nothing after this request was requested; see the ledger and docs/ACCESS.md.
rc=1
