[2026-09-24 18:38:44 PDT] stage-E.1-2026-09-24: account acct-2 (cap $125.00, spent $0.0000) · session cap $113.48 (spent $0.0000) · request cap $3.00
[2026-09-24 18:38:44 PDT] plan: 900 requests over 45 roots before splitting
[2026-09-24 18:38:44 PDT] resume scan: {'settled_files_on_disk': 0, 'leftover_partials': 0}
[2026-09-24 18:38:59 PDT] MNQ ohlcv-1m 2025-04-01..2025-05-01 (depth 0): bought 1,622,712 record bytes for $0.105789 · session $0.1058
[2026-09-24 18:39:17 PDT] MNQ ohlcv-1m 2025-05-01..2025-06-01 (depth 0): bought 1,680,000 record bytes for $0.109524 · session $0.2153
[2026-09-24 18:39:30 PDT] MNQ ohlcv-1m 2025-06-01..2025-07-01 (depth 0): bought 1,616,160 record bytes for $0.105362 · session $0.3207
[2026-09-24 18:39:46 PDT] MNQ ohlcv-1m 2025-07-01..2025-08-01 (depth 0): bought 1,751,400 record bytes for $0.114178 · session $0.4349
[2026-09-24 18:40:01 PDT] MNQ ohlcv-1m 2025-08-01..2025-09-01 (depth 0): bought 1,622,880 record bytes for $0.105800 · session $0.5407
/home/kiros-li/Documents/GitHub/PropExperiment/data/pull_universe.py:550: BentoWarning: The streaming request contained one or more days which have reduced quality: 2025-09-17 (degraded), 2025-09-24 (degraded). See: https://databento.com/docs/api-reference-historical/metadata/metadata-get-dataset-condition
  client.timeseries.get_range(**params.as_kwargs(), path=partial)
[2026-09-24 18:40:23 PDT] MNQ ohlcv-1m 2025-09-01..2025-10-01 (depth 0): bought 1,686,664 record bytes for $0.109958 · session $0.6506
[2026-09-24 18:40:39 PDT] MNQ ohlcv-1m 2025-10-01..2025-11-01 (depth 0): bought 1,770,720 record bytes for $0.115438 · session $0.7660
/home/kiros-li/Documents/GitHub/PropExperiment/data/pull_universe.py:550: BentoWarning: The streaming request contained one or more days which have reduced quality: 2025-11-28 (degraded). See: https://databento.com/docs/api-reference-historical/metadata/metadata-get-dataset-condition
  client.timeseries.get_range(**params.as_kwargs(), path=partial)
[2026-09-24 18:41:17 PDT] MNQ ohlcv-1m 2025-11-01..2025-12-01 (depth 0): bought 1,486,800 record bytes for $0.096928 · session $0.8630
[2026-09-24 18:41:32 PDT] MNQ ohlcv-1m 2025-12-01..2026-01-01 (depth 0): bought 1,684,200 record bytes for $0.109797 · session $0.9728
/home/kiros-li/Documents/GitHub/PropExperiment/data/pull_universe.py:550: BentoWarning: The streaming request contained one or more days which have reduced quality: 2026-01-31 (degraded). See: https://databento.com/docs/api-reference-historical/metadata/metadata-get-dataset-condition
  client.timeseries.get_range(**params.as_kwargs(), path=partial)
[2026-09-24 18:41:53 PDT] MNQ ohlcv-1m 2026-01-01..2026-02-01 (depth 0): bought 1,609,440 record bytes for $0.104924 · session $1.0777
[2026-09-24 18:42:06 PDT] MNQ ohlcv-1m 2026-02-01..2026-03-01 (depth 0): bought 1,532,160 record bytes for $0.099885 · session $1.1776
/home/kiros-li/Documents/GitHub/PropExperiment/data/pull_universe.py:550: BentoWarning: The streaming request contained one or more days which have reduced quality: 2026-03-15 (degraded), 2026-03-16 (degraded), 2026-03-21 (degraded). See: https://databento.com/docs/api-reference-historical/metadata/metadata-get-dataset-condition
  client.timeseries.get_range(**params.as_kwargs(), path=partial)
[2026-09-24 18:42:13 PDT] MNQ ohlcv-1m 2026-03-01..2026-04-01 (depth 0): bought 1,706,880 record bytes for $0.111276 · session $1.2889
/home/kiros-li/Documents/GitHub/PropExperiment/data/pull_universe.py:550: BentoWarning: The streaming request contained one or more days which have reduced quality: 2026-04-10 (degraded). See: https://databento.com/docs/api-reference-historical/metadata/metadata-get-dataset-condition
  client.timeseries.get_range(**params.as_kwargs(), path=partial)
[2026-09-24 18:42:26 PDT] MNQ ohlcv-1m 2026-04-01..2026-05-01 (depth 0): bought 1,674,120 record bytes for $0.109140 · session $1.3980
/home/kiros-li/Documents/GitHub/PropExperiment/data/pull_universe.py:550: BentoWarning: The streaming request contained one or more days which have reduced quality: 2026-05-24 (degraded). See: https://databento.com/docs/api-reference-historical/metadata/metadata-get-dataset-condition
  client.timeseries.get_range(**params.as_kwargs(), path=partial)
[2026-09-24 18:42:39 PDT] MNQ ohlcv-1m 2026-05-01..2026-06-01 (depth 0): bought 1,609,440 record bytes for $0.104924 · session $1.5029
[2026-09-24 18:42:50 PDT] MNQ ohlcv-1m 2026-06-01..2026-06-21 (depth 0): bought 1,139,040 record bytes for $0.074257 · session $1.5772
[2026-09-24 18:42:59 PDT] NQ ohlcv-1m 2025-04-01..2025-05-01 (depth 0): bought 1,622,712 record bytes for $0.105789 · session $1.6830
[2026-09-24 18:43:05 PDT] NQ ohlcv-1m 2025-05-01..2025-06-01 (depth 0): bought 1,680,000 record bytes for $0.109524 · session $1.7925
[2026-09-24 18:43:36 PDT] NQ ohlcv-1m 2025-06-01..2025-07-01 (depth 0): bought 1,615,544 record bytes for $0.105321 · session $1.8978
[2026-09-24 18:43:48 PDT] NQ ohlcv-1m 2025-07-01..2025-08-01 (depth 0): bought 1,751,176 record bytes for $0.114164 · session $2.0120
[2026-09-24 18:44:01 PDT] NQ ohlcv-1m 2025-08-01..2025-09-01 (depth 0): bought 1,622,768 record bytes for $0.105792 · session $2.1178
[2026-09-24 18:44:08 PDT] NQ ohlcv-1m 2025-09-01..2025-10-01 (depth 0): bought 1,684,872 record bytes for $0.109841 · session $2.2276
[2026-09-24 18:44:15 PDT] NQ ohlcv-1m 2025-10-01..2025-11-01 (depth 0): bought 1,770,720 record bytes for $0.115438 · session $2.3430
[2026-09-24 18:44:36 PDT] NQ ohlcv-1m 2025-11-01..2025-12-01 (depth 0): bought 1,486,688 record bytes for $0.096921 · session $2.4400
[2026-09-24 18:44:43 PDT] NQ ohlcv-1m 2025-12-01..2026-01-01 (depth 0): bought 1,683,304 record bytes for $0.109739 · session $2.5497
[2026-09-24 18:44:52 PDT] NQ ohlcv-1m 2026-01-01..2026-02-01 (depth 0): bought 1,609,384 record bytes for $0.104920 · session $2.6546
[2026-09-24 18:45:40 PDT] NQ ohlcv-1m 2026-02-01..2026-03-01 (depth 0): bought 1,532,048 record bytes for $0.099878 · session $2.7545
[2026-09-24 18:45:52 PDT] NQ ohlcv-1m 2026-03-01..2026-04-01 (depth 0): bought 1,705,312 record bytes for $0.111174 · session $2.8657
[2026-09-24 18:46:16 PDT] NQ ohlcv-1m 2026-04-01..2026-05-01 (depth 0): bought 1,673,728 record bytes for $0.109115 · session $2.9748
[2026-09-24 18:46:23 PDT] NQ ohlcv-1m 2026-05-01..2026-06-01 (depth 0): bought 1,609,440 record bytes for $0.104924 · session $3.0797
[2026-09-24 18:47:05 PDT] NQ ohlcv-1m 2026-06-01..2026-06-21 (depth 0): bought 1,137,640 record bytes for $0.074166 · session $3.1539
[2026-09-24 18:47:12 PDT] RTY ohlcv-1m 2025-04-01..2025-05-01 (depth 0): bought 1,595,888 record bytes for $0.104040 · session $3.2579
[2026-09-24 18:47:27 PDT] RTY ohlcv-1m 2025-05-01..2025-06-01 (depth 0): bought 1,638,112 record bytes for $0.106793 · session $3.3647
[2026-09-24 18:47:48 PDT] RTY ohlcv-1m 2025-06-01..2025-07-01 (depth 0): bought 1,545,432 record bytes for $0.100751 · session $3.4655
[2026-09-24 18:47:57 PDT] RTY ohlcv-1m 2025-07-01..2025-08-01 (depth 0): bought 1,681,232 record bytes for $0.109604 · session $3.5751
[2026-09-24 18:48:44 PDT] RTY ohlcv-1m 2025-08-01..2025-09-01 (depth 0): bought 1,572,256 record bytes for $0.102499 · session $3.6776
[2026-09-24 18:48:52 PDT] RTY ohlcv-1m 2025-09-01..2025-10-01 (depth 0): bought 1,591,744 record bytes for $0.103770 · session $3.7813
[2026-09-24 18:49:23 PDT] RTY ohlcv-1m 2025-10-01..2025-11-01 (depth 0): bought 1,751,848 record bytes for $0.114207 · session $3.8955
[2026-09-24 18:49:31 PDT] RTY ohlcv-1m 2025-11-01..2025-12-01 (depth 0): bought 1,477,280 record bytes for $0.096308 · session $3.9919
[2026-09-24 18:49:42 PDT] RTY ohlcv-1m 2025-12-01..2026-01-01 (depth 0): bought 1,593,312 record bytes for $0.103872 · session $4.0957
[2026-09-24 18:49:58 PDT] RTY ohlcv-1m 2026-01-01..2026-02-01 (depth 0): bought 1,583,512 record bytes for $0.103233 · session $4.1990
[2026-09-24 18:50:05 PDT] RTY ohlcv-1m 2026-02-01..2026-03-01 (depth 0): bought 1,509,816 record bytes for $0.098429 · session $4.2974
[2026-09-24 18:50:16 PDT] RTY ohlcv-1m 2026-03-01..2026-04-01 (depth 0): bought 1,676,920 record bytes for $0.109323 · session $4.4067
[2026-09-24 18:50:30 PDT] RTY ohlcv-1m 2026-04-01..2026-05-01 (depth 0): bought 1,642,144 record bytes for $0.107056 · session $4.5138
[2026-09-24 18:50:46 PDT] RTY ohlcv-1m 2026-05-01..2026-06-01 (depth 0): bought 1,595,272 record bytes for $0.104000 · session $4.6178
[2026-09-24 18:50:54 PDT] RTY ohlcv-1m 2026-06-01..2026-06-21 (depth 0): bought 1,093,064 record bytes for $0.071260 · session $4.6890
[2026-09-24 18:51:01 PDT] M2K ohlcv-1m 2025-04-01..2025-05-01 (depth 0): bought 1,602,328 record bytes for $0.104460 · session $4.7935
[2026-09-24 18:51:09 PDT] M2K ohlcv-1m 2025-05-01..2025-06-01 (depth 0): bought 1,629,432 record bytes for $0.106227 · session $4.8997
[2026-09-24 18:51:24 PDT] M2K ohlcv-1m 2025-06-01..2025-07-01 (depth 0): bought 1,533,280 record bytes for $0.099958 · session $4.9997
[2026-09-24 18:51:30 PDT] M2K ohlcv-1m 2025-07-01..2025-08-01 (depth 0): bought 1,668,856 record bytes for $0.108797 · session $5.1085
[2026-09-24 18:51:36 PDT] M2K ohlcv-1m 2025-08-01..2025-09-01 (depth 0): bought 1,555,120 record bytes for $0.101382 · session $5.2099
[2026-09-24 18:51:47 PDT] M2K ohlcv-1m 2025-09-01..2025-10-01 (depth 0): bought 1,559,488 record bytes for $0.101667 · session $5.3115
[2026-09-24 18:52:07 PDT] M2K ohlcv-1m 2025-10-01..2025-11-01 (depth 0): bought 1,732,136 record bytes for $0.112922 · session $5.4244
[2026-09-24 18:52:25 PDT] M2K ohlcv-1m 2025-11-01..2025-12-01 (depth 0): bought 1,460,088 record bytes for $0.095187 · session $5.5196
[2026-09-24 18:52:44 PDT] M2K ohlcv-1m 2025-12-01..2026-01-01 (depth 0): bought 1,593,144 record bytes for $0.103861 · session $5.6235
[2026-09-24 18:52:51 PDT] M2K ohlcv-1m 2026-01-01..2026-02-01 (depth 0): bought 1,565,704 record bytes for $0.102072 · session $5.7256
[2026-09-24 18:52:59 PDT] M2K ohlcv-1m 2026-02-01..2026-03-01 (depth 0): bought 1,511,776 record bytes for $0.098557 · session $5.8241
[2026-09-24 18:53:14 PDT] M2K ohlcv-1m 2026-03-01..2026-04-01 (depth 0): bought 1,690,080 record bytes for $0.110181 · session $5.9343
[2026-09-24 18:53:25 PDT] M2K ohlcv-1m 2026-04-01..2026-05-01 (depth 0): bought 1,653,736 record bytes for $0.107811 · session $6.0421
[2026-09-24 18:53:33 PDT] M2K ohlcv-1m 2026-05-01..2026-06-01 (depth 0): bought 1,593,200 record bytes for $0.103865 · session $6.1460
[2026-09-24 18:53:44 PDT] M2K ohlcv-1m 2026-06-01..2026-06-21 (depth 0): bought 1,120,056 record bytes for $0.073019 · session $6.2190
[2026-09-24 18:54:01 PDT] MYM ohlcv-1m 2025-04-01..2025-05-01 (depth 0): bought 1,615,096 record bytes for $0.105292 · session $6.3243
[2026-09-24 18:54:47 PDT] MYM ohlcv-1m 2025-05-01..2025-06-01 (depth 0): bought 1,661,632 record bytes for $0.108326 · session $6.4326
[2026-09-24 18:55:12 PDT] MYM ohlcv-1m 2025-06-01..2025-07-01 (depth 0): bought 1,570,072 record bytes for $0.102357 · session $6.5350
[2026-09-24 18:55:21 PDT] MYM ohlcv-1m 2025-07-01..2025-08-01 (depth 0): bought 1,706,040 record bytes for $0.111221 · session $6.6462
[2026-09-24 18:55:32 PDT] MYM ohlcv-1m 2025-08-01..2025-09-01 (depth 0): bought 1,585,808 record bytes for $0.103383 · session $6.7496
[2026-09-24 18:55:43 PDT] MYM ohlcv-1m 2025-09-01..2025-10-01 (depth 0): bought 1,604,456 record bytes for $0.104599 · session $6.8542
[2026-09-24 18:55:50 PDT] MYM ohlcv-1m 2025-10-01..2025-11-01 (depth 0): bought 1,744,064 record bytes for $0.113700 · session $6.9679
[2026-09-24 18:56:00 PDT] MYM ohlcv-1m 2025-11-01..2025-12-01 (depth 0): bought 1,468,208 record bytes for $0.095716 · session $7.0636
[2026-09-24 18:56:07 PDT] MYM ohlcv-1m 2025-12-01..2026-01-01 (depth 0): bought 1,606,528 record bytes for $0.104734 · session $7.1683
[2026-09-24 18:56:20 PDT] MYM ohlcv-1m 2026-01-01..2026-02-01 (depth 0): bought 1,579,872 record bytes for $0.102996 · session $7.2713
[2026-09-24 18:56:25 PDT] MYM ohlcv-1m 2026-02-01..2026-03-01 (depth 0): bought 1,519,448 record bytes for $0.099057 · session $7.3704
[2026-09-24 18:56:38 PDT] MYM ohlcv-1m 2026-03-01..2026-04-01 (depth 0): bought 1,693,272 record bytes for $0.110389 · session $7.4808
[2026-09-24 18:56:48 PDT] MYM ohlcv-1m 2026-04-01..2026-05-01 (depth 0): bought 1,662,416 record bytes for $0.108377 · session $7.5891
[2026-09-24 18:57:11 PDT] MYM ohlcv-1m 2026-05-01..2026-06-01 (depth 0): bought 1,597,512 record bytes for $0.104146 · session $7.6933
[2026-09-24 18:57:30 PDT] MYM ohlcv-1m 2026-06-01..2026-06-21 (depth 0): bought 1,120,560 record bytes for $0.073052 · session $7.7663
[2026-09-24 18:58:15 PDT] YM ohlcv-1m 2025-04-01..2025-05-01 (depth 0): bought 1,611,624 record bytes for $0.105066 · session $7.8714
[2026-09-24 18:58:24 PDT] YM ohlcv-1m 2025-05-01..2025-06-01 (depth 0): bought 1,652,952 record bytes for $0.107760 · session $7.9792
[2026-09-24 18:58:34 PDT] YM ohlcv-1m 2025-06-01..2025-07-01 (depth 0): bought 1,561,280 record bytes for $0.101784 · session $8.0809
[2026-09-24 18:58:49 PDT] YM ohlcv-1m 2025-07-01..2025-08-01 (depth 0): bought 1,700,160 record bytes for $0.110838 · session $8.1918
[2026-09-24 18:58:58 PDT] YM ohlcv-1m 2025-08-01..2025-09-01 (depth 0): bought 1,585,416 record bytes for $0.103357 · session $8.2951
[2026-09-24 18:59:07 PDT] YM ohlcv-1m 2025-09-01..2025-10-01 (depth 0): bought 1,605,744 record bytes for $0.104683 · session $8.3998
[2026-09-24 18:59:54 PDT] YM ohlcv-1m 2025-10-01..2025-11-01 (depth 0): bought 1,751,232 record bytes for $0.114167 · session $8.5140
[2026-09-24 19:00:02 PDT] YM ohlcv-1m 2025-11-01..2025-12-01 (depth 0): bought 1,471,064 record bytes for $0.095902 · session $8.6099
[2026-09-24 19:00:15 PDT] YM ohlcv-1m 2025-12-01..2026-01-01 (depth 0): bought 1,618,512 record bytes for $0.105515 · session $8.7154
[2026-09-24 19:00:25 PDT] YM ohlcv-1m 2026-01-01..2026-02-01 (depth 0): bought 1,595,664 record bytes for $0.104025 · session $8.8194
[2026-09-24 19:00:33 PDT] YM ohlcv-1m 2026-02-01..2026-03-01 (depth 0): bought 1,521,576 record bytes for $0.099195 · session $8.9186
[2026-09-24 19:00:46 PDT] YM ohlcv-1m 2026-03-01..2026-04-01 (depth 0): bought 1,678,544 record bytes for $0.109429 · session $9.0281
[2026-09-24 19:01:05 PDT] YM ohlcv-1m 2026-04-01..2026-05-01 (depth 0): bought 1,649,256 record bytes for $0.107519 · session $9.1356
[2026-09-24 19:01:18 PDT] YM ohlcv-1m 2026-05-01..2026-06-01 (depth 0): bought 1,593,648 record bytes for $0.103894 · session $9.2395
[2026-09-24 19:01:53 PDT] YM ohlcv-1m 2026-06-01..2026-06-21 (depth 0): bought 1,128,064 record bytes for $0.073541 · session $9.3130
[2026-09-24 19:02:06 PDT] ZT ohlcv-1m 2025-04-01..2025-05-01 (depth 0): bought 1,474,312 record bytes for $0.096114 · session $9.4091
[2026-09-24 19:02:12 PDT] ZT ohlcv-1m 2025-05-01..2025-06-01 (depth 0): bought 1,378,272 record bytes for $0.089853 · session $9.4990
[2026-09-24 19:02:37 PDT] ZT ohlcv-1m 2025-06-01..2025-07-01 (depth 0): bought 1,297,296 record bytes for $0.084574 · session $9.5836
[2026-09-24 19:02:58 PDT] ZT ohlcv-1m 2025-07-01..2025-08-01 (depth 0): bought 1,410,808 record bytes for $0.091974 · session $9.6755
[2026-09-24 19:03:05 PDT] ZT ohlcv-1m 2025-08-01..2025-09-01 (depth 0): bought 1,270,360 record bytes for $0.082818 · session $9.7583
[2026-09-24 19:03:24 PDT] ZT ohlcv-1m 2025-09-01..2025-10-01 (depth 0): bought 1,255,128 record bytes for $0.081825 · session $9.8402
[2026-09-24 19:03:33 PDT] ZT ohlcv-1m 2025-10-01..2025-11-01 (depth 0): bought 1,317,960 record bytes for $0.085921 · session $9.9261
[2026-09-24 19:03:50 PDT] ZT ohlcv-1m 2025-11-01..2025-12-01 (depth 0): bought 1,108,856 record bytes for $0.072289 · session $9.9984
[2026-09-24 19:04:11 PDT] ZT ohlcv-1m 2025-12-01..2026-01-01 (depth 0): bought 1,259,552 record bytes for $0.082113 · session $10.0805
[2026-09-24 19:04:19 PDT] ZT ohlcv-1m 2026-01-01..2026-02-01 (depth 0): bought 1,285,928 record bytes for $0.083833 · session $10.1643
[2026-09-24 19:04:30 PDT] ZT ohlcv-1m 2026-02-01..2026-03-01 (depth 0): bought 1,211,560 record bytes for $0.078985 · session $10.2433
[2026-09-24 19:04:38 PDT] ZT ohlcv-1m 2026-03-01..2026-04-01 (depth 0): bought 1,557,024 record bytes for $0.101506 · session $10.3448
[2026-09-24 19:04:47 PDT] ZT ohlcv-1m 2026-04-01..2026-05-01 (depth 0): bought 1,402,688 record bytes for $0.091445 · session $10.4363
[2026-09-24 19:05:58 PDT] ZT ohlcv-1m 2026-05-01..2026-06-01 (depth 0): bought 1,331,736 record bytes for $0.086819 · session $10.5231
[2026-09-24 19:06:07 PDT] ZT ohlcv-1m 2026-06-01..2026-06-21 (depth 0): bought 939,400 record bytes for $0.061242 · session $10.5843
[2026-09-24 19:06:15 PDT] ZF ohlcv-1m 2025-04-01..2025-05-01 (depth 0): bought 1,562,176 record bytes for $0.101842 · session $10.6862
[2026-09-24 19:06:22 PDT] ZF ohlcv-1m 2025-05-01..2025-06-01 (depth 0): bought 1,496,208 record bytes for $0.097542 · session $10.7837
[2026-09-24 19:06:33 PDT] ZF ohlcv-1m 2025-06-01..2025-07-01 (depth 0): bought 1,433,544 record bytes for $0.093456 · session $10.8772
[2026-09-24 19:06:40 PDT] ZF ohlcv-1m 2025-07-01..2025-08-01 (depth 0): bought 1,528,576 record bytes for $0.099652 · session $10.9768
[2026-09-24 19:06:51 PDT] ZF ohlcv-1m 2025-08-01..2025-09-01 (depth 0): bought 1,379,000 record bytes for $0.089901 · session $11.0667
[2026-09-24 19:06:58 PDT] ZF ohlcv-1m 2025-09-01..2025-10-01 (depth 0): bought 1,414,448 record bytes for $0.092212 · session $11.1589
[2026-09-24 19:07:35 PDT] ZF ohlcv-1m 2025-10-01..2025-11-01 (depth 0): bought 1,478,288 record bytes for $0.096373 · session $11.2553
[2026-09-24 19:07:47 PDT] ZF ohlcv-1m 2025-11-01..2025-12-01 (depth 0): bought 1,247,848 record bytes for $0.081350 · session $11.3367
[2026-09-24 19:07:59 PDT] ZF ohlcv-1m 2025-12-01..2026-01-01 (depth 0): bought 1,414,616 record bytes for $0.092222 · session $11.4289
[2026-09-24 19:08:11 PDT] ZF ohlcv-1m 2026-01-01..2026-02-01 (depth 0): bought 1,392,328 record bytes for $0.090769 · session $11.5196
[2026-09-24 19:08:20 PDT] ZF ohlcv-1m 2026-02-01..2026-03-01 (depth 0): bought 1,323,000 record bytes for $0.086250 · session $11.6059
[2026-09-24 19:08:34 PDT] ZF ohlcv-1m 2026-03-01..2026-04-01 (depth 0): bought 1,609,664 record bytes for $0.104938 · session $11.7108
[2026-09-24 19:08:46 PDT] ZF ohlcv-1m 2026-04-01..2026-05-01 (depth 0): bought 1,468,432 record bytes for $0.095731 · session $11.8066
[2026-09-24 19:09:01 PDT] ZF ohlcv-1m 2026-05-01..2026-06-01 (depth 0): bought 1,399,440 record bytes for $0.091233 · session $11.8978
[2026-09-24 19:09:12 PDT] ZF ohlcv-1m 2026-06-01..2026-06-21 (depth 0): bought 982,296 record bytes for $0.064038 · session $11.9618
[2026-09-24 19:09:24 PDT] ZN ohlcv-1m 2025-04-01..2025-05-01 (depth 0): bought 1,576,344 record bytes for $0.102766 · session $12.0646
[2026-09-24 19:09:34 PDT] ZN ohlcv-1m 2025-05-01..2025-06-01 (depth 0): bought 1,556,016 record bytes for $0.101441 · session $12.1660
[2026-09-24 19:09:47 PDT] ZN ohlcv-1m 2025-06-01..2025-07-01 (depth 0): bought 1,485,288 record bytes for $0.096830 · session $12.2629
[2026-09-24 19:10:06 PDT] ZN ohlcv-1m 2025-07-01..2025-08-01 (depth 0): bought 1,607,368 record bytes for $0.104788 · session $12.3677
[2026-09-24 19:10:20 PDT] ZN ohlcv-1m 2025-08-01..2025-09-01 (depth 0): bought 1,449,616 record bytes for $0.094504 · session $12.4622
[2026-09-24 19:10:32 PDT] ZN ohlcv-1m 2025-09-01..2025-10-01 (depth 0): bought 1,530,928 record bytes for $0.099805 · session $12.5620
[2026-09-24 19:10:41 PDT] ZN ohlcv-1m 2025-10-01..2025-11-01 (depth 0): bought 1,604,064 record bytes for $0.104573 · session $12.6665
[2026-09-24 19:10:52 PDT] ZN ohlcv-1m 2025-11-01..2025-12-01 (depth 0): bought 1,339,520 record bytes for $0.087327 · session $12.7539
[2026-09-24 19:11:10 PDT] ZN ohlcv-1m 2025-12-01..2026-01-01 (depth 0): bought 1,491,224 record bytes for $0.097217 · session $12.8511
[2026-09-24 19:11:21 PDT] ZN ohlcv-1m 2026-01-01..2026-02-01 (depth 0): bought 1,497,104 record bytes for $0.097600 · session $12.9487
[2026-09-24 19:11:30 PDT] ZN ohlcv-1m 2026-02-01..2026-03-01 (depth 0): bought 1,402,016 record bytes for $0.091401 · session $13.0401
[2026-09-24 19:11:44 PDT] ZN ohlcv-1m 2026-03-01..2026-04-01 (depth 0): bought 1,625,120 record bytes for $0.105946 · session $13.1460
[2026-09-24 19:11:52 PDT] ZN ohlcv-1m 2026-04-01..2026-05-01 (depth 0): bought 1,527,960 record bytes for $0.099612 · session $13.2456
[2026-09-24 19:12:03 PDT] ZN ohlcv-1m 2026-05-01..2026-06-01 (depth 0): bought 1,465,520 record bytes for $0.095541 · session $13.3412
[2026-09-24 19:12:17 PDT] ZN ohlcv-1m 2026-06-01..2026-06-21 (depth 0): bought 1,027,880 record bytes for $0.067010 · session $13.4082
[2026-09-24 19:12:29 PDT] TN ohlcv-1m 2025-04-01..2025-05-01 (depth 0): bought 1,515,696 record bytes for $0.098812 · session $13.5070
[2026-09-24 19:12:43 PDT] TN ohlcv-1m 2025-05-01..2025-06-01 (depth 0): bought 1,448,888 record bytes for $0.094457 · session $13.6015
[2026-09-24 19:12:55 PDT] TN ohlcv-1m 2025-06-01..2025-07-01 (depth 0): bought 1,379,560 record bytes for $0.089937 · session $13.6914
[2026-09-24 19:13:12 PDT] TN ohlcv-1m 2025-07-01..2025-08-01 (depth 0): bought 1,443,400 record bytes for $0.094099 · session $13.7855
[2026-09-24 19:13:21 PDT] TN ohlcv-1m 2025-08-01..2025-09-01 (depth 0): bought 1,272,320 record bytes for $0.082946 · session $13.8685
[2026-09-24 19:13:35 PDT] TN ohlcv-1m 2025-09-01..2025-10-01 (depth 0): bought 1,324,904 record bytes for $0.086374 · session $13.9548
[2026-09-24 19:13:44 PDT] TN ohlcv-1m 2025-10-01..2025-11-01 (depth 0): bought 1,410,136 record bytes for $0.091930 · session $14.0468
[2026-09-24 19:13:58 PDT] TN ohlcv-1m 2025-11-01..2025-12-01 (depth 0): bought 1,150,912 record bytes for $0.075031 · session $14.1218
[2026-09-24 19:14:06 PDT] TN ohlcv-1m 2025-12-01..2026-01-01 (depth 0): bought 1,281,616 record bytes for $0.083552 · session $14.2053
[2026-09-24 19:14:17 PDT] TN ohlcv-1m 2026-01-01..2026-02-01 (depth 0): bought 1,345,120 record bytes for $0.087692 · session $14.2930
[2026-09-24 19:14:38 PDT] TN ohlcv-1m 2026-02-01..2026-03-01 (depth 0): bought 1,239,392 record bytes for $0.080799 · session $14.3738
[2026-09-24 19:14:51 PDT] TN ohlcv-1m 2026-03-01..2026-04-01 (depth 0): bought 1,531,152 record bytes for $0.099820 · session $14.4736
[2026-09-24 19:15:00 PDT] TN ohlcv-1m 2026-04-01..2026-05-01 (depth 0): bought 1,372,560 record bytes for $0.089481 · session $14.5631
[2026-09-24 19:15:22 PDT] TN ohlcv-1m 2026-05-01..2026-06-01 (depth 0): bought 1,284,528 record bytes for $0.083742 · session $14.6469
[2026-09-24 19:15:29 PDT] TN ohlcv-1m 2026-06-01..2026-06-21 (depth 0): bought 911,400 record bytes for $0.059417 · session $14.7063
[2026-09-24 19:15:41 PDT] ZB ohlcv-1m 2025-04-01..2025-05-01 (depth 0): bought 1,510,376 record bytes for $0.098465 · session $14.8048
[2026-09-24 19:15:49 PDT] ZB ohlcv-1m 2025-05-01..2025-06-01 (depth 0): bought 1,449,728 record bytes for $0.094512 · session $14.8993
[2026-09-24 19:15:57 PDT] ZB ohlcv-1m 2025-06-01..2025-07-01 (depth 0): bought 1,371,944 record bytes for $0.089441 · session $14.9887
[2026-09-24 19:16:09 PDT] ZB ohlcv-1m 2025-07-01..2025-08-01 (depth 0): bought 1,454,824 record bytes for $0.094844 · session $15.0835
[2026-09-24 19:16:16 PDT] ZB ohlcv-1m 2025-08-01..2025-09-01 (depth 0): bought 1,277,304 record bytes for $0.083271 · session $15.1668
[2026-09-24 19:16:26 PDT] ZB ohlcv-1m 2025-09-01..2025-10-01 (depth 0): bought 1,356,320 record bytes for $0.088422 · session $15.2552
[2026-09-24 19:16:37 PDT] ZB ohlcv-1m 2025-10-01..2025-11-01 (depth 0): bought 1,426,936 record bytes for $0.093026 · session $15.3483
[2026-09-24 19:16:47 PDT] ZB ohlcv-1m 2025-11-01..2025-12-01 (depth 0): bought 1,176,168 record bytes for $0.076677 · session $15.4249
[2026-09-24 19:16:55 PDT] ZB ohlcv-1m 2025-12-01..2026-01-01 (depth 0): bought 1,326,696 record bytes for $0.086491 · session $15.5114
[2026-09-24 19:17:05 PDT] ZB ohlcv-1m 2026-01-01..2026-02-01 (depth 0): bought 1,349,432 record bytes for $0.087973 · session $15.5994
[2026-09-24 19:17:15 PDT] ZB ohlcv-1m 2026-02-01..2026-03-01 (depth 0): bought 1,222,256 record bytes for $0.079682 · session $15.6791
[2026-09-24 19:17:26 PDT] ZB ohlcv-1m 2026-03-01..2026-04-01 (depth 0): bought 1,537,648 record bytes for $0.100243 · session $15.7793
[2026-09-24 19:17:39 PDT] ZB ohlcv-1m 2026-04-01..2026-05-01 (depth 0): bought 1,359,904 record bytes for $0.088656 · session $15.8680
[2026-09-24 19:17:50 PDT] ZB ohlcv-1m 2026-05-01..2026-06-01 (depth 0): bought 1,305,864 record bytes for $0.085133 · session $15.9531
[2026-09-24 19:18:03 PDT] ZB ohlcv-1m 2026-06-01..2026-06-21 (depth 0): bought 926,408 record bytes for $0.060395 · session $16.0135
[2026-09-24 19:18:10 PDT] UB ohlcv-1m 2025-04-01..2025-05-01 (depth 0): bought 1,553,272 record bytes for $0.101262 · session $16.1148
[2026-09-24 19:18:23 PDT] UB ohlcv-1m 2025-05-01..2025-06-01 (depth 0): bought 1,509,704 record bytes for $0.098421 · session $16.2132
[2026-09-24 19:18:30 PDT] UB ohlcv-1m 2025-06-01..2025-07-01 (depth 0): bought 1,451,576 record bytes for $0.094632 · session $16.3078
[2026-09-24 19:18:40 PDT] UB ohlcv-1m 2025-07-01..2025-08-01 (depth 0): bought 1,541,288 record bytes for $0.100481 · session $16.4083
[2026-09-24 19:19:00 PDT] UB ohlcv-1m 2025-08-01..2025-09-01 (depth 0): bought 1,363,992 record bytes for $0.088922 · session $16.4972
[2026-09-24 19:19:05 PDT] UB ohlcv-1m 2025-09-01..2025-10-01 (depth 0): bought 1,449,280 record bytes for $0.094482 · session $16.5917
[2026-09-24 19:19:13 PDT] UB ohlcv-1m 2025-10-01..2025-11-01 (depth 0): bought 1,476,888 record bytes for $0.096282 · session $16.6880
[2026-09-24 19:19:21 PDT] UB ohlcv-1m 2025-11-01..2025-12-01 (depth 0): bought 1,212,624 record bytes for $0.079054 · session $16.7671
[2026-09-24 19:19:29 PDT] UB ohlcv-1m 2025-12-01..2026-01-01 (depth 0): bought 1,366,960 record bytes for $0.089116 · session $16.8562
[2026-09-24 19:19:37 PDT] UB ohlcv-1m 2026-01-01..2026-02-01 (depth 0): bought 1,414,336 record bytes for $0.092204 · session $16.9484
[2026-09-24 19:19:45 PDT] UB ohlcv-1m 2026-02-01..2026-03-01 (depth 0): bought 1,281,952 record bytes for $0.083574 · session $17.0319
[2026-09-24 19:19:55 PDT] UB ohlcv-1m 2026-03-01..2026-04-01 (depth 0): bought 1,565,032 record bytes for $0.102028 · session $17.1340
[2026-09-24 19:20:05 PDT] UB ohlcv-1m 2026-04-01..2026-05-01 (depth 0): bought 1,416,240 record bytes for $0.092328 · session $17.2263
[2026-09-24 19:20:14 PDT] UB ohlcv-1m 2026-05-01..2026-06-01 (depth 0): bought 1,321,432 record bytes for $0.086148 · session $17.3125
[2026-09-24 19:20:20 PDT] UB ohlcv-1m 2026-06-01..2026-06-21 (depth 0): bought 962,976 record bytes for $0.062779 · session $17.3752
[2026-09-24 19:20:28 PDT] 6E ohlcv-1m 2025-04-01..2025-05-01 (depth 0): bought 1,617,056 record bytes for $0.105420 · session $17.4806
[2026-09-24 19:20:41 PDT] 6E ohlcv-1m 2025-05-01..2025-06-01 (depth 0): bought 1,681,400 record bytes for $0.109615 · session $17.5903
[2026-09-24 19:20:49 PDT] 6E ohlcv-1m 2025-06-01..2025-07-01 (depth 0): bought 1,600,872 record bytes for $0.104365 · session $17.6946
[2026-09-24 19:21:07 PDT] 6E ohlcv-1m 2025-07-01..2025-08-01 (depth 0): bought 1,736,560 record bytes for $0.113211 · session $17.8078
[2026-09-24 19:21:17 PDT] 6E ohlcv-1m 2025-08-01..2025-09-01 (depth 0): bought 1,588,832 record bytes for $0.103580 · session $17.9114
[2026-09-24 19:21:28 PDT] 6E ohlcv-1m 2025-09-01..2025-10-01 (depth 0): bought 1,631,728 record bytes for $0.106377 · session $18.0178
[2026-09-24 19:21:39 PDT] 6E ohlcv-1m 2025-10-01..2025-11-01 (depth 0): bought 1,738,464 record bytes for $0.113335 · session $18.1311
[2026-09-24 19:21:53 PDT] 6E ohlcv-1m 2025-11-01..2025-12-01 (depth 0): bought 1,463,112 record bytes for $0.095384 · session $18.2265
[2026-09-24 19:22:01 PDT] 6E ohlcv-1m 2025-12-01..2026-01-01 (depth 0): bought 1,612,912 record bytes for $0.105150 · session $18.3317
[2026-09-24 19:22:09 PDT] 6E ohlcv-1m 2026-01-01..2026-02-01 (depth 0): bought 1,595,664 record bytes for $0.104025 · session $18.4357
[2026-09-24 19:22:19 PDT] 6E ohlcv-1m 2026-02-01..2026-03-01 (depth 0): bought 1,520,848 record bytes for $0.099148 · session $18.5348
[2026-09-24 19:22:32 PDT] 6E ohlcv-1m 2026-03-01..2026-04-01 (depth 0): bought 1,681,232 record bytes for $0.109604 · session $18.6444
[2026-09-24 19:22:41 PDT] 6E ohlcv-1m 2026-04-01..2026-05-01 (depth 0): bought 1,643,320 record bytes for $0.107132 · session $18.7516
[2026-09-24 19:22:51 PDT] 6E ohlcv-1m 2026-05-01..2026-06-01 (depth 0): bought 1,580,208 record bytes for $0.103018 · session $18.8546
[2026-09-24 19:22:59 PDT] 6E ohlcv-1m 2026-06-01..2026-06-21 (depth 0): bought 1,091,440 record bytes for $0.071154 · session $18.9257
[2026-09-24 19:23:09 PDT] M6E ohlcv-1m 2025-04-01..2025-05-01 (depth 0): bought 1,597,344 record bytes for $0.104135 · session $19.0299
[2026-09-24 19:23:24 PDT] M6E ohlcv-1m 2025-05-01..2025-06-01 (depth 0): bought 1,630,160 record bytes for $0.106274 · session $19.1362
[2026-09-24 19:23:35 PDT] M6E ohlcv-1m 2025-06-01..2025-07-01 (depth 0): bought 1,516,816 record bytes for $0.098885 · session $19.2350
[2026-09-24 19:23:46 PDT] M6E ohlcv-1m 2025-07-01..2025-08-01 (depth 0): bought 1,650,880 record bytes for $0.107625 · session $19.3427
[2026-09-24 19:23:54 PDT] M6E ohlcv-1m 2025-08-01..2025-09-01 (depth 0): bought 1,488,816 record bytes for $0.097060 · session $19.4397
[2026-09-24 19:24:02 PDT] M6E ohlcv-1m 2025-09-01..2025-10-01 (depth 0): bought 1,496,432 record bytes for $0.097556 · session $19.5373
[2026-09-24 19:24:21 PDT] M6E ohlcv-1m 2025-10-01..2025-11-01 (depth 0): bought 1,580,320 record bytes for $0.103025 · session $19.6403
[2026-09-24 19:24:30 PDT] M6E ohlcv-1m 2025-11-01..2025-12-01 (depth 0): bought 1,278,872 record bytes for $0.083373 · session $19.7237
[2026-09-24 19:24:45 PDT] M6E ohlcv-1m 2025-12-01..2026-01-01 (depth 0): bought 1,378,496 record bytes for $0.089868 · session $19.8135
[2026-09-24 19:24:57 PDT] M6E ohlcv-1m 2026-01-01..2026-02-01 (depth 0): bought 1,451,016 record bytes for $0.094595 · session $19.9081
[2026-09-24 19:25:05 PDT] M6E ohlcv-1m 2026-02-01..2026-03-01 (depth 0): bought 1,376,536 record bytes for $0.089740 · session $19.9979
[2026-09-24 19:25:17 PDT] M6E ohlcv-1m 2026-03-01..2026-04-01 (depth 0): bought 1,547,616 record bytes for $0.100893 · session $20.0988
[2026-09-24 19:25:28 PDT] M6E ohlcv-1m 2026-04-01..2026-05-01 (depth 0): bought 1,441,104 record bytes for $0.093949 · session $20.1927
[2026-09-24 19:25:37 PDT] M6E ohlcv-1m 2026-05-01..2026-06-01 (depth 0): bought 1,320,424 record bytes for $0.086082 · session $20.2788
[2026-09-24 19:25:44 PDT] M6E ohlcv-1m 2026-06-01..2026-06-21 (depth 0): bought 874,048 record bytes for $0.056981 · session $20.3358
[2026-09-24 19:25:54 PDT] E7 ohlcv-1m 2025-04-01..2025-05-01 (depth 0): bought 1,205,120 record bytes for $0.078565 · session $20.4144
[2026-09-24 19:26:11 PDT] E7 ohlcv-1m 2025-05-01..2025-06-01 (depth 0): bought 1,046,472 record bytes for $0.068222 · session $20.4826
[2026-09-24 19:26:25 PDT] E7 ohlcv-1m 2025-06-01..2025-07-01 (depth 0): bought 934,528 record bytes for $0.060924 · session $20.5435
[2026-09-24 19:26:38 PDT] E7 ohlcv-1m 2025-07-01..2025-08-01 (depth 0): bought 938,448 record bytes for $0.061180 · session $20.6047
[2026-09-24 19:26:48 PDT] E7 ohlcv-1m 2025-08-01..2025-09-01 (depth 0): bought 825,384 record bytes for $0.053809 · session $20.6585
[2026-09-24 19:27:32 PDT] E7 ohlcv-1m 2025-09-01..2025-10-01 (depth 0): bought 893,088 record bytes for $0.058223 · session $20.7167
[2026-09-24 19:27:41 PDT] E7 ohlcv-1m 2025-10-01..2025-11-01 (depth 0): bought 959,056 record bytes for $0.062523 · session $20.7792
[2026-09-24 19:27:50 PDT] E7 ohlcv-1m 2025-11-01..2025-12-01 (depth 0): bought 725,424 record bytes for $0.047292 · session $20.8265
[2026-09-24 19:28:10 PDT] E7 ohlcv-1m 2025-12-01..2026-01-01 (depth 0): bought 709,352 record bytes for $0.046244 · session $20.8728
[2026-09-24 19:28:17 PDT] E7 ohlcv-1m 2026-01-01..2026-02-01 (depth 0): bought 852,880 record bytes for $0.055601 · session $20.9284
[2026-09-24 19:28:32 PDT] E7 ohlcv-1m 2026-02-01..2026-03-01 (depth 0): bought 839,160 record bytes for $0.054707 · session $20.9831
[2026-09-24 19:28:44 PDT] E7 ohlcv-1m 2026-03-01..2026-04-01 (depth 0): bought 1,129,296 record bytes for $0.073622 · session $21.0567
[2026-09-24 19:28:57 PDT] E7 ohlcv-1m 2026-04-01..2026-05-01 (depth 0): bought 938,336 record bytes for $0.061173 · session $21.1179
[2026-09-24 19:29:08 PDT] E7 ohlcv-1m 2026-05-01..2026-06-01 (depth 0): bought 814,688 record bytes for $0.053112 · session $21.1710
[2026-09-24 19:29:22 PDT] E7 ohlcv-1m 2026-06-01..2026-06-21 (depth 0): bought 589,792 record bytes for $0.038450 · session $21.2094
[2026-09-24 19:29:33 PDT] 6A ohlcv-1m 2025-04-01..2025-05-01 (depth 0): bought 1,606,808 record bytes for $0.104752 · session $21.3142
[2026-09-24 19:29:41 PDT] 6A ohlcv-1m 2025-05-01..2025-06-01 (depth 0): bought 1,661,520 record bytes for $0.108319 · session $21.4225
[2026-09-24 19:29:51 PDT] 6A ohlcv-1m 2025-06-01..2025-07-01 (depth 0): bought 1,558,816 record bytes for $0.101623 · session $21.5241
[2026-09-24 19:30:02 PDT] 6A ohlcv-1m 2025-07-01..2025-08-01 (depth 0): bought 1,708,728 record bytes for $0.111396 · session $21.6355
[2026-09-24 19:30:12 PDT] 6A ohlcv-1m 2025-08-01..2025-09-01 (depth 0): bought 1,548,344 record bytes for $0.100941 · session $21.7365
[2026-09-24 19:30:23 PDT] 6A ohlcv-1m 2025-09-01..2025-10-01 (depth 0): bought 1,570,296 record bytes for $0.102372 · session $21.8388
[2026-09-24 19:30:32 PDT] 6A ohlcv-1m 2025-10-01..2025-11-01 (depth 0): bought 1,709,568 record bytes for $0.111451 · session $21.9503
[2026-09-24 19:30:44 PDT] 6A ohlcv-1m 2025-11-01..2025-12-01 (depth 0): bought 1,455,048 record bytes for $0.094858 · session $22.0451
[2026-09-24 19:30:56 PDT] 6A ohlcv-1m 2025-12-01..2026-01-01 (depth 0): bought 1,585,472 record bytes for $0.103361 · session $22.1485
[2026-09-24 19:31:08 PDT] 6A ohlcv-1m 2026-01-01..2026-02-01 (depth 0): bought 1,580,488 record bytes for $0.103036 · session $22.2515
[2026-09-24 19:31:19 PDT] 6A ohlcv-1m 2026-02-01..2026-03-01 (depth 0): bought 1,521,912 record bytes for $0.099217 · session $22.3508
[2026-09-24 19:31:28 PDT] 6A ohlcv-1m 2026-03-01..2026-04-01 (depth 0): bought 1,659,952 record bytes for $0.108217 · session $22.4590
[2026-09-24 19:31:39 PDT] 6A ohlcv-1m 2026-04-01..2026-05-01 (depth 0): bought 1,626,576 record bytes for $0.106041 · session $22.5650
[2026-09-24 19:31:48 PDT] 6A ohlcv-1m 2026-05-01..2026-06-01 (depth 0): bought 1,569,904 record bytes for $0.102346 · session $22.6674
[2026-09-24 19:31:57 PDT] 6A ohlcv-1m 2026-06-01..2026-06-21 (depth 0): bought 1,061,648 record bytes for $0.069212 · session $22.7366
[2026-09-24 19:32:04 PDT] M6A ohlcv-1m 2025-04-01..2025-05-01 (depth 0): bought 1,411,928 record bytes for $0.092047 · session $22.8286
[2026-09-24 19:32:17 PDT] M6A ohlcv-1m 2025-05-01..2025-06-01 (depth 0): bought 1,296,960 record bytes for $0.084552 · session $22.9132
[2026-09-24 19:32:27 PDT] M6A ohlcv-1m 2025-06-01..2025-07-01 (depth 0): bought 1,111,264 record bytes for $0.072446 · session $22.9856
[2026-09-24 19:32:33 PDT] M6A ohlcv-1m 2025-07-01..2025-08-01 (depth 0): bought 1,212,064 record bytes for $0.079018 · session $23.0646
[2026-09-24 19:32:41 PDT] M6A ohlcv-1m 2025-08-01..2025-09-01 (depth 0): bought 955,864 record bytes for $0.062315 · session $23.1270
[2026-09-24 19:32:50 PDT] M6A ohlcv-1m 2025-09-01..2025-10-01 (depth 0): bought 905,352 record bytes for $0.059022 · session $23.1860
[2026-09-24 19:33:04 PDT] M6A ohlcv-1m 2025-10-01..2025-11-01 (depth 0): bought 1,012,424 record bytes for $0.066003 · session $23.2520
[2026-09-24 19:33:28 PDT] M6A ohlcv-1m 2025-11-01..2025-12-01 (depth 0): bought 826,952 record bytes for $0.053911 · session $23.3059
[2026-09-24 19:33:37 PDT] M6A ohlcv-1m 2025-12-01..2026-01-01 (depth 0): bought 809,536 record bytes for $0.052776 · session $23.3587
[2026-09-24 19:33:53 PDT] M6A ohlcv-1m 2026-01-01..2026-02-01 (depth 0): bought 1,006,656 record bytes for $0.065627 · session $23.4243
[2026-09-24 19:34:03 PDT] M6A ohlcv-1m 2026-02-01..2026-03-01 (depth 0): bought 1,122,856 record bytes for $0.073202 · session $23.4975
[2026-09-24 19:34:11 PDT] M6A ohlcv-1m 2026-03-01..2026-04-01 (depth 0): bought 1,328,040 record bytes for $0.086578 · session $23.5841
[2026-09-24 19:34:22 PDT] M6A ohlcv-1m 2026-04-01..2026-05-01 (depth 0): bought 1,084,216 record bytes for $0.070683 · session $23.6548
[2026-09-24 19:34:34 PDT] M6A ohlcv-1m 2026-05-01..2026-06-01 (depth 0): bought 941,416 record bytes for $0.061373 · session $23.7161
[2026-09-24 19:34:43 PDT] M6A ohlcv-1m 2026-06-01..2026-06-21 (depth 0): bought 581,392 record bytes for $0.037902 · session $23.7540
[2026-09-24 19:34:49 PDT] 6B ohlcv-1m 2025-04-01..2025-05-01 (depth 0): bought 1,574,216 record bytes for $0.102627 · session $23.8567
[2026-09-24 19:34:57 PDT] 6B ohlcv-1m 2025-05-01..2025-06-01 (depth 0): bought 1,591,632 record bytes for $0.103763 · session $23.9604
[2026-09-24 19:35:05 PDT] 6B ohlcv-1m 2025-06-01..2025-07-01 (depth 0): bought 1,479,184 record bytes for $0.096432 · session $24.0569
[2026-09-24 19:35:14 PDT] 6B ohlcv-1m 2025-07-01..2025-08-01 (depth 0): bought 1,609,384 record bytes for $0.104920 · session $24.1618
[2026-09-24 19:35:24 PDT] 6B ohlcv-1m 2025-08-01..2025-09-01 (depth 0): bought 1,438,080 record bytes for $0.093752 · session $24.2555
[2026-09-24 19:35:37 PDT] 6B ohlcv-1m 2025-09-01..2025-10-01 (depth 0): bought 1,473,696 record bytes for $0.096074 · session $24.3516
[2026-09-24 19:35:46 PDT] 6B ohlcv-1m 2025-10-01..2025-11-01 (depth 0): bought 1,613,192 record bytes for $0.105168 · session $24.4568
[2026-09-24 19:35:57 PDT] 6B ohlcv-1m 2025-11-01..2025-12-01 (depth 0): bought 1,348,200 record bytes for $0.087893 · session $24.5447
[2026-09-24 19:36:12 PDT] 6B ohlcv-1m 2025-12-01..2026-01-01 (depth 0): bought 1,449,784 record bytes for $0.094515 · session $24.6392
[2026-09-24 19:36:31 PDT] 6B ohlcv-1m 2026-01-01..2026-02-01 (depth 0): bought 1,510,264 record bytes for $0.098458 · session $24.7376
[2026-09-24 19:36:37 PDT] 6B ohlcv-1m 2026-02-01..2026-03-01 (depth 0): bought 1,436,680 record bytes for $0.093661 · session $24.8313
[2026-09-24 19:36:47 PDT] 6B ohlcv-1m 2026-03-01..2026-04-01 (depth 0): bought 1,598,968 record bytes for $0.104241 · session $24.9355
[2026-09-24 19:36:57 PDT] 6B ohlcv-1m 2026-04-01..2026-05-01 (depth 0): bought 1,523,872 record bytes for $0.099345 · session $25.0349
[2026-09-24 19:37:13 PDT] 6B ohlcv-1m 2026-05-01..2026-06-01 (depth 0): bought 1,460,256 record bytes for $0.095198 · session $25.1301
[2026-09-24 19:37:19 PDT] 6B ohlcv-1m 2026-06-01..2026-06-21 (depth 0): bought 988,120 record bytes for $0.064418 · session $25.1945
[2026-09-24 19:37:28 PDT] M6B ohlcv-1m 2025-04-01..2025-05-01 (depth 0): bought 984,872 record bytes for $0.064206 · session $25.2587
[2026-09-24 19:37:48 PDT] M6B ohlcv-1m 2025-05-01..2025-06-01 (depth 0): bought 894,656 record bytes for $0.058325 · session $25.3170
[2026-09-24 19:37:58 PDT] M6B ohlcv-1m 2025-06-01..2025-07-01 (depth 0): bought 810,152 record bytes for $0.052816 · session $25.3698
[2026-09-24 19:38:08 PDT] M6B ohlcv-1m 2025-07-01..2025-08-01 (depth 0): bought 916,328 record bytes for $0.059738 · session $25.4296
[2026-09-24 19:38:17 PDT] M6B ohlcv-1m 2025-08-01..2025-09-01 (depth 0): bought 738,584 record bytes for $0.048150 · session $25.4777
[2026-09-24 19:38:22 PDT] M6B ohlcv-1m 2025-09-01..2025-10-01 (depth 0): bought 727,664 record bytes for $0.047438 · session $25.5252
[2026-09-24 19:38:36 PDT] M6B ohlcv-1m 2025-10-01..2025-11-01 (depth 0): bought 785,736 record bytes for $0.051224 · session $25.5764
[2026-09-24 19:38:45 PDT] M6B ohlcv-1m 2025-11-01..2025-12-01 (depth 0): bought 726,600 record bytes for $0.047369 · session $25.6238
[2026-09-24 19:39:00 PDT] M6B ohlcv-1m 2025-12-01..2026-01-01 (depth 0): bought 727,776 record bytes for $0.047446 · session $25.6712
[2026-09-24 19:39:08 PDT] M6B ohlcv-1m 2026-01-01..2026-02-01 (depth 0): bought 826,224 record bytes for $0.053864 · session $25.7251
[2026-09-24 19:39:18 PDT] M6B ohlcv-1m 2026-02-01..2026-03-01 (depth 0): bought 797,328 record bytes for $0.051980 · session $25.7771
[2026-09-24 19:39:23 PDT] M6B ohlcv-1m 2026-03-01..2026-04-01 (depth 0): bought 920,752 record bytes for $0.060026 · session $25.8371
[2026-09-24 19:39:35 PDT] M6B ohlcv-1m 2026-04-01..2026-05-01 (depth 0): bought 827,736 record bytes for $0.053962 · session $25.8910
[2026-09-24 19:39:44 PDT] M6B ohlcv-1m 2026-05-01..2026-06-01 (depth 0): bought 722,456 record bytes for $0.047099 · session $25.9381
[2026-09-24 19:39:54 PDT] M6B ohlcv-1m 2026-06-01..2026-06-21 (depth 0): bought 423,528 record bytes for $0.027611 · session $25.9658
[2026-09-24 19:40:05 PDT] 6C ohlcv-1m 2025-04-01..2025-05-01 (depth 0): bought 1,544,312 record bytes for $0.100678 · session $26.0664
[2026-09-24 19:40:13 PDT] 6C ohlcv-1m 2025-05-01..2025-06-01 (depth 0): bought 1,537,312 record bytes for $0.100221 · session $26.1667
[2026-09-24 19:40:23 PDT] 6C ohlcv-1m 2025-06-01..2025-07-01 (depth 0): bought 1,426,656 record bytes for $0.093007 · session $26.2597
[2026-09-24 19:40:33 PDT] 6C ohlcv-1m 2025-07-01..2025-08-01 (depth 0): bought 1,512,224 record bytes for $0.098586 · session $26.3582
[2026-09-24 19:40:41 PDT] 6C ohlcv-1m 2025-08-01..2025-09-01 (depth 0): bought 1,350,328 record bytes for $0.088031 · session $26.4463
[2026-09-24 19:40:51 PDT] 6C ohlcv-1m 2025-09-01..2025-10-01 (depth 0): bought 1,347,864 record bytes for $0.087871 · session $26.5341
[2026-09-24 19:41:02 PDT] 6C ohlcv-1m 2025-10-01..2025-11-01 (depth 0): bought 1,479,632 record bytes for $0.096461 · session $26.6306
[2026-09-24 19:41:12 PDT] 6C ohlcv-1m 2025-11-01..2025-12-01 (depth 0): bought 1,236,872 record bytes for $0.080635 · session $26.7112
[2026-09-24 19:41:20 PDT] 6C ohlcv-1m 2025-12-01..2026-01-01 (depth 0): bought 1,366,624 record bytes for $0.089094 · session $26.8003
[2026-09-24 19:41:35 PDT] 6C ohlcv-1m 2026-01-01..2026-02-01 (depth 0): bought 1,446,984 record bytes for $0.094333 · session $26.8947
[2026-09-24 19:41:45 PDT] 6C ohlcv-1m 2026-02-01..2026-03-01 (depth 0): bought 1,394,400 record bytes for $0.090905 · session $26.9856
[2026-09-24 19:42:11 PDT] 6C ohlcv-1m 2026-03-01..2026-04-01 (depth 0): bought 1,558,872 record bytes for $0.101627 · session $27.0872
[2026-09-24 19:42:18 PDT] 6C ohlcv-1m 2026-04-01..2026-05-01 (depth 0): bought 1,405,096 record bytes for $0.091602 · session $27.1788
[2026-09-24 19:42:25 PDT] 6C ohlcv-1m 2026-05-01..2026-06-01 (depth 0): bought 1,358,616 record bytes for $0.088572 · session $27.2674
[2026-09-24 19:42:31 PDT] 6C ohlcv-1m 2026-06-01..2026-06-21 (depth 0): bought 950,824 record bytes for $0.061987 · session $27.3294
[2026-09-24 19:42:40 PDT] 6J ohlcv-1m 2025-04-01..2025-05-01 (depth 0): bought 1,618,568 record bytes for $0.105519 · session $27.4349
[2026-09-24 19:42:55 PDT] 6J ohlcv-1m 2025-05-01..2025-06-01 (depth 0): bought 1,677,872 record bytes for $0.109385 · session $27.5443
[2026-09-24 19:43:01 PDT] 6J ohlcv-1m 2025-06-01..2025-07-01 (depth 0): bought 1,584,576 record bytes for $0.103303 · session $27.6476
[2026-09-24 19:43:09 PDT] 6J ohlcv-1m 2025-07-01..2025-08-01 (depth 0): bought 1,736,616 record bytes for $0.113214 · session $27.7608
[2026-09-24 19:43:18 PDT] 6J ohlcv-1m 2025-08-01..2025-09-01 (depth 0): bought 1,594,096 record bytes for $0.103923 · session $27.8647
[2026-09-24 19:43:31 PDT] 6J ohlcv-1m 2025-09-01..2025-10-01 (depth 0): bought 1,620,864 record bytes for $0.105668 · session $27.9704
[2026-09-24 19:43:40 PDT] 6J ohlcv-1m 2025-10-01..2025-11-01 (depth 0): bought 1,741,600 record bytes for $0.113539 · session $28.0839
[2026-09-24 19:43:47 PDT] 6J ohlcv-1m 2025-11-01..2025-12-01 (depth 0): bought 1,456,728 record bytes for $0.094968 · session $28.1789
[2026-09-24 19:43:57 PDT] 6J ohlcv-1m 2025-12-01..2026-01-01 (depth 0): bought 1,609,104 record bytes for $0.104902 · session $28.2838
[2026-09-24 19:44:08 PDT] 6J ohlcv-1m 2026-01-01..2026-02-01 (depth 0): bought 1,592,248 record bytes for $0.103803 · session $28.3876
[2026-09-24 19:44:45 PDT] 6J ohlcv-1m 2026-02-01..2026-03-01 (depth 0): bought 1,526,280 record bytes for $0.099502 · session $28.4871
[2026-09-24 19:44:53 PDT] 6J ohlcv-1m 2026-03-01..2026-04-01 (depth 0): bought 1,658,160 record bytes for $0.108100 · session $28.5952
[2026-09-24 19:45:02 PDT] 6J ohlcv-1m 2026-04-01..2026-05-01 (depth 0): bought 1,610,168 record bytes for $0.104971 · session $28.7002
[2026-09-24 19:45:10 PDT] 6J ohlcv-1m 2026-05-01..2026-06-01 (depth 0): bought 1,532,832 record bytes for $0.099929 · session $28.8001
[2026-09-24 19:45:24 PDT] 6J ohlcv-1m 2026-06-01..2026-06-21 (depth 0): bought 1,020,488 record bytes for $0.066528 · session $28.8666
[2026-09-24 19:45:33 PDT] 6S ohlcv-1m 2025-04-01..2025-05-01 (depth 0): bought 1,519,616 record bytes for $0.099068 · session $28.9657
[2026-09-24 19:45:42 PDT] 6S ohlcv-1m 2025-05-01..2025-06-01 (depth 0): bought 1,486,688 record bytes for $0.096921 · session $29.0626
[2026-09-24 19:45:53 PDT] 6S ohlcv-1m 2025-06-01..2025-07-01 (depth 0): bought 1,349,376 record bytes for $0.087969 · session $29.1506
[2026-09-24 19:46:02 PDT] 6S ohlcv-1m 2025-07-01..2025-08-01 (depth 0): bought 1,485,064 record bytes for $0.096815 · session $29.2474
[2026-09-24 19:46:10 PDT] 6S ohlcv-1m 2025-08-01..2025-09-01 (depth 0): bought 1,312,584 record bytes for $0.085571 · session $29.3330
[2026-09-24 19:46:23 PDT] 6S ohlcv-1m 2025-09-01..2025-10-01 (depth 0): bought 1,288,168 record bytes for $0.083979 · session $29.4169
[2026-09-24 19:46:31 PDT] 6S ohlcv-1m 2025-10-01..2025-11-01 (depth 0): bought 1,491,056 record bytes for $0.097206 · session $29.5141
[2026-09-24 19:46:43 PDT] 6S ohlcv-1m 2025-11-01..2025-12-01 (depth 0): bought 1,256,864 record bytes for $0.081938 · session $29.5961
[2026-09-24 19:46:53 PDT] 6S ohlcv-1m 2025-12-01..2026-01-01 (depth 0): bought 1,324,456 record bytes for $0.086345 · session $29.6824
[2026-09-24 19:47:03 PDT] 6S ohlcv-1m 2026-01-01..2026-02-01 (depth 0): bought 1,413,496 record bytes for $0.092149 · session $29.7746
[2026-09-24 19:47:16 PDT] 6S ohlcv-1m 2026-02-01..2026-03-01 (depth 0): bought 1,341,088 record bytes for $0.087429 · session $29.8620
[2026-09-24 19:47:28 PDT] 6S ohlcv-1m 2026-03-01..2026-04-01 (depth 0): bought 1,491,392 record bytes for $0.097228 · session $29.9592
[2026-09-24 19:47:36 PDT] 6S ohlcv-1m 2026-04-01..2026-05-01 (depth 0): bought 1,447,656 record bytes for $0.094376 · session $30.0536
[2026-09-24 19:47:48 PDT] 6S ohlcv-1m 2026-05-01..2026-06-01 (depth 0): bought 1,380,512 record bytes for $0.089999 · session $30.1436
[2026-09-24 19:47:56 PDT] 6S ohlcv-1m 2026-06-01..2026-06-21 (depth 0): bought 950,152 record bytes for $0.061943 · session $30.2056
[2026-09-24 19:48:04 PDT] 6N ohlcv-1m 2025-04-01..2025-05-01 (depth 0): bought 1,554,056 record bytes for $0.101313 · session $30.3069
[2026-09-24 19:48:15 PDT] 6N ohlcv-1m 2025-05-01..2025-06-01 (depth 0): bought 1,565,144 record bytes for $0.102036 · session $30.4089
[2026-09-24 19:48:24 PDT] 6N ohlcv-1m 2025-06-01..2025-07-01 (depth 0): bought 1,442,616 record bytes for $0.094048 · session $30.5029
[2026-09-24 19:48:35 PDT] 6N ohlcv-1m 2025-07-01..2025-08-01 (depth 0): bought 1,594,152 record bytes for $0.103927 · session $30.6069
[2026-09-24 19:48:43 PDT] 6N ohlcv-1m 2025-08-01..2025-09-01 (depth 0): bought 1,433,768 record bytes for $0.093471 · session $30.7003
[2026-09-24 19:49:15 PDT] 6N ohlcv-1m 2025-09-01..2025-10-01 (depth 0): bought 1,438,136 record bytes for $0.093756 · session $30.7941
[2026-09-24 19:49:23 PDT] 6N ohlcv-1m 2025-10-01..2025-11-01 (depth 0): bought 1,553,272 record bytes for $0.101262 · session $30.8954
[2026-09-24 19:49:31 PDT] 6N ohlcv-1m 2025-11-01..2025-12-01 (depth 0): bought 1,334,480 record bytes for $0.086998 · session $30.9824
[2026-09-24 19:49:39 PDT] 6N ohlcv-1m 2025-12-01..2026-01-01 (depth 0): bought 1,408,960 record bytes for $0.091854 · session $31.0742
[2026-09-24 19:49:47 PDT] 6N ohlcv-1m 2026-01-01..2026-02-01 (depth 0): bought 1,468,600 record bytes for $0.095742 · session $31.1700
[2026-09-24 19:50:00 PDT] 6N ohlcv-1m 2026-02-01..2026-03-01 (depth 0): bought 1,405,432 record bytes for $0.091624 · session $31.2616
[2026-09-24 19:50:06 PDT] 6N ohlcv-1m 2026-03-01..2026-04-01 (depth 0): bought 1,565,536 record bytes for $0.102061 · session $31.3636
[2026-09-24 19:50:17 PDT] 6N ohlcv-1m 2026-04-01..2026-05-01 (depth 0): bought 1,476,832 record bytes for $0.096278 · session $31.4599
[2026-09-24 19:50:26 PDT] 6N ohlcv-1m 2026-05-01..2026-06-01 (depth 0): bought 1,436,736 record bytes for $0.093665 · session $31.5536
[2026-09-24 19:50:34 PDT] 6N ohlcv-1m 2026-06-01..2026-06-21 (depth 0): bought 971,600 record bytes for $0.063341 · session $31.6169
[2026-09-24 19:50:43 PDT] CL ohlcv-1m 2025-04-01..2025-05-01 (depth 0): bought 1,606,024 record bytes for $0.104701 · session $31.7216
[2026-09-24 19:50:51 PDT] CL ohlcv-1m 2025-05-01..2025-06-01 (depth 0): bought 1,658,944 record bytes for $0.108151 · session $31.8298
[2026-09-24 19:51:08 PDT] CL ohlcv-1m 2025-06-01..2025-07-01 (depth 0): bought 1,604,176 record bytes for $0.104580 · session $31.9344
[2026-09-24 19:51:17 PDT] CL ohlcv-1m 2025-07-01..2025-08-01 (depth 0): bought 1,715,448 record bytes for $0.111834 · session $32.0462
[2026-09-24 19:51:22 PDT] CL ohlcv-1m 2025-08-01..2025-09-01 (depth 0): bought 1,571,416 record bytes for $0.102445 · session $32.1486
[2026-09-24 19:51:29 PDT] CL ohlcv-1m 2025-09-01..2025-10-01 (depth 0): bought 1,626,240 record bytes for $0.106019 · session $32.2547
[2026-09-24 19:51:39 PDT] CL ohlcv-1m 2025-10-01..2025-11-01 (depth 0): bought 1,739,024 record bytes for $0.113371 · session $32.3680
[2026-09-24 19:51:52 PDT] CL ohlcv-1m 2025-11-01..2025-12-01 (depth 0): bought 1,465,856 record bytes for $0.095563 · session $32.4636
[2026-09-24 19:52:03 PDT] CL ohlcv-1m 2025-12-01..2026-01-01 (depth 0): bought 1,645,224 record bytes for $0.107256 · session $32.5708
[2026-09-24 19:52:15 PDT] CL ohlcv-1m 2026-01-01..2026-02-01 (depth 0): bought 1,599,248 record bytes for $0.104259 · session $32.6751
[2026-09-24 19:52:27 PDT] CL ohlcv-1m 2026-02-01..2026-03-01 (depth 0): bought 1,512,504 record bytes for $0.098604 · session $32.7737
[2026-09-24 19:52:40 PDT] CL ohlcv-1m 2026-03-01..2026-04-01 (depth 0): bought 1,705,648 record bytes for $0.111196 · session $32.8849
[2026-09-24 19:52:48 PDT] CL ohlcv-1m 2026-04-01..2026-05-01 (depth 0): bought 1,617,952 record bytes for $0.105478 · session $32.9904
[2026-09-24 19:52:56 PDT] CL ohlcv-1m 2026-05-01..2026-06-01 (depth 0): bought 1,599,416 record bytes for $0.104270 · session $33.0947
[2026-09-24 19:53:06 PDT] CL ohlcv-1m 2026-06-01..2026-06-21 (depth 0): bought 1,127,840 record bytes for $0.073527 · session $33.1682
[2026-09-24 19:53:16 PDT] MCL ohlcv-1m 2025-04-01..2025-05-01 (depth 0): bought 1,595,888 record bytes for $0.104040 · session $33.2722
[2026-09-24 19:53:23 PDT] MCL ohlcv-1m 2025-05-01..2025-06-01 (depth 0): bought 1,648,528 record bytes for $0.107472 · session $33.3797
[2026-09-24 19:53:34 PDT] MCL ohlcv-1m 2025-06-01..2025-07-01 (depth 0): bought 1,560,496 record bytes for $0.101733 · session $33.4814
[2026-09-24 19:53:42 PDT] MCL ohlcv-1m 2025-07-01..2025-08-01 (depth 0): bought 1,709,064 record bytes for $0.111418 · session $33.5928
[2026-09-24 19:53:49 PDT] MCL ohlcv-1m 2025-08-01..2025-09-01 (depth 0): bought 1,505,560 record bytes for $0.098151 · session $33.6910
[2026-09-24 19:53:57 PDT] MCL ohlcv-1m 2025-09-01..2025-10-01 (depth 0): bought 1,562,960 record bytes for $0.101893 · session $33.7929
[2026-09-24 19:54:12 PDT] MCL ohlcv-1m 2025-10-01..2025-11-01 (depth 0): bought 1,720,040 record bytes for $0.112134 · session $33.9050
[2026-09-24 19:54:25 PDT] MCL ohlcv-1m 2025-11-01..2025-12-01 (depth 0): bought 1,393,784 record bytes for $0.090864 · session $33.9959
[2026-09-24 19:54:33 PDT] MCL ohlcv-1m 2025-12-01..2026-01-01 (depth 0): bought 1,555,904 record bytes for $0.101433 · session $34.0973
[2026-09-24 19:54:39 PDT] MCL ohlcv-1m 2026-01-01..2026-02-01 (depth 0): bought 1,547,784 record bytes for $0.100904 · session $34.1982
[2026-09-24 19:54:46 PDT] MCL ohlcv-1m 2026-02-01..2026-03-01 (depth 0): bought 1,474,088 record bytes for $0.096100 · session $34.2943
[2026-09-24 19:54:53 PDT] MCL ohlcv-1m 2026-03-01..2026-04-01 (depth 0): bought 1,689,184 record bytes for $0.110122 · session $34.4044
[2026-09-24 19:55:00 PDT] MCL ohlcv-1m 2026-04-01..2026-05-01 (depth 0): bought 1,622,600 record bytes for $0.105781 · session $34.5102
[2026-09-24 19:55:09 PDT] MCL ohlcv-1m 2026-05-01..2026-06-01 (depth 0): bought 1,614,088 record bytes for $0.105227 · session $34.6155
[2026-09-24 19:55:18 PDT] MCL ohlcv-1m 2026-06-01..2026-06-21 (depth 0): bought 1,105,552 record bytes for $0.072074 · session $34.6875
[2026-09-24 19:55:24 PDT] QM ohlcv-1m 2025-04-01..2025-05-01 (depth 0): bought 1,053,304 record bytes for $0.068668 · session $34.7562
[2026-09-24 19:55:35 PDT] QM ohlcv-1m 2025-05-01..2025-06-01 (depth 0): bought 964,880 record bytes for $0.062903 · session $34.8191
[2026-09-24 19:55:44 PDT] QM ohlcv-1m 2025-06-01..2025-07-01 (depth 0): bought 979,496 record bytes for $0.063856 · session $34.8830
[2026-09-24 19:56:08 PDT] QM ohlcv-1m 2025-07-01..2025-08-01 (depth 0): bought 904,792 record bytes for $0.058986 · session $34.9419
[2026-09-24 19:56:29 PDT] QM ohlcv-1m 2025-08-01..2025-09-01 (depth 0): bought 822,584 record bytes for $0.053626 · session $34.9956
[2026-09-24 19:56:37 PDT] QM ohlcv-1m 2025-09-01..2025-10-01 (depth 0): bought 825,104 record bytes for $0.053791 · session $35.0494
[2026-09-24 19:56:56 PDT] QM ohlcv-1m 2025-10-01..2025-11-01 (depth 0): bought 1,041,600 record bytes for $0.067905 · session $35.1173
[2026-09-24 19:57:05 PDT] QM ohlcv-1m 2025-11-01..2025-12-01 (depth 0): bought 731,976 record bytes for $0.047719 · session $35.1650
[2026-09-24 19:57:13 PDT] QM ohlcv-1m 2025-12-01..2026-01-01 (depth 0): bought 657,440 record bytes for $0.042860 · session $35.2078
[2026-09-24 19:57:19 PDT] QM ohlcv-1m 2026-01-01..2026-02-01 (depth 0): bought 854,840 record bytes for $0.055729 · session $35.2636
[2026-09-24 19:57:26 PDT] QM ohlcv-1m 2026-02-01..2026-03-01 (depth 0): bought 825,608 record bytes for $0.053824 · session $35.3174
[2026-09-24 19:57:34 PDT] QM ohlcv-1m 2026-03-01..2026-04-01 (depth 0): bought 1,525,328 record bytes for $0.099440 · session $35.4168
[2026-09-24 19:57:41 PDT] QM ohlcv-1m 2026-04-01..2026-05-01 (depth 0): bought 1,342,544 record bytes for $0.087524 · session $35.5044
[2026-09-24 19:57:54 PDT] QM ohlcv-1m 2026-05-01..2026-06-01 (depth 0): bought 1,217,384 record bytes for $0.079364 · session $35.5837
[2026-09-24 19:58:02 PDT] QM ohlcv-1m 2026-06-01..2026-06-21 (depth 0): bought 712,880 record bytes for $0.046474 · session $35.6302
[2026-09-24 19:58:13 PDT] NG ohlcv-1m 2025-04-01..2025-05-01 (depth 0): bought 1,428,728 record bytes for $0.093142 · session $35.7233
[2026-09-24 19:58:24 PDT] NG ohlcv-1m 2025-05-01..2025-06-01 (depth 0): bought 1,471,064 record bytes for $0.095902 · session $35.8192
[2026-09-24 19:58:38 PDT] NG ohlcv-1m 2025-06-01..2025-07-01 (depth 0): bought 1,440,488 record bytes for $0.093909 · session $35.9132
[2026-09-24 19:58:46 PDT] NG ohlcv-1m 2025-07-01..2025-08-01 (depth 0): bought 1,557,360 record bytes for $0.101528 · session $36.0147
[2026-09-24 19:58:53 PDT] NG ohlcv-1m 2025-08-01..2025-09-01 (depth 0): bought 1,414,448 record bytes for $0.092212 · session $36.1069
[2026-09-24 19:59:02 PDT] NG ohlcv-1m 2025-09-01..2025-10-01 (depth 0): bought 1,471,904 record bytes for $0.095957 · session $36.2028
[2026-09-24 19:59:09 PDT] NG ohlcv-1m 2025-10-01..2025-11-01 (depth 0): bought 1,621,536 record bytes for $0.105712 · session $36.3086
[2026-09-24 19:59:20 PDT] NG ohlcv-1m 2025-11-01..2025-12-01 (depth 0): bought 1,376,256 record bytes for $0.089722 · session $36.3983
[2026-09-24 19:59:28 PDT] NG ohlcv-1m 2025-12-01..2026-01-01 (depth 0): bought 1,596,672 record bytes for $0.104091 · session $36.5024
[2026-09-24 19:59:35 PDT] NG ohlcv-1m 2026-01-01..2026-02-01 (depth 0): bought 1,562,456 record bytes for $0.101861 · session $36.6042
[2026-09-24 19:59:43 PDT] NG ohlcv-1m 2026-02-01..2026-03-01 (depth 0): bought 1,429,680 record bytes for $0.093205 · session $36.6974
[2026-09-24 19:59:53 PDT] NG ohlcv-1m 2026-03-01..2026-04-01 (depth 0): bought 1,634,640 record bytes for $0.106566 · session $36.8040
[2026-09-24 20:00:03 PDT] NG ohlcv-1m 2026-04-01..2026-05-01 (depth 0): bought 1,464,568 record bytes for $0.095479 · session $36.8995
[2026-09-24 20:00:11 PDT] NG ohlcv-1m 2026-05-01..2026-06-01 (depth 0): bought 1,446,928 record bytes for $0.094329 · session $36.9938
[2026-09-24 20:00:21 PDT] NG ohlcv-1m 2026-06-01..2026-06-21 (depth 0): bought 1,024,128 record bytes for $0.066766 · session $37.0606
[2026-09-24 20:00:35 PDT] MNG ohlcv-1m 2025-04-01..2025-05-01 (depth 0): bought 1,057,000 record bytes for $0.068909 · session $37.1295
[2026-09-24 20:00:48 PDT] MNG ohlcv-1m 2025-05-01..2025-06-01 (depth 0): bought 1,139,432 record bytes for $0.074283 · session $37.2038
[2026-09-24 20:01:07 PDT] MNG ohlcv-1m 2025-06-01..2025-07-01 (depth 0): bought 1,103,088 record bytes for $0.071913 · session $37.2757
[2026-09-24 20:01:22 PDT] MNG ohlcv-1m 2025-07-01..2025-08-01 (depth 0): bought 1,205,904 record bytes for $0.078616 · session $37.3543
[2026-09-24 20:01:37 PDT] MNG ohlcv-1m 2025-08-01..2025-09-01 (depth 0): bought 1,006,712 record bytes for $0.065630 · session $37.4199
[2026-09-24 20:01:48 PDT] MNG ohlcv-1m 2025-09-01..2025-10-01 (depth 0): bought 1,123,640 record bytes for $0.073253 · session $37.4932
[2026-09-24 20:01:59 PDT] MNG ohlcv-1m 2025-10-01..2025-11-01 (depth 0): bought 1,260,672 record bytes for $0.082186 · session $37.5754
[2026-09-24 20:02:12 PDT] MNG ohlcv-1m 2025-11-01..2025-12-01 (depth 0): bought 1,109,472 record bytes for $0.072329 · session $37.6477
[2026-09-24 20:02:21 PDT] MNG ohlcv-1m 2025-12-01..2026-01-01 (depth 0): bought 1,356,768 record bytes for $0.088451 · session $37.7361
[2026-09-24 20:02:31 PDT] MNG ohlcv-1m 2026-01-01..2026-02-01 (depth 0): bought 1,367,464 record bytes for $0.089149 · session $37.8253
[2026-09-24 20:03:18 PDT] MNG ohlcv-1m 2026-02-01..2026-03-01 (depth 0): bought 1,153,544 record bytes for $0.075203 · session $37.9005
[2026-09-24 20:03:27 PDT] MNG ohlcv-1m 2026-03-01..2026-04-01 (depth 0): bought 1,396,640 record bytes for $0.091051 · session $37.9915
[2026-09-24 20:03:44 PDT] MNG ohlcv-1m 2026-04-01..2026-05-01 (depth 0): bought 1,044,344 record bytes for $0.068083 · session $38.0596
[2026-09-24 20:03:58 PDT] MNG ohlcv-1m 2026-05-01..2026-06-01 (depth 0): bought 1,045,800 record bytes for $0.068178 · session $38.1278
[2026-09-24 20:04:11 PDT] MNG ohlcv-1m 2026-06-01..2026-06-21 (depth 0): bought 753,760 record bytes for $0.049140 · session $38.1770
[2026-09-24 20:04:31 PDT] QG ohlcv-1m 2025-04-01..2025-05-01 (depth 0): bought 701,064 record bytes for $0.045704 · session $38.2227
[2026-09-24 20:04:38 PDT] QG ohlcv-1m 2025-05-01..2025-06-01 (depth 0): bought 698,544 record bytes for $0.045540 · session $38.2682
[2026-09-24 20:04:58 PDT] QG ohlcv-1m 2025-06-01..2025-07-01 (depth 0): bought 652,512 record bytes for $0.042539 · session $38.3107
[2026-09-24 20:05:06 PDT] QG ohlcv-1m 2025-07-01..2025-08-01 (depth 0): bought 670,992 record bytes for $0.043744 · session $38.3545
[2026-09-24 20:05:17 PDT] QG ohlcv-1m 2025-08-01..2025-09-01 (depth 0): bought 570,920 record bytes for $0.037220 · session $38.3917
[2026-09-24 20:05:33 PDT] QG ohlcv-1m 2025-09-01..2025-10-01 (depth 0): bought 557,312 record bytes for $0.036333 · session $38.4280
[2026-09-24 20:05:46 PDT] QG ohlcv-1m 2025-10-01..2025-11-01 (depth 0): bought 746,704 record bytes for $0.048680 · session $38.4767
[2026-09-24 20:06:06 PDT] QG ohlcv-1m 2025-11-01..2025-12-01 (depth 0): bought 695,744 record bytes for $0.045357 · session $38.5221
[2026-09-24 20:06:21 PDT] QG ohlcv-1m 2025-12-01..2026-01-01 (depth 0): bought 872,088 record bytes for $0.056854 · session $38.5789
[2026-09-24 20:06:33 PDT] QG ohlcv-1m 2026-01-01..2026-02-01 (depth 0): bought 1,021,888 record bytes for $0.066620 · session $38.6455
[2026-09-24 20:07:01 PDT] QG ohlcv-1m 2026-02-01..2026-03-01 (depth 0): bought 724,920 record bytes for $0.047259 · session $38.6928
[2026-09-24 20:07:23 PDT] QG ohlcv-1m 2026-03-01..2026-04-01 (depth 0): bought 810,936 record bytes for $0.052867 · session $38.7457
[2026-09-24 20:07:44 PDT] QG ohlcv-1m 2026-04-01..2026-05-01 (depth 0): bought 481,432 record bytes for $0.031386 · session $38.7771
[2026-09-24 20:07:50 PDT] QG ohlcv-1m 2026-05-01..2026-06-01 (depth 0): bought 471,128 record bytes for $0.030714 · session $38.8078
[2026-09-24 20:08:00 PDT] QG ohlcv-1m 2026-06-01..2026-06-21 (depth 0): bought 346,640 record bytes for $0.022598 · session $38.8304
[2026-09-24 20:09:10 PDT] RB ohlcv-1m 2025-04-01..2025-05-01 (depth 0): bought 1,252,944 record bytes for $0.081683 · session $38.9120
[2026-09-24 20:09:24 PDT] RB ohlcv-1m 2025-05-01..2025-06-01 (depth 0): bought 1,226,232 record bytes for $0.079941 · session $38.9920
[2026-09-24 20:09:36 PDT] RB ohlcv-1m 2025-06-01..2025-07-01 (depth 0): bought 1,262,408 record bytes for $0.082300 · session $39.0743
[2026-09-24 20:09:54 PDT] RB ohlcv-1m 2025-07-01..2025-08-01 (depth 0): bought 1,241,968 record bytes for $0.080967 · session $39.1553
[2026-09-24 20:10:07 PDT] RB ohlcv-1m 2025-08-01..2025-09-01 (depth 0): bought 1,157,408 record bytes for $0.075454 · session $39.2307
[2026-09-24 20:10:23 PDT] RB ohlcv-1m 2025-09-01..2025-10-01 (depth 0): bought 1,254,288 record bytes for $0.081770 · session $39.3125
[2026-09-24 20:10:40 PDT] RB ohlcv-1m 2025-10-01..2025-11-01 (depth 0): bought 1,408,512 record bytes for $0.091825 · session $39.4043
[2026-09-24 20:10:53 PDT] RB ohlcv-1m 2025-11-01..2025-12-01 (depth 0): bought 1,149,344 record bytes for $0.074929 · session $39.4792
[2026-09-24 20:11:14 PDT] RB ohlcv-1m 2025-12-01..2026-01-01 (depth 0): bought 1,222,760 record bytes for $0.079715 · session $39.5589
[2026-09-24 20:11:21 PDT] RB ohlcv-1m 2026-01-01..2026-02-01 (depth 0): bought 1,245,832 record bytes for $0.081219 · session $39.6402
[2026-09-24 20:11:27 PDT] RB ohlcv-1m 2026-02-01..2026-03-01 (depth 0): bought 1,191,568 record bytes for $0.077681 · session $39.7178
[2026-09-24 20:11:38 PDT] RB ohlcv-1m 2026-03-01..2026-04-01 (depth 0): bought 1,502,536 record bytes for $0.097954 · session $39.8158
[2026-09-24 20:11:49 PDT] RB ohlcv-1m 2026-04-01..2026-05-01 (depth 0): bought 1,313,424 record bytes for $0.085625 · session $39.9014
[2026-09-24 20:12:08 PDT] RB ohlcv-1m 2026-05-01..2026-06-01 (depth 0): bought 1,232,784 record bytes for $0.080368 · session $39.9818
[2026-09-24 20:12:16 PDT] RB ohlcv-1m 2026-06-01..2026-06-21 (depth 0): bought 852,712 record bytes for $0.055590 · session $40.0374
[2026-09-24 20:12:29 PDT] HO ohlcv-1m 2025-04-01..2025-05-01 (depth 0): bought 1,233,400 record bytes for $0.080409 · session $40.1178
[2026-09-24 20:12:36 PDT] HO ohlcv-1m 2025-05-01..2025-06-01 (depth 0): bought 1,261,680 record bytes for $0.082252 · session $40.2000
[2026-09-24 20:13:08 PDT] HO ohlcv-1m 2025-06-01..2025-07-01 (depth 0): bought 1,301,048 record bytes for $0.084819 · session $40.2849
[2026-09-24 20:13:20 PDT] HO ohlcv-1m 2025-07-01..2025-08-01 (depth 0): bought 1,290,688 record bytes for $0.084143 · session $40.3690
[2026-09-24 20:13:33 PDT] HO ohlcv-1m 2025-08-01..2025-09-01 (depth 0): bought 1,111,992 record bytes for $0.072494 · session $40.4415
[2026-09-24 20:13:50 PDT] HO ohlcv-1m 2025-09-01..2025-10-01 (depth 0): bought 1,211,784 record bytes for $0.078999 · session $40.5205
[2026-09-24 20:14:44 PDT] HO ohlcv-1m 2025-10-01..2025-11-01 (depth 0): bought 1,356,432 record bytes for $0.088429 · session $40.6089
[2026-09-24 20:14:53 PDT] HO ohlcv-1m 2025-11-01..2025-12-01 (depth 0): bought 1,161,888 record bytes for $0.075746 · session $40.6847
[2026-09-24 20:15:05 PDT] HO ohlcv-1m 2025-12-01..2026-01-01 (depth 0): bought 1,189,440 record bytes for $0.077543 · session $40.7622
[2026-09-24 20:15:18 PDT] HO ohlcv-1m 2026-01-01..2026-02-01 (depth 0): bought 1,304,968 record bytes for $0.085074 · session $40.8473
[2026-09-24 20:15:37 PDT] HO ohlcv-1m 2026-02-01..2026-03-01 (depth 0): bought 1,156,344 record bytes for $0.075385 · session $40.9227
[2026-09-24 20:15:53 PDT] HO ohlcv-1m 2026-03-01..2026-04-01 (depth 0): bought 1,430,632 record bytes for $0.093267 · session $41.0159
[2026-09-24 20:16:29 PDT] HO ohlcv-1m 2026-04-01..2026-05-01 (depth 0): bought 1,285,424 record bytes for $0.083800 · session $41.0997
[2026-09-24 20:16:36 PDT] HO ohlcv-1m 2026-05-01..2026-06-01 (depth 0): bought 1,177,568 record bytes for $0.076769 · session $41.1765
[2026-09-24 20:17:14 PDT] HO ohlcv-1m 2026-06-01..2026-06-21 (depth 0): bought 845,768 record bytes for $0.055138 · session $41.2317
[2026-09-24 20:17:22 PDT] MGC ohlcv-1m 2025-04-01..2025-05-01 (depth 0): bought 1,622,880 record bytes for $0.105800 · session $41.3375
[2026-09-24 20:18:30 PDT] MGC ohlcv-1m 2025-05-01..2025-06-01 (depth 0): bought 1,653,792 record bytes for $0.107815 · session $41.4453
[2026-09-24 20:18:41 PDT] MGC ohlcv-1m 2025-06-01..2025-07-01 (depth 0): bought 1,621,200 record bytes for $0.105690 · session $41.5510
[2026-09-24 20:18:58 PDT] MGC ohlcv-1m 2025-07-01..2025-08-01 (depth 0): bought 1,726,928 record bytes for $0.112583 · session $41.6635
[2026-09-24 20:19:10 PDT] MGC ohlcv-1m 2025-08-01..2025-09-01 (depth 0): bought 1,622,824 record bytes for $0.105796 · session $41.7693
[2026-09-24 20:19:21 PDT] MGC ohlcv-1m 2025-09-01..2025-10-01 (depth 0): bought 1,691,760 record bytes for $0.110290 · session $41.8796
[2026-09-24 20:19:34 PDT] MGC ohlcv-1m 2025-10-01..2025-11-01 (depth 0): bought 1,770,720 record bytes for $0.115438 · session $41.9951
[2026-09-24 20:19:53 PDT] MGC ohlcv-1m 2025-11-01..2025-12-01 (depth 0): bought 1,472,856 record bytes for $0.096019 · session $42.0911
[2026-09-24 20:20:10 PDT] MGC ohlcv-1m 2025-12-01..2026-01-01 (depth 0): bought 1,685,880 record bytes for $0.109907 · session $42.2010
[2026-09-24 20:20:31 PDT] MGC ohlcv-1m 2026-01-01..2026-02-01 (depth 0): bought 1,589,560 record bytes for $0.103628 · session $42.3046
[2026-09-24 20:20:39 PDT] MGC ohlcv-1m 2026-02-01..2026-03-01 (depth 0): bought 1,531,376 record bytes for $0.099834 · session $42.4045
[2026-09-24 20:21:00 PDT] MGC ohlcv-1m 2026-03-01..2026-04-01 (depth 0): bought 1,706,152 record bytes for $0.111228 · session $42.5157
[2026-09-24 20:21:11 PDT] MGC ohlcv-1m 2026-04-01..2026-05-01 (depth 0): bought 1,622,880 record bytes for $0.105800 · session $42.6215
[2026-09-24 20:21:23 PDT] MGC ohlcv-1m 2026-05-01..2026-06-01 (depth 0): bought 1,579,480 record bytes for $0.102970 · session $42.7245
[2026-09-24 20:21:46 PDT] MGC ohlcv-1m 2026-06-01..2026-06-21 (depth 0): bought 1,139,040 record bytes for $0.074257 · session $42.7987
[2026-09-24 20:21:59 PDT] GC ohlcv-1m 2025-04-01..2025-05-01 (depth 0): bought 1,622,824 record bytes for $0.105796 · session $42.9045
[2026-09-24 20:22:08 PDT] GC ohlcv-1m 2025-05-01..2025-06-01 (depth 0): bought 1,647,576 record bytes for $0.107410 · session $43.0119
[2026-09-24 20:22:18 PDT] GC ohlcv-1m 2025-06-01..2025-07-01 (depth 0): bought 1,620,808 record bytes for $0.105665 · session $43.1176
[2026-09-24 20:22:29 PDT] GC ohlcv-1m 2025-07-01..2025-08-01 (depth 0): bought 1,724,632 record bytes for $0.112433 · session $43.2300
[2026-09-24 20:22:36 PDT] GC ohlcv-1m 2025-08-01..2025-09-01 (depth 0): bought 1,621,144 record bytes for $0.105687 · session $43.3357
[2026-09-24 20:22:48 PDT] GC ohlcv-1m 2025-09-01..2025-10-01 (depth 0): bought 1,691,368 record bytes for $0.110265 · session $43.4460
[2026-09-24 20:23:01 PDT] GC ohlcv-1m 2025-10-01..2025-11-01 (depth 0): bought 1,770,720 record bytes for $0.115438 · session $43.5614
[2026-09-24 20:23:13 PDT] GC ohlcv-1m 2025-11-01..2025-12-01 (depth 0): bought 1,468,992 record bytes for $0.095767 · session $43.6572
[2026-09-24 20:23:21 PDT] GC ohlcv-1m 2025-12-01..2026-01-01 (depth 0): bought 1,685,768 record bytes for $0.109900 · session $43.7671
[2026-09-24 20:25:01 PDT] GC ohlcv-1m 2026-01-01..2026-02-01 (depth 0): bought 1,587,152 record bytes for $0.103471 · session $43.8705
[2026-09-24 20:25:17 PDT] GC ohlcv-1m 2026-02-01..2026-03-01 (depth 0): bought 1,529,024 record bytes for $0.099681 · session $43.9702
[2026-09-24 20:25:33 PDT] GC ohlcv-1m 2026-03-01..2026-04-01 (depth 0): bought 1,695,848 record bytes for $0.110557 · session $44.0808
[2026-09-24 20:25:39 PDT] GC ohlcv-1m 2026-04-01..2026-05-01 (depth 0): bought 1,621,032 record bytes for $0.105679 · session $44.1865
[2026-09-24 20:25:50 PDT] GC ohlcv-1m 2026-05-01..2026-06-01 (depth 0): bought 1,565,032 record bytes for $0.102028 · session $44.2885
[2026-09-24 20:26:26 PDT] GC ohlcv-1m 2026-06-01..2026-06-21 (depth 0): bought 1,138,088 record bytes for $0.074195 · session $44.3627
[2026-09-24 20:26:36 PDT] SIL ohlcv-1m 2025-04-01..2025-05-01 (depth 0): bought 1,470,952 record bytes for $0.095895 · session $44.4586
[2026-09-24 20:26:45 PDT] SIL ohlcv-1m 2025-05-01..2025-06-01 (depth 0): bought 1,520,344 record bytes for $0.099115 · session $44.5577
[2026-09-24 20:26:51 PDT] SIL ohlcv-1m 2025-06-01..2025-07-01 (depth 0): bought 1,478,512 record bytes for $0.096388 · session $44.6541
[2026-09-24 20:27:03 PDT] SIL ohlcv-1m 2025-07-01..2025-08-01 (depth 0): bought 1,658,328 record bytes for $0.108111 · session $44.7622
[2026-09-24 20:27:30 PDT] SIL ohlcv-1m 2025-08-01..2025-09-01 (depth 0): bought 1,340,416 record bytes for $0.087385 · session $44.8496
[2026-09-24 20:27:36 PDT] SIL ohlcv-1m 2025-09-01..2025-10-01 (depth 0): bought 1,645,952 record bytes for $0.107304 · session $44.9569
[2026-09-24 20:28:13 PDT] SIL ohlcv-1m 2025-10-01..2025-11-01 (depth 0): bought 1,769,600 record bytes for $0.115365 · session $45.0722
[2026-09-24 20:28:19 PDT] SIL ohlcv-1m 2025-11-01..2025-12-01 (depth 0): bought 1,440,264 record bytes for $0.093895 · session $45.1661
[2026-09-24 20:28:25 PDT] SIL ohlcv-1m 2025-12-01..2026-01-01 (depth 0): bought 1,685,768 record bytes for $0.109900 · session $45.2760
[2026-09-24 20:28:37 PDT] SIL ohlcv-1m 2026-01-01..2026-02-01 (depth 0): bought 1,614,368 record bytes for $0.105245 · session $45.3813
[2026-09-24 20:28:45 PDT] SIL ohlcv-1m 2026-02-01..2026-03-01 (depth 0): bought 1,484,504 record bytes for $0.096779 · session $45.4781
[2026-09-24 20:29:35 PDT] SIL ohlcv-1m 2026-03-01..2026-04-01 (depth 0): bought 1,706,488 record bytes for $0.111250 · session $45.5893
[2026-09-24 20:30:00 PDT] SIL ohlcv-1m 2026-04-01..2026-05-01 (depth 0): bought 1,555,848 record bytes for $0.101430 · session $45.6907
[2026-09-24 20:30:27 PDT] SIL ohlcv-1m 2026-05-01..2026-06-01 (depth 0): bought 1,610,840 record bytes for $0.105015 · session $45.7958
[2026-09-24 20:30:37 PDT] SIL ohlcv-1m 2026-06-01..2026-06-21 (depth 0): bought 1,135,232 record bytes for $0.074009 · session $45.8698
[2026-09-24 20:30:50 PDT] SI ohlcv-1m 2025-04-01..2025-05-01 (depth 0): bought 1,531,376 record bytes for $0.099834 · session $45.9696
[2026-09-24 20:31:01 PDT] SI ohlcv-1m 2025-05-01..2025-06-01 (depth 0): bought 1,632,680 record bytes for $0.106439 · session $46.0760
[2026-09-24 20:31:13 PDT] SI ohlcv-1m 2025-06-01..2025-07-01 (depth 0): bought 1,530,928 record bytes for $0.099805 · session $46.1758
[2026-09-24 20:31:31 PDT] SI ohlcv-1m 2025-07-01..2025-08-01 (depth 0): bought 1,713,096 record bytes for $0.111681 · session $46.2875
[2026-09-24 20:31:42 PDT] SI ohlcv-1m 2025-08-01..2025-09-01 (depth 0): bought 1,486,016 record bytes for $0.096877 · session $46.3844
[2026-09-24 20:31:53 PDT] SI ohlcv-1m 2025-09-01..2025-10-01 (depth 0): bought 1,660,624 record bytes for $0.108260 · session $46.4927
[2026-09-24 20:33:24 PDT] SI ohlcv-1m 2025-10-01..2025-11-01 (depth 0): bought 1,765,960 record bytes for $0.115127 · session $46.6078
[2026-09-24 20:33:36 PDT] SI ohlcv-1m 2025-11-01..2025-12-01 (depth 0): bought 1,447,320 record bytes for $0.094355 · session $46.7021
[2026-09-24 20:34:35 PDT] SI ohlcv-1m 2025-12-01..2026-01-01 (depth 0): bought 1,682,016 record bytes for $0.109655 · session $46.8118
[2026-09-24 20:34:47 PDT] SI ohlcv-1m 2026-01-01..2026-02-01 (depth 0): bought 1,612,800 record bytes for $0.105143 · session $46.9169
[2026-09-24 20:35:09 PDT] SI ohlcv-1m 2026-02-01..2026-03-01 (depth 0): bought 1,445,136 record bytes for $0.094212 · session $47.0112
[2026-09-24 20:35:24 PDT] SI ohlcv-1m 2026-03-01..2026-04-01 (depth 0): bought 1,664,376 record bytes for $0.108505 · session $47.1197
[2026-09-24 20:35:45 PDT] SI ohlcv-1m 2026-04-01..2026-05-01 (depth 0): bought 1,467,592 record bytes for $0.095676 · session $47.2153
[2026-09-24 20:36:03 PDT] SI ohlcv-1m 2026-05-01..2026-06-01 (depth 0): bought 1,545,768 record bytes for $0.100773 · session $47.3161
[2026-09-24 20:36:11 PDT] SI ohlcv-1m 2026-06-01..2026-06-21 (depth 0): bought 1,092,616 record bytes for $0.071230 · session $47.3873
[2026-09-24 20:36:34 PDT] HG ohlcv-1m 2025-04-01..2025-05-01 (depth 0): bought 1,535,856 record bytes for $0.100126 · session $47.4875
[2026-09-24 20:36:43 PDT] HG ohlcv-1m 2025-05-01..2025-06-01 (depth 0): bought 1,564,696 record bytes for $0.102007 · session $47.5895
[2026-09-24 20:36:50 PDT] HG ohlcv-1m 2025-06-01..2025-07-01 (depth 0): bought 1,480,528 record bytes for $0.096519 · session $47.6860
[2026-09-24 20:37:07 PDT] HG ohlcv-1m 2025-07-01..2025-08-01 (depth 0): bought 1,573,992 record bytes for $0.102613 · session $47.7886
[2026-09-24 20:37:21 PDT] HG ohlcv-1m 2025-08-01..2025-09-01 (depth 0): bought 1,328,376 record bytes for $0.086600 · session $47.8752
[2026-09-24 20:37:33 PDT] HG ohlcv-1m 2025-09-01..2025-10-01 (depth 0): bought 1,482,152 record bytes for $0.096625 · session $47.9718
[2026-09-24 20:37:43 PDT] HG ohlcv-1m 2025-10-01..2025-11-01 (depth 0): bought 1,667,960 record bytes for $0.108739 · session $48.0806
[2026-09-24 20:38:00 PDT] HG ohlcv-1m 2025-11-01..2025-12-01 (depth 0): bought 1,378,384 record bytes for $0.089860 · session $48.1704
[2026-09-24 20:38:06 PDT] HG ohlcv-1m 2025-12-01..2026-01-01 (depth 0): bought 1,619,016 record bytes for $0.105548 · session $48.2760
[2026-09-24 20:38:17 PDT] HG ohlcv-1m 2026-01-01..2026-02-01 (depth 0): bought 1,585,360 record bytes for $0.103354 · session $48.3793
[2026-09-24 20:38:52 PDT] HG ohlcv-1m 2026-02-01..2026-03-01 (depth 0): bought 1,430,240 record bytes for $0.093241 · session $48.4726
[2026-09-24 20:39:01 PDT] HG ohlcv-1m 2026-03-01..2026-04-01 (depth 0): bought 1,649,704 record bytes for $0.107548 · session $48.5801
[2026-09-24 20:39:06 PDT] HG ohlcv-1m 2026-04-01..2026-05-01 (depth 0): bought 1,464,680 record bytes for $0.095486 · session $48.6756
[2026-09-24 20:39:13 PDT] HG ohlcv-1m 2026-05-01..2026-06-01 (depth 0): bought 1,523,144 record bytes for $0.099298 · session $48.7749
[2026-09-24 20:39:25 PDT] HG ohlcv-1m 2026-06-01..2026-06-21 (depth 0): bought 1,082,368 record bytes for $0.070562 · session $48.8455
[2026-09-24 20:39:51 PDT] MHG ohlcv-1m 2025-04-01..2025-05-01 (depth 0): bought 1,466,024 record bytes for $0.095574 · session $48.9410
[2026-09-24 20:40:07 PDT] MHG ohlcv-1m 2025-05-01..2025-06-01 (depth 0): bought 1,451,688 record bytes for $0.094639 · session $49.0357
[2026-09-24 20:40:15 PDT] MHG ohlcv-1m 2025-06-01..2025-07-01 (depth 0): bought 1,301,944 record bytes for $0.084877 · session $49.1206
[2026-09-24 20:40:25 PDT] MHG ohlcv-1m 2025-07-01..2025-08-01 (depth 0): bought 1,563,408 record bytes for $0.101923 · session $49.2225
[2026-09-24 20:40:41 PDT] MHG ohlcv-1m 2025-08-01..2025-09-01 (depth 0): bought 1,101,632 record bytes for $0.071818 · session $49.2943
[2026-09-24 20:40:48 PDT] MHG ohlcv-1m 2025-09-01..2025-10-01 (depth 0): bought 1,188,376 record bytes for $0.077473 · session $49.3718
[2026-09-24 20:41:02 PDT] MHG ohlcv-1m 2025-10-01..2025-11-01 (depth 0): bought 1,537,984 record bytes for $0.100265 · session $49.4720
[2026-09-24 20:41:11 PDT] MHG ohlcv-1m 2025-11-01..2025-12-01 (depth 0): bought 1,126,888 record bytes for $0.073465 · session $49.5455
[2026-09-24 20:41:24 PDT] MHG ohlcv-1m 2025-12-01..2026-01-01 (depth 0): bought 1,463,672 record bytes for $0.095421 · session $49.6409
[2026-09-24 20:42:18 PDT] MHG ohlcv-1m 2026-01-01..2026-02-01 (depth 0): bought 1,576,736 record bytes for $0.102791 · session $49.7437
[2026-09-24 20:42:28 PDT] MHG ohlcv-1m 2026-02-01..2026-03-01 (depth 0): bought 1,430,744 record bytes for $0.093274 · session $49.8370
[2026-09-24 20:43:01 PDT] MHG ohlcv-1m 2026-03-01..2026-04-01 (depth 0): bought 1,591,520 record bytes for $0.103755 · session $49.9407
[2026-09-24 20:43:09 PDT] MHG ohlcv-1m 2026-04-01..2026-05-01 (depth 0): bought 1,314,768 record bytes for $0.085713 · session $50.0265
[2026-09-24 20:43:16 PDT] MHG ohlcv-1m 2026-05-01..2026-06-01 (depth 0): bought 1,435,000 record bytes for $0.093551 · session $50.1200
[2026-09-24 20:43:28 PDT] MHG ohlcv-1m 2026-06-01..2026-06-21 (depth 0): bought 1,007,496 record bytes for $0.065681 · session $50.1857
[2026-09-24 20:44:19 PDT] ZC ohlcv-1m 2025-04-01..2025-05-01 (depth 0): bought 921,032 record bytes for $0.060044 · session $50.2457
[2026-09-24 20:44:25 PDT] ZC ohlcv-1m 2025-05-01..2025-06-01 (depth 0): bought 938,784 record bytes for $0.061202 · session $50.3069
[2026-09-24 20:44:37 PDT] ZC ohlcv-1m 2025-06-01..2025-07-01 (depth 0): bought 867,608 record bytes for $0.056562 · session $50.3635
[2026-09-24 20:44:53 PDT] ZC ohlcv-1m 2025-07-01..2025-08-01 (depth 0): bought 941,920 record bytes for $0.061406 · session $50.4249
[2026-09-24 20:45:12 PDT] ZC ohlcv-1m 2025-08-01..2025-09-01 (depth 0): bought 939,904 record bytes for $0.061275 · session $50.4862
[2026-09-24 20:45:27 PDT] ZC ohlcv-1m 2025-09-01..2025-10-01 (depth 0): bought 936,152 record bytes for $0.061030 · session $50.5472
[2026-09-24 20:45:48 PDT] ZC ohlcv-1m 2025-10-01..2025-11-01 (depth 0): bought 1,041,712 record bytes for $0.067912 · session $50.6151
[2026-09-24 20:46:04 PDT] ZC ohlcv-1m 2025-11-01..2025-12-01 (depth 0): bought 790,776 record bytes for $0.051553 · session $50.6667
[2026-09-24 20:46:09 PDT] ZC ohlcv-1m 2025-12-01..2026-01-01 (depth 0): bought 877,464 record bytes for $0.057204 · session $50.7239
[2026-09-24 20:47:03 PDT] ZC ohlcv-1m 2026-01-01..2026-02-01 (depth 0): bought 851,200 record bytes for $0.055492 · session $50.7794
[2026-09-24 20:47:17 PDT] ZC ohlcv-1m 2026-02-01..2026-03-01 (depth 0): bought 774,592 record bytes for $0.050498 · session $50.8299
[2026-09-24 20:47:23 PDT] ZC ohlcv-1m 2026-03-01..2026-04-01 (depth 0): bought 1,100,008 record bytes for $0.071712 · session $50.9016
[2026-09-24 20:47:36 PDT] ZC ohlcv-1m 2026-04-01..2026-05-01 (depth 0): bought 948,472 record bytes for $0.061833 · session $50.9634
[2026-09-24 20:47:52 PDT] ZC ohlcv-1m 2026-05-01..2026-06-01 (depth 0): bought 999,880 record bytes for $0.065185 · session $51.0286
[2026-09-24 20:48:00 PDT] ZC ohlcv-1m 2026-06-01..2026-06-21 (depth 0): bought 679,560 record bytes for $0.044302 · session $51.0729
[2026-09-24 20:48:15 PDT] ZW ohlcv-1m 2025-04-01..2025-05-01 (depth 0): bought 949,816 record bytes for $0.061921 · session $51.1348
[2026-09-24 20:48:25 PDT] ZW ohlcv-1m 2025-05-01..2025-06-01 (depth 0): bought 978,264 record bytes for $0.063776 · session $51.1986
[2026-09-24 20:48:42 PDT] ZW ohlcv-1m 2025-06-01..2025-07-01 (depth 0): bought 928,032 record bytes for $0.060501 · session $51.2591
[2026-09-24 20:48:51 PDT] ZW ohlcv-1m 2025-07-01..2025-08-01 (depth 0): bought 966,112 record bytes for $0.062983 · session $51.3221
[2026-09-24 20:49:04 PDT] ZW ohlcv-1m 2025-08-01..2025-09-01 (depth 0): bought 886,256 record bytes for $0.057777 · session $51.3799
[2026-09-24 20:49:12 PDT] ZW ohlcv-1m 2025-09-01..2025-10-01 (depth 0): bought 867,832 record bytes for $0.056576 · session $51.4364
[2026-09-24 20:49:21 PDT] ZW ohlcv-1m 2025-10-01..2025-11-01 (depth 0): bought 969,416 record bytes for $0.063199 · session $51.4996
[2026-09-24 20:49:25 PDT] ZW ohlcv-1m 2025-11-01..2025-12-01 (depth 0): bought 807,072 record bytes for $0.052615 · session $51.5522
[2026-09-24 20:49:45 PDT] ZW ohlcv-1m 2025-12-01..2026-01-01 (depth 0): bought 862,736 record bytes for $0.056244 · session $51.6085
[2026-09-24 20:49:53 PDT] ZW ohlcv-1m 2026-01-01..2026-02-01 (depth 0): bought 841,792 record bytes for $0.054879 · session $51.6634
[2026-09-24 20:50:02 PDT] ZW ohlcv-1m 2026-02-01..2026-03-01 (depth 0): bought 834,400 record bytes for $0.054397 · session $51.7178
[2026-09-24 20:50:17 PDT] ZW ohlcv-1m 2026-03-01..2026-04-01 (depth 0): bought 1,159,088 record bytes for $0.075564 · session $51.7933
[2026-09-24 20:50:36 PDT] ZW ohlcv-1m 2026-04-01..2026-05-01 (depth 0): bought 1,066,352 record bytes for $0.069518 · session $51.8628
[2026-09-24 20:50:47 PDT] ZW ohlcv-1m 2026-05-01..2026-06-01 (depth 0): bought 1,062,880 record bytes for $0.069292 · session $51.9321
[2026-09-24 20:51:01 PDT] ZW ohlcv-1m 2026-06-01..2026-06-21 (depth 0): bought 692,608 record bytes for $0.045153 · session $51.9773
[2026-09-24 20:51:16 PDT] ZS ohlcv-1m 2025-04-01..2025-05-01 (depth 0): bought 1,069,544 record bytes for $0.069726 · session $52.0470
[2026-09-24 20:51:25 PDT] ZS ohlcv-1m 2025-05-01..2025-06-01 (depth 0): bought 1,081,416 record bytes for $0.070500 · session $52.1175
[2026-09-24 20:51:33 PDT] ZS ohlcv-1m 2025-06-01..2025-07-01 (depth 0): bought 1,005,032 record bytes for $0.065521 · session $52.1830
[2026-09-24 20:51:42 PDT] ZS ohlcv-1m 2025-07-01..2025-08-01 (depth 0): bought 1,121,400 record bytes for $0.073107 · session $52.2561
[2026-09-24 20:51:49 PDT] ZS ohlcv-1m 2025-08-01..2025-09-01 (depth 0): bought 1,090,656 record bytes for $0.071103 · session $52.3272
[2026-09-24 20:52:11 PDT] ZS ohlcv-1m 2025-09-01..2025-10-01 (depth 0): bought 1,053,584 record bytes for $0.068686 · session $52.3959
[2026-09-24 20:52:20 PDT] ZS ohlcv-1m 2025-10-01..2025-11-01 (depth 0): bought 1,121,120 record bytes for $0.073089 · session $52.4690
[2026-09-24 20:52:27 PDT] ZS ohlcv-1m 2025-11-01..2025-12-01 (depth 0): bought 974,400 record bytes for $0.063524 · session $52.5325
[2026-09-24 20:52:46 PDT] ZS ohlcv-1m 2025-12-01..2026-01-01 (depth 0): bought 1,013,600 record bytes for $0.066079 · session $52.5986
[2026-09-24 20:52:54 PDT] ZS ohlcv-1m 2026-01-01..2026-02-01 (depth 0): bought 974,176 record bytes for $0.063509 · session $52.6621
[2026-09-24 20:53:02 PDT] ZS ohlcv-1m 2026-02-01..2026-03-01 (depth 0): bought 966,056 record bytes for $0.062980 · session $52.7251
[2026-09-24 20:53:12 PDT] ZS ohlcv-1m 2026-03-01..2026-04-01 (depth 0): bought 1,204,224 record bytes for $0.078506 · session $52.8036
[2026-09-24 20:53:28 PDT] ZS ohlcv-1m 2026-04-01..2026-05-01 (depth 0): bought 1,043,056 record bytes for $0.068000 · session $52.8716
[2026-09-24 20:53:47 PDT] ZS ohlcv-1m 2026-05-01..2026-06-01 (depth 0): bought 1,070,160 record bytes for $0.069766 · session $52.9414
[2026-09-24 20:53:54 PDT] ZS ohlcv-1m 2026-06-01..2026-06-21 (depth 0): bought 730,184 record bytes for $0.047603 · session $52.9890
[2026-09-24 20:54:01 PDT] ZM ohlcv-1m 2025-04-01..2025-05-01 (depth 0): bought 922,432 record bytes for $0.060136 · session $53.0491
[2026-09-24 20:54:08 PDT] ZM ohlcv-1m 2025-05-01..2025-06-01 (depth 0): bought 941,752 record bytes for $0.061395 · session $53.1105
[2026-09-24 20:54:55 PDT] ZM ohlcv-1m 2025-06-01..2025-07-01 (depth 0): bought 791,392 record bytes for $0.051593 · session $53.1621
[2026-09-24 20:56:07 PDT] ZM ohlcv-1m 2025-07-01..2025-08-01 (depth 0): bought 864,584 record bytes for $0.056364 · session $53.2185
[2026-09-24 20:56:14 PDT] ZM ohlcv-1m 2025-08-01..2025-09-01 (depth 0): bought 933,856 record bytes for $0.060880 · session $53.2794
[2026-09-24 20:56:30 PDT] ZM ohlcv-1m 2025-09-01..2025-10-01 (depth 0): bought 880,320 record bytes for $0.057390 · session $53.3367
[2026-09-24 20:56:57 PDT] ZM ohlcv-1m 2025-10-01..2025-11-01 (depth 0): bought 1,014,328 record bytes for $0.066127 · session $53.4029
[2026-09-24 20:57:04 PDT] ZM ohlcv-1m 2025-11-01..2025-12-01 (depth 0): bought 827,176 record bytes for $0.053926 · session $53.4568
[2026-09-24 20:57:13 PDT] ZM ohlcv-1m 2025-12-01..2026-01-01 (depth 0): bought 861,000 record bytes for $0.056131 · session $53.5129
[2026-09-24 20:57:28 PDT] ZM ohlcv-1m 2026-01-01..2026-02-01 (depth 0): bought 852,096 record bytes for $0.055550 · session $53.5685
[2026-09-24 20:57:48 PDT] ZM ohlcv-1m 2026-02-01..2026-03-01 (depth 0): bought 868,896 record bytes for $0.056646 · session $53.6251
[2026-09-24 20:57:54 PDT] ZM ohlcv-1m 2026-03-01..2026-04-01 (depth 0): bought 1,103,480 record bytes for $0.071939 · session $53.6971
[2026-09-24 20:58:03 PDT] ZM ohlcv-1m 2026-04-01..2026-05-01 (depth 0): bought 953,792 record bytes for $0.062180 · session $53.7592
[2026-09-24 20:58:09 PDT] ZM ohlcv-1m 2026-05-01..2026-06-01 (depth 0): bought 968,296 record bytes for $0.063126 · session $53.8224
[2026-09-24 20:58:16 PDT] ZM ohlcv-1m 2026-06-01..2026-06-21 (depth 0): bought 662,088 record bytes for $0.043163 · session $53.8655
[2026-09-24 20:58:38 PDT] ZL ohlcv-1m 2025-04-01..2025-05-01 (depth 0): bought 1,109,752 record bytes for $0.072348 · session $53.9379
[2026-09-24 20:58:47 PDT] ZL ohlcv-1m 2025-05-01..2025-06-01 (depth 0): bought 1,136,968 record bytes for $0.074122 · session $54.0120
[2026-09-24 20:58:55 PDT] ZL ohlcv-1m 2025-06-01..2025-07-01 (depth 0): bought 1,022,840 record bytes for $0.066682 · session $54.0787
[2026-09-24 20:59:06 PDT] ZL ohlcv-1m 2025-07-01..2025-08-01 (depth 0): bought 1,091,944 record bytes for $0.071187 · session $54.1499
RUN STOPPED (BudgetRefusedError): unpriceable request (quote=None): never assumed cheap. Nothing after this request was requested; see the ledger and docs/ACCESS.md.
rc=1
