[2026-09-24 21:14:26 PDT] attempt 6, vendor host http 200
[2026-09-24 21:14:26 PDT] stage-E.1-2026-09-24: account acct-2 (cap $125.00, spent $55.4539) · session cap $113.48 (spent $55.4539) · request cap $3.00
[2026-09-24 21:14:26 PDT] plan: 900 requests over 45 roots before splitting
[2026-09-24 21:14:26 PDT] resume scan: {'settled_files_on_disk': 655, 'leftover_partials': 0}
[2026-09-24 21:14:26 PDT] MNQ ohlcv-1m 2025-04-01..2025-05-01 (depth 0): skipped, already bought and settled
[2026-09-24 21:14:26 PDT] MNQ ohlcv-1m 2025-05-01..2025-06-01 (depth 0): skipped, already bought and settled
[2026-09-24 21:14:26 PDT] MNQ ohlcv-1m 2025-06-01..2025-07-01 (depth 0): skipped, already bought and settled
[2026-09-24 21:14:26 PDT] MNQ ohlcv-1m 2025-07-01..2025-08-01 (depth 0): skipped, already bought and settled
[2026-09-24 21:14:26 PDT] MNQ ohlcv-1m 2025-08-01..2025-09-01 (depth 0): skipped, already bought and settled
[2026-09-24 21:14:26 PDT] MNQ ohlcv-1m 2025-09-01..2025-10-01 (depth 0): skipped, already bought and settled
[2026-09-24 21:14:26 PDT] MNQ ohlcv-1m 2025-10-01..2025-11-01 (depth 0): skipped, already bought and settled
[2026-09-24 21:14:26 PDT] MNQ ohlcv-1m 2025-11-01..2025-12-01 (depth 0): skipped, already bought and settled
[2026-09-24 21:14:26 PDT] MNQ ohlcv-1m 2025-12-01..2026-01-01 (depth 0): skipped, already bought and settled
[2026-09-24 21:14:26 PDT] MNQ ohlcv-1m 2026-01-01..2026-02-01 (depth 0): skipped, already bought and settled
[2026-09-24 21:14:26 PDT] MNQ ohlcv-1m 2026-02-01..2026-03-01 (depth 0): skipped, already bought and settled
[2026-09-24 21:14:26 PDT] MNQ ohlcv-1m 2026-03-01..2026-04-01 (depth 0): skipped, already bought and settled
[2026-09-24 21:14:26 PDT] MNQ ohlcv-1m 2026-04-01..2026-05-01 (depth 0): skipped, already bought and settled
[2026-09-24 21:14:26 PDT] MNQ ohlcv-1m 2026-05-01..2026-06-01 (depth 0): skipped, already bought and settled
[2026-09-24 21:14:26 PDT] MNQ ohlcv-1m 2026-06-01..2026-06-21 (depth 0): skipped, already bought and settled
[2026-09-24 21:14:26 PDT] NQ ohlcv-1m 2025-04-01..2025-05-01 (depth 0): skipped, already bought and settled
[2026-09-24 21:14:26 PDT] NQ ohlcv-1m 2025-05-01..2025-06-01 (depth 0): skipped, already bought and settled
[2026-09-24 21:14:26 PDT] NQ ohlcv-1m 2025-06-01..2025-07-01 (depth 0): skipped, already bought and settled
[2026-09-24 21:14:26 PDT] NQ ohlcv-1m 2025-07-01..2025-08-01 (depth 0): skipped, already bought and settled
[2026-09-24 21:14:26 PDT] NQ ohlcv-1m 2025-08-01..2025-09-01 (depth 0): skipped, already bought and settled
[2026-09-24 21:14:26 PDT] NQ ohlcv-1m 2025-09-01..2025-10-01 (depth 0): skipped, already bought and settled
[2026-09-24 21:14:26 PDT] NQ ohlcv-1m 2025-10-01..2025-11-01 (depth 0): skipped, already bought and settled
[2026-09-24 21:14:26 PDT] NQ ohlcv-1m 2025-11-01..2025-12-01 (depth 0): skipped, already bought and settled
[2026-09-24 21:14:26 PDT] NQ ohlcv-1m 2025-12-01..2026-01-01 (depth 0): skipped, already bought and settled
[2026-09-24 21:14:26 PDT] NQ ohlcv-1m 2026-01-01..2026-02-01 (depth 0): skipped, already bought and settled
[2026-09-24 21:14:26 PDT] NQ ohlcv-1m 2026-02-01..2026-03-01 (depth 0): skipped, already bought and settled
[2026-09-24 21:14:26 PDT] NQ ohlcv-1m 2026-03-01..2026-04-01 (depth 0): skipped, already bought and settled
[2026-09-24 21:14:26 PDT] NQ ohlcv-1m 2026-04-01..2026-05-01 (depth 0): skipped, already bought and settled
[2026-09-24 21:14:26 PDT] NQ ohlcv-1m 2026-05-01..2026-06-01 (depth 0): skipped, already bought and settled
[2026-09-24 21:14:26 PDT] NQ ohlcv-1m 2026-06-01..2026-06-21 (depth 0): skipped, already bought and settled
[2026-09-24 21:14:26 PDT] RTY ohlcv-1m 2025-04-01..2025-05-01 (depth 0): skipped, already bought and settled
[2026-09-24 21:14:26 PDT] RTY ohlcv-1m 2025-05-01..2025-06-01 (depth 0): skipped, already bought and settled
[2026-09-24 21:14:26 PDT] RTY ohlcv-1m 2025-06-01..2025-07-01 (depth 0): skipped, already bought and settled
[2026-09-24 21:14:26 PDT] RTY ohlcv-1m 2025-07-01..2025-08-01 (depth 0): skipped, already bought and settled
[2026-09-24 21:14:26 PDT] RTY ohlcv-1m 2025-08-01..2025-09-01 (depth 0): skipped, already bought and settled
[2026-09-24 21:14:26 PDT] RTY ohlcv-1m 2025-09-01..2025-10-01 (depth 0): skipped, already bought and settled
[2026-09-24 21:14:26 PDT] RTY ohlcv-1m 2025-10-01..2025-11-01 (depth 0): skipped, already bought and settled
[2026-09-24 21:14:26 PDT] RTY ohlcv-1m 2025-11-01..2025-12-01 (depth 0): skipped, already bought and settled
[2026-09-24 21:14:26 PDT] RTY ohlcv-1m 2025-12-01..2026-01-01 (depth 0): skipped, already bought and settled
[2026-09-24 21:14:26 PDT] RTY ohlcv-1m 2026-01-01..2026-02-01 (depth 0): skipped, already bought and settled
[2026-09-24 21:14:26 PDT] RTY ohlcv-1m 2026-02-01..2026-03-01 (depth 0): skipped, already bought and settled
[2026-09-24 21:14:26 PDT] RTY ohlcv-1m 2026-03-01..2026-04-01 (depth 0): skipped, already bought and settled
[2026-09-24 21:14:26 PDT] RTY ohlcv-1m 2026-04-01..2026-05-01 (depth 0): skipped, already bought and settled
[2026-09-24 21:14:26 PDT] RTY ohlcv-1m 2026-05-01..2026-06-01 (depth 0): skipped, already bought and settled
[2026-09-24 21:14:26 PDT] RTY ohlcv-1m 2026-06-01..2026-06-21 (depth 0): skipped, already bought and settled
[2026-09-24 21:14:26 PDT] M2K ohlcv-1m 2025-04-01..2025-05-01 (depth 0): skipped, already bought and settled
[2026-09-24 21:14:26 PDT] M2K ohlcv-1m 2025-05-01..2025-06-01 (depth 0): skipped, already bought and settled
[2026-09-24 21:14:26 PDT] M2K ohlcv-1m 2025-06-01..2025-07-01 (depth 0): skipped, already bought and settled
[2026-09-24 21:14:26 PDT] M2K ohlcv-1m 2025-07-01..2025-08-01 (depth 0): skipped, already bought and settled
[2026-09-24 21:14:26 PDT] M2K ohlcv-1m 2025-08-01..2025-09-01 (depth 0): skipped, already bought and settled
[2026-09-24 21:14:26 PDT] M2K ohlcv-1m 2025-09-01..2025-10-01 (depth 0): skipped, already bought and settled
[2026-09-24 21:14:26 PDT] M2K ohlcv-1m 2025-10-01..2025-11-01 (depth 0): skipped, already bought and settled
[2026-09-24 21:14:26 PDT] M2K ohlcv-1m 2025-11-01..2025-12-01 (depth 0): skipped, already bought and settled
[2026-09-24 21:14:26 PDT] M2K ohlcv-1m 2025-12-01..2026-01-01 (depth 0): skipped, already bought and settled
[2026-09-24 21:14:26 PDT] M2K ohlcv-1m 2026-01-01..2026-02-01 (depth 0): skipped, already bought and settled
[2026-09-24 21:14:26 PDT] M2K ohlcv-1m 2026-02-01..2026-03-01 (depth 0): skipped, already bought and settled
[2026-09-24 21:14:26 PDT] M2K ohlcv-1m 2026-03-01..2026-04-01 (depth 0): skipped, already bought and settled
[2026-09-24 21:14:26 PDT] M2K ohlcv-1m 2026-04-01..2026-05-01 (depth 0): skipped, already bought and settled
[2026-09-24 21:14:26 PDT] M2K ohlcv-1m 2026-05-01..2026-06-01 (depth 0): skipped, already bought and settled
[2026-09-24 21:14:26 PDT] M2K ohlcv-1m 2026-06-01..2026-06-21 (depth 0): skipped, already bought and settled
[2026-09-24 21:14:26 PDT] MYM ohlcv-1m 2025-04-01..2025-05-01 (depth 0): skipped, already bought and settled
[2026-09-24 21:14:26 PDT] MYM ohlcv-1m 2025-05-01..2025-06-01 (depth 0): skipped, already bought and settled
[2026-09-24 21:14:26 PDT] MYM ohlcv-1m 2025-06-01..2025-07-01 (depth 0): skipped, already bought and settled
[2026-09-24 21:14:26 PDT] MYM ohlcv-1m 2025-07-01..2025-08-01 (depth 0): skipped, already bought and settled
[2026-09-24 21:14:26 PDT] MYM ohlcv-1m 2025-08-01..2025-09-01 (depth 0): skipped, already bought and settled
[2026-09-24 21:14:26 PDT] MYM ohlcv-1m 2025-09-01..2025-10-01 (depth 0): skipped, already bought and settled
[2026-09-24 21:14:26 PDT] MYM ohlcv-1m 2025-10-01..2025-11-01 (depth 0): skipped, already bought and settled
[2026-09-24 21:14:26 PDT] MYM ohlcv-1m 2025-11-01..2025-12-01 (depth 0): skipped, already bought and settled
[2026-09-24 21:14:26 PDT] MYM ohlcv-1m 2025-12-01..2026-01-01 (depth 0): skipped, already bought and settled
[2026-09-24 21:14:26 PDT] MYM ohlcv-1m 2026-01-01..2026-02-01 (depth 0): skipped, already bought and settled
[2026-09-24 21:14:26 PDT] MYM ohlcv-1m 2026-02-01..2026-03-01 (depth 0): skipped, already bought and settled
[2026-09-24 21:14:26 PDT] MYM ohlcv-1m 2026-03-01..2026-04-01 (depth 0): skipped, already bought and settled
[2026-09-24 21:14:26 PDT] MYM ohlcv-1m 2026-04-01..2026-05-01 (depth 0): skipped, already bought and settled
[2026-09-24 21:14:26 PDT] MYM ohlcv-1m 2026-05-01..2026-06-01 (depth 0): skipped, already bought and settled
[2026-09-24 21:14:26 PDT] MYM ohlcv-1m 2026-06-01..2026-06-21 (depth 0): skipped, already bought and settled
[2026-09-24 21:14:26 PDT] YM ohlcv-1m 2025-04-01..2025-05-01 (depth 0): skipped, already bought and settled
[2026-09-24 21:14:26 PDT] YM ohlcv-1m 2025-05-01..2025-06-01 (depth 0): skipped, already bought and settled
[2026-09-24 21:14:26 PDT] YM ohlcv-1m 2025-06-01..2025-07-01 (depth 0): skipped, already bought and settled
[2026-09-24 21:14:26 PDT] YM ohlcv-1m 2025-07-01..2025-08-01 (depth 0): skipped, already bought and settled
[2026-09-24 21:14:26 PDT] YM ohlcv-1m 2025-08-01..2025-09-01 (depth 0): skipped, already bought and settled
[2026-09-24 21:14:26 PDT] YM ohlcv-1m 2025-09-01..2025-10-01 (depth 0): skipped, already bought and settled
[2026-09-24 21:14:26 PDT] YM ohlcv-1m 2025-10-01..2025-11-01 (depth 0): skipped, already bought and settled
[2026-09-24 21:14:26 PDT] YM ohlcv-1m 2025-11-01..2025-12-01 (depth 0): skipped, already bought and settled
[2026-09-24 21:14:26 PDT] YM ohlcv-1m 2025-12-01..2026-01-01 (depth 0): skipped, already bought and settled
[2026-09-24 21:14:26 PDT] YM ohlcv-1m 2026-01-01..2026-02-01 (depth 0): skipped, already bought and settled
[2026-09-24 21:14:26 PDT] YM ohlcv-1m 2026-02-01..2026-03-01 (depth 0): skipped, already bought and settled
[2026-09-24 21:14:26 PDT] YM ohlcv-1m 2026-03-01..2026-04-01 (depth 0): skipped, already bought and settled
[2026-09-24 21:14:26 PDT] YM ohlcv-1m 2026-04-01..2026-05-01 (depth 0): skipped, already bought and settled
[2026-09-24 21:14:26 PDT] YM ohlcv-1m 2026-05-01..2026-06-01 (depth 0): skipped, already bought and settled
[2026-09-24 21:14:26 PDT] YM ohlcv-1m 2026-06-01..2026-06-21 (depth 0): skipped, already bought and settled
[2026-09-24 21:14:26 PDT] ZT ohlcv-1m 2025-04-01..2025-05-01 (depth 0): skipped, already bought and settled
[2026-09-24 21:14:26 PDT] ZT ohlcv-1m 2025-05-01..2025-06-01 (depth 0): skipped, already bought and settled
[2026-09-24 21:14:26 PDT] ZT ohlcv-1m 2025-06-01..2025-07-01 (depth 0): skipped, already bought and settled
[2026-09-24 21:14:26 PDT] ZT ohlcv-1m 2025-07-01..2025-08-01 (depth 0): skipped, already bought and settled
[2026-09-24 21:14:26 PDT] ZT ohlcv-1m 2025-08-01..2025-09-01 (depth 0): skipped, already bought and settled
[2026-09-24 21:14:26 PDT] ZT ohlcv-1m 2025-09-01..2025-10-01 (depth 0): skipped, already bought and settled
[2026-09-24 21:14:26 PDT] ZT ohlcv-1m 2025-10-01..2025-11-01 (depth 0): skipped, already bought and settled
[2026-09-24 21:14:26 PDT] ZT ohlcv-1m 2025-11-01..2025-12-01 (depth 0): skipped, already bought and settled
[2026-09-24 21:14:26 PDT] ZT ohlcv-1m 2025-12-01..2026-01-01 (depth 0): skipped, already bought and settled
[2026-09-24 21:14:26 PDT] ZT ohlcv-1m 2026-01-01..2026-02-01 (depth 0): skipped, already bought and settled
[2026-09-24 21:14:26 PDT] ZT ohlcv-1m 2026-02-01..2026-03-01 (depth 0): skipped, already bought and settled
[2026-09-24 21:14:26 PDT] ZT ohlcv-1m 2026-03-01..2026-04-01 (depth 0): skipped, already bought and settled
[2026-09-24 21:14:26 PDT] ZT ohlcv-1m 2026-04-01..2026-05-01 (depth 0): skipped, already bought and settled
[2026-09-24 21:14:26 PDT] ZT ohlcv-1m 2026-05-01..2026-06-01 (depth 0): skipped, already bought and settled
[2026-09-24 21:14:26 PDT] ZT ohlcv-1m 2026-06-01..2026-06-21 (depth 0): skipped, already bought and settled
[2026-09-24 21:14:26 PDT] ZF ohlcv-1m 2025-04-01..2025-05-01 (depth 0): skipped, already bought and settled
[2026-09-24 21:14:26 PDT] ZF ohlcv-1m 2025-05-01..2025-06-01 (depth 0): skipped, already bought and settled
[2026-09-24 21:14:26 PDT] ZF ohlcv-1m 2025-06-01..2025-07-01 (depth 0): skipped, already bought and settled
[2026-09-24 21:14:26 PDT] ZF ohlcv-1m 2025-07-01..2025-08-01 (depth 0): skipped, already bought and settled
[2026-09-24 21:14:26 PDT] ZF ohlcv-1m 2025-08-01..2025-09-01 (depth 0): skipped, already bought and settled
[2026-09-24 21:14:26 PDT] ZF ohlcv-1m 2025-09-01..2025-10-01 (depth 0): skipped, already bought and settled
[2026-09-24 21:14:26 PDT] ZF ohlcv-1m 2025-10-01..2025-11-01 (depth 0): skipped, already bought and settled
[2026-09-24 21:14:26 PDT] ZF ohlcv-1m 2025-11-01..2025-12-01 (depth 0): skipped, already bought and settled
[2026-09-24 21:14:26 PDT] ZF ohlcv-1m 2025-12-01..2026-01-01 (depth 0): skipped, already bought and settled
[2026-09-24 21:14:26 PDT] ZF ohlcv-1m 2026-01-01..2026-02-01 (depth 0): skipped, already bought and settled
[2026-09-24 21:14:26 PDT] ZF ohlcv-1m 2026-02-01..2026-03-01 (depth 0): skipped, already bought and settled
[2026-09-24 21:14:26 PDT] ZF ohlcv-1m 2026-03-01..2026-04-01 (depth 0): skipped, already bought and settled
[2026-09-24 21:14:26 PDT] ZF ohlcv-1m 2026-04-01..2026-05-01 (depth 0): skipped, already bought and settled
[2026-09-24 21:14:26 PDT] ZF ohlcv-1m 2026-05-01..2026-06-01 (depth 0): skipped, already bought and settled
[2026-09-24 21:14:26 PDT] ZF ohlcv-1m 2026-06-01..2026-06-21 (depth 0): skipped, already bought and settled
[2026-09-24 21:14:26 PDT] ZN ohlcv-1m 2025-04-01..2025-05-01 (depth 0): skipped, already bought and settled
[2026-09-24 21:14:26 PDT] ZN ohlcv-1m 2025-05-01..2025-06-01 (depth 0): skipped, already bought and settled
[2026-09-24 21:14:26 PDT] ZN ohlcv-1m 2025-06-01..2025-07-01 (depth 0): skipped, already bought and settled
[2026-09-24 21:14:26 PDT] ZN ohlcv-1m 2025-07-01..2025-08-01 (depth 0): skipped, already bought and settled
[2026-09-24 21:14:26 PDT] ZN ohlcv-1m 2025-08-01..2025-09-01 (depth 0): skipped, already bought and settled
[2026-09-24 21:14:26 PDT] ZN ohlcv-1m 2025-09-01..2025-10-01 (depth 0): skipped, already bought and settled
[2026-09-24 21:14:26 PDT] ZN ohlcv-1m 2025-10-01..2025-11-01 (depth 0): skipped, already bought and settled
[2026-09-24 21:14:26 PDT] ZN ohlcv-1m 2025-11-01..2025-12-01 (depth 0): skipped, already bought and settled
[2026-09-24 21:14:26 PDT] ZN ohlcv-1m 2025-12-01..2026-01-01 (depth 0): skipped, already bought and settled
[2026-09-24 21:14:26 PDT] ZN ohlcv-1m 2026-01-01..2026-02-01 (depth 0): skipped, already bought and settled
[2026-09-24 21:14:26 PDT] ZN ohlcv-1m 2026-02-01..2026-03-01 (depth 0): skipped, already bought and settled
[2026-09-24 21:14:26 PDT] ZN ohlcv-1m 2026-03-01..2026-04-01 (depth 0): skipped, already bought and settled
[2026-09-24 21:14:26 PDT] ZN ohlcv-1m 2026-04-01..2026-05-01 (depth 0): skipped, already bought and settled
[2026-09-24 21:14:26 PDT] ZN ohlcv-1m 2026-05-01..2026-06-01 (depth 0): skipped, already bought and settled
[2026-09-24 21:14:26 PDT] ZN ohlcv-1m 2026-06-01..2026-06-21 (depth 0): skipped, already bought and settled
[2026-09-24 21:14:26 PDT] TN ohlcv-1m 2025-04-01..2025-05-01 (depth 0): skipped, already bought and settled
[2026-09-24 21:14:26 PDT] TN ohlcv-1m 2025-05-01..2025-06-01 (depth 0): skipped, already bought and settled
[2026-09-24 21:14:26 PDT] TN ohlcv-1m 2025-06-01..2025-07-01 (depth 0): skipped, already bought and settled
[2026-09-24 21:14:26 PDT] TN ohlcv-1m 2025-07-01..2025-08-01 (depth 0): skipped, already bought and settled
[2026-09-24 21:14:26 PDT] TN ohlcv-1m 2025-08-01..2025-09-01 (depth 0): skipped, already bought and settled
[2026-09-24 21:14:26 PDT] TN ohlcv-1m 2025-09-01..2025-10-01 (depth 0): skipped, already bought and settled
[2026-09-24 21:14:26 PDT] TN ohlcv-1m 2025-10-01..2025-11-01 (depth 0): skipped, already bought and settled
[2026-09-24 21:14:26 PDT] TN ohlcv-1m 2025-11-01..2025-12-01 (depth 0): skipped, already bought and settled
[2026-09-24 21:14:26 PDT] TN ohlcv-1m 2025-12-01..2026-01-01 (depth 0): skipped, already bought and settled
[2026-09-24 21:14:26 PDT] TN ohlcv-1m 2026-01-01..2026-02-01 (depth 0): skipped, already bought and settled
[2026-09-24 21:14:26 PDT] TN ohlcv-1m 2026-02-01..2026-03-01 (depth 0): skipped, already bought and settled
[2026-09-24 21:14:26 PDT] TN ohlcv-1m 2026-03-01..2026-04-01 (depth 0): skipped, already bought and settled
[2026-09-24 21:14:26 PDT] TN ohlcv-1m 2026-04-01..2026-05-01 (depth 0): skipped, already bought and settled
[2026-09-24 21:14:26 PDT] TN ohlcv-1m 2026-05-01..2026-06-01 (depth 0): skipped, already bought and settled
[2026-09-24 21:14:26 PDT] TN ohlcv-1m 2026-06-01..2026-06-21 (depth 0): skipped, already bought and settled
[2026-09-24 21:14:26 PDT] ZB ohlcv-1m 2025-04-01..2025-05-01 (depth 0): skipped, already bought and settled
[2026-09-24 21:14:26 PDT] ZB ohlcv-1m 2025-05-01..2025-06-01 (depth 0): skipped, already bought and settled
[2026-09-24 21:14:26 PDT] ZB ohlcv-1m 2025-06-01..2025-07-01 (depth 0): skipped, already bought and settled
[2026-09-24 21:14:26 PDT] ZB ohlcv-1m 2025-07-01..2025-08-01 (depth 0): skipped, already bought and settled
[2026-09-24 21:14:26 PDT] ZB ohlcv-1m 2025-08-01..2025-09-01 (depth 0): skipped, already bought and settled
[2026-09-24 21:14:26 PDT] ZB ohlcv-1m 2025-09-01..2025-10-01 (depth 0): skipped, already bought and settled
[2026-09-24 21:14:26 PDT] ZB ohlcv-1m 2025-10-01..2025-11-01 (depth 0): skipped, already bought and settled
[2026-09-24 21:14:26 PDT] ZB ohlcv-1m 2025-11-01..2025-12-01 (depth 0): skipped, already bought and settled
[2026-09-24 21:14:26 PDT] ZB ohlcv-1m 2025-12-01..2026-01-01 (depth 0): skipped, already bought and settled
[2026-09-24 21:14:26 PDT] ZB ohlcv-1m 2026-01-01..2026-02-01 (depth 0): skipped, already bought and settled
[2026-09-24 21:14:26 PDT] ZB ohlcv-1m 2026-02-01..2026-03-01 (depth 0): skipped, already bought and settled
[2026-09-24 21:14:26 PDT] ZB ohlcv-1m 2026-03-01..2026-04-01 (depth 0): skipped, already bought and settled
[2026-09-24 21:14:26 PDT] ZB ohlcv-1m 2026-04-01..2026-05-01 (depth 0): skipped, already bought and settled
[2026-09-24 21:14:26 PDT] ZB ohlcv-1m 2026-05-01..2026-06-01 (depth 0): skipped, already bought and settled
[2026-09-24 21:14:26 PDT] ZB ohlcv-1m 2026-06-01..2026-06-21 (depth 0): skipped, already bought and settled
[2026-09-24 21:14:26 PDT] UB ohlcv-1m 2025-04-01..2025-05-01 (depth 0): skipped, already bought and settled
[2026-09-24 21:14:26 PDT] UB ohlcv-1m 2025-05-01..2025-06-01 (depth 0): skipped, already bought and settled
[2026-09-24 21:14:26 PDT] UB ohlcv-1m 2025-06-01..2025-07-01 (depth 0): skipped, already bought and settled
[2026-09-24 21:14:26 PDT] UB ohlcv-1m 2025-07-01..2025-08-01 (depth 0): skipped, already bought and settled
[2026-09-24 21:14:26 PDT] UB ohlcv-1m 2025-08-01..2025-09-01 (depth 0): skipped, already bought and settled
[2026-09-24 21:14:26 PDT] UB ohlcv-1m 2025-09-01..2025-10-01 (depth 0): skipped, already bought and settled
[2026-09-24 21:14:26 PDT] UB ohlcv-1m 2025-10-01..2025-11-01 (depth 0): skipped, already bought and settled
[2026-09-24 21:14:26 PDT] UB ohlcv-1m 2025-11-01..2025-12-01 (depth 0): skipped, already bought and settled
[2026-09-24 21:14:26 PDT] UB ohlcv-1m 2025-12-01..2026-01-01 (depth 0): skipped, already bought and settled
[2026-09-24 21:14:26 PDT] UB ohlcv-1m 2026-01-01..2026-02-01 (depth 0): skipped, already bought and settled
[2026-09-24 21:14:26 PDT] UB ohlcv-1m 2026-02-01..2026-03-01 (depth 0): skipped, already bought and settled
[2026-09-24 21:14:26 PDT] UB ohlcv-1m 2026-03-01..2026-04-01 (depth 0): skipped, already bought and settled
[2026-09-24 21:14:26 PDT] UB ohlcv-1m 2026-04-01..2026-05-01 (depth 0): skipped, already bought and settled
[2026-09-24 21:14:26 PDT] UB ohlcv-1m 2026-05-01..2026-06-01 (depth 0): skipped, already bought and settled
[2026-09-24 21:14:26 PDT] UB ohlcv-1m 2026-06-01..2026-06-21 (depth 0): skipped, already bought and settled
[2026-09-24 21:14:26 PDT] 6E ohlcv-1m 2025-04-01..2025-05-01 (depth 0): skipped, already bought and settled
[2026-09-24 21:14:26 PDT] 6E ohlcv-1m 2025-05-01..2025-06-01 (depth 0): skipped, already bought and settled
[2026-09-24 21:14:26 PDT] 6E ohlcv-1m 2025-06-01..2025-07-01 (depth 0): skipped, already bought and settled
[2026-09-24 21:14:26 PDT] 6E ohlcv-1m 2025-07-01..2025-08-01 (depth 0): skipped, already bought and settled
[2026-09-24 21:14:26 PDT] 6E ohlcv-1m 2025-08-01..2025-09-01 (depth 0): skipped, already bought and settled
[2026-09-24 21:14:26 PDT] 6E ohlcv-1m 2025-09-01..2025-10-01 (depth 0): skipped, already bought and settled
[2026-09-24 21:14:26 PDT] 6E ohlcv-1m 2025-10-01..2025-11-01 (depth 0): skipped, already bought and settled
[2026-09-24 21:14:26 PDT] 6E ohlcv-1m 2025-11-01..2025-12-01 (depth 0): skipped, already bought and settled
[2026-09-24 21:14:26 PDT] 6E ohlcv-1m 2025-12-01..2026-01-01 (depth 0): skipped, already bought and settled
[2026-09-24 21:14:26 PDT] 6E ohlcv-1m 2026-01-01..2026-02-01 (depth 0): skipped, already bought and settled
[2026-09-24 21:14:26 PDT] 6E ohlcv-1m 2026-02-01..2026-03-01 (depth 0): skipped, already bought and settled
[2026-09-24 21:14:26 PDT] 6E ohlcv-1m 2026-03-01..2026-04-01 (depth 0): skipped, already bought and settled
[2026-09-24 21:14:26 PDT] 6E ohlcv-1m 2026-04-01..2026-05-01 (depth 0): skipped, already bought and settled
[2026-09-24 21:14:26 PDT] 6E ohlcv-1m 2026-05-01..2026-06-01 (depth 0): skipped, already bought and settled
[2026-09-24 21:14:26 PDT] 6E ohlcv-1m 2026-06-01..2026-06-21 (depth 0): skipped, already bought and settled
[2026-09-24 21:14:26 PDT] M6E ohlcv-1m 2025-04-01..2025-05-01 (depth 0): skipped, already bought and settled
[2026-09-24 21:14:26 PDT] M6E ohlcv-1m 2025-05-01..2025-06-01 (depth 0): skipped, already bought and settled
[2026-09-24 21:14:26 PDT] M6E ohlcv-1m 2025-06-01..2025-07-01 (depth 0): skipped, already bought and settled
[2026-09-24 21:14:26 PDT] M6E ohlcv-1m 2025-07-01..2025-08-01 (depth 0): skipped, already bought and settled
[2026-09-24 21:14:26 PDT] M6E ohlcv-1m 2025-08-01..2025-09-01 (depth 0): skipped, already bought and settled
[2026-09-24 21:14:26 PDT] M6E ohlcv-1m 2025-09-01..2025-10-01 (depth 0): skipped, already bought and settled
[2026-09-24 21:14:26 PDT] M6E ohlcv-1m 2025-10-01..2025-11-01 (depth 0): skipped, already bought and settled
[2026-09-24 21:14:26 PDT] M6E ohlcv-1m 2025-11-01..2025-12-01 (depth 0): skipped, already bought and settled
[2026-09-24 21:14:26 PDT] M6E ohlcv-1m 2025-12-01..2026-01-01 (depth 0): skipped, already bought and settled
[2026-09-24 21:14:26 PDT] M6E ohlcv-1m 2026-01-01..2026-02-01 (depth 0): skipped, already bought and settled
[2026-09-24 21:14:26 PDT] M6E ohlcv-1m 2026-02-01..2026-03-01 (depth 0): skipped, already bought and settled
[2026-09-24 21:14:26 PDT] M6E ohlcv-1m 2026-03-01..2026-04-01 (depth 0): skipped, already bought and settled
[2026-09-24 21:14:26 PDT] M6E ohlcv-1m 2026-04-01..2026-05-01 (depth 0): skipped, already bought and settled
[2026-09-24 21:14:26 PDT] M6E ohlcv-1m 2026-05-01..2026-06-01 (depth 0): skipped, already bought and settled
[2026-09-24 21:14:26 PDT] M6E ohlcv-1m 2026-06-01..2026-06-21 (depth 0): skipped, already bought and settled
[2026-09-24 21:14:26 PDT] E7 ohlcv-1m 2025-04-01..2025-05-01 (depth 0): skipped, already bought and settled
[2026-09-24 21:14:26 PDT] E7 ohlcv-1m 2025-05-01..2025-06-01 (depth 0): skipped, already bought and settled
[2026-09-24 21:14:26 PDT] E7 ohlcv-1m 2025-06-01..2025-07-01 (depth 0): skipped, already bought and settled
[2026-09-24 21:14:26 PDT] E7 ohlcv-1m 2025-07-01..2025-08-01 (depth 0): skipped, already bought and settled
[2026-09-24 21:14:26 PDT] E7 ohlcv-1m 2025-08-01..2025-09-01 (depth 0): skipped, already bought and settled
[2026-09-24 21:14:26 PDT] E7 ohlcv-1m 2025-09-01..2025-10-01 (depth 0): skipped, already bought and settled
[2026-09-24 21:14:26 PDT] E7 ohlcv-1m 2025-10-01..2025-11-01 (depth 0): skipped, already bought and settled
[2026-09-24 21:14:26 PDT] E7 ohlcv-1m 2025-11-01..2025-12-01 (depth 0): skipped, already bought and settled
[2026-09-24 21:14:26 PDT] E7 ohlcv-1m 2025-12-01..2026-01-01 (depth 0): skipped, already bought and settled
[2026-09-24 21:14:26 PDT] E7 ohlcv-1m 2026-01-01..2026-02-01 (depth 0): skipped, already bought and settled
[2026-09-24 21:14:26 PDT] E7 ohlcv-1m 2026-02-01..2026-03-01 (depth 0): skipped, already bought and settled
[2026-09-24 21:14:26 PDT] E7 ohlcv-1m 2026-03-01..2026-04-01 (depth 0): skipped, already bought and settled
[2026-09-24 21:14:26 PDT] E7 ohlcv-1m 2026-04-01..2026-05-01 (depth 0): skipped, already bought and settled
[2026-09-24 21:14:26 PDT] E7 ohlcv-1m 2026-05-01..2026-06-01 (depth 0): skipped, already bought and settled
[2026-09-24 21:14:27 PDT] E7 ohlcv-1m 2026-06-01..2026-06-21 (depth 0): skipped, already bought and settled
[2026-09-24 21:14:27 PDT] 6A ohlcv-1m 2025-04-01..2025-05-01 (depth 0): skipped, already bought and settled
[2026-09-24 21:14:27 PDT] 6A ohlcv-1m 2025-05-01..2025-06-01 (depth 0): skipped, already bought and settled
[2026-09-24 21:14:27 PDT] 6A ohlcv-1m 2025-06-01..2025-07-01 (depth 0): skipped, already bought and settled
[2026-09-24 21:14:27 PDT] 6A ohlcv-1m 2025-07-01..2025-08-01 (depth 0): skipped, already bought and settled
[2026-09-24 21:14:27 PDT] 6A ohlcv-1m 2025-08-01..2025-09-01 (depth 0): skipped, already bought and settled
[2026-09-24 21:14:27 PDT] 6A ohlcv-1m 2025-09-01..2025-10-01 (depth 0): skipped, already bought and settled
[2026-09-24 21:14:27 PDT] 6A ohlcv-1m 2025-10-01..2025-11-01 (depth 0): skipped, already bought and settled
[2026-09-24 21:14:27 PDT] 6A ohlcv-1m 2025-11-01..2025-12-01 (depth 0): skipped, already bought and settled
[2026-09-24 21:14:27 PDT] 6A ohlcv-1m 2025-12-01..2026-01-01 (depth 0): skipped, already bought and settled
[2026-09-24 21:14:27 PDT] 6A ohlcv-1m 2026-01-01..2026-02-01 (depth 0): skipped, already bought and settled
[2026-09-24 21:14:27 PDT] 6A ohlcv-1m 2026-02-01..2026-03-01 (depth 0): skipped, already bought and settled
[2026-09-24 21:14:27 PDT] 6A ohlcv-1m 2026-03-01..2026-04-01 (depth 0): skipped, already bought and settled
[2026-09-24 21:14:27 PDT] 6A ohlcv-1m 2026-04-01..2026-05-01 (depth 0): skipped, already bought and settled
[2026-09-24 21:14:27 PDT] 6A ohlcv-1m 2026-05-01..2026-06-01 (depth 0): skipped, already bought and settled
[2026-09-24 21:14:27 PDT] 6A ohlcv-1m 2026-06-01..2026-06-21 (depth 0): skipped, already bought and settled
[2026-09-24 21:14:27 PDT] M6A ohlcv-1m 2025-04-01..2025-05-01 (depth 0): skipped, already bought and settled
[2026-09-24 21:14:27 PDT] M6A ohlcv-1m 2025-05-01..2025-06-01 (depth 0): skipped, already bought and settled
[2026-09-24 21:14:27 PDT] M6A ohlcv-1m 2025-06-01..2025-07-01 (depth 0): skipped, already bought and settled
[2026-09-24 21:14:27 PDT] M6A ohlcv-1m 2025-07-01..2025-08-01 (depth 0): skipped, already bought and settled
[2026-09-24 21:14:27 PDT] M6A ohlcv-1m 2025-08-01..2025-09-01 (depth 0): skipped, already bought and settled
[2026-09-24 21:14:27 PDT] M6A ohlcv-1m 2025-09-01..2025-10-01 (depth 0): skipped, already bought and settled
[2026-09-24 21:14:27 PDT] M6A ohlcv-1m 2025-10-01..2025-11-01 (depth 0): skipped, already bought and settled
[2026-09-24 21:14:27 PDT] M6A ohlcv-1m 2025-11-01..2025-12-01 (depth 0): skipped, already bought and settled
[2026-09-24 21:14:27 PDT] M6A ohlcv-1m 2025-12-01..2026-01-01 (depth 0): skipped, already bought and settled
[2026-09-24 21:14:27 PDT] M6A ohlcv-1m 2026-01-01..2026-02-01 (depth 0): skipped, already bought and settled
[2026-09-24 21:14:27 PDT] M6A ohlcv-1m 2026-02-01..2026-03-01 (depth 0): skipped, already bought and settled
[2026-09-24 21:14:27 PDT] M6A ohlcv-1m 2026-03-01..2026-04-01 (depth 0): skipped, already bought and settled
[2026-09-24 21:14:27 PDT] M6A ohlcv-1m 2026-04-01..2026-05-01 (depth 0): skipped, already bought and settled
[2026-09-24 21:14:27 PDT] M6A ohlcv-1m 2026-05-01..2026-06-01 (depth 0): skipped, already bought and settled
[2026-09-24 21:14:27 PDT] M6A ohlcv-1m 2026-06-01..2026-06-21 (depth 0): skipped, already bought and settled
[2026-09-24 21:14:27 PDT] 6B ohlcv-1m 2025-04-01..2025-05-01 (depth 0): skipped, already bought and settled
[2026-09-24 21:14:27 PDT] 6B ohlcv-1m 2025-05-01..2025-06-01 (depth 0): skipped, already bought and settled
[2026-09-24 21:14:27 PDT] 6B ohlcv-1m 2025-06-01..2025-07-01 (depth 0): skipped, already bought and settled
[2026-09-24 21:14:27 PDT] 6B ohlcv-1m 2025-07-01..2025-08-01 (depth 0): skipped, already bought and settled
[2026-09-24 21:14:27 PDT] 6B ohlcv-1m 2025-08-01..2025-09-01 (depth 0): skipped, already bought and settled
[2026-09-24 21:14:27 PDT] 6B ohlcv-1m 2025-09-01..2025-10-01 (depth 0): skipped, already bought and settled
[2026-09-24 21:14:27 PDT] 6B ohlcv-1m 2025-10-01..2025-11-01 (depth 0): skipped, already bought and settled
[2026-09-24 21:14:27 PDT] 6B ohlcv-1m 2025-11-01..2025-12-01 (depth 0): skipped, already bought and settled
[2026-09-24 21:14:27 PDT] 6B ohlcv-1m 2025-12-01..2026-01-01 (depth 0): skipped, already bought and settled
[2026-09-24 21:14:27 PDT] 6B ohlcv-1m 2026-01-01..2026-02-01 (depth 0): skipped, already bought and settled
[2026-09-24 21:14:27 PDT] 6B ohlcv-1m 2026-02-01..2026-03-01 (depth 0): skipped, already bought and settled
[2026-09-24 21:14:27 PDT] 6B ohlcv-1m 2026-03-01..2026-04-01 (depth 0): skipped, already bought and settled
[2026-09-24 21:14:27 PDT] 6B ohlcv-1m 2026-04-01..2026-05-01 (depth 0): skipped, already bought and settled
[2026-09-24 21:14:27 PDT] 6B ohlcv-1m 2026-05-01..2026-06-01 (depth 0): skipped, already bought and settled
[2026-09-24 21:14:27 PDT] 6B ohlcv-1m 2026-06-01..2026-06-21 (depth 0): skipped, already bought and settled
[2026-09-24 21:14:27 PDT] M6B ohlcv-1m 2025-04-01..2025-05-01 (depth 0): skipped, already bought and settled
[2026-09-24 21:14:27 PDT] M6B ohlcv-1m 2025-05-01..2025-06-01 (depth 0): skipped, already bought and settled
[2026-09-24 21:14:27 PDT] M6B ohlcv-1m 2025-06-01..2025-07-01 (depth 0): skipped, already bought and settled
[2026-09-24 21:14:27 PDT] M6B ohlcv-1m 2025-07-01..2025-08-01 (depth 0): skipped, already bought and settled
[2026-09-24 21:14:27 PDT] M6B ohlcv-1m 2025-08-01..2025-09-01 (depth 0): skipped, already bought and settled
[2026-09-24 21:14:27 PDT] M6B ohlcv-1m 2025-09-01..2025-10-01 (depth 0): skipped, already bought and settled
[2026-09-24 21:14:27 PDT] M6B ohlcv-1m 2025-10-01..2025-11-01 (depth 0): skipped, already bought and settled
[2026-09-24 21:14:27 PDT] M6B ohlcv-1m 2025-11-01..2025-12-01 (depth 0): skipped, already bought and settled
[2026-09-24 21:14:27 PDT] M6B ohlcv-1m 2025-12-01..2026-01-01 (depth 0): skipped, already bought and settled
[2026-09-24 21:14:27 PDT] M6B ohlcv-1m 2026-01-01..2026-02-01 (depth 0): skipped, already bought and settled
[2026-09-24 21:14:27 PDT] M6B ohlcv-1m 2026-02-01..2026-03-01 (depth 0): skipped, already bought and settled
[2026-09-24 21:14:27 PDT] M6B ohlcv-1m 2026-03-01..2026-04-01 (depth 0): skipped, already bought and settled
[2026-09-24 21:14:27 PDT] M6B ohlcv-1m 2026-04-01..2026-05-01 (depth 0): skipped, already bought and settled
[2026-09-24 21:14:27 PDT] M6B ohlcv-1m 2026-05-01..2026-06-01 (depth 0): skipped, already bought and settled
[2026-09-24 21:14:27 PDT] M6B ohlcv-1m 2026-06-01..2026-06-21 (depth 0): skipped, already bought and settled
[2026-09-24 21:14:27 PDT] 6C ohlcv-1m 2025-04-01..2025-05-01 (depth 0): skipped, already bought and settled
[2026-09-24 21:14:27 PDT] 6C ohlcv-1m 2025-05-01..2025-06-01 (depth 0): skipped, already bought and settled
[2026-09-24 21:14:27 PDT] 6C ohlcv-1m 2025-06-01..2025-07-01 (depth 0): skipped, already bought and settled
[2026-09-24 21:14:27 PDT] 6C ohlcv-1m 2025-07-01..2025-08-01 (depth 0): skipped, already bought and settled
[2026-09-24 21:14:27 PDT] 6C ohlcv-1m 2025-08-01..2025-09-01 (depth 0): skipped, already bought and settled
[2026-09-24 21:14:27 PDT] 6C ohlcv-1m 2025-09-01..2025-10-01 (depth 0): skipped, already bought and settled
[2026-09-24 21:14:27 PDT] 6C ohlcv-1m 2025-10-01..2025-11-01 (depth 0): skipped, already bought and settled
[2026-09-24 21:14:27 PDT] 6C ohlcv-1m 2025-11-01..2025-12-01 (depth 0): skipped, already bought and settled
[2026-09-24 21:14:27 PDT] 6C ohlcv-1m 2025-12-01..2026-01-01 (depth 0): skipped, already bought and settled
[2026-09-24 21:14:27 PDT] 6C ohlcv-1m 2026-01-01..2026-02-01 (depth 0): skipped, already bought and settled
[2026-09-24 21:14:27 PDT] 6C ohlcv-1m 2026-02-01..2026-03-01 (depth 0): skipped, already bought and settled
[2026-09-24 21:14:27 PDT] 6C ohlcv-1m 2026-03-01..2026-04-01 (depth 0): skipped, already bought and settled
[2026-09-24 21:14:27 PDT] 6C ohlcv-1m 2026-04-01..2026-05-01 (depth 0): skipped, already bought and settled
[2026-09-24 21:14:27 PDT] 6C ohlcv-1m 2026-05-01..2026-06-01 (depth 0): skipped, already bought and settled
[2026-09-24 21:14:27 PDT] 6C ohlcv-1m 2026-06-01..2026-06-21 (depth 0): skipped, already bought and settled
[2026-09-24 21:14:27 PDT] 6J ohlcv-1m 2025-04-01..2025-05-01 (depth 0): skipped, already bought and settled
[2026-09-24 21:14:27 PDT] 6J ohlcv-1m 2025-05-01..2025-06-01 (depth 0): skipped, already bought and settled
[2026-09-24 21:14:27 PDT] 6J ohlcv-1m 2025-06-01..2025-07-01 (depth 0): skipped, already bought and settled
[2026-09-24 21:14:27 PDT] 6J ohlcv-1m 2025-07-01..2025-08-01 (depth 0): skipped, already bought and settled
[2026-09-24 21:14:27 PDT] 6J ohlcv-1m 2025-08-01..2025-09-01 (depth 0): skipped, already bought and settled
[2026-09-24 21:14:27 PDT] 6J ohlcv-1m 2025-09-01..2025-10-01 (depth 0): skipped, already bought and settled
[2026-09-24 21:14:27 PDT] 6J ohlcv-1m 2025-10-01..2025-11-01 (depth 0): skipped, already bought and settled
[2026-09-24 21:14:27 PDT] 6J ohlcv-1m 2025-11-01..2025-12-01 (depth 0): skipped, already bought and settled
[2026-09-24 21:14:27 PDT] 6J ohlcv-1m 2025-12-01..2026-01-01 (depth 0): skipped, already bought and settled
[2026-09-24 21:14:27 PDT] 6J ohlcv-1m 2026-01-01..2026-02-01 (depth 0): skipped, already bought and settled
[2026-09-24 21:14:27 PDT] 6J ohlcv-1m 2026-02-01..2026-03-01 (depth 0): skipped, already bought and settled
[2026-09-24 21:14:27 PDT] 6J ohlcv-1m 2026-03-01..2026-04-01 (depth 0): skipped, already bought and settled
[2026-09-24 21:14:27 PDT] 6J ohlcv-1m 2026-04-01..2026-05-01 (depth 0): skipped, already bought and settled
[2026-09-24 21:14:27 PDT] 6J ohlcv-1m 2026-05-01..2026-06-01 (depth 0): skipped, already bought and settled
[2026-09-24 21:14:27 PDT] 6J ohlcv-1m 2026-06-01..2026-06-21 (depth 0): skipped, already bought and settled
[2026-09-24 21:14:27 PDT] 6S ohlcv-1m 2025-04-01..2025-05-01 (depth 0): skipped, already bought and settled
[2026-09-24 21:14:27 PDT] 6S ohlcv-1m 2025-05-01..2025-06-01 (depth 0): skipped, already bought and settled
[2026-09-24 21:14:27 PDT] 6S ohlcv-1m 2025-06-01..2025-07-01 (depth 0): skipped, already bought and settled
[2026-09-24 21:14:27 PDT] 6S ohlcv-1m 2025-07-01..2025-08-01 (depth 0): skipped, already bought and settled
[2026-09-24 21:14:27 PDT] 6S ohlcv-1m 2025-08-01..2025-09-01 (depth 0): skipped, already bought and settled
[2026-09-24 21:14:27 PDT] 6S ohlcv-1m 2025-09-01..2025-10-01 (depth 0): skipped, already bought and settled
[2026-09-24 21:14:27 PDT] 6S ohlcv-1m 2025-10-01..2025-11-01 (depth 0): skipped, already bought and settled
[2026-09-24 21:14:27 PDT] 6S ohlcv-1m 2025-11-01..2025-12-01 (depth 0): skipped, already bought and settled
[2026-09-24 21:14:27 PDT] 6S ohlcv-1m 2025-12-01..2026-01-01 (depth 0): skipped, already bought and settled
[2026-09-24 21:14:27 PDT] 6S ohlcv-1m 2026-01-01..2026-02-01 (depth 0): skipped, already bought and settled
[2026-09-24 21:14:27 PDT] 6S ohlcv-1m 2026-02-01..2026-03-01 (depth 0): skipped, already bought and settled
[2026-09-24 21:14:27 PDT] 6S ohlcv-1m 2026-03-01..2026-04-01 (depth 0): skipped, already bought and settled
[2026-09-24 21:14:27 PDT] 6S ohlcv-1m 2026-04-01..2026-05-01 (depth 0): skipped, already bought and settled
[2026-09-24 21:14:27 PDT] 6S ohlcv-1m 2026-05-01..2026-06-01 (depth 0): skipped, already bought and settled
[2026-09-24 21:14:27 PDT] 6S ohlcv-1m 2026-06-01..2026-06-21 (depth 0): skipped, already bought and settled
[2026-09-24 21:14:27 PDT] 6N ohlcv-1m 2025-04-01..2025-05-01 (depth 0): skipped, already bought and settled
[2026-09-24 21:14:27 PDT] 6N ohlcv-1m 2025-05-01..2025-06-01 (depth 0): skipped, already bought and settled
[2026-09-24 21:14:27 PDT] 6N ohlcv-1m 2025-06-01..2025-07-01 (depth 0): skipped, already bought and settled
[2026-09-24 21:14:27 PDT] 6N ohlcv-1m 2025-07-01..2025-08-01 (depth 0): skipped, already bought and settled
[2026-09-24 21:14:27 PDT] 6N ohlcv-1m 2025-08-01..2025-09-01 (depth 0): skipped, already bought and settled
[2026-09-24 21:14:27 PDT] 6N ohlcv-1m 2025-09-01..2025-10-01 (depth 0): skipped, already bought and settled
[2026-09-24 21:14:27 PDT] 6N ohlcv-1m 2025-10-01..2025-11-01 (depth 0): skipped, already bought and settled
[2026-09-24 21:14:27 PDT] 6N ohlcv-1m 2025-11-01..2025-12-01 (depth 0): skipped, already bought and settled
[2026-09-24 21:14:27 PDT] 6N ohlcv-1m 2025-12-01..2026-01-01 (depth 0): skipped, already bought and settled
[2026-09-24 21:14:27 PDT] 6N ohlcv-1m 2026-01-01..2026-02-01 (depth 0): skipped, already bought and settled
[2026-09-24 21:14:27 PDT] 6N ohlcv-1m 2026-02-01..2026-03-01 (depth 0): skipped, already bought and settled
[2026-09-24 21:14:27 PDT] 6N ohlcv-1m 2026-03-01..2026-04-01 (depth 0): skipped, already bought and settled
[2026-09-24 21:14:27 PDT] 6N ohlcv-1m 2026-04-01..2026-05-01 (depth 0): skipped, already bought and settled
[2026-09-24 21:14:27 PDT] 6N ohlcv-1m 2026-05-01..2026-06-01 (depth 0): skipped, already bought and settled
[2026-09-24 21:14:27 PDT] 6N ohlcv-1m 2026-06-01..2026-06-21 (depth 0): skipped, already bought and settled
[2026-09-24 21:14:27 PDT] CL ohlcv-1m 2025-04-01..2025-05-01 (depth 0): skipped, already bought and settled
[2026-09-24 21:14:27 PDT] CL ohlcv-1m 2025-05-01..2025-06-01 (depth 0): skipped, already bought and settled
[2026-09-24 21:14:27 PDT] CL ohlcv-1m 2025-06-01..2025-07-01 (depth 0): skipped, already bought and settled
[2026-09-24 21:14:27 PDT] CL ohlcv-1m 2025-07-01..2025-08-01 (depth 0): skipped, already bought and settled
[2026-09-24 21:14:27 PDT] CL ohlcv-1m 2025-08-01..2025-09-01 (depth 0): skipped, already bought and settled
[2026-09-24 21:14:27 PDT] CL ohlcv-1m 2025-09-01..2025-10-01 (depth 0): skipped, already bought and settled
[2026-09-24 21:14:27 PDT] CL ohlcv-1m 2025-10-01..2025-11-01 (depth 0): skipped, already bought and settled
[2026-09-24 21:14:27 PDT] CL ohlcv-1m 2025-11-01..2025-12-01 (depth 0): skipped, already bought and settled
[2026-09-24 21:14:27 PDT] CL ohlcv-1m 2025-12-01..2026-01-01 (depth 0): skipped, already bought and settled
[2026-09-24 21:14:27 PDT] CL ohlcv-1m 2026-01-01..2026-02-01 (depth 0): skipped, already bought and settled
[2026-09-24 21:14:27 PDT] CL ohlcv-1m 2026-02-01..2026-03-01 (depth 0): skipped, already bought and settled
[2026-09-24 21:14:27 PDT] CL ohlcv-1m 2026-03-01..2026-04-01 (depth 0): skipped, already bought and settled
[2026-09-24 21:14:27 PDT] CL ohlcv-1m 2026-04-01..2026-05-01 (depth 0): skipped, already bought and settled
[2026-09-24 21:14:27 PDT] CL ohlcv-1m 2026-05-01..2026-06-01 (depth 0): skipped, already bought and settled
[2026-09-24 21:14:27 PDT] CL ohlcv-1m 2026-06-01..2026-06-21 (depth 0): skipped, already bought and settled
[2026-09-24 21:14:27 PDT] MCL ohlcv-1m 2025-04-01..2025-05-01 (depth 0): skipped, already bought and settled
[2026-09-24 21:14:27 PDT] MCL ohlcv-1m 2025-05-01..2025-06-01 (depth 0): skipped, already bought and settled
[2026-09-24 21:14:27 PDT] MCL ohlcv-1m 2025-06-01..2025-07-01 (depth 0): skipped, already bought and settled
[2026-09-24 21:14:27 PDT] MCL ohlcv-1m 2025-07-01..2025-08-01 (depth 0): skipped, already bought and settled
[2026-09-24 21:14:27 PDT] MCL ohlcv-1m 2025-08-01..2025-09-01 (depth 0): skipped, already bought and settled
[2026-09-24 21:14:27 PDT] MCL ohlcv-1m 2025-09-01..2025-10-01 (depth 0): skipped, already bought and settled
[2026-09-24 21:14:27 PDT] MCL ohlcv-1m 2025-10-01..2025-11-01 (depth 0): skipped, already bought and settled
[2026-09-24 21:14:27 PDT] MCL ohlcv-1m 2025-11-01..2025-12-01 (depth 0): skipped, already bought and settled
[2026-09-24 21:14:27 PDT] MCL ohlcv-1m 2025-12-01..2026-01-01 (depth 0): skipped, already bought and settled
[2026-09-24 21:14:27 PDT] MCL ohlcv-1m 2026-01-01..2026-02-01 (depth 0): skipped, already bought and settled
[2026-09-24 21:14:27 PDT] MCL ohlcv-1m 2026-02-01..2026-03-01 (depth 0): skipped, already bought and settled
[2026-09-24 21:14:27 PDT] MCL ohlcv-1m 2026-03-01..2026-04-01 (depth 0): skipped, already bought and settled
[2026-09-24 21:14:27 PDT] MCL ohlcv-1m 2026-04-01..2026-05-01 (depth 0): skipped, already bought and settled
[2026-09-24 21:14:27 PDT] MCL ohlcv-1m 2026-05-01..2026-06-01 (depth 0): skipped, already bought and settled
[2026-09-24 21:14:27 PDT] MCL ohlcv-1m 2026-06-01..2026-06-21 (depth 0): skipped, already bought and settled
[2026-09-24 21:14:27 PDT] QM ohlcv-1m 2025-04-01..2025-05-01 (depth 0): skipped, already bought and settled
[2026-09-24 21:14:27 PDT] QM ohlcv-1m 2025-05-01..2025-06-01 (depth 0): skipped, already bought and settled
[2026-09-24 21:14:27 PDT] QM ohlcv-1m 2025-06-01..2025-07-01 (depth 0): skipped, already bought and settled
[2026-09-24 21:14:27 PDT] QM ohlcv-1m 2025-07-01..2025-08-01 (depth 0): skipped, already bought and settled
[2026-09-24 21:14:27 PDT] QM ohlcv-1m 2025-08-01..2025-09-01 (depth 0): skipped, already bought and settled
[2026-09-24 21:14:27 PDT] QM ohlcv-1m 2025-09-01..2025-10-01 (depth 0): skipped, already bought and settled
[2026-09-24 21:14:27 PDT] QM ohlcv-1m 2025-10-01..2025-11-01 (depth 0): skipped, already bought and settled
[2026-09-24 21:14:27 PDT] QM ohlcv-1m 2025-11-01..2025-12-01 (depth 0): skipped, already bought and settled
[2026-09-24 21:14:27 PDT] QM ohlcv-1m 2025-12-01..2026-01-01 (depth 0): skipped, already bought and settled
[2026-09-24 21:14:27 PDT] QM ohlcv-1m 2026-01-01..2026-02-01 (depth 0): skipped, already bought and settled
[2026-09-24 21:14:27 PDT] QM ohlcv-1m 2026-02-01..2026-03-01 (depth 0): skipped, already bought and settled
[2026-09-24 21:14:27 PDT] QM ohlcv-1m 2026-03-01..2026-04-01 (depth 0): skipped, already bought and settled
[2026-09-24 21:14:27 PDT] QM ohlcv-1m 2026-04-01..2026-05-01 (depth 0): skipped, already bought and settled
[2026-09-24 21:14:27 PDT] QM ohlcv-1m 2026-05-01..2026-06-01 (depth 0): skipped, already bought and settled
[2026-09-24 21:14:27 PDT] QM ohlcv-1m 2026-06-01..2026-06-21 (depth 0): skipped, already bought and settled
[2026-09-24 21:14:27 PDT] NG ohlcv-1m 2025-04-01..2025-05-01 (depth 0): skipped, already bought and settled
[2026-09-24 21:14:27 PDT] NG ohlcv-1m 2025-05-01..2025-06-01 (depth 0): skipped, already bought and settled
[2026-09-24 21:14:27 PDT] NG ohlcv-1m 2025-06-01..2025-07-01 (depth 0): skipped, already bought and settled
[2026-09-24 21:14:27 PDT] NG ohlcv-1m 2025-07-01..2025-08-01 (depth 0): skipped, already bought and settled
[2026-09-24 21:14:27 PDT] NG ohlcv-1m 2025-08-01..2025-09-01 (depth 0): skipped, already bought and settled
[2026-09-24 21:14:27 PDT] NG ohlcv-1m 2025-09-01..2025-10-01 (depth 0): skipped, already bought and settled
[2026-09-24 21:14:27 PDT] NG ohlcv-1m 2025-10-01..2025-11-01 (depth 0): skipped, already bought and settled
[2026-09-24 21:14:27 PDT] NG ohlcv-1m 2025-11-01..2025-12-01 (depth 0): skipped, already bought and settled
[2026-09-24 21:14:27 PDT] NG ohlcv-1m 2025-12-01..2026-01-01 (depth 0): skipped, already bought and settled
[2026-09-24 21:14:27 PDT] NG ohlcv-1m 2026-01-01..2026-02-01 (depth 0): skipped, already bought and settled
[2026-09-24 21:14:27 PDT] NG ohlcv-1m 2026-02-01..2026-03-01 (depth 0): skipped, already bought and settled
[2026-09-24 21:14:27 PDT] NG ohlcv-1m 2026-03-01..2026-04-01 (depth 0): skipped, already bought and settled
[2026-09-24 21:14:27 PDT] NG ohlcv-1m 2026-04-01..2026-05-01 (depth 0): skipped, already bought and settled
[2026-09-24 21:14:27 PDT] NG ohlcv-1m 2026-05-01..2026-06-01 (depth 0): skipped, already bought and settled
[2026-09-24 21:14:27 PDT] NG ohlcv-1m 2026-06-01..2026-06-21 (depth 0): skipped, already bought and settled
[2026-09-24 21:14:27 PDT] MNG ohlcv-1m 2025-04-01..2025-05-01 (depth 0): skipped, already bought and settled
[2026-09-24 21:14:27 PDT] MNG ohlcv-1m 2025-05-01..2025-06-01 (depth 0): skipped, already bought and settled
[2026-09-24 21:14:27 PDT] MNG ohlcv-1m 2025-06-01..2025-07-01 (depth 0): skipped, already bought and settled
[2026-09-24 21:14:27 PDT] MNG ohlcv-1m 2025-07-01..2025-08-01 (depth 0): skipped, already bought and settled
[2026-09-24 21:14:27 PDT] MNG ohlcv-1m 2025-08-01..2025-09-01 (depth 0): skipped, already bought and settled
[2026-09-24 21:14:27 PDT] MNG ohlcv-1m 2025-09-01..2025-10-01 (depth 0): skipped, already bought and settled
[2026-09-24 21:14:27 PDT] MNG ohlcv-1m 2025-10-01..2025-11-01 (depth 0): skipped, already bought and settled
[2026-09-24 21:14:27 PDT] MNG ohlcv-1m 2025-11-01..2025-12-01 (depth 0): skipped, already bought and settled
[2026-09-24 21:14:27 PDT] MNG ohlcv-1m 2025-12-01..2026-01-01 (depth 0): skipped, already bought and settled
[2026-09-24 21:14:27 PDT] MNG ohlcv-1m 2026-01-01..2026-02-01 (depth 0): skipped, already bought and settled
[2026-09-24 21:14:27 PDT] MNG ohlcv-1m 2026-02-01..2026-03-01 (depth 0): skipped, already bought and settled
[2026-09-24 21:14:27 PDT] MNG ohlcv-1m 2026-03-01..2026-04-01 (depth 0): skipped, already bought and settled
[2026-09-24 21:14:27 PDT] MNG ohlcv-1m 2026-04-01..2026-05-01 (depth 0): skipped, already bought and settled
[2026-09-24 21:14:27 PDT] MNG ohlcv-1m 2026-05-01..2026-06-01 (depth 0): skipped, already bought and settled
[2026-09-24 21:14:27 PDT] MNG ohlcv-1m 2026-06-01..2026-06-21 (depth 0): skipped, already bought and settled
[2026-09-24 21:14:27 PDT] QG ohlcv-1m 2025-04-01..2025-05-01 (depth 0): skipped, already bought and settled
[2026-09-24 21:14:27 PDT] QG ohlcv-1m 2025-05-01..2025-06-01 (depth 0): skipped, already bought and settled
[2026-09-24 21:14:27 PDT] QG ohlcv-1m 2025-06-01..2025-07-01 (depth 0): skipped, already bought and settled
[2026-09-24 21:14:27 PDT] QG ohlcv-1m 2025-07-01..2025-08-01 (depth 0): skipped, already bought and settled
[2026-09-24 21:14:27 PDT] QG ohlcv-1m 2025-08-01..2025-09-01 (depth 0): skipped, already bought and settled
[2026-09-24 21:14:27 PDT] QG ohlcv-1m 2025-09-01..2025-10-01 (depth 0): skipped, already bought and settled
[2026-09-24 21:14:27 PDT] QG ohlcv-1m 2025-10-01..2025-11-01 (depth 0): skipped, already bought and settled
[2026-09-24 21:14:27 PDT] QG ohlcv-1m 2025-11-01..2025-12-01 (depth 0): skipped, already bought and settled
[2026-09-24 21:14:27 PDT] QG ohlcv-1m 2025-12-01..2026-01-01 (depth 0): skipped, already bought and settled
[2026-09-24 21:14:27 PDT] QG ohlcv-1m 2026-01-01..2026-02-01 (depth 0): skipped, already bought and settled
[2026-09-24 21:14:27 PDT] QG ohlcv-1m 2026-02-01..2026-03-01 (depth 0): skipped, already bought and settled
[2026-09-24 21:14:27 PDT] QG ohlcv-1m 2026-03-01..2026-04-01 (depth 0): skipped, already bought and settled
[2026-09-24 21:14:27 PDT] QG ohlcv-1m 2026-04-01..2026-05-01 (depth 0): skipped, already bought and settled
[2026-09-24 21:14:27 PDT] QG ohlcv-1m 2026-05-01..2026-06-01 (depth 0): skipped, already bought and settled
[2026-09-24 21:14:27 PDT] QG ohlcv-1m 2026-06-01..2026-06-21 (depth 0): skipped, already bought and settled
[2026-09-24 21:14:27 PDT] RB ohlcv-1m 2025-04-01..2025-05-01 (depth 0): skipped, already bought and settled
[2026-09-24 21:14:27 PDT] RB ohlcv-1m 2025-05-01..2025-06-01 (depth 0): skipped, already bought and settled
[2026-09-24 21:14:27 PDT] RB ohlcv-1m 2025-06-01..2025-07-01 (depth 0): skipped, already bought and settled
[2026-09-24 21:14:27 PDT] RB ohlcv-1m 2025-07-01..2025-08-01 (depth 0): skipped, already bought and settled
[2026-09-24 21:14:27 PDT] RB ohlcv-1m 2025-08-01..2025-09-01 (depth 0): skipped, already bought and settled
[2026-09-24 21:14:27 PDT] RB ohlcv-1m 2025-09-01..2025-10-01 (depth 0): skipped, already bought and settled
[2026-09-24 21:14:27 PDT] RB ohlcv-1m 2025-10-01..2025-11-01 (depth 0): skipped, already bought and settled
[2026-09-24 21:14:27 PDT] RB ohlcv-1m 2025-11-01..2025-12-01 (depth 0): skipped, already bought and settled
[2026-09-24 21:14:27 PDT] RB ohlcv-1m 2025-12-01..2026-01-01 (depth 0): skipped, already bought and settled
[2026-09-24 21:14:27 PDT] RB ohlcv-1m 2026-01-01..2026-02-01 (depth 0): skipped, already bought and settled
[2026-09-24 21:14:27 PDT] RB ohlcv-1m 2026-02-01..2026-03-01 (depth 0): skipped, already bought and settled
[2026-09-24 21:14:27 PDT] RB ohlcv-1m 2026-03-01..2026-04-01 (depth 0): skipped, already bought and settled
[2026-09-24 21:14:27 PDT] RB ohlcv-1m 2026-04-01..2026-05-01 (depth 0): skipped, already bought and settled
[2026-09-24 21:14:27 PDT] RB ohlcv-1m 2026-05-01..2026-06-01 (depth 0): skipped, already bought and settled
[2026-09-24 21:14:27 PDT] RB ohlcv-1m 2026-06-01..2026-06-21 (depth 0): skipped, already bought and settled
[2026-09-24 21:14:27 PDT] HO ohlcv-1m 2025-04-01..2025-05-01 (depth 0): skipped, already bought and settled
[2026-09-24 21:14:27 PDT] HO ohlcv-1m 2025-05-01..2025-06-01 (depth 0): skipped, already bought and settled
[2026-09-24 21:14:27 PDT] HO ohlcv-1m 2025-06-01..2025-07-01 (depth 0): skipped, already bought and settled
[2026-09-24 21:14:27 PDT] HO ohlcv-1m 2025-07-01..2025-08-01 (depth 0): skipped, already bought and settled
[2026-09-24 21:14:27 PDT] HO ohlcv-1m 2025-08-01..2025-09-01 (depth 0): skipped, already bought and settled
[2026-09-24 21:14:27 PDT] HO ohlcv-1m 2025-09-01..2025-10-01 (depth 0): skipped, already bought and settled
[2026-09-24 21:14:27 PDT] HO ohlcv-1m 2025-10-01..2025-11-01 (depth 0): skipped, already bought and settled
[2026-09-24 21:14:27 PDT] HO ohlcv-1m 2025-11-01..2025-12-01 (depth 0): skipped, already bought and settled
[2026-09-24 21:14:27 PDT] HO ohlcv-1m 2025-12-01..2026-01-01 (depth 0): skipped, already bought and settled
[2026-09-24 21:14:27 PDT] HO ohlcv-1m 2026-01-01..2026-02-01 (depth 0): skipped, already bought and settled
[2026-09-24 21:14:27 PDT] HO ohlcv-1m 2026-02-01..2026-03-01 (depth 0): skipped, already bought and settled
[2026-09-24 21:14:27 PDT] HO ohlcv-1m 2026-03-01..2026-04-01 (depth 0): skipped, already bought and settled
[2026-09-24 21:14:27 PDT] HO ohlcv-1m 2026-04-01..2026-05-01 (depth 0): skipped, already bought and settled
[2026-09-24 21:14:27 PDT] HO ohlcv-1m 2026-05-01..2026-06-01 (depth 0): skipped, already bought and settled
[2026-09-24 21:14:27 PDT] HO ohlcv-1m 2026-06-01..2026-06-21 (depth 0): skipped, already bought and settled
[2026-09-24 21:14:27 PDT] MGC ohlcv-1m 2025-04-01..2025-05-01 (depth 0): skipped, already bought and settled
[2026-09-24 21:14:27 PDT] MGC ohlcv-1m 2025-05-01..2025-06-01 (depth 0): skipped, already bought and settled
[2026-09-24 21:14:27 PDT] MGC ohlcv-1m 2025-06-01..2025-07-01 (depth 0): skipped, already bought and settled
[2026-09-24 21:14:27 PDT] MGC ohlcv-1m 2025-07-01..2025-08-01 (depth 0): skipped, already bought and settled
[2026-09-24 21:14:27 PDT] MGC ohlcv-1m 2025-08-01..2025-09-01 (depth 0): skipped, already bought and settled
[2026-09-24 21:14:27 PDT] MGC ohlcv-1m 2025-09-01..2025-10-01 (depth 0): skipped, already bought and settled
[2026-09-24 21:14:27 PDT] MGC ohlcv-1m 2025-10-01..2025-11-01 (depth 0): skipped, already bought and settled
[2026-09-24 21:14:27 PDT] MGC ohlcv-1m 2025-11-01..2025-12-01 (depth 0): skipped, already bought and settled
[2026-09-24 21:14:27 PDT] MGC ohlcv-1m 2025-12-01..2026-01-01 (depth 0): skipped, already bought and settled
[2026-09-24 21:14:27 PDT] MGC ohlcv-1m 2026-01-01..2026-02-01 (depth 0): skipped, already bought and settled
[2026-09-24 21:14:27 PDT] MGC ohlcv-1m 2026-02-01..2026-03-01 (depth 0): skipped, already bought and settled
[2026-09-24 21:14:27 PDT] MGC ohlcv-1m 2026-03-01..2026-04-01 (depth 0): skipped, already bought and settled
[2026-09-24 21:14:27 PDT] MGC ohlcv-1m 2026-04-01..2026-05-01 (depth 0): skipped, already bought and settled
[2026-09-24 21:14:27 PDT] MGC ohlcv-1m 2026-05-01..2026-06-01 (depth 0): skipped, already bought and settled
[2026-09-24 21:14:27 PDT] MGC ohlcv-1m 2026-06-01..2026-06-21 (depth 0): skipped, already bought and settled
[2026-09-24 21:14:27 PDT] GC ohlcv-1m 2025-04-01..2025-05-01 (depth 0): skipped, already bought and settled
[2026-09-24 21:14:27 PDT] GC ohlcv-1m 2025-05-01..2025-06-01 (depth 0): skipped, already bought and settled
[2026-09-24 21:14:27 PDT] GC ohlcv-1m 2025-06-01..2025-07-01 (depth 0): skipped, already bought and settled
[2026-09-24 21:14:27 PDT] GC ohlcv-1m 2025-07-01..2025-08-01 (depth 0): skipped, already bought and settled
[2026-09-24 21:14:27 PDT] GC ohlcv-1m 2025-08-01..2025-09-01 (depth 0): skipped, already bought and settled
[2026-09-24 21:14:27 PDT] GC ohlcv-1m 2025-09-01..2025-10-01 (depth 0): skipped, already bought and settled
[2026-09-24 21:14:27 PDT] GC ohlcv-1m 2025-10-01..2025-11-01 (depth 0): skipped, already bought and settled
[2026-09-24 21:14:27 PDT] GC ohlcv-1m 2025-11-01..2025-12-01 (depth 0): skipped, already bought and settled
[2026-09-24 21:14:27 PDT] GC ohlcv-1m 2025-12-01..2026-01-01 (depth 0): skipped, already bought and settled
[2026-09-24 21:14:27 PDT] GC ohlcv-1m 2026-01-01..2026-02-01 (depth 0): skipped, already bought and settled
[2026-09-24 21:14:27 PDT] GC ohlcv-1m 2026-02-01..2026-03-01 (depth 0): skipped, already bought and settled
[2026-09-24 21:14:27 PDT] GC ohlcv-1m 2026-03-01..2026-04-01 (depth 0): skipped, already bought and settled
[2026-09-24 21:14:27 PDT] GC ohlcv-1m 2026-04-01..2026-05-01 (depth 0): skipped, already bought and settled
[2026-09-24 21:14:27 PDT] GC ohlcv-1m 2026-05-01..2026-06-01 (depth 0): skipped, already bought and settled
[2026-09-24 21:14:27 PDT] GC ohlcv-1m 2026-06-01..2026-06-21 (depth 0): skipped, already bought and settled
[2026-09-24 21:14:27 PDT] SIL ohlcv-1m 2025-04-01..2025-05-01 (depth 0): skipped, already bought and settled
[2026-09-24 21:14:27 PDT] SIL ohlcv-1m 2025-05-01..2025-06-01 (depth 0): skipped, already bought and settled
[2026-09-24 21:14:27 PDT] SIL ohlcv-1m 2025-06-01..2025-07-01 (depth 0): skipped, already bought and settled
[2026-09-24 21:14:27 PDT] SIL ohlcv-1m 2025-07-01..2025-08-01 (depth 0): skipped, already bought and settled
[2026-09-24 21:14:27 PDT] SIL ohlcv-1m 2025-08-01..2025-09-01 (depth 0): skipped, already bought and settled
[2026-09-24 21:14:27 PDT] SIL ohlcv-1m 2025-09-01..2025-10-01 (depth 0): skipped, already bought and settled
[2026-09-24 21:14:27 PDT] SIL ohlcv-1m 2025-10-01..2025-11-01 (depth 0): skipped, already bought and settled
[2026-09-24 21:14:27 PDT] SIL ohlcv-1m 2025-11-01..2025-12-01 (depth 0): skipped, already bought and settled
[2026-09-24 21:14:27 PDT] SIL ohlcv-1m 2025-12-01..2026-01-01 (depth 0): skipped, already bought and settled
[2026-09-24 21:14:27 PDT] SIL ohlcv-1m 2026-01-01..2026-02-01 (depth 0): skipped, already bought and settled
[2026-09-24 21:14:27 PDT] SIL ohlcv-1m 2026-02-01..2026-03-01 (depth 0): skipped, already bought and settled
[2026-09-24 21:14:27 PDT] SIL ohlcv-1m 2026-03-01..2026-04-01 (depth 0): skipped, already bought and settled
[2026-09-24 21:14:27 PDT] SIL ohlcv-1m 2026-04-01..2026-05-01 (depth 0): skipped, already bought and settled
[2026-09-24 21:14:27 PDT] SIL ohlcv-1m 2026-05-01..2026-06-01 (depth 0): skipped, already bought and settled
[2026-09-24 21:14:27 PDT] SIL ohlcv-1m 2026-06-01..2026-06-21 (depth 0): skipped, already bought and settled
[2026-09-24 21:14:27 PDT] SI ohlcv-1m 2025-04-01..2025-05-01 (depth 0): skipped, already bought and settled
[2026-09-24 21:14:27 PDT] SI ohlcv-1m 2025-05-01..2025-06-01 (depth 0): skipped, already bought and settled
[2026-09-24 21:14:27 PDT] SI ohlcv-1m 2025-06-01..2025-07-01 (depth 0): skipped, already bought and settled
[2026-09-24 21:14:27 PDT] SI ohlcv-1m 2025-07-01..2025-08-01 (depth 0): skipped, already bought and settled
[2026-09-24 21:14:27 PDT] SI ohlcv-1m 2025-08-01..2025-09-01 (depth 0): skipped, already bought and settled
[2026-09-24 21:14:27 PDT] SI ohlcv-1m 2025-09-01..2025-10-01 (depth 0): skipped, already bought and settled
[2026-09-24 21:14:27 PDT] SI ohlcv-1m 2025-10-01..2025-11-01 (depth 0): skipped, already bought and settled
[2026-09-24 21:14:27 PDT] SI ohlcv-1m 2025-11-01..2025-12-01 (depth 0): skipped, already bought and settled
[2026-09-24 21:14:27 PDT] SI ohlcv-1m 2025-12-01..2026-01-01 (depth 0): skipped, already bought and settled
[2026-09-24 21:14:27 PDT] SI ohlcv-1m 2026-01-01..2026-02-01 (depth 0): skipped, already bought and settled
[2026-09-24 21:14:27 PDT] SI ohlcv-1m 2026-02-01..2026-03-01 (depth 0): skipped, already bought and settled
[2026-09-24 21:14:27 PDT] SI ohlcv-1m 2026-03-01..2026-04-01 (depth 0): skipped, already bought and settled
[2026-09-24 21:14:27 PDT] SI ohlcv-1m 2026-04-01..2026-05-01 (depth 0): skipped, already bought and settled
[2026-09-24 21:14:27 PDT] SI ohlcv-1m 2026-05-01..2026-06-01 (depth 0): skipped, already bought and settled
[2026-09-24 21:14:27 PDT] SI ohlcv-1m 2026-06-01..2026-06-21 (depth 0): skipped, already bought and settled
[2026-09-24 21:14:27 PDT] HG ohlcv-1m 2025-04-01..2025-05-01 (depth 0): skipped, already bought and settled
[2026-09-24 21:14:27 PDT] HG ohlcv-1m 2025-05-01..2025-06-01 (depth 0): skipped, already bought and settled
[2026-09-24 21:14:27 PDT] HG ohlcv-1m 2025-06-01..2025-07-01 (depth 0): skipped, already bought and settled
[2026-09-24 21:14:27 PDT] HG ohlcv-1m 2025-07-01..2025-08-01 (depth 0): skipped, already bought and settled
[2026-09-24 21:14:27 PDT] HG ohlcv-1m 2025-08-01..2025-09-01 (depth 0): skipped, already bought and settled
[2026-09-24 21:14:27 PDT] HG ohlcv-1m 2025-09-01..2025-10-01 (depth 0): skipped, already bought and settled
[2026-09-24 21:14:27 PDT] HG ohlcv-1m 2025-10-01..2025-11-01 (depth 0): skipped, already bought and settled
[2026-09-24 21:14:27 PDT] HG ohlcv-1m 2025-11-01..2025-12-01 (depth 0): skipped, already bought and settled
[2026-09-24 21:14:27 PDT] HG ohlcv-1m 2025-12-01..2026-01-01 (depth 0): skipped, already bought and settled
[2026-09-24 21:14:27 PDT] HG ohlcv-1m 2026-01-01..2026-02-01 (depth 0): skipped, already bought and settled
[2026-09-24 21:14:27 PDT] HG ohlcv-1m 2026-02-01..2026-03-01 (depth 0): skipped, already bought and settled
[2026-09-24 21:14:27 PDT] HG ohlcv-1m 2026-03-01..2026-04-01 (depth 0): skipped, already bought and settled
[2026-09-24 21:14:27 PDT] HG ohlcv-1m 2026-04-01..2026-05-01 (depth 0): skipped, already bought and settled
[2026-09-24 21:14:27 PDT] HG ohlcv-1m 2026-05-01..2026-06-01 (depth 0): skipped, already bought and settled
[2026-09-24 21:14:27 PDT] HG ohlcv-1m 2026-06-01..2026-06-21 (depth 0): skipped, already bought and settled
[2026-09-24 21:14:27 PDT] MHG ohlcv-1m 2025-04-01..2025-05-01 (depth 0): skipped, already bought and settled
[2026-09-24 21:14:27 PDT] MHG ohlcv-1m 2025-05-01..2025-06-01 (depth 0): skipped, already bought and settled
[2026-09-24 21:14:27 PDT] MHG ohlcv-1m 2025-06-01..2025-07-01 (depth 0): skipped, already bought and settled
[2026-09-24 21:14:27 PDT] MHG ohlcv-1m 2025-07-01..2025-08-01 (depth 0): skipped, already bought and settled
[2026-09-24 21:14:27 PDT] MHG ohlcv-1m 2025-08-01..2025-09-01 (depth 0): skipped, already bought and settled
[2026-09-24 21:14:27 PDT] MHG ohlcv-1m 2025-09-01..2025-10-01 (depth 0): skipped, already bought and settled
[2026-09-24 21:14:27 PDT] MHG ohlcv-1m 2025-10-01..2025-11-01 (depth 0): skipped, already bought and settled
[2026-09-24 21:14:27 PDT] MHG ohlcv-1m 2025-11-01..2025-12-01 (depth 0): skipped, already bought and settled
[2026-09-24 21:14:27 PDT] MHG ohlcv-1m 2025-12-01..2026-01-01 (depth 0): skipped, already bought and settled
[2026-09-24 21:14:27 PDT] MHG ohlcv-1m 2026-01-01..2026-02-01 (depth 0): skipped, already bought and settled
[2026-09-24 21:14:27 PDT] MHG ohlcv-1m 2026-02-01..2026-03-01 (depth 0): skipped, already bought and settled
[2026-09-24 21:14:27 PDT] MHG ohlcv-1m 2026-03-01..2026-04-01 (depth 0): skipped, already bought and settled
[2026-09-24 21:14:27 PDT] MHG ohlcv-1m 2026-04-01..2026-05-01 (depth 0): skipped, already bought and settled
[2026-09-24 21:14:27 PDT] MHG ohlcv-1m 2026-05-01..2026-06-01 (depth 0): skipped, already bought and settled
[2026-09-24 21:14:27 PDT] MHG ohlcv-1m 2026-06-01..2026-06-21 (depth 0): skipped, already bought and settled
[2026-09-24 21:14:27 PDT] ZC ohlcv-1m 2025-04-01..2025-05-01 (depth 0): skipped, already bought and settled
[2026-09-24 21:14:27 PDT] ZC ohlcv-1m 2025-05-01..2025-06-01 (depth 0): skipped, already bought and settled
[2026-09-24 21:14:27 PDT] ZC ohlcv-1m 2025-06-01..2025-07-01 (depth 0): skipped, already bought and settled
[2026-09-24 21:14:27 PDT] ZC ohlcv-1m 2025-07-01..2025-08-01 (depth 0): skipped, already bought and settled
[2026-09-24 21:14:27 PDT] ZC ohlcv-1m 2025-08-01..2025-09-01 (depth 0): skipped, already bought and settled
[2026-09-24 21:14:27 PDT] ZC ohlcv-1m 2025-09-01..2025-10-01 (depth 0): skipped, already bought and settled
[2026-09-24 21:14:27 PDT] ZC ohlcv-1m 2025-10-01..2025-11-01 (depth 0): skipped, already bought and settled
[2026-09-24 21:14:27 PDT] ZC ohlcv-1m 2025-11-01..2025-12-01 (depth 0): skipped, already bought and settled
[2026-09-24 21:14:27 PDT] ZC ohlcv-1m 2025-12-01..2026-01-01 (depth 0): skipped, already bought and settled
[2026-09-24 21:14:27 PDT] ZC ohlcv-1m 2026-01-01..2026-02-01 (depth 0): skipped, already bought and settled
[2026-09-24 21:14:27 PDT] ZC ohlcv-1m 2026-02-01..2026-03-01 (depth 0): skipped, already bought and settled
[2026-09-24 21:14:27 PDT] ZC ohlcv-1m 2026-03-01..2026-04-01 (depth 0): skipped, already bought and settled
[2026-09-24 21:14:27 PDT] ZC ohlcv-1m 2026-04-01..2026-05-01 (depth 0): skipped, already bought and settled
[2026-09-24 21:14:27 PDT] ZC ohlcv-1m 2026-05-01..2026-06-01 (depth 0): skipped, already bought and settled
[2026-09-24 21:14:27 PDT] ZC ohlcv-1m 2026-06-01..2026-06-21 (depth 0): skipped, already bought and settled
[2026-09-24 21:14:27 PDT] ZW ohlcv-1m 2025-04-01..2025-05-01 (depth 0): skipped, already bought and settled
[2026-09-24 21:14:27 PDT] ZW ohlcv-1m 2025-05-01..2025-06-01 (depth 0): skipped, already bought and settled
[2026-09-24 21:14:27 PDT] ZW ohlcv-1m 2025-06-01..2025-07-01 (depth 0): skipped, already bought and settled
[2026-09-24 21:14:27 PDT] ZW ohlcv-1m 2025-07-01..2025-08-01 (depth 0): skipped, already bought and settled
[2026-09-24 21:14:27 PDT] ZW ohlcv-1m 2025-08-01..2025-09-01 (depth 0): skipped, already bought and settled
[2026-09-24 21:14:27 PDT] ZW ohlcv-1m 2025-09-01..2025-10-01 (depth 0): skipped, already bought and settled
[2026-09-24 21:14:27 PDT] ZW ohlcv-1m 2025-10-01..2025-11-01 (depth 0): skipped, already bought and settled
[2026-09-24 21:14:27 PDT] ZW ohlcv-1m 2025-11-01..2025-12-01 (depth 0): skipped, already bought and settled
[2026-09-24 21:14:27 PDT] ZW ohlcv-1m 2025-12-01..2026-01-01 (depth 0): skipped, already bought and settled
[2026-09-24 21:14:27 PDT] ZW ohlcv-1m 2026-01-01..2026-02-01 (depth 0): skipped, already bought and settled
[2026-09-24 21:14:27 PDT] ZW ohlcv-1m 2026-02-01..2026-03-01 (depth 0): skipped, already bought and settled
[2026-09-24 21:14:27 PDT] ZW ohlcv-1m 2026-03-01..2026-04-01 (depth 0): skipped, already bought and settled
[2026-09-24 21:14:27 PDT] ZW ohlcv-1m 2026-04-01..2026-05-01 (depth 0): skipped, already bought and settled
[2026-09-24 21:14:27 PDT] ZW ohlcv-1m 2026-05-01..2026-06-01 (depth 0): skipped, already bought and settled
[2026-09-24 21:14:27 PDT] ZW ohlcv-1m 2026-06-01..2026-06-21 (depth 0): skipped, already bought and settled
[2026-09-24 21:14:27 PDT] ZS ohlcv-1m 2025-04-01..2025-05-01 (depth 0): skipped, already bought and settled
[2026-09-24 21:14:27 PDT] ZS ohlcv-1m 2025-05-01..2025-06-01 (depth 0): skipped, already bought and settled
[2026-09-24 21:14:27 PDT] ZS ohlcv-1m 2025-06-01..2025-07-01 (depth 0): skipped, already bought and settled
[2026-09-24 21:14:27 PDT] ZS ohlcv-1m 2025-07-01..2025-08-01 (depth 0): skipped, already bought and settled
[2026-09-24 21:14:27 PDT] ZS ohlcv-1m 2025-08-01..2025-09-01 (depth 0): skipped, already bought and settled
[2026-09-24 21:14:27 PDT] ZS ohlcv-1m 2025-09-01..2025-10-01 (depth 0): skipped, already bought and settled
[2026-09-24 21:14:27 PDT] ZS ohlcv-1m 2025-10-01..2025-11-01 (depth 0): skipped, already bought and settled
[2026-09-24 21:14:27 PDT] ZS ohlcv-1m 2025-11-01..2025-12-01 (depth 0): skipped, already bought and settled
[2026-09-24 21:14:27 PDT] ZS ohlcv-1m 2025-12-01..2026-01-01 (depth 0): skipped, already bought and settled
[2026-09-24 21:14:27 PDT] ZS ohlcv-1m 2026-01-01..2026-02-01 (depth 0): skipped, already bought and settled
[2026-09-24 21:14:27 PDT] ZS ohlcv-1m 2026-02-01..2026-03-01 (depth 0): skipped, already bought and settled
[2026-09-24 21:14:27 PDT] ZS ohlcv-1m 2026-03-01..2026-04-01 (depth 0): skipped, already bought and settled
[2026-09-24 21:14:27 PDT] ZS ohlcv-1m 2026-04-01..2026-05-01 (depth 0): skipped, already bought and settled
[2026-09-24 21:14:27 PDT] ZS ohlcv-1m 2026-05-01..2026-06-01 (depth 0): skipped, already bought and settled
[2026-09-24 21:14:27 PDT] ZS ohlcv-1m 2026-06-01..2026-06-21 (depth 0): skipped, already bought and settled
[2026-09-24 21:14:27 PDT] ZM ohlcv-1m 2025-04-01..2025-05-01 (depth 0): skipped, already bought and settled
[2026-09-24 21:14:27 PDT] ZM ohlcv-1m 2025-05-01..2025-06-01 (depth 0): skipped, already bought and settled
[2026-09-24 21:14:27 PDT] ZM ohlcv-1m 2025-06-01..2025-07-01 (depth 0): skipped, already bought and settled
[2026-09-24 21:14:27 PDT] ZM ohlcv-1m 2025-07-01..2025-08-01 (depth 0): skipped, already bought and settled
[2026-09-24 21:14:27 PDT] ZM ohlcv-1m 2025-08-01..2025-09-01 (depth 0): skipped, already bought and settled
[2026-09-24 21:14:27 PDT] ZM ohlcv-1m 2025-09-01..2025-10-01 (depth 0): skipped, already bought and settled
[2026-09-24 21:14:27 PDT] ZM ohlcv-1m 2025-10-01..2025-11-01 (depth 0): skipped, already bought and settled
[2026-09-24 21:14:27 PDT] ZM ohlcv-1m 2025-11-01..2025-12-01 (depth 0): skipped, already bought and settled
[2026-09-24 21:14:27 PDT] ZM ohlcv-1m 2025-12-01..2026-01-01 (depth 0): skipped, already bought and settled
[2026-09-24 21:14:27 PDT] ZM ohlcv-1m 2026-01-01..2026-02-01 (depth 0): skipped, already bought and settled
[2026-09-24 21:14:27 PDT] ZM ohlcv-1m 2026-02-01..2026-03-01 (depth 0): skipped, already bought and settled
[2026-09-24 21:14:27 PDT] ZM ohlcv-1m 2026-03-01..2026-04-01 (depth 0): skipped, already bought and settled
[2026-09-24 21:14:27 PDT] ZM ohlcv-1m 2026-04-01..2026-05-01 (depth 0): skipped, already bought and settled
[2026-09-24 21:14:27 PDT] ZM ohlcv-1m 2026-05-01..2026-06-01 (depth 0): skipped, already bought and settled
[2026-09-24 21:14:27 PDT] ZM ohlcv-1m 2026-06-01..2026-06-21 (depth 0): skipped, already bought and settled
[2026-09-24 21:14:27 PDT] ZL ohlcv-1m 2025-04-01..2025-05-01 (depth 0): skipped, already bought and settled
[2026-09-24 21:14:27 PDT] ZL ohlcv-1m 2025-05-01..2025-06-01 (depth 0): skipped, already bought and settled
[2026-09-24 21:14:27 PDT] ZL ohlcv-1m 2025-06-01..2025-07-01 (depth 0): skipped, already bought and settled
[2026-09-24 21:14:27 PDT] ZL ohlcv-1m 2025-07-01..2025-08-01 (depth 0): skipped, already bought and settled
[2026-09-24 21:14:27 PDT] ZL ohlcv-1m 2025-08-01..2025-09-01 (depth 0): skipped, already bought and settled
[2026-09-24 21:14:27 PDT] ZL ohlcv-1m 2025-09-01..2025-10-01 (depth 0): skipped, already bought and settled
[2026-09-24 21:14:27 PDT] ZL ohlcv-1m 2025-10-01..2025-11-01 (depth 0): skipped, already bought and settled
[2026-09-24 21:14:27 PDT] ZL ohlcv-1m 2025-11-01..2025-12-01 (depth 0): skipped, already bought and settled
[2026-09-24 21:14:27 PDT] ZL ohlcv-1m 2025-12-01..2026-01-01 (depth 0): skipped, already bought and settled
[2026-09-24 21:14:27 PDT] ZL ohlcv-1m 2026-01-01..2026-02-01 (depth 0): skipped, already bought and settled
[2026-09-24 21:14:27 PDT] ZL ohlcv-1m 2026-02-01..2026-03-01 (depth 0): skipped, already bought and settled
[2026-09-24 21:14:27 PDT] ZL ohlcv-1m 2026-03-01..2026-04-01 (depth 0): skipped, already bought and settled
[2026-09-24 21:14:27 PDT] ZL ohlcv-1m 2026-04-01..2026-05-01 (depth 0): skipped, already bought and settled
[2026-09-24 21:14:27 PDT] ZL ohlcv-1m 2026-05-01..2026-06-01 (depth 0): skipped, already bought and settled
[2026-09-24 21:14:27 PDT] ZL ohlcv-1m 2026-06-01..2026-06-21 (depth 0): skipped, already bought and settled
[2026-09-24 21:14:27 PDT] HE ohlcv-1m 2025-04-01..2025-05-01 (depth 0): skipped, already bought and settled
[2026-09-24 21:14:27 PDT] HE ohlcv-1m 2025-05-01..2025-06-01 (depth 0): skipped, already bought and settled
[2026-09-24 21:14:27 PDT] HE ohlcv-1m 2025-06-01..2025-07-01 (depth 0): skipped, already bought and settled
[2026-09-24 21:14:27 PDT] HE ohlcv-1m 2025-07-01..2025-08-01 (depth 0): skipped, already bought and settled
[2026-09-24 21:14:27 PDT] HE ohlcv-1m 2025-08-01..2025-09-01 (depth 0): skipped, already bought and settled
[2026-09-24 21:14:27 PDT] HE ohlcv-1m 2025-09-01..2025-10-01 (depth 0): skipped, already bought and settled
[2026-09-24 21:14:27 PDT] HE ohlcv-1m 2025-10-01..2025-11-01 (depth 0): skipped, already bought and settled
[2026-09-24 21:14:27 PDT] HE ohlcv-1m 2025-11-01..2025-12-01 (depth 0): skipped, already bought and settled
[2026-09-24 21:14:27 PDT] HE ohlcv-1m 2025-12-01..2026-01-01 (depth 0): skipped, already bought and settled
[2026-09-24 21:14:27 PDT] HE ohlcv-1m 2026-01-01..2026-02-01 (depth 0): skipped, already bought and settled
[2026-09-24 21:14:27 PDT] HE ohlcv-1m 2026-02-01..2026-03-01 (depth 0): skipped, already bought and settled
[2026-09-24 21:14:27 PDT] HE ohlcv-1m 2026-03-01..2026-04-01 (depth 0): skipped, already bought and settled
[2026-09-24 21:14:27 PDT] HE ohlcv-1m 2026-04-01..2026-05-01 (depth 0): skipped, already bought and settled
[2026-09-24 21:14:27 PDT] HE ohlcv-1m 2026-05-01..2026-06-01 (depth 0): skipped, already bought and settled
[2026-09-24 21:14:27 PDT] HE ohlcv-1m 2026-06-01..2026-06-21 (depth 0): skipped, already bought and settled
[2026-09-24 21:14:27 PDT] LE ohlcv-1m 2025-04-01..2025-05-01 (depth 0): skipped, already bought and settled
[2026-09-24 21:14:27 PDT] LE ohlcv-1m 2025-05-01..2025-06-01 (depth 0): skipped, already bought and settled
[2026-09-24 21:14:27 PDT] LE ohlcv-1m 2025-06-01..2025-07-01 (depth 0): skipped, already bought and settled
[2026-09-24 21:14:27 PDT] LE ohlcv-1m 2025-07-01..2025-08-01 (depth 0): skipped, already bought and settled
[2026-09-24 21:14:27 PDT] LE ohlcv-1m 2025-08-01..2025-09-01 (depth 0): skipped, already bought and settled
[2026-09-24 21:14:27 PDT] LE ohlcv-1m 2025-09-01..2025-10-01 (depth 0): skipped, already bought and settled
[2026-09-24 21:14:27 PDT] LE ohlcv-1m 2025-10-01..2025-11-01 (depth 0): skipped, already bought and settled
[2026-09-24 21:14:27 PDT] LE ohlcv-1m 2025-11-01..2025-12-01 (depth 0): skipped, already bought and settled
[2026-09-24 21:14:27 PDT] LE ohlcv-1m 2025-12-01..2026-01-01 (depth 0): skipped, already bought and settled
[2026-09-24 21:14:27 PDT] LE ohlcv-1m 2026-01-01..2026-02-01 (depth 0): skipped, already bought and settled
[2026-09-24 21:14:34 PDT] LE ohlcv-1m 2026-02-01..2026-03-01 (depth 0): bought 292,544 record bytes for $0.019072 · session $55.4730
/home/kiros-li/Documents/GitHub/PropExperiment/data/pull_universe.py:550: BentoWarning: The streaming request contained one or more days which have reduced quality: 2026-03-15 (degraded), 2026-03-16 (degraded), 2026-03-21 (degraded). See: https://databento.com/docs/api-reference-historical/metadata/metadata-get-dataset-condition
  client.timeseries.get_range(**params.as_kwargs(), path=partial)
[2026-09-24 21:14:40 PDT] LE ohlcv-1m 2026-03-01..2026-04-01 (depth 0): bought 338,296 record bytes for $0.022054 · session $55.4950
/home/kiros-li/Documents/GitHub/PropExperiment/data/pull_universe.py:550: BentoWarning: The streaming request contained one or more days which have reduced quality: 2026-04-10 (degraded). See: https://databento.com/docs/api-reference-historical/metadata/metadata-get-dataset-condition
  client.timeseries.get_range(**params.as_kwargs(), path=partial)
[2026-09-24 21:14:49 PDT] LE ohlcv-1m 2026-04-01..2026-05-01 (depth 0): bought 323,176 record bytes for $0.021069 · session $55.5161
/home/kiros-li/Documents/GitHub/PropExperiment/data/pull_universe.py:550: BentoWarning: The streaming request contained one or more days which have reduced quality: 2026-05-24 (degraded). See: https://databento.com/docs/api-reference-historical/metadata/metadata-get-dataset-condition
  client.timeseries.get_range(**params.as_kwargs(), path=partial)
[2026-09-24 21:14:59 PDT] LE ohlcv-1m 2026-05-01..2026-06-01 (depth 0): bought 307,664 record bytes for $0.020057 · session $55.5361
[2026-09-24 21:15:07 PDT] LE ohlcv-1m 2026-06-01..2026-06-21 (depth 0): bought 215,544 record bytes for $0.014052 · session $55.5502
[2026-09-24 21:15:35 PDT] MBT ohlcv-1m 2025-04-01..2025-05-01 (depth 0): bought 1,509,144 record bytes for $0.098385 · session $55.6486
[2026-09-24 21:15:41 PDT] MBT ohlcv-1m 2025-05-01..2025-06-01 (depth 0): bought 1,552,208 record bytes for $0.101192 · session $55.7498
[2026-09-24 21:16:53 PDT] MBT ohlcv-1m 2025-06-01..2025-07-01 (depth 0): bought 1,468,768 record bytes for $0.095753 · session $55.8455
[2026-09-24 21:16:59 PDT] MBT ohlcv-1m 2025-07-01..2025-08-01 (depth 0): bought 1,647,856 record bytes for $0.107428 · session $55.9530
[2026-09-24 21:17:43 PDT] MBT ohlcv-1m 2025-08-01..2025-09-01 (depth 0): bought 1,514,912 record bytes for $0.098761 · session $56.0517
/home/kiros-li/Documents/GitHub/PropExperiment/data/pull_universe.py:550: BentoWarning: The streaming request contained one or more days which have reduced quality: 2025-09-17 (degraded), 2025-09-24 (degraded). See: https://databento.com/docs/api-reference-historical/metadata/metadata-get-dataset-condition
  client.timeseries.get_range(**params.as_kwargs(), path=partial)
[2026-09-24 21:17:49 PDT] MBT ohlcv-1m 2025-09-01..2025-10-01 (depth 0): bought 1,576,120 record bytes for $0.102751 · session $56.1545
[2026-09-24 21:17:58 PDT] MBT ohlcv-1m 2025-10-01..2025-11-01 (depth 0): bought 1,680,392 record bytes for $0.109549 · session $56.2640
/home/kiros-li/Documents/GitHub/PropExperiment/data/pull_universe.py:550: BentoWarning: The streaming request contained one or more days which have reduced quality: 2025-11-28 (degraded). See: https://databento.com/docs/api-reference-historical/metadata/metadata-get-dataset-condition
  client.timeseries.get_range(**params.as_kwargs(), path=partial)
[2026-09-24 21:18:04 PDT] MBT ohlcv-1m 2025-11-01..2025-12-01 (depth 0): bought 1,441,160 record bytes for $0.093953 · session $56.3580
[2026-09-24 21:18:17 PDT] MBT ohlcv-1m 2025-12-01..2026-01-01 (depth 0): bought 1,585,472 record bytes for $0.103361 · session $56.4613
/home/kiros-li/Documents/GitHub/PropExperiment/data/pull_universe.py:550: BentoWarning: The streaming request contained one or more days which have reduced quality: 2026-01-31 (degraded). See: https://databento.com/docs/api-reference-historical/metadata/metadata-get-dataset-condition
  client.timeseries.get_range(**params.as_kwargs(), path=partial)
[2026-09-24 21:18:22 PDT] MBT ohlcv-1m 2026-01-01..2026-02-01 (depth 0): bought 1,519,336 record bytes for $0.099049 · session $56.5604
[2026-09-24 21:18:28 PDT] MBT ohlcv-1m 2026-02-01..2026-03-01 (depth 0): bought 1,474,144 record bytes for $0.096103 · session $56.6565
[2026-09-24 21:18:40 PDT] MBT ohlcv-1m 2026-03-01..2026-04-01 (depth 0): bought 1,611,400 record bytes for $0.105051 · session $56.7615
[2026-09-24 21:18:45 PDT] MBT ohlcv-1m 2026-04-01..2026-05-01 (depth 0): bought 1,557,248 record bytes for $0.101521 · session $56.8631
[2026-09-24 21:18:53 PDT] MBT ohlcv-1m 2026-05-01..2026-06-01 (depth 0): bought 1,488,144 record bytes for $0.097016 · session $56.9601
[2026-09-24 21:18:58 PDT] MBT ohlcv-1m 2026-06-01..2026-06-21 (depth 0): bought 1,278,256 record bytes for $0.083333 · session $57.0434
[2026-09-24 21:19:20 PDT] MNQ mbp-1 2025-05-13T22:00:00Z..2025-05-14T21:00:00Z (depth 0): bought 1,217,112,160 record bytes for $2.040343 · session $59.0837
[2026-09-24 21:19:52 PDT] MNQ mbp-1 2025-08-12T22:00:00Z..2025-08-13T21:00:00Z (depth 0): bought 967,939,040 record bytes for $1.622634 · session $60.7064
[2026-09-24 21:19:53 PDT] MNQ mbp-1 2025-11-11T23:00:00Z..2025-11-12T22:00:00Z (depth 0): quoted $3.406275 > request cap $3.00, splitting
[2026-09-24 21:20:07 PDT] MNQ mbp-1 2025-11-11T23:00:00Z..2025-11-12T10:30:00Z (depth 1): bought 163,153,200 record bytes for $0.273507 · session $60.9799
[2026-09-24 21:20:13 PDT] MNQ mbp-1 2025-11-12T10:30:00Z..2025-11-12T22:00:00Z (depth 1): quoted $3.132768 > request cap $3.00, splitting
[2026-09-24 21:20:38 PDT] MNQ mbp-1 2025-11-12T10:30:00Z..2025-11-12T16:15:00Z (depth 2): bought 733,187,920 record bytes for $1.277860 · session $62.2577
[2026-09-24 21:21:45 PDT] MNQ mbp-1 2025-11-12T16:15:00Z..2025-11-12T22:00:00Z (depth 2): bought 1,135,581,280 record bytes for $1.956444 · session $64.2142
[2026-09-24 21:21:49 PDT] MNQ mbp-1 2026-02-10T23:00:00Z..2026-02-11T22:00:00Z (depth 0): quoted $4.140457 > request cap $3.00, splitting
[2026-09-24 21:21:58 PDT] MNQ mbp-1 2026-02-10T23:00:00Z..2026-02-11T10:30:00Z (depth 1): bought 189,906,560 record bytes for $0.318356 · session $64.5325
[2026-09-24 21:21:59 PDT] MNQ mbp-1 2026-02-11T10:30:00Z..2026-02-11T22:00:00Z (depth 1): quoted $3.822101 > request cap $3.00, splitting
[2026-09-24 21:28:04 PDT] MNQ mbp-1 2026-02-11T10:30:00Z..2026-02-11T16:15:00Z (depth 2): bought 1,185,889,760 record bytes for $2.035424 · session $66.5680
[2026-09-24 21:28:43 PDT] MNQ mbp-1 2026-02-11T16:15:00Z..2026-02-11T22:00:00Z (depth 2): bought 1,094,082,560 record bytes for $1.888695 · session $68.4567
[2026-09-24 21:29:27 PDT] MNQ mbp-1 2026-04-14T22:00:00Z..2026-04-15T21:00:00Z (depth 0): bought 1,340,447,360 record bytes for $2.247100 · session $70.7038
[2026-09-24 21:30:09 PDT] NQ mbp-1 2025-05-13T22:00:00Z..2025-05-14T21:00:00Z (depth 0): bought 534,576,400 record bytes for $0.896154 · session $71.5999
[2026-09-24 21:33:46 PDT] NQ mbp-1 2025-08-12T22:00:00Z..2025-08-13T21:00:00Z (depth 0): bought 433,261,760 record bytes for $0.726312 · session $72.3262
[2026-09-24 21:38:11 PDT] NQ mbp-1 2025-11-11T23:00:00Z..2025-11-12T22:00:00Z (depth 0): bought 1,022,991,680 record bytes for $1.714923 · session $74.0412
RUN STOPPED (BudgetRefusedError): unpriceable request (quote=None): never assumed cheap. Nothing after this request was requested; see the ledger and docs/ACCESS.md.
rc=1
