[2026-09-24 21:13:18 PDT] attempt 4, vendor host http 200
[2026-09-24 21:13:19 PDT] stage-E.1-2026-09-24: account acct-2 (cap $125.00, spent $55.4138) · session cap $113.48 (spent $55.4138) · request cap $3.00
[2026-09-24 21:13:19 PDT] plan: 900 requests over 45 roots before splitting
[2026-09-24 21:13:19 PDT] resume scan: {'settled_files_on_disk': 654, 'leftover_partials': 0}
[2026-09-24 21:13:19 PDT] MNQ ohlcv-1m 2025-04-01..2025-05-01 (depth 0): skipped, already bought and settled
[2026-09-24 21:13:19 PDT] MNQ ohlcv-1m 2025-05-01..2025-06-01 (depth 0): skipped, already bought and settled
[2026-09-24 21:13:19 PDT] MNQ ohlcv-1m 2025-06-01..2025-07-01 (depth 0): skipped, already bought and settled
[2026-09-24 21:13:19 PDT] MNQ ohlcv-1m 2025-07-01..2025-08-01 (depth 0): skipped, already bought and settled
[2026-09-24 21:13:19 PDT] MNQ ohlcv-1m 2025-08-01..2025-09-01 (depth 0): skipped, already bought and settled
[2026-09-24 21:13:19 PDT] MNQ ohlcv-1m 2025-09-01..2025-10-01 (depth 0): skipped, already bought and settled
[2026-09-24 21:13:19 PDT] MNQ ohlcv-1m 2025-10-01..2025-11-01 (depth 0): skipped, already bought and settled
[2026-09-24 21:13:19 PDT] MNQ ohlcv-1m 2025-11-01..2025-12-01 (depth 0): skipped, already bought and settled
[2026-09-24 21:13:19 PDT] MNQ ohlcv-1m 2025-12-01..2026-01-01 (depth 0): skipped, already bought and settled
[2026-09-24 21:13:19 PDT] MNQ ohlcv-1m 2026-01-01..2026-02-01 (depth 0): skipped, already bought and settled
[2026-09-24 21:13:19 PDT] MNQ ohlcv-1m 2026-02-01..2026-03-01 (depth 0): skipped, already bought and settled
[2026-09-24 21:13:19 PDT] MNQ ohlcv-1m 2026-03-01..2026-04-01 (depth 0): skipped, already bought and settled
[2026-09-24 21:13:19 PDT] MNQ ohlcv-1m 2026-04-01..2026-05-01 (depth 0): skipped, already bought and settled
[2026-09-24 21:13:19 PDT] MNQ ohlcv-1m 2026-05-01..2026-06-01 (depth 0): skipped, already bought and settled
[2026-09-24 21:13:19 PDT] MNQ ohlcv-1m 2026-06-01..2026-06-21 (depth 0): skipped, already bought and settled
[2026-09-24 21:13:19 PDT] NQ ohlcv-1m 2025-04-01..2025-05-01 (depth 0): skipped, already bought and settled
[2026-09-24 21:13:19 PDT] NQ ohlcv-1m 2025-05-01..2025-06-01 (depth 0): skipped, already bought and settled
[2026-09-24 21:13:19 PDT] NQ ohlcv-1m 2025-06-01..2025-07-01 (depth 0): skipped, already bought and settled
[2026-09-24 21:13:19 PDT] NQ ohlcv-1m 2025-07-01..2025-08-01 (depth 0): skipped, already bought and settled
[2026-09-24 21:13:19 PDT] NQ ohlcv-1m 2025-08-01..2025-09-01 (depth 0): skipped, already bought and settled
[2026-09-24 21:13:19 PDT] NQ ohlcv-1m 2025-09-01..2025-10-01 (depth 0): skipped, already bought and settled
[2026-09-24 21:13:19 PDT] NQ ohlcv-1m 2025-10-01..2025-11-01 (depth 0): skipped, already bought and settled
[2026-09-24 21:13:19 PDT] NQ ohlcv-1m 2025-11-01..2025-12-01 (depth 0): skipped, already bought and settled
[2026-09-24 21:13:19 PDT] NQ ohlcv-1m 2025-12-01..2026-01-01 (depth 0): skipped, already bought and settled
[2026-09-24 21:13:19 PDT] NQ ohlcv-1m 2026-01-01..2026-02-01 (depth 0): skipped, already bought and settled
[2026-09-24 21:13:19 PDT] NQ ohlcv-1m 2026-02-01..2026-03-01 (depth 0): skipped, already bought and settled
[2026-09-24 21:13:19 PDT] NQ ohlcv-1m 2026-03-01..2026-04-01 (depth 0): skipped, already bought and settled
[2026-09-24 21:13:19 PDT] NQ ohlcv-1m 2026-04-01..2026-05-01 (depth 0): skipped, already bought and settled
[2026-09-24 21:13:19 PDT] NQ ohlcv-1m 2026-05-01..2026-06-01 (depth 0): skipped, already bought and settled
[2026-09-24 21:13:19 PDT] NQ ohlcv-1m 2026-06-01..2026-06-21 (depth 0): skipped, already bought and settled
[2026-09-24 21:13:19 PDT] RTY ohlcv-1m 2025-04-01..2025-05-01 (depth 0): skipped, already bought and settled
[2026-09-24 21:13:19 PDT] RTY ohlcv-1m 2025-05-01..2025-06-01 (depth 0): skipped, already bought and settled
[2026-09-24 21:13:19 PDT] RTY ohlcv-1m 2025-06-01..2025-07-01 (depth 0): skipped, already bought and settled
[2026-09-24 21:13:19 PDT] RTY ohlcv-1m 2025-07-01..2025-08-01 (depth 0): skipped, already bought and settled
[2026-09-24 21:13:19 PDT] RTY ohlcv-1m 2025-08-01..2025-09-01 (depth 0): skipped, already bought and settled
[2026-09-24 21:13:19 PDT] RTY ohlcv-1m 2025-09-01..2025-10-01 (depth 0): skipped, already bought and settled
[2026-09-24 21:13:19 PDT] RTY ohlcv-1m 2025-10-01..2025-11-01 (depth 0): skipped, already bought and settled
[2026-09-24 21:13:19 PDT] RTY ohlcv-1m 2025-11-01..2025-12-01 (depth 0): skipped, already bought and settled
[2026-09-24 21:13:19 PDT] RTY ohlcv-1m 2025-12-01..2026-01-01 (depth 0): skipped, already bought and settled
[2026-09-24 21:13:19 PDT] RTY ohlcv-1m 2026-01-01..2026-02-01 (depth 0): skipped, already bought and settled
[2026-09-24 21:13:19 PDT] RTY ohlcv-1m 2026-02-01..2026-03-01 (depth 0): skipped, already bought and settled
[2026-09-24 21:13:19 PDT] RTY ohlcv-1m 2026-03-01..2026-04-01 (depth 0): skipped, already bought and settled
[2026-09-24 21:13:19 PDT] RTY ohlcv-1m 2026-04-01..2026-05-01 (depth 0): skipped, already bought and settled
[2026-09-24 21:13:19 PDT] RTY ohlcv-1m 2026-05-01..2026-06-01 (depth 0): skipped, already bought and settled
[2026-09-24 21:13:19 PDT] RTY ohlcv-1m 2026-06-01..2026-06-21 (depth 0): skipped, already bought and settled
[2026-09-24 21:13:19 PDT] M2K ohlcv-1m 2025-04-01..2025-05-01 (depth 0): skipped, already bought and settled
[2026-09-24 21:13:19 PDT] M2K ohlcv-1m 2025-05-01..2025-06-01 (depth 0): skipped, already bought and settled
[2026-09-24 21:13:19 PDT] M2K ohlcv-1m 2025-06-01..2025-07-01 (depth 0): skipped, already bought and settled
[2026-09-24 21:13:19 PDT] M2K ohlcv-1m 2025-07-01..2025-08-01 (depth 0): skipped, already bought and settled
[2026-09-24 21:13:19 PDT] M2K ohlcv-1m 2025-08-01..2025-09-01 (depth 0): skipped, already bought and settled
[2026-09-24 21:13:19 PDT] M2K ohlcv-1m 2025-09-01..2025-10-01 (depth 0): skipped, already bought and settled
[2026-09-24 21:13:19 PDT] M2K ohlcv-1m 2025-10-01..2025-11-01 (depth 0): skipped, already bought and settled
[2026-09-24 21:13:19 PDT] M2K ohlcv-1m 2025-11-01..2025-12-01 (depth 0): skipped, already bought and settled
[2026-09-24 21:13:19 PDT] M2K ohlcv-1m 2025-12-01..2026-01-01 (depth 0): skipped, already bought and settled
[2026-09-24 21:13:19 PDT] M2K ohlcv-1m 2026-01-01..2026-02-01 (depth 0): skipped, already bought and settled
[2026-09-24 21:13:19 PDT] M2K ohlcv-1m 2026-02-01..2026-03-01 (depth 0): skipped, already bought and settled
[2026-09-24 21:13:19 PDT] M2K ohlcv-1m 2026-03-01..2026-04-01 (depth 0): skipped, already bought and settled
[2026-09-24 21:13:19 PDT] M2K ohlcv-1m 2026-04-01..2026-05-01 (depth 0): skipped, already bought and settled
[2026-09-24 21:13:19 PDT] M2K ohlcv-1m 2026-05-01..2026-06-01 (depth 0): skipped, already bought and settled
[2026-09-24 21:13:19 PDT] M2K ohlcv-1m 2026-06-01..2026-06-21 (depth 0): skipped, already bought and settled
[2026-09-24 21:13:19 PDT] MYM ohlcv-1m 2025-04-01..2025-05-01 (depth 0): skipped, already bought and settled
[2026-09-24 21:13:19 PDT] MYM ohlcv-1m 2025-05-01..2025-06-01 (depth 0): skipped, already bought and settled
[2026-09-24 21:13:19 PDT] MYM ohlcv-1m 2025-06-01..2025-07-01 (depth 0): skipped, already bought and settled
[2026-09-24 21:13:19 PDT] MYM ohlcv-1m 2025-07-01..2025-08-01 (depth 0): skipped, already bought and settled
[2026-09-24 21:13:19 PDT] MYM ohlcv-1m 2025-08-01..2025-09-01 (depth 0): skipped, already bought and settled
[2026-09-24 21:13:19 PDT] MYM ohlcv-1m 2025-09-01..2025-10-01 (depth 0): skipped, already bought and settled
[2026-09-24 21:13:19 PDT] MYM ohlcv-1m 2025-10-01..2025-11-01 (depth 0): skipped, already bought and settled
[2026-09-24 21:13:19 PDT] MYM ohlcv-1m 2025-11-01..2025-12-01 (depth 0): skipped, already bought and settled
[2026-09-24 21:13:19 PDT] MYM ohlcv-1m 2025-12-01..2026-01-01 (depth 0): skipped, already bought and settled
[2026-09-24 21:13:19 PDT] MYM ohlcv-1m 2026-01-01..2026-02-01 (depth 0): skipped, already bought and settled
[2026-09-24 21:13:19 PDT] MYM ohlcv-1m 2026-02-01..2026-03-01 (depth 0): skipped, already bought and settled
[2026-09-24 21:13:19 PDT] MYM ohlcv-1m 2026-03-01..2026-04-01 (depth 0): skipped, already bought and settled
[2026-09-24 21:13:19 PDT] MYM ohlcv-1m 2026-04-01..2026-05-01 (depth 0): skipped, already bought and settled
[2026-09-24 21:13:19 PDT] MYM ohlcv-1m 2026-05-01..2026-06-01 (depth 0): skipped, already bought and settled
[2026-09-24 21:13:19 PDT] MYM ohlcv-1m 2026-06-01..2026-06-21 (depth 0): skipped, already bought and settled
[2026-09-24 21:13:19 PDT] YM ohlcv-1m 2025-04-01..2025-05-01 (depth 0): skipped, already bought and settled
[2026-09-24 21:13:19 PDT] YM ohlcv-1m 2025-05-01..2025-06-01 (depth 0): skipped, already bought and settled
[2026-09-24 21:13:19 PDT] YM ohlcv-1m 2025-06-01..2025-07-01 (depth 0): skipped, already bought and settled
[2026-09-24 21:13:19 PDT] YM ohlcv-1m 2025-07-01..2025-08-01 (depth 0): skipped, already bought and settled
[2026-09-24 21:13:19 PDT] YM ohlcv-1m 2025-08-01..2025-09-01 (depth 0): skipped, already bought and settled
[2026-09-24 21:13:19 PDT] YM ohlcv-1m 2025-09-01..2025-10-01 (depth 0): skipped, already bought and settled
[2026-09-24 21:13:19 PDT] YM ohlcv-1m 2025-10-01..2025-11-01 (depth 0): skipped, already bought and settled
[2026-09-24 21:13:19 PDT] YM ohlcv-1m 2025-11-01..2025-12-01 (depth 0): skipped, already bought and settled
[2026-09-24 21:13:19 PDT] YM ohlcv-1m 2025-12-01..2026-01-01 (depth 0): skipped, already bought and settled
[2026-09-24 21:13:19 PDT] YM ohlcv-1m 2026-01-01..2026-02-01 (depth 0): skipped, already bought and settled
[2026-09-24 21:13:19 PDT] YM ohlcv-1m 2026-02-01..2026-03-01 (depth 0): skipped, already bought and settled
[2026-09-24 21:13:19 PDT] YM ohlcv-1m 2026-03-01..2026-04-01 (depth 0): skipped, already bought and settled
[2026-09-24 21:13:19 PDT] YM ohlcv-1m 2026-04-01..2026-05-01 (depth 0): skipped, already bought and settled
[2026-09-24 21:13:19 PDT] YM ohlcv-1m 2026-05-01..2026-06-01 (depth 0): skipped, already bought and settled
[2026-09-24 21:13:19 PDT] YM ohlcv-1m 2026-06-01..2026-06-21 (depth 0): skipped, already bought and settled
[2026-09-24 21:13:19 PDT] ZT ohlcv-1m 2025-04-01..2025-05-01 (depth 0): skipped, already bought and settled
[2026-09-24 21:13:19 PDT] ZT ohlcv-1m 2025-05-01..2025-06-01 (depth 0): skipped, already bought and settled
[2026-09-24 21:13:19 PDT] ZT ohlcv-1m 2025-06-01..2025-07-01 (depth 0): skipped, already bought and settled
[2026-09-24 21:13:19 PDT] ZT ohlcv-1m 2025-07-01..2025-08-01 (depth 0): skipped, already bought and settled
[2026-09-24 21:13:19 PDT] ZT ohlcv-1m 2025-08-01..2025-09-01 (depth 0): skipped, already bought and settled
[2026-09-24 21:13:19 PDT] ZT ohlcv-1m 2025-09-01..2025-10-01 (depth 0): skipped, already bought and settled
[2026-09-24 21:13:19 PDT] ZT ohlcv-1m 2025-10-01..2025-11-01 (depth 0): skipped, already bought and settled
[2026-09-24 21:13:19 PDT] ZT ohlcv-1m 2025-11-01..2025-12-01 (depth 0): skipped, already bought and settled
[2026-09-24 21:13:19 PDT] ZT ohlcv-1m 2025-12-01..2026-01-01 (depth 0): skipped, already bought and settled
[2026-09-24 21:13:19 PDT] ZT ohlcv-1m 2026-01-01..2026-02-01 (depth 0): skipped, already bought and settled
[2026-09-24 21:13:19 PDT] ZT ohlcv-1m 2026-02-01..2026-03-01 (depth 0): skipped, already bought and settled
[2026-09-24 21:13:19 PDT] ZT ohlcv-1m 2026-03-01..2026-04-01 (depth 0): skipped, already bought and settled
[2026-09-24 21:13:19 PDT] ZT ohlcv-1m 2026-04-01..2026-05-01 (depth 0): skipped, already bought and settled
[2026-09-24 21:13:19 PDT] ZT ohlcv-1m 2026-05-01..2026-06-01 (depth 0): skipped, already bought and settled
[2026-09-24 21:13:19 PDT] ZT ohlcv-1m 2026-06-01..2026-06-21 (depth 0): skipped, already bought and settled
[2026-09-24 21:13:19 PDT] ZF ohlcv-1m 2025-04-01..2025-05-01 (depth 0): skipped, already bought and settled
[2026-09-24 21:13:19 PDT] ZF ohlcv-1m 2025-05-01..2025-06-01 (depth 0): skipped, already bought and settled
[2026-09-24 21:13:19 PDT] ZF ohlcv-1m 2025-06-01..2025-07-01 (depth 0): skipped, already bought and settled
[2026-09-24 21:13:19 PDT] ZF ohlcv-1m 2025-07-01..2025-08-01 (depth 0): skipped, already bought and settled
[2026-09-24 21:13:19 PDT] ZF ohlcv-1m 2025-08-01..2025-09-01 (depth 0): skipped, already bought and settled
[2026-09-24 21:13:19 PDT] ZF ohlcv-1m 2025-09-01..2025-10-01 (depth 0): skipped, already bought and settled
[2026-09-24 21:13:19 PDT] ZF ohlcv-1m 2025-10-01..2025-11-01 (depth 0): skipped, already bought and settled
[2026-09-24 21:13:19 PDT] ZF ohlcv-1m 2025-11-01..2025-12-01 (depth 0): skipped, already bought and settled
[2026-09-24 21:13:19 PDT] ZF ohlcv-1m 2025-12-01..2026-01-01 (depth 0): skipped, already bought and settled
[2026-09-24 21:13:19 PDT] ZF ohlcv-1m 2026-01-01..2026-02-01 (depth 0): skipped, already bought and settled
[2026-09-24 21:13:19 PDT] ZF ohlcv-1m 2026-02-01..2026-03-01 (depth 0): skipped, already bought and settled
[2026-09-24 21:13:19 PDT] ZF ohlcv-1m 2026-03-01..2026-04-01 (depth 0): skipped, already bought and settled
[2026-09-24 21:13:19 PDT] ZF ohlcv-1m 2026-04-01..2026-05-01 (depth 0): skipped, already bought and settled
[2026-09-24 21:13:19 PDT] ZF ohlcv-1m 2026-05-01..2026-06-01 (depth 0): skipped, already bought and settled
[2026-09-24 21:13:19 PDT] ZF ohlcv-1m 2026-06-01..2026-06-21 (depth 0): skipped, already bought and settled
[2026-09-24 21:13:19 PDT] ZN ohlcv-1m 2025-04-01..2025-05-01 (depth 0): skipped, already bought and settled
[2026-09-24 21:13:19 PDT] ZN ohlcv-1m 2025-05-01..2025-06-01 (depth 0): skipped, already bought and settled
[2026-09-24 21:13:19 PDT] ZN ohlcv-1m 2025-06-01..2025-07-01 (depth 0): skipped, already bought and settled
[2026-09-24 21:13:19 PDT] ZN ohlcv-1m 2025-07-01..2025-08-01 (depth 0): skipped, already bought and settled
[2026-09-24 21:13:19 PDT] ZN ohlcv-1m 2025-08-01..2025-09-01 (depth 0): skipped, already bought and settled
[2026-09-24 21:13:19 PDT] ZN ohlcv-1m 2025-09-01..2025-10-01 (depth 0): skipped, already bought and settled
[2026-09-24 21:13:19 PDT] ZN ohlcv-1m 2025-10-01..2025-11-01 (depth 0): skipped, already bought and settled
[2026-09-24 21:13:19 PDT] ZN ohlcv-1m 2025-11-01..2025-12-01 (depth 0): skipped, already bought and settled
[2026-09-24 21:13:19 PDT] ZN ohlcv-1m 2025-12-01..2026-01-01 (depth 0): skipped, already bought and settled
[2026-09-24 21:13:19 PDT] ZN ohlcv-1m 2026-01-01..2026-02-01 (depth 0): skipped, already bought and settled
[2026-09-24 21:13:19 PDT] ZN ohlcv-1m 2026-02-01..2026-03-01 (depth 0): skipped, already bought and settled
[2026-09-24 21:13:19 PDT] ZN ohlcv-1m 2026-03-01..2026-04-01 (depth 0): skipped, already bought and settled
[2026-09-24 21:13:19 PDT] ZN ohlcv-1m 2026-04-01..2026-05-01 (depth 0): skipped, already bought and settled
[2026-09-24 21:13:19 PDT] ZN ohlcv-1m 2026-05-01..2026-06-01 (depth 0): skipped, already bought and settled
[2026-09-24 21:13:19 PDT] ZN ohlcv-1m 2026-06-01..2026-06-21 (depth 0): skipped, already bought and settled
[2026-09-24 21:13:19 PDT] TN ohlcv-1m 2025-04-01..2025-05-01 (depth 0): skipped, already bought and settled
[2026-09-24 21:13:19 PDT] TN ohlcv-1m 2025-05-01..2025-06-01 (depth 0): skipped, already bought and settled
[2026-09-24 21:13:19 PDT] TN ohlcv-1m 2025-06-01..2025-07-01 (depth 0): skipped, already bought and settled
[2026-09-24 21:13:19 PDT] TN ohlcv-1m 2025-07-01..2025-08-01 (depth 0): skipped, already bought and settled
[2026-09-24 21:13:19 PDT] TN ohlcv-1m 2025-08-01..2025-09-01 (depth 0): skipped, already bought and settled
[2026-09-24 21:13:19 PDT] TN ohlcv-1m 2025-09-01..2025-10-01 (depth 0): skipped, already bought and settled
[2026-09-24 21:13:19 PDT] TN ohlcv-1m 2025-10-01..2025-11-01 (depth 0): skipped, already bought and settled
[2026-09-24 21:13:19 PDT] TN ohlcv-1m 2025-11-01..2025-12-01 (depth 0): skipped, already bought and settled
[2026-09-24 21:13:19 PDT] TN ohlcv-1m 2025-12-01..2026-01-01 (depth 0): skipped, already bought and settled
[2026-09-24 21:13:19 PDT] TN ohlcv-1m 2026-01-01..2026-02-01 (depth 0): skipped, already bought and settled
[2026-09-24 21:13:19 PDT] TN ohlcv-1m 2026-02-01..2026-03-01 (depth 0): skipped, already bought and settled
[2026-09-24 21:13:19 PDT] TN ohlcv-1m 2026-03-01..2026-04-01 (depth 0): skipped, already bought and settled
[2026-09-24 21:13:19 PDT] TN ohlcv-1m 2026-04-01..2026-05-01 (depth 0): skipped, already bought and settled
[2026-09-24 21:13:19 PDT] TN ohlcv-1m 2026-05-01..2026-06-01 (depth 0): skipped, already bought and settled
[2026-09-24 21:13:19 PDT] TN ohlcv-1m 2026-06-01..2026-06-21 (depth 0): skipped, already bought and settled
[2026-09-24 21:13:19 PDT] ZB ohlcv-1m 2025-04-01..2025-05-01 (depth 0): skipped, already bought and settled
[2026-09-24 21:13:19 PDT] ZB ohlcv-1m 2025-05-01..2025-06-01 (depth 0): skipped, already bought and settled
[2026-09-24 21:13:19 PDT] ZB ohlcv-1m 2025-06-01..2025-07-01 (depth 0): skipped, already bought and settled
[2026-09-24 21:13:19 PDT] ZB ohlcv-1m 2025-07-01..2025-08-01 (depth 0): skipped, already bought and settled
[2026-09-24 21:13:19 PDT] ZB ohlcv-1m 2025-08-01..2025-09-01 (depth 0): skipped, already bought and settled
[2026-09-24 21:13:19 PDT] ZB ohlcv-1m 2025-09-01..2025-10-01 (depth 0): skipped, already bought and settled
[2026-09-24 21:13:19 PDT] ZB ohlcv-1m 2025-10-01..2025-11-01 (depth 0): skipped, already bought and settled
[2026-09-24 21:13:19 PDT] ZB ohlcv-1m 2025-11-01..2025-12-01 (depth 0): skipped, already bought and settled
[2026-09-24 21:13:19 PDT] ZB ohlcv-1m 2025-12-01..2026-01-01 (depth 0): skipped, already bought and settled
[2026-09-24 21:13:19 PDT] ZB ohlcv-1m 2026-01-01..2026-02-01 (depth 0): skipped, already bought and settled
[2026-09-24 21:13:19 PDT] ZB ohlcv-1m 2026-02-01..2026-03-01 (depth 0): skipped, already bought and settled
[2026-09-24 21:13:19 PDT] ZB ohlcv-1m 2026-03-01..2026-04-01 (depth 0): skipped, already bought and settled
[2026-09-24 21:13:19 PDT] ZB ohlcv-1m 2026-04-01..2026-05-01 (depth 0): skipped, already bought and settled
[2026-09-24 21:13:19 PDT] ZB ohlcv-1m 2026-05-01..2026-06-01 (depth 0): skipped, already bought and settled
[2026-09-24 21:13:19 PDT] ZB ohlcv-1m 2026-06-01..2026-06-21 (depth 0): skipped, already bought and settled
[2026-09-24 21:13:19 PDT] UB ohlcv-1m 2025-04-01..2025-05-01 (depth 0): skipped, already bought and settled
[2026-09-24 21:13:19 PDT] UB ohlcv-1m 2025-05-01..2025-06-01 (depth 0): skipped, already bought and settled
[2026-09-24 21:13:19 PDT] UB ohlcv-1m 2025-06-01..2025-07-01 (depth 0): skipped, already bought and settled
[2026-09-24 21:13:19 PDT] UB ohlcv-1m 2025-07-01..2025-08-01 (depth 0): skipped, already bought and settled
[2026-09-24 21:13:19 PDT] UB ohlcv-1m 2025-08-01..2025-09-01 (depth 0): skipped, already bought and settled
[2026-09-24 21:13:19 PDT] UB ohlcv-1m 2025-09-01..2025-10-01 (depth 0): skipped, already bought and settled
[2026-09-24 21:13:19 PDT] UB ohlcv-1m 2025-10-01..2025-11-01 (depth 0): skipped, already bought and settled
[2026-09-24 21:13:19 PDT] UB ohlcv-1m 2025-11-01..2025-12-01 (depth 0): skipped, already bought and settled
[2026-09-24 21:13:19 PDT] UB ohlcv-1m 2025-12-01..2026-01-01 (depth 0): skipped, already bought and settled
[2026-09-24 21:13:19 PDT] UB ohlcv-1m 2026-01-01..2026-02-01 (depth 0): skipped, already bought and settled
[2026-09-24 21:13:19 PDT] UB ohlcv-1m 2026-02-01..2026-03-01 (depth 0): skipped, already bought and settled
[2026-09-24 21:13:19 PDT] UB ohlcv-1m 2026-03-01..2026-04-01 (depth 0): skipped, already bought and settled
[2026-09-24 21:13:19 PDT] UB ohlcv-1m 2026-04-01..2026-05-01 (depth 0): skipped, already bought and settled
[2026-09-24 21:13:19 PDT] UB ohlcv-1m 2026-05-01..2026-06-01 (depth 0): skipped, already bought and settled
[2026-09-24 21:13:19 PDT] UB ohlcv-1m 2026-06-01..2026-06-21 (depth 0): skipped, already bought and settled
[2026-09-24 21:13:19 PDT] 6E ohlcv-1m 2025-04-01..2025-05-01 (depth 0): skipped, already bought and settled
[2026-09-24 21:13:19 PDT] 6E ohlcv-1m 2025-05-01..2025-06-01 (depth 0): skipped, already bought and settled
[2026-09-24 21:13:19 PDT] 6E ohlcv-1m 2025-06-01..2025-07-01 (depth 0): skipped, already bought and settled
[2026-09-24 21:13:19 PDT] 6E ohlcv-1m 2025-07-01..2025-08-01 (depth 0): skipped, already bought and settled
[2026-09-24 21:13:19 PDT] 6E ohlcv-1m 2025-08-01..2025-09-01 (depth 0): skipped, already bought and settled
[2026-09-24 21:13:19 PDT] 6E ohlcv-1m 2025-09-01..2025-10-01 (depth 0): skipped, already bought and settled
[2026-09-24 21:13:19 PDT] 6E ohlcv-1m 2025-10-01..2025-11-01 (depth 0): skipped, already bought and settled
[2026-09-24 21:13:19 PDT] 6E ohlcv-1m 2025-11-01..2025-12-01 (depth 0): skipped, already bought and settled
[2026-09-24 21:13:19 PDT] 6E ohlcv-1m 2025-12-01..2026-01-01 (depth 0): skipped, already bought and settled
[2026-09-24 21:13:19 PDT] 6E ohlcv-1m 2026-01-01..2026-02-01 (depth 0): skipped, already bought and settled
[2026-09-24 21:13:19 PDT] 6E ohlcv-1m 2026-02-01..2026-03-01 (depth 0): skipped, already bought and settled
[2026-09-24 21:13:19 PDT] 6E ohlcv-1m 2026-03-01..2026-04-01 (depth 0): skipped, already bought and settled
[2026-09-24 21:13:19 PDT] 6E ohlcv-1m 2026-04-01..2026-05-01 (depth 0): skipped, already bought and settled
[2026-09-24 21:13:19 PDT] 6E ohlcv-1m 2026-05-01..2026-06-01 (depth 0): skipped, already bought and settled
[2026-09-24 21:13:19 PDT] 6E ohlcv-1m 2026-06-01..2026-06-21 (depth 0): skipped, already bought and settled
[2026-09-24 21:13:19 PDT] M6E ohlcv-1m 2025-04-01..2025-05-01 (depth 0): skipped, already bought and settled
[2026-09-24 21:13:19 PDT] M6E ohlcv-1m 2025-05-01..2025-06-01 (depth 0): skipped, already bought and settled
[2026-09-24 21:13:19 PDT] M6E ohlcv-1m 2025-06-01..2025-07-01 (depth 0): skipped, already bought and settled
[2026-09-24 21:13:19 PDT] M6E ohlcv-1m 2025-07-01..2025-08-01 (depth 0): skipped, already bought and settled
[2026-09-24 21:13:19 PDT] M6E ohlcv-1m 2025-08-01..2025-09-01 (depth 0): skipped, already bought and settled
[2026-09-24 21:13:19 PDT] M6E ohlcv-1m 2025-09-01..2025-10-01 (depth 0): skipped, already bought and settled
[2026-09-24 21:13:19 PDT] M6E ohlcv-1m 2025-10-01..2025-11-01 (depth 0): skipped, already bought and settled
[2026-09-24 21:13:19 PDT] M6E ohlcv-1m 2025-11-01..2025-12-01 (depth 0): skipped, already bought and settled
[2026-09-24 21:13:19 PDT] M6E ohlcv-1m 2025-12-01..2026-01-01 (depth 0): skipped, already bought and settled
[2026-09-24 21:13:19 PDT] M6E ohlcv-1m 2026-01-01..2026-02-01 (depth 0): skipped, already bought and settled
[2026-09-24 21:13:19 PDT] M6E ohlcv-1m 2026-02-01..2026-03-01 (depth 0): skipped, already bought and settled
[2026-09-24 21:13:19 PDT] M6E ohlcv-1m 2026-03-01..2026-04-01 (depth 0): skipped, already bought and settled
[2026-09-24 21:13:19 PDT] M6E ohlcv-1m 2026-04-01..2026-05-01 (depth 0): skipped, already bought and settled
[2026-09-24 21:13:19 PDT] M6E ohlcv-1m 2026-05-01..2026-06-01 (depth 0): skipped, already bought and settled
[2026-09-24 21:13:19 PDT] M6E ohlcv-1m 2026-06-01..2026-06-21 (depth 0): skipped, already bought and settled
[2026-09-24 21:13:19 PDT] E7 ohlcv-1m 2025-04-01..2025-05-01 (depth 0): skipped, already bought and settled
[2026-09-24 21:13:19 PDT] E7 ohlcv-1m 2025-05-01..2025-06-01 (depth 0): skipped, already bought and settled
[2026-09-24 21:13:19 PDT] E7 ohlcv-1m 2025-06-01..2025-07-01 (depth 0): skipped, already bought and settled
[2026-09-24 21:13:19 PDT] E7 ohlcv-1m 2025-07-01..2025-08-01 (depth 0): skipped, already bought and settled
[2026-09-24 21:13:19 PDT] E7 ohlcv-1m 2025-08-01..2025-09-01 (depth 0): skipped, already bought and settled
[2026-09-24 21:13:19 PDT] E7 ohlcv-1m 2025-09-01..2025-10-01 (depth 0): skipped, already bought and settled
[2026-09-24 21:13:19 PDT] E7 ohlcv-1m 2025-10-01..2025-11-01 (depth 0): skipped, already bought and settled
[2026-09-24 21:13:19 PDT] E7 ohlcv-1m 2025-11-01..2025-12-01 (depth 0): skipped, already bought and settled
[2026-09-24 21:13:19 PDT] E7 ohlcv-1m 2025-12-01..2026-01-01 (depth 0): skipped, already bought and settled
[2026-09-24 21:13:19 PDT] E7 ohlcv-1m 2026-01-01..2026-02-01 (depth 0): skipped, already bought and settled
[2026-09-24 21:13:19 PDT] E7 ohlcv-1m 2026-02-01..2026-03-01 (depth 0): skipped, already bought and settled
[2026-09-24 21:13:19 PDT] E7 ohlcv-1m 2026-03-01..2026-04-01 (depth 0): skipped, already bought and settled
[2026-09-24 21:13:19 PDT] E7 ohlcv-1m 2026-04-01..2026-05-01 (depth 0): skipped, already bought and settled
[2026-09-24 21:13:19 PDT] E7 ohlcv-1m 2026-05-01..2026-06-01 (depth 0): skipped, already bought and settled
[2026-09-24 21:13:19 PDT] E7 ohlcv-1m 2026-06-01..2026-06-21 (depth 0): skipped, already bought and settled
[2026-09-24 21:13:19 PDT] 6A ohlcv-1m 2025-04-01..2025-05-01 (depth 0): skipped, already bought and settled
[2026-09-24 21:13:19 PDT] 6A ohlcv-1m 2025-05-01..2025-06-01 (depth 0): skipped, already bought and settled
[2026-09-24 21:13:19 PDT] 6A ohlcv-1m 2025-06-01..2025-07-01 (depth 0): skipped, already bought and settled
[2026-09-24 21:13:19 PDT] 6A ohlcv-1m 2025-07-01..2025-08-01 (depth 0): skipped, already bought and settled
[2026-09-24 21:13:19 PDT] 6A ohlcv-1m 2025-08-01..2025-09-01 (depth 0): skipped, already bought and settled
[2026-09-24 21:13:19 PDT] 6A ohlcv-1m 2025-09-01..2025-10-01 (depth 0): skipped, already bought and settled
[2026-09-24 21:13:19 PDT] 6A ohlcv-1m 2025-10-01..2025-11-01 (depth 0): skipped, already bought and settled
[2026-09-24 21:13:19 PDT] 6A ohlcv-1m 2025-11-01..2025-12-01 (depth 0): skipped, already bought and settled
[2026-09-24 21:13:19 PDT] 6A ohlcv-1m 2025-12-01..2026-01-01 (depth 0): skipped, already bought and settled
[2026-09-24 21:13:19 PDT] 6A ohlcv-1m 2026-01-01..2026-02-01 (depth 0): skipped, already bought and settled
[2026-09-24 21:13:19 PDT] 6A ohlcv-1m 2026-02-01..2026-03-01 (depth 0): skipped, already bought and settled
[2026-09-24 21:13:19 PDT] 6A ohlcv-1m 2026-03-01..2026-04-01 (depth 0): skipped, already bought and settled
[2026-09-24 21:13:19 PDT] 6A ohlcv-1m 2026-04-01..2026-05-01 (depth 0): skipped, already bought and settled
[2026-09-24 21:13:19 PDT] 6A ohlcv-1m 2026-05-01..2026-06-01 (depth 0): skipped, already bought and settled
[2026-09-24 21:13:19 PDT] 6A ohlcv-1m 2026-06-01..2026-06-21 (depth 0): skipped, already bought and settled
[2026-09-24 21:13:19 PDT] M6A ohlcv-1m 2025-04-01..2025-05-01 (depth 0): skipped, already bought and settled
[2026-09-24 21:13:19 PDT] M6A ohlcv-1m 2025-05-01..2025-06-01 (depth 0): skipped, already bought and settled
[2026-09-24 21:13:19 PDT] M6A ohlcv-1m 2025-06-01..2025-07-01 (depth 0): skipped, already bought and settled
[2026-09-24 21:13:19 PDT] M6A ohlcv-1m 2025-07-01..2025-08-01 (depth 0): skipped, already bought and settled
[2026-09-24 21:13:19 PDT] M6A ohlcv-1m 2025-08-01..2025-09-01 (depth 0): skipped, already bought and settled
[2026-09-24 21:13:19 PDT] M6A ohlcv-1m 2025-09-01..2025-10-01 (depth 0): skipped, already bought and settled
[2026-09-24 21:13:19 PDT] M6A ohlcv-1m 2025-10-01..2025-11-01 (depth 0): skipped, already bought and settled
[2026-09-24 21:13:19 PDT] M6A ohlcv-1m 2025-11-01..2025-12-01 (depth 0): skipped, already bought and settled
[2026-09-24 21:13:19 PDT] M6A ohlcv-1m 2025-12-01..2026-01-01 (depth 0): skipped, already bought and settled
[2026-09-24 21:13:19 PDT] M6A ohlcv-1m 2026-01-01..2026-02-01 (depth 0): skipped, already bought and settled
[2026-09-24 21:13:19 PDT] M6A ohlcv-1m 2026-02-01..2026-03-01 (depth 0): skipped, already bought and settled
[2026-09-24 21:13:19 PDT] M6A ohlcv-1m 2026-03-01..2026-04-01 (depth 0): skipped, already bought and settled
[2026-09-24 21:13:19 PDT] M6A ohlcv-1m 2026-04-01..2026-05-01 (depth 0): skipped, already bought and settled
[2026-09-24 21:13:19 PDT] M6A ohlcv-1m 2026-05-01..2026-06-01 (depth 0): skipped, already bought and settled
[2026-09-24 21:13:19 PDT] M6A ohlcv-1m 2026-06-01..2026-06-21 (depth 0): skipped, already bought and settled
[2026-09-24 21:13:19 PDT] 6B ohlcv-1m 2025-04-01..2025-05-01 (depth 0): skipped, already bought and settled
[2026-09-24 21:13:19 PDT] 6B ohlcv-1m 2025-05-01..2025-06-01 (depth 0): skipped, already bought and settled
[2026-09-24 21:13:19 PDT] 6B ohlcv-1m 2025-06-01..2025-07-01 (depth 0): skipped, already bought and settled
[2026-09-24 21:13:19 PDT] 6B ohlcv-1m 2025-07-01..2025-08-01 (depth 0): skipped, already bought and settled
[2026-09-24 21:13:19 PDT] 6B ohlcv-1m 2025-08-01..2025-09-01 (depth 0): skipped, already bought and settled
[2026-09-24 21:13:19 PDT] 6B ohlcv-1m 2025-09-01..2025-10-01 (depth 0): skipped, already bought and settled
[2026-09-24 21:13:19 PDT] 6B ohlcv-1m 2025-10-01..2025-11-01 (depth 0): skipped, already bought and settled
[2026-09-24 21:13:19 PDT] 6B ohlcv-1m 2025-11-01..2025-12-01 (depth 0): skipped, already bought and settled
[2026-09-24 21:13:19 PDT] 6B ohlcv-1m 2025-12-01..2026-01-01 (depth 0): skipped, already bought and settled
[2026-09-24 21:13:19 PDT] 6B ohlcv-1m 2026-01-01..2026-02-01 (depth 0): skipped, already bought and settled
[2026-09-24 21:13:19 PDT] 6B ohlcv-1m 2026-02-01..2026-03-01 (depth 0): skipped, already bought and settled
[2026-09-24 21:13:19 PDT] 6B ohlcv-1m 2026-03-01..2026-04-01 (depth 0): skipped, already bought and settled
[2026-09-24 21:13:19 PDT] 6B ohlcv-1m 2026-04-01..2026-05-01 (depth 0): skipped, already bought and settled
[2026-09-24 21:13:19 PDT] 6B ohlcv-1m 2026-05-01..2026-06-01 (depth 0): skipped, already bought and settled
[2026-09-24 21:13:19 PDT] 6B ohlcv-1m 2026-06-01..2026-06-21 (depth 0): skipped, already bought and settled
[2026-09-24 21:13:19 PDT] M6B ohlcv-1m 2025-04-01..2025-05-01 (depth 0): skipped, already bought and settled
[2026-09-24 21:13:19 PDT] M6B ohlcv-1m 2025-05-01..2025-06-01 (depth 0): skipped, already bought and settled
[2026-09-24 21:13:19 PDT] M6B ohlcv-1m 2025-06-01..2025-07-01 (depth 0): skipped, already bought and settled
[2026-09-24 21:13:19 PDT] M6B ohlcv-1m 2025-07-01..2025-08-01 (depth 0): skipped, already bought and settled
[2026-09-24 21:13:19 PDT] M6B ohlcv-1m 2025-08-01..2025-09-01 (depth 0): skipped, already bought and settled
[2026-09-24 21:13:19 PDT] M6B ohlcv-1m 2025-09-01..2025-10-01 (depth 0): skipped, already bought and settled
[2026-09-24 21:13:19 PDT] M6B ohlcv-1m 2025-10-01..2025-11-01 (depth 0): skipped, already bought and settled
[2026-09-24 21:13:19 PDT] M6B ohlcv-1m 2025-11-01..2025-12-01 (depth 0): skipped, already bought and settled
[2026-09-24 21:13:19 PDT] M6B ohlcv-1m 2025-12-01..2026-01-01 (depth 0): skipped, already bought and settled
[2026-09-24 21:13:19 PDT] M6B ohlcv-1m 2026-01-01..2026-02-01 (depth 0): skipped, already bought and settled
[2026-09-24 21:13:19 PDT] M6B ohlcv-1m 2026-02-01..2026-03-01 (depth 0): skipped, already bought and settled
[2026-09-24 21:13:19 PDT] M6B ohlcv-1m 2026-03-01..2026-04-01 (depth 0): skipped, already bought and settled
[2026-09-24 21:13:19 PDT] M6B ohlcv-1m 2026-04-01..2026-05-01 (depth 0): skipped, already bought and settled
[2026-09-24 21:13:19 PDT] M6B ohlcv-1m 2026-05-01..2026-06-01 (depth 0): skipped, already bought and settled
[2026-09-24 21:13:19 PDT] M6B ohlcv-1m 2026-06-01..2026-06-21 (depth 0): skipped, already bought and settled
[2026-09-24 21:13:19 PDT] 6C ohlcv-1m 2025-04-01..2025-05-01 (depth 0): skipped, already bought and settled
[2026-09-24 21:13:19 PDT] 6C ohlcv-1m 2025-05-01..2025-06-01 (depth 0): skipped, already bought and settled
[2026-09-24 21:13:19 PDT] 6C ohlcv-1m 2025-06-01..2025-07-01 (depth 0): skipped, already bought and settled
[2026-09-24 21:13:19 PDT] 6C ohlcv-1m 2025-07-01..2025-08-01 (depth 0): skipped, already bought and settled
[2026-09-24 21:13:19 PDT] 6C ohlcv-1m 2025-08-01..2025-09-01 (depth 0): skipped, already bought and settled
[2026-09-24 21:13:19 PDT] 6C ohlcv-1m 2025-09-01..2025-10-01 (depth 0): skipped, already bought and settled
[2026-09-24 21:13:19 PDT] 6C ohlcv-1m 2025-10-01..2025-11-01 (depth 0): skipped, already bought and settled
[2026-09-24 21:13:19 PDT] 6C ohlcv-1m 2025-11-01..2025-12-01 (depth 0): skipped, already bought and settled
[2026-09-24 21:13:19 PDT] 6C ohlcv-1m 2025-12-01..2026-01-01 (depth 0): skipped, already bought and settled
[2026-09-24 21:13:19 PDT] 6C ohlcv-1m 2026-01-01..2026-02-01 (depth 0): skipped, already bought and settled
[2026-09-24 21:13:19 PDT] 6C ohlcv-1m 2026-02-01..2026-03-01 (depth 0): skipped, already bought and settled
[2026-09-24 21:13:19 PDT] 6C ohlcv-1m 2026-03-01..2026-04-01 (depth 0): skipped, already bought and settled
[2026-09-24 21:13:19 PDT] 6C ohlcv-1m 2026-04-01..2026-05-01 (depth 0): skipped, already bought and settled
[2026-09-24 21:13:19 PDT] 6C ohlcv-1m 2026-05-01..2026-06-01 (depth 0): skipped, already bought and settled
[2026-09-24 21:13:19 PDT] 6C ohlcv-1m 2026-06-01..2026-06-21 (depth 0): skipped, already bought and settled
[2026-09-24 21:13:19 PDT] 6J ohlcv-1m 2025-04-01..2025-05-01 (depth 0): skipped, already bought and settled
[2026-09-24 21:13:19 PDT] 6J ohlcv-1m 2025-05-01..2025-06-01 (depth 0): skipped, already bought and settled
[2026-09-24 21:13:19 PDT] 6J ohlcv-1m 2025-06-01..2025-07-01 (depth 0): skipped, already bought and settled
[2026-09-24 21:13:19 PDT] 6J ohlcv-1m 2025-07-01..2025-08-01 (depth 0): skipped, already bought and settled
[2026-09-24 21:13:19 PDT] 6J ohlcv-1m 2025-08-01..2025-09-01 (depth 0): skipped, already bought and settled
[2026-09-24 21:13:19 PDT] 6J ohlcv-1m 2025-09-01..2025-10-01 (depth 0): skipped, already bought and settled
[2026-09-24 21:13:19 PDT] 6J ohlcv-1m 2025-10-01..2025-11-01 (depth 0): skipped, already bought and settled
[2026-09-24 21:13:19 PDT] 6J ohlcv-1m 2025-11-01..2025-12-01 (depth 0): skipped, already bought and settled
[2026-09-24 21:13:19 PDT] 6J ohlcv-1m 2025-12-01..2026-01-01 (depth 0): skipped, already bought and settled
[2026-09-24 21:13:19 PDT] 6J ohlcv-1m 2026-01-01..2026-02-01 (depth 0): skipped, already bought and settled
[2026-09-24 21:13:19 PDT] 6J ohlcv-1m 2026-02-01..2026-03-01 (depth 0): skipped, already bought and settled
[2026-09-24 21:13:19 PDT] 6J ohlcv-1m 2026-03-01..2026-04-01 (depth 0): skipped, already bought and settled
[2026-09-24 21:13:19 PDT] 6J ohlcv-1m 2026-04-01..2026-05-01 (depth 0): skipped, already bought and settled
[2026-09-24 21:13:19 PDT] 6J ohlcv-1m 2026-05-01..2026-06-01 (depth 0): skipped, already bought and settled
[2026-09-24 21:13:19 PDT] 6J ohlcv-1m 2026-06-01..2026-06-21 (depth 0): skipped, already bought and settled
[2026-09-24 21:13:19 PDT] 6S ohlcv-1m 2025-04-01..2025-05-01 (depth 0): skipped, already bought and settled
[2026-09-24 21:13:19 PDT] 6S ohlcv-1m 2025-05-01..2025-06-01 (depth 0): skipped, already bought and settled
[2026-09-24 21:13:19 PDT] 6S ohlcv-1m 2025-06-01..2025-07-01 (depth 0): skipped, already bought and settled
[2026-09-24 21:13:19 PDT] 6S ohlcv-1m 2025-07-01..2025-08-01 (depth 0): skipped, already bought and settled
[2026-09-24 21:13:19 PDT] 6S ohlcv-1m 2025-08-01..2025-09-01 (depth 0): skipped, already bought and settled
[2026-09-24 21:13:19 PDT] 6S ohlcv-1m 2025-09-01..2025-10-01 (depth 0): skipped, already bought and settled
[2026-09-24 21:13:19 PDT] 6S ohlcv-1m 2025-10-01..2025-11-01 (depth 0): skipped, already bought and settled
[2026-09-24 21:13:19 PDT] 6S ohlcv-1m 2025-11-01..2025-12-01 (depth 0): skipped, already bought and settled
[2026-09-24 21:13:19 PDT] 6S ohlcv-1m 2025-12-01..2026-01-01 (depth 0): skipped, already bought and settled
[2026-09-24 21:13:19 PDT] 6S ohlcv-1m 2026-01-01..2026-02-01 (depth 0): skipped, already bought and settled
[2026-09-24 21:13:19 PDT] 6S ohlcv-1m 2026-02-01..2026-03-01 (depth 0): skipped, already bought and settled
[2026-09-24 21:13:19 PDT] 6S ohlcv-1m 2026-03-01..2026-04-01 (depth 0): skipped, already bought and settled
[2026-09-24 21:13:19 PDT] 6S ohlcv-1m 2026-04-01..2026-05-01 (depth 0): skipped, already bought and settled
[2026-09-24 21:13:19 PDT] 6S ohlcv-1m 2026-05-01..2026-06-01 (depth 0): skipped, already bought and settled
[2026-09-24 21:13:19 PDT] 6S ohlcv-1m 2026-06-01..2026-06-21 (depth 0): skipped, already bought and settled
[2026-09-24 21:13:19 PDT] 6N ohlcv-1m 2025-04-01..2025-05-01 (depth 0): skipped, already bought and settled
[2026-09-24 21:13:19 PDT] 6N ohlcv-1m 2025-05-01..2025-06-01 (depth 0): skipped, already bought and settled
[2026-09-24 21:13:19 PDT] 6N ohlcv-1m 2025-06-01..2025-07-01 (depth 0): skipped, already bought and settled
[2026-09-24 21:13:19 PDT] 6N ohlcv-1m 2025-07-01..2025-08-01 (depth 0): skipped, already bought and settled
[2026-09-24 21:13:19 PDT] 6N ohlcv-1m 2025-08-01..2025-09-01 (depth 0): skipped, already bought and settled
[2026-09-24 21:13:19 PDT] 6N ohlcv-1m 2025-09-01..2025-10-01 (depth 0): skipped, already bought and settled
[2026-09-24 21:13:19 PDT] 6N ohlcv-1m 2025-10-01..2025-11-01 (depth 0): skipped, already bought and settled
[2026-09-24 21:13:19 PDT] 6N ohlcv-1m 2025-11-01..2025-12-01 (depth 0): skipped, already bought and settled
[2026-09-24 21:13:19 PDT] 6N ohlcv-1m 2025-12-01..2026-01-01 (depth 0): skipped, already bought and settled
[2026-09-24 21:13:19 PDT] 6N ohlcv-1m 2026-01-01..2026-02-01 (depth 0): skipped, already bought and settled
[2026-09-24 21:13:19 PDT] 6N ohlcv-1m 2026-02-01..2026-03-01 (depth 0): skipped, already bought and settled
[2026-09-24 21:13:19 PDT] 6N ohlcv-1m 2026-03-01..2026-04-01 (depth 0): skipped, already bought and settled
[2026-09-24 21:13:19 PDT] 6N ohlcv-1m 2026-04-01..2026-05-01 (depth 0): skipped, already bought and settled
[2026-09-24 21:13:19 PDT] 6N ohlcv-1m 2026-05-01..2026-06-01 (depth 0): skipped, already bought and settled
[2026-09-24 21:13:19 PDT] 6N ohlcv-1m 2026-06-01..2026-06-21 (depth 0): skipped, already bought and settled
[2026-09-24 21:13:19 PDT] CL ohlcv-1m 2025-04-01..2025-05-01 (depth 0): skipped, already bought and settled
[2026-09-24 21:13:19 PDT] CL ohlcv-1m 2025-05-01..2025-06-01 (depth 0): skipped, already bought and settled
[2026-09-24 21:13:19 PDT] CL ohlcv-1m 2025-06-01..2025-07-01 (depth 0): skipped, already bought and settled
[2026-09-24 21:13:19 PDT] CL ohlcv-1m 2025-07-01..2025-08-01 (depth 0): skipped, already bought and settled
[2026-09-24 21:13:19 PDT] CL ohlcv-1m 2025-08-01..2025-09-01 (depth 0): skipped, already bought and settled
[2026-09-24 21:13:19 PDT] CL ohlcv-1m 2025-09-01..2025-10-01 (depth 0): skipped, already bought and settled
[2026-09-24 21:13:19 PDT] CL ohlcv-1m 2025-10-01..2025-11-01 (depth 0): skipped, already bought and settled
[2026-09-24 21:13:19 PDT] CL ohlcv-1m 2025-11-01..2025-12-01 (depth 0): skipped, already bought and settled
[2026-09-24 21:13:19 PDT] CL ohlcv-1m 2025-12-01..2026-01-01 (depth 0): skipped, already bought and settled
[2026-09-24 21:13:19 PDT] CL ohlcv-1m 2026-01-01..2026-02-01 (depth 0): skipped, already bought and settled
[2026-09-24 21:13:19 PDT] CL ohlcv-1m 2026-02-01..2026-03-01 (depth 0): skipped, already bought and settled
[2026-09-24 21:13:19 PDT] CL ohlcv-1m 2026-03-01..2026-04-01 (depth 0): skipped, already bought and settled
[2026-09-24 21:13:19 PDT] CL ohlcv-1m 2026-04-01..2026-05-01 (depth 0): skipped, already bought and settled
[2026-09-24 21:13:19 PDT] CL ohlcv-1m 2026-05-01..2026-06-01 (depth 0): skipped, already bought and settled
[2026-09-24 21:13:19 PDT] CL ohlcv-1m 2026-06-01..2026-06-21 (depth 0): skipped, already bought and settled
[2026-09-24 21:13:19 PDT] MCL ohlcv-1m 2025-04-01..2025-05-01 (depth 0): skipped, already bought and settled
[2026-09-24 21:13:19 PDT] MCL ohlcv-1m 2025-05-01..2025-06-01 (depth 0): skipped, already bought and settled
[2026-09-24 21:13:19 PDT] MCL ohlcv-1m 2025-06-01..2025-07-01 (depth 0): skipped, already bought and settled
[2026-09-24 21:13:19 PDT] MCL ohlcv-1m 2025-07-01..2025-08-01 (depth 0): skipped, already bought and settled
[2026-09-24 21:13:19 PDT] MCL ohlcv-1m 2025-08-01..2025-09-01 (depth 0): skipped, already bought and settled
[2026-09-24 21:13:19 PDT] MCL ohlcv-1m 2025-09-01..2025-10-01 (depth 0): skipped, already bought and settled
[2026-09-24 21:13:19 PDT] MCL ohlcv-1m 2025-10-01..2025-11-01 (depth 0): skipped, already bought and settled
[2026-09-24 21:13:19 PDT] MCL ohlcv-1m 2025-11-01..2025-12-01 (depth 0): skipped, already bought and settled
[2026-09-24 21:13:19 PDT] MCL ohlcv-1m 2025-12-01..2026-01-01 (depth 0): skipped, already bought and settled
[2026-09-24 21:13:19 PDT] MCL ohlcv-1m 2026-01-01..2026-02-01 (depth 0): skipped, already bought and settled
[2026-09-24 21:13:19 PDT] MCL ohlcv-1m 2026-02-01..2026-03-01 (depth 0): skipped, already bought and settled
[2026-09-24 21:13:19 PDT] MCL ohlcv-1m 2026-03-01..2026-04-01 (depth 0): skipped, already bought and settled
[2026-09-24 21:13:19 PDT] MCL ohlcv-1m 2026-04-01..2026-05-01 (depth 0): skipped, already bought and settled
[2026-09-24 21:13:19 PDT] MCL ohlcv-1m 2026-05-01..2026-06-01 (depth 0): skipped, already bought and settled
[2026-09-24 21:13:19 PDT] MCL ohlcv-1m 2026-06-01..2026-06-21 (depth 0): skipped, already bought and settled
[2026-09-24 21:13:19 PDT] QM ohlcv-1m 2025-04-01..2025-05-01 (depth 0): skipped, already bought and settled
[2026-09-24 21:13:19 PDT] QM ohlcv-1m 2025-05-01..2025-06-01 (depth 0): skipped, already bought and settled
[2026-09-24 21:13:19 PDT] QM ohlcv-1m 2025-06-01..2025-07-01 (depth 0): skipped, already bought and settled
[2026-09-24 21:13:19 PDT] QM ohlcv-1m 2025-07-01..2025-08-01 (depth 0): skipped, already bought and settled
[2026-09-24 21:13:19 PDT] QM ohlcv-1m 2025-08-01..2025-09-01 (depth 0): skipped, already bought and settled
[2026-09-24 21:13:19 PDT] QM ohlcv-1m 2025-09-01..2025-10-01 (depth 0): skipped, already bought and settled
[2026-09-24 21:13:19 PDT] QM ohlcv-1m 2025-10-01..2025-11-01 (depth 0): skipped, already bought and settled
[2026-09-24 21:13:19 PDT] QM ohlcv-1m 2025-11-01..2025-12-01 (depth 0): skipped, already bought and settled
[2026-09-24 21:13:19 PDT] QM ohlcv-1m 2025-12-01..2026-01-01 (depth 0): skipped, already bought and settled
[2026-09-24 21:13:19 PDT] QM ohlcv-1m 2026-01-01..2026-02-01 (depth 0): skipped, already bought and settled
[2026-09-24 21:13:19 PDT] QM ohlcv-1m 2026-02-01..2026-03-01 (depth 0): skipped, already bought and settled
[2026-09-24 21:13:19 PDT] QM ohlcv-1m 2026-03-01..2026-04-01 (depth 0): skipped, already bought and settled
[2026-09-24 21:13:19 PDT] QM ohlcv-1m 2026-04-01..2026-05-01 (depth 0): skipped, already bought and settled
[2026-09-24 21:13:19 PDT] QM ohlcv-1m 2026-05-01..2026-06-01 (depth 0): skipped, already bought and settled
[2026-09-24 21:13:19 PDT] QM ohlcv-1m 2026-06-01..2026-06-21 (depth 0): skipped, already bought and settled
[2026-09-24 21:13:19 PDT] NG ohlcv-1m 2025-04-01..2025-05-01 (depth 0): skipped, already bought and settled
[2026-09-24 21:13:19 PDT] NG ohlcv-1m 2025-05-01..2025-06-01 (depth 0): skipped, already bought and settled
[2026-09-24 21:13:19 PDT] NG ohlcv-1m 2025-06-01..2025-07-01 (depth 0): skipped, already bought and settled
[2026-09-24 21:13:19 PDT] NG ohlcv-1m 2025-07-01..2025-08-01 (depth 0): skipped, already bought and settled
[2026-09-24 21:13:19 PDT] NG ohlcv-1m 2025-08-01..2025-09-01 (depth 0): skipped, already bought and settled
[2026-09-24 21:13:19 PDT] NG ohlcv-1m 2025-09-01..2025-10-01 (depth 0): skipped, already bought and settled
[2026-09-24 21:13:19 PDT] NG ohlcv-1m 2025-10-01..2025-11-01 (depth 0): skipped, already bought and settled
[2026-09-24 21:13:19 PDT] NG ohlcv-1m 2025-11-01..2025-12-01 (depth 0): skipped, already bought and settled
[2026-09-24 21:13:19 PDT] NG ohlcv-1m 2025-12-01..2026-01-01 (depth 0): skipped, already bought and settled
[2026-09-24 21:13:19 PDT] NG ohlcv-1m 2026-01-01..2026-02-01 (depth 0): skipped, already bought and settled
[2026-09-24 21:13:19 PDT] NG ohlcv-1m 2026-02-01..2026-03-01 (depth 0): skipped, already bought and settled
[2026-09-24 21:13:19 PDT] NG ohlcv-1m 2026-03-01..2026-04-01 (depth 0): skipped, already bought and settled
[2026-09-24 21:13:19 PDT] NG ohlcv-1m 2026-04-01..2026-05-01 (depth 0): skipped, already bought and settled
[2026-09-24 21:13:19 PDT] NG ohlcv-1m 2026-05-01..2026-06-01 (depth 0): skipped, already bought and settled
[2026-09-24 21:13:19 PDT] NG ohlcv-1m 2026-06-01..2026-06-21 (depth 0): skipped, already bought and settled
[2026-09-24 21:13:19 PDT] MNG ohlcv-1m 2025-04-01..2025-05-01 (depth 0): skipped, already bought and settled
[2026-09-24 21:13:19 PDT] MNG ohlcv-1m 2025-05-01..2025-06-01 (depth 0): skipped, already bought and settled
[2026-09-24 21:13:19 PDT] MNG ohlcv-1m 2025-06-01..2025-07-01 (depth 0): skipped, already bought and settled
[2026-09-24 21:13:19 PDT] MNG ohlcv-1m 2025-07-01..2025-08-01 (depth 0): skipped, already bought and settled
[2026-09-24 21:13:19 PDT] MNG ohlcv-1m 2025-08-01..2025-09-01 (depth 0): skipped, already bought and settled
[2026-09-24 21:13:19 PDT] MNG ohlcv-1m 2025-09-01..2025-10-01 (depth 0): skipped, already bought and settled
[2026-09-24 21:13:19 PDT] MNG ohlcv-1m 2025-10-01..2025-11-01 (depth 0): skipped, already bought and settled
[2026-09-24 21:13:19 PDT] MNG ohlcv-1m 2025-11-01..2025-12-01 (depth 0): skipped, already bought and settled
[2026-09-24 21:13:19 PDT] MNG ohlcv-1m 2025-12-01..2026-01-01 (depth 0): skipped, already bought and settled
[2026-09-24 21:13:19 PDT] MNG ohlcv-1m 2026-01-01..2026-02-01 (depth 0): skipped, already bought and settled
[2026-09-24 21:13:19 PDT] MNG ohlcv-1m 2026-02-01..2026-03-01 (depth 0): skipped, already bought and settled
[2026-09-24 21:13:19 PDT] MNG ohlcv-1m 2026-03-01..2026-04-01 (depth 0): skipped, already bought and settled
[2026-09-24 21:13:19 PDT] MNG ohlcv-1m 2026-04-01..2026-05-01 (depth 0): skipped, already bought and settled
[2026-09-24 21:13:19 PDT] MNG ohlcv-1m 2026-05-01..2026-06-01 (depth 0): skipped, already bought and settled
[2026-09-24 21:13:19 PDT] MNG ohlcv-1m 2026-06-01..2026-06-21 (depth 0): skipped, already bought and settled
[2026-09-24 21:13:19 PDT] QG ohlcv-1m 2025-04-01..2025-05-01 (depth 0): skipped, already bought and settled
[2026-09-24 21:13:19 PDT] QG ohlcv-1m 2025-05-01..2025-06-01 (depth 0): skipped, already bought and settled
[2026-09-24 21:13:19 PDT] QG ohlcv-1m 2025-06-01..2025-07-01 (depth 0): skipped, already bought and settled
[2026-09-24 21:13:19 PDT] QG ohlcv-1m 2025-07-01..2025-08-01 (depth 0): skipped, already bought and settled
[2026-09-24 21:13:19 PDT] QG ohlcv-1m 2025-08-01..2025-09-01 (depth 0): skipped, already bought and settled
[2026-09-24 21:13:19 PDT] QG ohlcv-1m 2025-09-01..2025-10-01 (depth 0): skipped, already bought and settled
[2026-09-24 21:13:19 PDT] QG ohlcv-1m 2025-10-01..2025-11-01 (depth 0): skipped, already bought and settled
[2026-09-24 21:13:19 PDT] QG ohlcv-1m 2025-11-01..2025-12-01 (depth 0): skipped, already bought and settled
[2026-09-24 21:13:19 PDT] QG ohlcv-1m 2025-12-01..2026-01-01 (depth 0): skipped, already bought and settled
[2026-09-24 21:13:19 PDT] QG ohlcv-1m 2026-01-01..2026-02-01 (depth 0): skipped, already bought and settled
[2026-09-24 21:13:19 PDT] QG ohlcv-1m 2026-02-01..2026-03-01 (depth 0): skipped, already bought and settled
[2026-09-24 21:13:19 PDT] QG ohlcv-1m 2026-03-01..2026-04-01 (depth 0): skipped, already bought and settled
[2026-09-24 21:13:19 PDT] QG ohlcv-1m 2026-04-01..2026-05-01 (depth 0): skipped, already bought and settled
[2026-09-24 21:13:19 PDT] QG ohlcv-1m 2026-05-01..2026-06-01 (depth 0): skipped, already bought and settled
[2026-09-24 21:13:19 PDT] QG ohlcv-1m 2026-06-01..2026-06-21 (depth 0): skipped, already bought and settled
[2026-09-24 21:13:19 PDT] RB ohlcv-1m 2025-04-01..2025-05-01 (depth 0): skipped, already bought and settled
[2026-09-24 21:13:19 PDT] RB ohlcv-1m 2025-05-01..2025-06-01 (depth 0): skipped, already bought and settled
[2026-09-24 21:13:19 PDT] RB ohlcv-1m 2025-06-01..2025-07-01 (depth 0): skipped, already bought and settled
[2026-09-24 21:13:19 PDT] RB ohlcv-1m 2025-07-01..2025-08-01 (depth 0): skipped, already bought and settled
[2026-09-24 21:13:19 PDT] RB ohlcv-1m 2025-08-01..2025-09-01 (depth 0): skipped, already bought and settled
[2026-09-24 21:13:19 PDT] RB ohlcv-1m 2025-09-01..2025-10-01 (depth 0): skipped, already bought and settled
[2026-09-24 21:13:19 PDT] RB ohlcv-1m 2025-10-01..2025-11-01 (depth 0): skipped, already bought and settled
[2026-09-24 21:13:19 PDT] RB ohlcv-1m 2025-11-01..2025-12-01 (depth 0): skipped, already bought and settled
[2026-09-24 21:13:19 PDT] RB ohlcv-1m 2025-12-01..2026-01-01 (depth 0): skipped, already bought and settled
[2026-09-24 21:13:19 PDT] RB ohlcv-1m 2026-01-01..2026-02-01 (depth 0): skipped, already bought and settled
[2026-09-24 21:13:19 PDT] RB ohlcv-1m 2026-02-01..2026-03-01 (depth 0): skipped, already bought and settled
[2026-09-24 21:13:19 PDT] RB ohlcv-1m 2026-03-01..2026-04-01 (depth 0): skipped, already bought and settled
[2026-09-24 21:13:19 PDT] RB ohlcv-1m 2026-04-01..2026-05-01 (depth 0): skipped, already bought and settled
[2026-09-24 21:13:19 PDT] RB ohlcv-1m 2026-05-01..2026-06-01 (depth 0): skipped, already bought and settled
[2026-09-24 21:13:19 PDT] RB ohlcv-1m 2026-06-01..2026-06-21 (depth 0): skipped, already bought and settled
[2026-09-24 21:13:19 PDT] HO ohlcv-1m 2025-04-01..2025-05-01 (depth 0): skipped, already bought and settled
[2026-09-24 21:13:19 PDT] HO ohlcv-1m 2025-05-01..2025-06-01 (depth 0): skipped, already bought and settled
[2026-09-24 21:13:19 PDT] HO ohlcv-1m 2025-06-01..2025-07-01 (depth 0): skipped, already bought and settled
[2026-09-24 21:13:19 PDT] HO ohlcv-1m 2025-07-01..2025-08-01 (depth 0): skipped, already bought and settled
[2026-09-24 21:13:19 PDT] HO ohlcv-1m 2025-08-01..2025-09-01 (depth 0): skipped, already bought and settled
[2026-09-24 21:13:19 PDT] HO ohlcv-1m 2025-09-01..2025-10-01 (depth 0): skipped, already bought and settled
[2026-09-24 21:13:19 PDT] HO ohlcv-1m 2025-10-01..2025-11-01 (depth 0): skipped, already bought and settled
[2026-09-24 21:13:19 PDT] HO ohlcv-1m 2025-11-01..2025-12-01 (depth 0): skipped, already bought and settled
[2026-09-24 21:13:19 PDT] HO ohlcv-1m 2025-12-01..2026-01-01 (depth 0): skipped, already bought and settled
[2026-09-24 21:13:19 PDT] HO ohlcv-1m 2026-01-01..2026-02-01 (depth 0): skipped, already bought and settled
[2026-09-24 21:13:19 PDT] HO ohlcv-1m 2026-02-01..2026-03-01 (depth 0): skipped, already bought and settled
[2026-09-24 21:13:19 PDT] HO ohlcv-1m 2026-03-01..2026-04-01 (depth 0): skipped, already bought and settled
[2026-09-24 21:13:19 PDT] HO ohlcv-1m 2026-04-01..2026-05-01 (depth 0): skipped, already bought and settled
[2026-09-24 21:13:19 PDT] HO ohlcv-1m 2026-05-01..2026-06-01 (depth 0): skipped, already bought and settled
[2026-09-24 21:13:19 PDT] HO ohlcv-1m 2026-06-01..2026-06-21 (depth 0): skipped, already bought and settled
[2026-09-24 21:13:19 PDT] MGC ohlcv-1m 2025-04-01..2025-05-01 (depth 0): skipped, already bought and settled
[2026-09-24 21:13:19 PDT] MGC ohlcv-1m 2025-05-01..2025-06-01 (depth 0): skipped, already bought and settled
[2026-09-24 21:13:19 PDT] MGC ohlcv-1m 2025-06-01..2025-07-01 (depth 0): skipped, already bought and settled
[2026-09-24 21:13:19 PDT] MGC ohlcv-1m 2025-07-01..2025-08-01 (depth 0): skipped, already bought and settled
[2026-09-24 21:13:19 PDT] MGC ohlcv-1m 2025-08-01..2025-09-01 (depth 0): skipped, already bought and settled
[2026-09-24 21:13:19 PDT] MGC ohlcv-1m 2025-09-01..2025-10-01 (depth 0): skipped, already bought and settled
[2026-09-24 21:13:19 PDT] MGC ohlcv-1m 2025-10-01..2025-11-01 (depth 0): skipped, already bought and settled
[2026-09-24 21:13:19 PDT] MGC ohlcv-1m 2025-11-01..2025-12-01 (depth 0): skipped, already bought and settled
[2026-09-24 21:13:19 PDT] MGC ohlcv-1m 2025-12-01..2026-01-01 (depth 0): skipped, already bought and settled
[2026-09-24 21:13:19 PDT] MGC ohlcv-1m 2026-01-01..2026-02-01 (depth 0): skipped, already bought and settled
[2026-09-24 21:13:19 PDT] MGC ohlcv-1m 2026-02-01..2026-03-01 (depth 0): skipped, already bought and settled
[2026-09-24 21:13:19 PDT] MGC ohlcv-1m 2026-03-01..2026-04-01 (depth 0): skipped, already bought and settled
[2026-09-24 21:13:19 PDT] MGC ohlcv-1m 2026-04-01..2026-05-01 (depth 0): skipped, already bought and settled
[2026-09-24 21:13:19 PDT] MGC ohlcv-1m 2026-05-01..2026-06-01 (depth 0): skipped, already bought and settled
[2026-09-24 21:13:19 PDT] MGC ohlcv-1m 2026-06-01..2026-06-21 (depth 0): skipped, already bought and settled
[2026-09-24 21:13:19 PDT] GC ohlcv-1m 2025-04-01..2025-05-01 (depth 0): skipped, already bought and settled
[2026-09-24 21:13:19 PDT] GC ohlcv-1m 2025-05-01..2025-06-01 (depth 0): skipped, already bought and settled
[2026-09-24 21:13:19 PDT] GC ohlcv-1m 2025-06-01..2025-07-01 (depth 0): skipped, already bought and settled
[2026-09-24 21:13:19 PDT] GC ohlcv-1m 2025-07-01..2025-08-01 (depth 0): skipped, already bought and settled
[2026-09-24 21:13:19 PDT] GC ohlcv-1m 2025-08-01..2025-09-01 (depth 0): skipped, already bought and settled
[2026-09-24 21:13:19 PDT] GC ohlcv-1m 2025-09-01..2025-10-01 (depth 0): skipped, already bought and settled
[2026-09-24 21:13:19 PDT] GC ohlcv-1m 2025-10-01..2025-11-01 (depth 0): skipped, already bought and settled
[2026-09-24 21:13:19 PDT] GC ohlcv-1m 2025-11-01..2025-12-01 (depth 0): skipped, already bought and settled
[2026-09-24 21:13:19 PDT] GC ohlcv-1m 2025-12-01..2026-01-01 (depth 0): skipped, already bought and settled
[2026-09-24 21:13:19 PDT] GC ohlcv-1m 2026-01-01..2026-02-01 (depth 0): skipped, already bought and settled
[2026-09-24 21:13:19 PDT] GC ohlcv-1m 2026-02-01..2026-03-01 (depth 0): skipped, already bought and settled
[2026-09-24 21:13:19 PDT] GC ohlcv-1m 2026-03-01..2026-04-01 (depth 0): skipped, already bought and settled
[2026-09-24 21:13:19 PDT] GC ohlcv-1m 2026-04-01..2026-05-01 (depth 0): skipped, already bought and settled
[2026-09-24 21:13:19 PDT] GC ohlcv-1m 2026-05-01..2026-06-01 (depth 0): skipped, already bought and settled
[2026-09-24 21:13:19 PDT] GC ohlcv-1m 2026-06-01..2026-06-21 (depth 0): skipped, already bought and settled
[2026-09-24 21:13:19 PDT] SIL ohlcv-1m 2025-04-01..2025-05-01 (depth 0): skipped, already bought and settled
[2026-09-24 21:13:19 PDT] SIL ohlcv-1m 2025-05-01..2025-06-01 (depth 0): skipped, already bought and settled
[2026-09-24 21:13:19 PDT] SIL ohlcv-1m 2025-06-01..2025-07-01 (depth 0): skipped, already bought and settled
[2026-09-24 21:13:19 PDT] SIL ohlcv-1m 2025-07-01..2025-08-01 (depth 0): skipped, already bought and settled
[2026-09-24 21:13:19 PDT] SIL ohlcv-1m 2025-08-01..2025-09-01 (depth 0): skipped, already bought and settled
[2026-09-24 21:13:19 PDT] SIL ohlcv-1m 2025-09-01..2025-10-01 (depth 0): skipped, already bought and settled
[2026-09-24 21:13:19 PDT] SIL ohlcv-1m 2025-10-01..2025-11-01 (depth 0): skipped, already bought and settled
[2026-09-24 21:13:19 PDT] SIL ohlcv-1m 2025-11-01..2025-12-01 (depth 0): skipped, already bought and settled
[2026-09-24 21:13:19 PDT] SIL ohlcv-1m 2025-12-01..2026-01-01 (depth 0): skipped, already bought and settled
[2026-09-24 21:13:19 PDT] SIL ohlcv-1m 2026-01-01..2026-02-01 (depth 0): skipped, already bought and settled
[2026-09-24 21:13:19 PDT] SIL ohlcv-1m 2026-02-01..2026-03-01 (depth 0): skipped, already bought and settled
[2026-09-24 21:13:19 PDT] SIL ohlcv-1m 2026-03-01..2026-04-01 (depth 0): skipped, already bought and settled
[2026-09-24 21:13:19 PDT] SIL ohlcv-1m 2026-04-01..2026-05-01 (depth 0): skipped, already bought and settled
[2026-09-24 21:13:19 PDT] SIL ohlcv-1m 2026-05-01..2026-06-01 (depth 0): skipped, already bought and settled
[2026-09-24 21:13:19 PDT] SIL ohlcv-1m 2026-06-01..2026-06-21 (depth 0): skipped, already bought and settled
[2026-09-24 21:13:19 PDT] SI ohlcv-1m 2025-04-01..2025-05-01 (depth 0): skipped, already bought and settled
[2026-09-24 21:13:19 PDT] SI ohlcv-1m 2025-05-01..2025-06-01 (depth 0): skipped, already bought and settled
[2026-09-24 21:13:19 PDT] SI ohlcv-1m 2025-06-01..2025-07-01 (depth 0): skipped, already bought and settled
[2026-09-24 21:13:19 PDT] SI ohlcv-1m 2025-07-01..2025-08-01 (depth 0): skipped, already bought and settled
[2026-09-24 21:13:19 PDT] SI ohlcv-1m 2025-08-01..2025-09-01 (depth 0): skipped, already bought and settled
[2026-09-24 21:13:19 PDT] SI ohlcv-1m 2025-09-01..2025-10-01 (depth 0): skipped, already bought and settled
[2026-09-24 21:13:19 PDT] SI ohlcv-1m 2025-10-01..2025-11-01 (depth 0): skipped, already bought and settled
[2026-09-24 21:13:19 PDT] SI ohlcv-1m 2025-11-01..2025-12-01 (depth 0): skipped, already bought and settled
[2026-09-24 21:13:19 PDT] SI ohlcv-1m 2025-12-01..2026-01-01 (depth 0): skipped, already bought and settled
[2026-09-24 21:13:19 PDT] SI ohlcv-1m 2026-01-01..2026-02-01 (depth 0): skipped, already bought and settled
[2026-09-24 21:13:19 PDT] SI ohlcv-1m 2026-02-01..2026-03-01 (depth 0): skipped, already bought and settled
[2026-09-24 21:13:19 PDT] SI ohlcv-1m 2026-03-01..2026-04-01 (depth 0): skipped, already bought and settled
[2026-09-24 21:13:19 PDT] SI ohlcv-1m 2026-04-01..2026-05-01 (depth 0): skipped, already bought and settled
[2026-09-24 21:13:19 PDT] SI ohlcv-1m 2026-05-01..2026-06-01 (depth 0): skipped, already bought and settled
[2026-09-24 21:13:19 PDT] SI ohlcv-1m 2026-06-01..2026-06-21 (depth 0): skipped, already bought and settled
[2026-09-24 21:13:19 PDT] HG ohlcv-1m 2025-04-01..2025-05-01 (depth 0): skipped, already bought and settled
[2026-09-24 21:13:19 PDT] HG ohlcv-1m 2025-05-01..2025-06-01 (depth 0): skipped, already bought and settled
[2026-09-24 21:13:19 PDT] HG ohlcv-1m 2025-06-01..2025-07-01 (depth 0): skipped, already bought and settled
[2026-09-24 21:13:19 PDT] HG ohlcv-1m 2025-07-01..2025-08-01 (depth 0): skipped, already bought and settled
[2026-09-24 21:13:19 PDT] HG ohlcv-1m 2025-08-01..2025-09-01 (depth 0): skipped, already bought and settled
[2026-09-24 21:13:19 PDT] HG ohlcv-1m 2025-09-01..2025-10-01 (depth 0): skipped, already bought and settled
[2026-09-24 21:13:19 PDT] HG ohlcv-1m 2025-10-01..2025-11-01 (depth 0): skipped, already bought and settled
[2026-09-24 21:13:19 PDT] HG ohlcv-1m 2025-11-01..2025-12-01 (depth 0): skipped, already bought and settled
[2026-09-24 21:13:19 PDT] HG ohlcv-1m 2025-12-01..2026-01-01 (depth 0): skipped, already bought and settled
[2026-09-24 21:13:19 PDT] HG ohlcv-1m 2026-01-01..2026-02-01 (depth 0): skipped, already bought and settled
[2026-09-24 21:13:19 PDT] HG ohlcv-1m 2026-02-01..2026-03-01 (depth 0): skipped, already bought and settled
[2026-09-24 21:13:19 PDT] HG ohlcv-1m 2026-03-01..2026-04-01 (depth 0): skipped, already bought and settled
[2026-09-24 21:13:19 PDT] HG ohlcv-1m 2026-04-01..2026-05-01 (depth 0): skipped, already bought and settled
[2026-09-24 21:13:19 PDT] HG ohlcv-1m 2026-05-01..2026-06-01 (depth 0): skipped, already bought and settled
[2026-09-24 21:13:19 PDT] HG ohlcv-1m 2026-06-01..2026-06-21 (depth 0): skipped, already bought and settled
[2026-09-24 21:13:19 PDT] MHG ohlcv-1m 2025-04-01..2025-05-01 (depth 0): skipped, already bought and settled
[2026-09-24 21:13:19 PDT] MHG ohlcv-1m 2025-05-01..2025-06-01 (depth 0): skipped, already bought and settled
[2026-09-24 21:13:19 PDT] MHG ohlcv-1m 2025-06-01..2025-07-01 (depth 0): skipped, already bought and settled
[2026-09-24 21:13:19 PDT] MHG ohlcv-1m 2025-07-01..2025-08-01 (depth 0): skipped, already bought and settled
[2026-09-24 21:13:19 PDT] MHG ohlcv-1m 2025-08-01..2025-09-01 (depth 0): skipped, already bought and settled
[2026-09-24 21:13:19 PDT] MHG ohlcv-1m 2025-09-01..2025-10-01 (depth 0): skipped, already bought and settled
[2026-09-24 21:13:19 PDT] MHG ohlcv-1m 2025-10-01..2025-11-01 (depth 0): skipped, already bought and settled
[2026-09-24 21:13:19 PDT] MHG ohlcv-1m 2025-11-01..2025-12-01 (depth 0): skipped, already bought and settled
[2026-09-24 21:13:19 PDT] MHG ohlcv-1m 2025-12-01..2026-01-01 (depth 0): skipped, already bought and settled
[2026-09-24 21:13:19 PDT] MHG ohlcv-1m 2026-01-01..2026-02-01 (depth 0): skipped, already bought and settled
[2026-09-24 21:13:19 PDT] MHG ohlcv-1m 2026-02-01..2026-03-01 (depth 0): skipped, already bought and settled
[2026-09-24 21:13:19 PDT] MHG ohlcv-1m 2026-03-01..2026-04-01 (depth 0): skipped, already bought and settled
[2026-09-24 21:13:19 PDT] MHG ohlcv-1m 2026-04-01..2026-05-01 (depth 0): skipped, already bought and settled
[2026-09-24 21:13:19 PDT] MHG ohlcv-1m 2026-05-01..2026-06-01 (depth 0): skipped, already bought and settled
[2026-09-24 21:13:19 PDT] MHG ohlcv-1m 2026-06-01..2026-06-21 (depth 0): skipped, already bought and settled
[2026-09-24 21:13:19 PDT] ZC ohlcv-1m 2025-04-01..2025-05-01 (depth 0): skipped, already bought and settled
[2026-09-24 21:13:19 PDT] ZC ohlcv-1m 2025-05-01..2025-06-01 (depth 0): skipped, already bought and settled
[2026-09-24 21:13:19 PDT] ZC ohlcv-1m 2025-06-01..2025-07-01 (depth 0): skipped, already bought and settled
[2026-09-24 21:13:19 PDT] ZC ohlcv-1m 2025-07-01..2025-08-01 (depth 0): skipped, already bought and settled
[2026-09-24 21:13:19 PDT] ZC ohlcv-1m 2025-08-01..2025-09-01 (depth 0): skipped, already bought and settled
[2026-09-24 21:13:19 PDT] ZC ohlcv-1m 2025-09-01..2025-10-01 (depth 0): skipped, already bought and settled
[2026-09-24 21:13:19 PDT] ZC ohlcv-1m 2025-10-01..2025-11-01 (depth 0): skipped, already bought and settled
[2026-09-24 21:13:19 PDT] ZC ohlcv-1m 2025-11-01..2025-12-01 (depth 0): skipped, already bought and settled
[2026-09-24 21:13:19 PDT] ZC ohlcv-1m 2025-12-01..2026-01-01 (depth 0): skipped, already bought and settled
[2026-09-24 21:13:19 PDT] ZC ohlcv-1m 2026-01-01..2026-02-01 (depth 0): skipped, already bought and settled
[2026-09-24 21:13:19 PDT] ZC ohlcv-1m 2026-02-01..2026-03-01 (depth 0): skipped, already bought and settled
[2026-09-24 21:13:19 PDT] ZC ohlcv-1m 2026-03-01..2026-04-01 (depth 0): skipped, already bought and settled
[2026-09-24 21:13:19 PDT] ZC ohlcv-1m 2026-04-01..2026-05-01 (depth 0): skipped, already bought and settled
[2026-09-24 21:13:19 PDT] ZC ohlcv-1m 2026-05-01..2026-06-01 (depth 0): skipped, already bought and settled
[2026-09-24 21:13:19 PDT] ZC ohlcv-1m 2026-06-01..2026-06-21 (depth 0): skipped, already bought and settled
[2026-09-24 21:13:19 PDT] ZW ohlcv-1m 2025-04-01..2025-05-01 (depth 0): skipped, already bought and settled
[2026-09-24 21:13:19 PDT] ZW ohlcv-1m 2025-05-01..2025-06-01 (depth 0): skipped, already bought and settled
[2026-09-24 21:13:19 PDT] ZW ohlcv-1m 2025-06-01..2025-07-01 (depth 0): skipped, already bought and settled
[2026-09-24 21:13:19 PDT] ZW ohlcv-1m 2025-07-01..2025-08-01 (depth 0): skipped, already bought and settled
[2026-09-24 21:13:19 PDT] ZW ohlcv-1m 2025-08-01..2025-09-01 (depth 0): skipped, already bought and settled
[2026-09-24 21:13:19 PDT] ZW ohlcv-1m 2025-09-01..2025-10-01 (depth 0): skipped, already bought and settled
[2026-09-24 21:13:19 PDT] ZW ohlcv-1m 2025-10-01..2025-11-01 (depth 0): skipped, already bought and settled
[2026-09-24 21:13:19 PDT] ZW ohlcv-1m 2025-11-01..2025-12-01 (depth 0): skipped, already bought and settled
[2026-09-24 21:13:19 PDT] ZW ohlcv-1m 2025-12-01..2026-01-01 (depth 0): skipped, already bought and settled
[2026-09-24 21:13:19 PDT] ZW ohlcv-1m 2026-01-01..2026-02-01 (depth 0): skipped, already bought and settled
[2026-09-24 21:13:19 PDT] ZW ohlcv-1m 2026-02-01..2026-03-01 (depth 0): skipped, already bought and settled
[2026-09-24 21:13:19 PDT] ZW ohlcv-1m 2026-03-01..2026-04-01 (depth 0): skipped, already bought and settled
[2026-09-24 21:13:19 PDT] ZW ohlcv-1m 2026-04-01..2026-05-01 (depth 0): skipped, already bought and settled
[2026-09-24 21:13:19 PDT] ZW ohlcv-1m 2026-05-01..2026-06-01 (depth 0): skipped, already bought and settled
[2026-09-24 21:13:19 PDT] ZW ohlcv-1m 2026-06-01..2026-06-21 (depth 0): skipped, already bought and settled
[2026-09-24 21:13:19 PDT] ZS ohlcv-1m 2025-04-01..2025-05-01 (depth 0): skipped, already bought and settled
[2026-09-24 21:13:19 PDT] ZS ohlcv-1m 2025-05-01..2025-06-01 (depth 0): skipped, already bought and settled
[2026-09-24 21:13:19 PDT] ZS ohlcv-1m 2025-06-01..2025-07-01 (depth 0): skipped, already bought and settled
[2026-09-24 21:13:19 PDT] ZS ohlcv-1m 2025-07-01..2025-08-01 (depth 0): skipped, already bought and settled
[2026-09-24 21:13:19 PDT] ZS ohlcv-1m 2025-08-01..2025-09-01 (depth 0): skipped, already bought and settled
[2026-09-24 21:13:19 PDT] ZS ohlcv-1m 2025-09-01..2025-10-01 (depth 0): skipped, already bought and settled
[2026-09-24 21:13:19 PDT] ZS ohlcv-1m 2025-10-01..2025-11-01 (depth 0): skipped, already bought and settled
[2026-09-24 21:13:19 PDT] ZS ohlcv-1m 2025-11-01..2025-12-01 (depth 0): skipped, already bought and settled
[2026-09-24 21:13:19 PDT] ZS ohlcv-1m 2025-12-01..2026-01-01 (depth 0): skipped, already bought and settled
[2026-09-24 21:13:19 PDT] ZS ohlcv-1m 2026-01-01..2026-02-01 (depth 0): skipped, already bought and settled
[2026-09-24 21:13:19 PDT] ZS ohlcv-1m 2026-02-01..2026-03-01 (depth 0): skipped, already bought and settled
[2026-09-24 21:13:19 PDT] ZS ohlcv-1m 2026-03-01..2026-04-01 (depth 0): skipped, already bought and settled
[2026-09-24 21:13:19 PDT] ZS ohlcv-1m 2026-04-01..2026-05-01 (depth 0): skipped, already bought and settled
[2026-09-24 21:13:19 PDT] ZS ohlcv-1m 2026-05-01..2026-06-01 (depth 0): skipped, already bought and settled
[2026-09-24 21:13:19 PDT] ZS ohlcv-1m 2026-06-01..2026-06-21 (depth 0): skipped, already bought and settled
[2026-09-24 21:13:19 PDT] ZM ohlcv-1m 2025-04-01..2025-05-01 (depth 0): skipped, already bought and settled
[2026-09-24 21:13:19 PDT] ZM ohlcv-1m 2025-05-01..2025-06-01 (depth 0): skipped, already bought and settled
[2026-09-24 21:13:19 PDT] ZM ohlcv-1m 2025-06-01..2025-07-01 (depth 0): skipped, already bought and settled
[2026-09-24 21:13:19 PDT] ZM ohlcv-1m 2025-07-01..2025-08-01 (depth 0): skipped, already bought and settled
[2026-09-24 21:13:19 PDT] ZM ohlcv-1m 2025-08-01..2025-09-01 (depth 0): skipped, already bought and settled
[2026-09-24 21:13:19 PDT] ZM ohlcv-1m 2025-09-01..2025-10-01 (depth 0): skipped, already bought and settled
[2026-09-24 21:13:19 PDT] ZM ohlcv-1m 2025-10-01..2025-11-01 (depth 0): skipped, already bought and settled
[2026-09-24 21:13:19 PDT] ZM ohlcv-1m 2025-11-01..2025-12-01 (depth 0): skipped, already bought and settled
[2026-09-24 21:13:19 PDT] ZM ohlcv-1m 2025-12-01..2026-01-01 (depth 0): skipped, already bought and settled
[2026-09-24 21:13:19 PDT] ZM ohlcv-1m 2026-01-01..2026-02-01 (depth 0): skipped, already bought and settled
[2026-09-24 21:13:19 PDT] ZM ohlcv-1m 2026-02-01..2026-03-01 (depth 0): skipped, already bought and settled
[2026-09-24 21:13:19 PDT] ZM ohlcv-1m 2026-03-01..2026-04-01 (depth 0): skipped, already bought and settled
[2026-09-24 21:13:19 PDT] ZM ohlcv-1m 2026-04-01..2026-05-01 (depth 0): skipped, already bought and settled
[2026-09-24 21:13:19 PDT] ZM ohlcv-1m 2026-05-01..2026-06-01 (depth 0): skipped, already bought and settled
[2026-09-24 21:13:19 PDT] ZM ohlcv-1m 2026-06-01..2026-06-21 (depth 0): skipped, already bought and settled
[2026-09-24 21:13:19 PDT] ZL ohlcv-1m 2025-04-01..2025-05-01 (depth 0): skipped, already bought and settled
[2026-09-24 21:13:19 PDT] ZL ohlcv-1m 2025-05-01..2025-06-01 (depth 0): skipped, already bought and settled
[2026-09-24 21:13:19 PDT] ZL ohlcv-1m 2025-06-01..2025-07-01 (depth 0): skipped, already bought and settled
[2026-09-24 21:13:19 PDT] ZL ohlcv-1m 2025-07-01..2025-08-01 (depth 0): skipped, already bought and settled
[2026-09-24 21:13:19 PDT] ZL ohlcv-1m 2025-08-01..2025-09-01 (depth 0): skipped, already bought and settled
[2026-09-24 21:13:19 PDT] ZL ohlcv-1m 2025-09-01..2025-10-01 (depth 0): skipped, already bought and settled
[2026-09-24 21:13:19 PDT] ZL ohlcv-1m 2025-10-01..2025-11-01 (depth 0): skipped, already bought and settled
[2026-09-24 21:13:19 PDT] ZL ohlcv-1m 2025-11-01..2025-12-01 (depth 0): skipped, already bought and settled
[2026-09-24 21:13:19 PDT] ZL ohlcv-1m 2025-12-01..2026-01-01 (depth 0): skipped, already bought and settled
[2026-09-24 21:13:19 PDT] ZL ohlcv-1m 2026-01-01..2026-02-01 (depth 0): skipped, already bought and settled
[2026-09-24 21:13:19 PDT] ZL ohlcv-1m 2026-02-01..2026-03-01 (depth 0): skipped, already bought and settled
[2026-09-24 21:13:19 PDT] ZL ohlcv-1m 2026-03-01..2026-04-01 (depth 0): skipped, already bought and settled
[2026-09-24 21:13:19 PDT] ZL ohlcv-1m 2026-04-01..2026-05-01 (depth 0): skipped, already bought and settled
[2026-09-24 21:13:19 PDT] ZL ohlcv-1m 2026-05-01..2026-06-01 (depth 0): skipped, already bought and settled
[2026-09-24 21:13:19 PDT] ZL ohlcv-1m 2026-06-01..2026-06-21 (depth 0): skipped, already bought and settled
[2026-09-24 21:13:19 PDT] HE ohlcv-1m 2025-04-01..2025-05-01 (depth 0): skipped, already bought and settled
[2026-09-24 21:13:19 PDT] HE ohlcv-1m 2025-05-01..2025-06-01 (depth 0): skipped, already bought and settled
[2026-09-24 21:13:19 PDT] HE ohlcv-1m 2025-06-01..2025-07-01 (depth 0): skipped, already bought and settled
[2026-09-24 21:13:19 PDT] HE ohlcv-1m 2025-07-01..2025-08-01 (depth 0): skipped, already bought and settled
[2026-09-24 21:13:19 PDT] HE ohlcv-1m 2025-08-01..2025-09-01 (depth 0): skipped, already bought and settled
[2026-09-24 21:13:19 PDT] HE ohlcv-1m 2025-09-01..2025-10-01 (depth 0): skipped, already bought and settled
[2026-09-24 21:13:19 PDT] HE ohlcv-1m 2025-10-01..2025-11-01 (depth 0): skipped, already bought and settled
[2026-09-24 21:13:19 PDT] HE ohlcv-1m 2025-11-01..2025-12-01 (depth 0): skipped, already bought and settled
[2026-09-24 21:13:19 PDT] HE ohlcv-1m 2025-12-01..2026-01-01 (depth 0): skipped, already bought and settled
[2026-09-24 21:13:19 PDT] HE ohlcv-1m 2026-01-01..2026-02-01 (depth 0): skipped, already bought and settled
[2026-09-24 21:13:19 PDT] HE ohlcv-1m 2026-02-01..2026-03-01 (depth 0): skipped, already bought and settled
[2026-09-24 21:13:19 PDT] HE ohlcv-1m 2026-03-01..2026-04-01 (depth 0): skipped, already bought and settled
[2026-09-24 21:13:19 PDT] HE ohlcv-1m 2026-04-01..2026-05-01 (depth 0): skipped, already bought and settled
[2026-09-24 21:13:19 PDT] HE ohlcv-1m 2026-05-01..2026-06-01 (depth 0): skipped, already bought and settled
[2026-09-24 21:13:19 PDT] HE ohlcv-1m 2026-06-01..2026-06-21 (depth 0): skipped, already bought and settled
[2026-09-24 21:13:19 PDT] LE ohlcv-1m 2025-04-01..2025-05-01 (depth 0): skipped, already bought and settled
[2026-09-24 21:13:19 PDT] LE ohlcv-1m 2025-05-01..2025-06-01 (depth 0): skipped, already bought and settled
[2026-09-24 21:13:19 PDT] LE ohlcv-1m 2025-06-01..2025-07-01 (depth 0): skipped, already bought and settled
[2026-09-24 21:13:19 PDT] LE ohlcv-1m 2025-07-01..2025-08-01 (depth 0): skipped, already bought and settled
[2026-09-24 21:13:19 PDT] LE ohlcv-1m 2025-08-01..2025-09-01 (depth 0): skipped, already bought and settled
[2026-09-24 21:13:19 PDT] LE ohlcv-1m 2025-09-01..2025-10-01 (depth 0): skipped, already bought and settled
[2026-09-24 21:13:19 PDT] LE ohlcv-1m 2025-10-01..2025-11-01 (depth 0): skipped, already bought and settled
[2026-09-24 21:13:19 PDT] LE ohlcv-1m 2025-11-01..2025-12-01 (depth 0): skipped, already bought and settled
[2026-09-24 21:13:19 PDT] LE ohlcv-1m 2025-12-01..2026-01-01 (depth 0): skipped, already bought and settled
RUN STOPPED (DownloadError): download of {'dataset': 'GLBX.MDP3', 'symbols': ['LE.v.0'], 'schema': 'ohlcv-1m', 'stype_in': 'continuous', 'start': '2026-01-01', 'end': '2026-02-01'} failed (ConnectionError: HTTPSConnectionPool(host='hist.databento.com', port=443): Max retries exceeded with url: /v0/timeseries.get_range (Caused by NewConnectionError("HTTPSConnection(host='hist.databento.com', port=443): Failed to establish a new connection: [Errno 113] No route to host"))); its commit stays in the ledger (pessimistic). Nothing after this request was requested; see the ledger and docs/ACCESS.md.
rc=1
