ok  attempts vec 50K zero_k1 f=0.25: passed equal {'n': 20000, 'mine_p': 0.17195, 'theirs_p': 0.17195, 'n_diff_pass': 0}
ok  attempts vec 50K zero_k1 f=0.25: length equal {'n_diff': 0, 'mine_mean': 32.12045, 'theirs_mean': 32.12045}
ok  attempts scalar(theirs) vs mine 50K zero_k1 f=0.25 {'n_diff_pass': 0, 'n_diff_len': 0}
ok  attempts scalar(theirs) vs vec(theirs) 50K zero_k1 f=0.25 {'n_diff_pass': 0}
ok  xfa vec 50K zero_k1 f=0.25 standard: n_payouts equal {'n_diff': 0, 'mine_mean': 0.7227, 'theirs_mean': 0.7227}
ok  xfa vec 50K zero_k1 f=0.25 standard: total_gross to the cent {'max_abs_diff': 0.0, 'mine_mean': 497.9690875, 'theirs_mean': 497.9690875}
ok  xfa vec 50K zero_k1 f=0.25 standard: end_day equal {'n_diff': 0}
ok  xfa vec 50K zero_k1 f=0.25 standard: first_payout_day equal (index shift) {'n_diff': 0}
ok  xfa scalar(theirs) vs mine 50K zero_k1 f=0.25 standard {'n_diff_n': 0, 'max_gross_diff': 0.0}
ok  xfa scalar(theirs) vs vec(theirs) 50K zero_k1 f=0.25 standard {'n_diff_n': 0}
ok  cycles vec(theirs) vs mine 50K zero_k1 f=0.25 standard: net ex API to the cent {'max_abs_diff': 3.637978807091713e-12, 'mine_mean': -95.78908024999998, 'theirs_mean': -95.78908024999997, 'purchases_equal': True, 'end_equal': True, 'mine_purch': 8.0625, 'theirs_purch': 8.0625}
ok  cycles scalar(theirs) vs mine 50K zero_k1 f=0.25 standard {'max_abs_diff': 4.547473508864641e-13}
ok  cycles scalar(theirs) vs vec(theirs) 50K zero_k1 f=0.25 standard {'max_abs_diff': 4.547473508864641e-13}
ok  xfa vec 50K zero_k1 f=0.25 consistency: n_payouts equal {'n_diff': 0, 'mine_mean': 0.33705, 'theirs_mean': 0.33705}
ok  xfa vec 50K zero_k1 f=0.25 consistency: total_gross to the cent {'max_abs_diff': 0.0, 'mine_mean': 459.2565445, 'theirs_mean': 459.2565445}
ok  xfa vec 50K zero_k1 f=0.25 consistency: end_day equal {'n_diff': 0}
ok  xfa vec 50K zero_k1 f=0.25 consistency: first_payout_day equal (index shift) {'n_diff': 0}
ok  xfa scalar(theirs) vs mine 50K zero_k1 f=0.25 consistency {'n_diff_n': 0, 'max_gross_diff': 0.0}
ok  xfa scalar(theirs) vs vec(theirs) 50K zero_k1 f=0.25 consistency {'n_diff_n': 0}
ok  cycles vec(theirs) vs mine 50K zero_k1 f=0.25 consistency: net ex API to the cent {'max_abs_diff': 1.8189894035458565e-12, 'mine_mean': -127.5843986, 'theirs_mean': -127.5843986, 'purchases_equal': True, 'end_equal': True, 'mine_purch': 8.0625, 'theirs_purch': 8.0625}
ok  cycles scalar(theirs) vs mine 50K zero_k1 f=0.25 consistency {'max_abs_diff': 9.094947017729282e-13}
ok  cycles scalar(theirs) vs vec(theirs) 50K zero_k1 f=0.25 consistency {'max_abs_diff': 0.0}
ok  attempts vec 150K sharpe_0.5 f=0.15: passed equal {'n': 20000, 'mine_p': 0.3018, 'theirs_p': 0.3018, 'n_diff_pass': 0}
ok  attempts vec 150K sharpe_0.5 f=0.15: length equal {'n_diff': 0, 'mine_mean': 125.64385, 'theirs_mean': 125.64385}
ok  attempts scalar(theirs) vs mine 150K sharpe_0.5 f=0.15 {'n_diff_pass': 0, 'n_diff_len': 0}
ok  attempts scalar(theirs) vs vec(theirs) 150K sharpe_0.5 f=0.15 {'n_diff_pass': 0}
ok  xfa vec 150K sharpe_0.5 f=0.15 standard: n_payouts equal {'n_diff': 0, 'mine_mean': 1.5496, 'theirs_mean': 1.5496}
ok  xfa vec 150K sharpe_0.5 f=0.15 standard: total_gross to the cent {'max_abs_diff': 0.0, 'mine_mean': 1284.5781665, 'theirs_mean': 1284.5781665}
ok  xfa vec 150K sharpe_0.5 f=0.15 standard: end_day equal {'n_diff': 0}
ok  xfa vec 150K sharpe_0.5 f=0.15 standard: first_payout_day equal (index shift) {'n_diff': 0}
ok  xfa scalar(theirs) vs mine 150K sharpe_0.5 f=0.15 standard {'n_diff_n': 0, 'max_gross_diff': 0.0}
ok  xfa scalar(theirs) vs vec(theirs) 150K sharpe_0.5 f=0.15 standard {'n_diff_n': 0}
ok  cycles vec(theirs) vs mine 150K sharpe_0.5 f=0.15 standard: net ex API to the cent {'max_abs_diff': 5.4569682106375694e-12, 'mine_mean': -2847.89075615, 'theirs_mean': -2847.89075615, 'purchases_equal': True, 'end_equal': True, 'mine_purch': 19.3386, 'theirs_purch': 19.3386}
ok  cycles scalar(theirs) vs mine 150K sharpe_0.5 f=0.15 standard {'max_abs_diff': 1.8189894035458565e-12}
ok  cycles scalar(theirs) vs vec(theirs) 150K sharpe_0.5 f=0.15 standard {'max_abs_diff': 1.8189894035458565e-12}
ok  xfa vec 150K sharpe_0.5 f=0.15 consistency: n_payouts equal {'n_diff': 0, 'mine_mean': 1.2603, 'theirs_mean': 1.2603}
ok  xfa vec 150K sharpe_0.5 f=0.15 consistency: total_gross to the cent {'max_abs_diff': 0.0, 'mine_mean': 2806.6520855, 'theirs_mean': 2806.6520855}
ok  xfa vec 150K sharpe_0.5 f=0.15 consistency: end_day equal {'n_diff': 0}
ok  xfa vec 150K sharpe_0.5 f=0.15 consistency: first_payout_day equal (index shift) {'n_diff': 0}
ok  xfa scalar(theirs) vs mine 150K sharpe_0.5 f=0.15 consistency {'n_diff_n': 0, 'max_gross_diff': 0.0}
ok  xfa scalar(theirs) vs vec(theirs) 150K sharpe_0.5 f=0.15 consistency {'n_diff_n': 0}
ok  cycles vec(theirs) vs mine 150K sharpe_0.5 f=0.15 consistency: net ex API to the cent {'max_abs_diff': 1.0913936421275139e-11, 'mine_mean': -1463.62271885, 'theirs_mean': -1463.62271885, 'purchases_equal': True, 'end_equal': True, 'mine_purch': 19.3386, 'theirs_purch': 19.3386}
ok  cycles scalar(theirs) vs mine 150K sharpe_0.5 f=0.15 consistency {'max_abs_diff': 3.637978807091713e-12}
ok  cycles scalar(theirs) vs vec(theirs) 150K sharpe_0.5 f=0.15 consistency {'max_abs_diff': 3.637978807091713e-12}
ok  attempts vec 100K zero_k1 f=0.05: passed equal {'n': 20000, 'mine_p': 0.0748, 'theirs_p': 0.0748, 'n_diff_pass': 0}
ok  attempts vec 100K zero_k1 f=0.05: length equal {'n_diff': 0, 'mine_mean': 150.29635, 'theirs_mean': 150.29635}
ok  attempts scalar(theirs) vs mine 100K zero_k1 f=0.05 {'n_diff_pass': 0, 'n_diff_len': 0}
ok  attempts scalar(theirs) vs vec(theirs) 100K zero_k1 f=0.05 {'n_diff_pass': 0}
ok  xfa vec 100K zero_k1 f=0.05 standard: n_payouts equal {'n_diff': 0, 'mine_mean': 0.90165, 'theirs_mean': 0.90165}
ok  xfa vec 100K zero_k1 f=0.05 standard: total_gross to the cent {'max_abs_diff': 0.0, 'mine_mean': 451.509358, 'theirs_mean': 451.509358}
ok  xfa vec 100K zero_k1 f=0.05 standard: end_day equal {'n_diff': 0}
ok  xfa vec 100K zero_k1 f=0.05 standard: first_payout_day equal (index shift) {'n_diff': 0}
ok  xfa scalar(theirs) vs mine 100K zero_k1 f=0.05 standard {'n_diff_n': 0, 'max_gross_diff': 0.0}
ok  xfa scalar(theirs) vs vec(theirs) 100K zero_k1 f=0.05 standard {'n_diff_n': 0}
ok  cycles vec(theirs) vs mine 100K zero_k1 f=0.05 standard: net ex API to the cent {'max_abs_diff': 7.275957614183426e-12, 'mine_mean': -8573.27856115, 'theirs_mean': -8573.27856115, 'purchases_equal': True, 'end_equal': True, 'mine_purch': 89.1646, 'theirs_purch': 89.1646}
ok  cycles scalar(theirs) vs mine 100K zero_k1 f=0.05 standard {'max_abs_diff': 2.2737367544323206e-13}
ok  cycles scalar(theirs) vs vec(theirs) 100K zero_k1 f=0.05 standard {'max_abs_diff': 0.0}
ok  xfa vec 100K zero_k1 f=0.05 consistency: n_payouts equal {'n_diff': 0, 'mine_mean': 0.58115, 'theirs_mean': 0.58115}
ok  xfa vec 100K zero_k1 f=0.05 consistency: total_gross to the cent {'max_abs_diff': 0.0, 'mine_mean': 569.461512, 'theirs_mean': 569.461512}
ok  xfa vec 100K zero_k1 f=0.05 consistency: end_day equal {'n_diff': 0}
ok  xfa vec 100K zero_k1 f=0.05 consistency: first_payout_day equal (index shift) {'n_diff': 0}
ok  xfa scalar(theirs) vs mine 100K zero_k1 f=0.05 consistency {'n_diff_n': 0, 'max_gross_diff': 0.0}
ok  xfa scalar(theirs) vs vec(theirs) 100K zero_k1 f=0.05 consistency {'n_diff_n': 0}
ok  cycles vec(theirs) vs mine 100K zero_k1 f=0.05 consistency: net ex API to the cent {'max_abs_diff': 3.637978807091713e-12, 'mine_mean': -8475.8011456, 'theirs_mean': -8475.8011456, 'purchases_equal': True, 'end_equal': True, 'mine_purch': 89.1646, 'theirs_purch': 89.1646}
ok  cycles scalar(theirs) vs mine 100K zero_k1 f=0.05 consistency {'max_abs_diff': 1.8189894035458565e-12}
ok  cycles scalar(theirs) vs vec(theirs) 100K zero_k1 f=0.05 consistency {'max_abs_diff': 1.8189894035458565e-12}
all_ok True elapsed 11.2
rc=0
