start Sat Oct 10 07:34:51 PM PDT 2026 seed offset 200; n_paths 20000 n_cycles 20000; sig_full [2999.1, 1395.8, 1224.6, 368.06, 470.19]
shocks drawn 1.3s; attempt z mean -0.00024 sd 1.0014; xfa z mean 0.00018 sd 1.0006; prod shares [0.19984411 0.20011349 0.1999752  0.20002414 0.20004306]
50K standard    zero_k1    f=0.05 P(pass)=0.1630 cash/XFA=   376.0 P(any)=0.579 net= -1044.8+-9.2 Pnopay=0.417 purch=19.01 net/purch=-55.0 [1.2s]
50K consistency zero_k1    f=0.05 P(pass)=0.1630 cash/XFA=   399.2 P(any)=0.357 net= -1037.5+-9.8 Pnopay=0.642 purch=19.01 net/purch=-54.6 [2.0s]
50K standard    zero_k1    f=0.10 P(pass)=0.1596 cash/XFA=   369.3 P(any)=0.587 net=  -918.6+-8.4 Pnopay=0.415 purch=16.92 net/purch=-54.3 [1.2s]
50K consistency zero_k1    f=0.10 P(pass)=0.1596 cash/XFA=   400.7 P(any)=0.347 net=  -904.0+-9.1 Pnopay=0.650 purch=16.92 net/purch=-53.4 [1.9s]
50K standard    zero_k1    f=0.15 P(pass)=0.1618 cash/XFA=   384.3 P(any)=0.579 net=  -695.5+-7.5 Pnopay=0.423 purch=13.64 net/purch=-51.0 [1.0s]
50K consistency zero_k1    f=0.15 P(pass)=0.1618 cash/XFA=   414.5 P(any)=0.326 net=  -671.9+-8.6 Pnopay=0.673 purch=13.64 net/purch=-49.2 [1.8s]
50K standard    zero_k1    f=0.20 P(pass)=0.1699 cash/XFA=   409.6 P(any)=0.555 net=  -451.4+-6.9 Pnopay=0.447 purch=10.31 net/purch=-43.8 [1.0s]
50K consistency zero_k1    f=0.20 P(pass)=0.1699 cash/XFA=   416.3 P(any)=0.290 net=  -452.0+-7.9 Pnopay=0.709 purch=10.31 net/purch=-43.9 [1.8s]
50K standard    zero_k1    f=0.25 P(pass)=0.1783 cash/XFA=   441.5 P(any)=0.518 net=  -254.0+-7.0 Pnopay=0.482 purch=7.94 net/purch=-32.0 [1.2s]
50K consistency zero_k1    f=0.25 P(pass)=0.1783 cash/XFA=   407.6 P(any)=0.255 net=  -291.0+-7.6 Pnopay=0.744 purch=7.94 net/purch=-36.6 [2.4s]
50K standard    sharpe_0.5 f=0.05 P(pass)=0.3526 cash/XFA=   695.8 P(any)=0.725 net=  -166.2+-9.5 Pnopay=0.273 purch=10.51 net/purch=-15.8 [1.8s]
50K consistency sharpe_0.5 f=0.05 P(pass)=0.3526 cash/XFA=  1018.5 P(any)=0.559 net=   132.3+-14.5 Pnopay=0.439 purch=10.51 net/purch=12.6 [3.2s]
50K standard    sharpe_0.5 f=0.10 P(pass)=0.3512 cash/XFA=   676.3 P(any)=0.734 net=   -99.3+-9.1 Pnopay=0.265 purch=9.20 net/purch=-10.8 [1.7s]
50K consistency sharpe_0.5 f=0.10 P(pass)=0.3512 cash/XFA=  1033.2 P(any)=0.550 net=   229.1+-14.7 Pnopay=0.451 purch=9.20 net/purch=24.9 [3.1s]
50K standard    sharpe_0.5 f=0.15 P(pass)=0.3426 cash/XFA=   684.1 P(any)=0.721 net=     5.9+-9.1 Pnopay=0.279 purch=7.62 net/purch=0.8 [1.7s]
50K consistency sharpe_0.5 f=0.15 P(pass)=0.3426 cash/XFA=  1052.4 P(any)=0.518 net=   355.9+-15.4 Pnopay=0.485 purch=7.62 net/purch=46.7 [3.0s]
50K standard    sharpe_0.5 f=0.20 P(pass)=0.3286 cash/XFA=   734.0 P(any)=0.688 net=   145.2+-10.8 Pnopay=0.313 purch=6.31 net/purch=23.0 [1.5s]
50K consistency sharpe_0.5 f=0.20 P(pass)=0.3286 cash/XFA=  1011.6 P(any)=0.463 net=   409.3+-15.2 Pnopay=0.538 purch=6.31 net/purch=64.9 [2.8s]
50K standard    sharpe_0.5 f=0.25 P(pass)=0.3127 cash/XFA=   781.1 P(any)=0.640 net=   254.5+-12.6 Pnopay=0.360 purch=5.22 net/purch=48.7 [1.5s]
50K consistency sharpe_0.5 f=0.25 P(pass)=0.3127 cash/XFA=   916.2 P(any)=0.402 net=   385.6+-14.1 Pnopay=0.598 purch=5.22 net/purch=73.9 [2.7s]
100K standard    zero_k1    f=0.05 P(pass)=0.0799 cash/XFA=   409.2 P(any)=0.686 net= -9480.2+-61.3 Pnopay=0.316 purch=84.73 net/purch=-111.9 [2.2s]
100K consistency zero_k1    f=0.05 P(pass)=0.0799 cash/XFA=   518.8 P(any)=0.418 net= -9400.7+-61.5 Pnopay=0.581 purch=84.73 net/purch=-110.9 [3.6s]
100K standard    zero_k1    f=0.10 P(pass)=0.0851 cash/XFA=   425.6 P(any)=0.678 net= -6501.3+-43.6 Pnopay=0.323 purch=58.70 net/purch=-110.8 [2.1s]
100K consistency zero_k1    f=0.10 P(pass)=0.0851 cash/XFA=   547.8 P(any)=0.394 net= -6405.5+-44.0 Pnopay=0.605 purch=58.70 net/purch=-109.1 [3.4s]
100K standard    zero_k1    f=0.15 P(pass)=0.1030 cash/XFA=   485.2 P(any)=0.646 net= -3568.6+-25.7 Pnopay=0.356 purch=33.53 net/purch=-106.4 [1.9s]
100K consistency zero_k1    f=0.15 P(pass)=0.1030 cash/XFA=   593.3 P(any)=0.342 net= -3473.4+-26.6 Pnopay=0.656 purch=33.53 net/purch=-103.6 [3.1s]
100K standard    zero_k1    f=0.20 P(pass)=0.1181 cash/XFA=   569.1 P(any)=0.605 net= -1982.4+-17.2 Pnopay=0.393 purch=20.45 net/purch=-96.9 [1.7s]
100K consistency zero_k1    f=0.20 P(pass)=0.1181 cash/XFA=   615.7 P(any)=0.298 net= -1946.6+-18.3 Pnopay=0.701 purch=20.45 net/purch=-95.2 [2.9s]
100K standard    zero_k1    f=0.25 P(pass)=0.1265 cash/XFA=   628.7 P(any)=0.562 net= -1161.4+-13.4 Pnopay=0.438 purch=13.83 net/purch=-84.0 [1.6s]
100K consistency zero_k1    f=0.25 P(pass)=0.1265 cash/XFA=   604.6 P(any)=0.258 net= -1194.9+-14.3 Pnopay=0.742 purch=13.83 net/purch=-86.4 [2.7s]
100K standard    sharpe_0.5 f=0.05 P(pass)=0.3463 cash/XFA=   745.1 P(any)=0.843 net= -2461.7+-18.6 Pnopay=0.156 purch=26.45 net/purch=-93.1 [2.1s]
100K consistency sharpe_0.5 f=0.05 P(pass)=0.3463 cash/XFA=  1373.6 P(any)=0.681 net= -1888.1+-22.5 Pnopay=0.319 purch=26.45 net/purch=-71.4 [3.6s]
100K standard    sharpe_0.5 f=0.10 P(pass)=0.3211 cash/XFA=   749.5 P(any)=0.832 net= -1763.6+-15.9 Pnopay=0.164 purch=20.34 net/purch=-86.7 [2.1s]
100K consistency sharpe_0.5 f=0.10 P(pass)=0.3211 cash/XFA=  1480.4 P(any)=0.643 net= -1091.4+-21.7 Pnopay=0.358 purch=20.34 net/purch=-53.6 [3.5s]
100K standard    sharpe_0.5 f=0.15 P(pass)=0.2959 cash/XFA=   860.1 P(any)=0.792 net= -1023.3+-14.3 Pnopay=0.207 purch=14.81 net/purch=-69.1 [2.0s]
100K consistency sharpe_0.5 f=0.15 P(pass)=0.2959 cash/XFA=  1618.9 P(any)=0.565 net=  -313.2+-23.1 Pnopay=0.438 purch=14.81 net/purch=-21.1 [3.3s]
100K standard    sharpe_0.5 f=0.20 P(pass)=0.2737 cash/XFA=   987.6 P(any)=0.740 net=  -436.9+-15.2 Pnopay=0.258 purch=10.82 net/purch=-40.4 [1.9s]
100K consistency sharpe_0.5 f=0.20 P(pass)=0.2737 cash/XFA=  1546.4 P(any)=0.481 net=    99.2+-22.5 Pnopay=0.521 purch=10.82 net/purch=9.2 [3.2s]
100K standard    sharpe_0.5 f=0.25 P(pass)=0.2549 cash/XFA=  1075.3 P(any)=0.684 net=   -69.2+-16.1 Pnopay=0.315 purch=8.26 net/purch=-8.4 [1.8s]
100K consistency sharpe_0.5 f=0.25 P(pass)=0.2549 cash/XFA=  1369.7 P(any)=0.411 net=   218.7+-20.6 Pnopay=0.590 purch=8.26 net/purch=26.5 [3.0s]
150K standard    zero_k1    f=0.05 P(pass)=0.0467 cash/XFA=   434.7 P(any)=0.752 net=-51013.2+-301.5 Pnopay=0.289 purch=239.35 net/purch=-213.1 [2.5s]
150K consistency zero_k1    f=0.05 P(pass)=0.0467 cash/XFA=   660.4 P(any)=0.471 net=-50861.5+-301.7 Pnopay=0.553 purch=239.35 net/purch=-212.5 [4.1s]
150K standard    zero_k1    f=0.10 P(pass)=0.0750 cash/XFA=   530.5 P(any)=0.720 net=-20479.7+-136.7 Pnopay=0.287 purch=97.08 net/purch=-211.0 [2.2s]
150K consistency zero_k1    f=0.10 P(pass)=0.0750 cash/XFA=   766.9 P(any)=0.405 net=-20289.9+-137.0 Pnopay=0.595 purch=97.08 net/purch=-209.0 [3.6s]
150K standard    zero_k1    f=0.15 P(pass)=0.1009 cash/XFA=   688.3 P(any)=0.677 net= -9079.3+-64.5 Pnopay=0.322 purch=44.57 net/purch=-203.7 [2.2s]
150K consistency zero_k1    f=0.15 P(pass)=0.1009 cash/XFA=   890.5 P(any)=0.349 net= -8911.6+-65.3 Pnopay=0.649 purch=44.57 net/purch=-200.0 [3.5s]
150K standard    zero_k1    f=0.20 P(pass)=0.1154 cash/XFA=   823.1 P(any)=0.636 net= -4925.9+-39.1 Pnopay=0.363 purch=25.80 net/purch=-190.9 [1.8s]
150K consistency zero_k1    f=0.20 P(pass)=0.1154 cash/XFA=   931.8 P(any)=0.299 net= -4837.1+-40.4 Pnopay=0.700 purch=25.80 net/purch=-187.5 [3.0s]
150K standard    zero_k1    f=0.25 P(pass)=0.1267 cash/XFA=   922.2 P(any)=0.592 net= -2814.5+-26.6 Pnopay=0.408 purch=16.42 net/purch=-171.4 [1.6s]
150K consistency zero_k1    f=0.25 P(pass)=0.1267 cash/XFA=   911.0 P(any)=0.259 net= -2836.2+-28.0 Pnopay=0.741 purch=16.42 net/purch=-172.8 [2.8s]
150K standard    sharpe_0.5 f=0.05 P(pass)=0.3708 cash/XFA=   774.1 P(any)=0.915 net= -9022.6+-56.6 Pnopay=0.085 purch=44.88 net/purch=-201.0 [2.2s]
150K consistency sharpe_0.5 f=0.05 P(pass)=0.3708 cash/XFA=  1798.9 P(any)=0.786 net= -8096.4+-58.2 Pnopay=0.214 purch=44.88 net/purch=-180.4 [3.8s]
150K standard    sharpe_0.5 f=0.10 P(pass)=0.3532 cash/XFA=   924.8 P(any)=0.876 net= -5273.2+-37.6 Pnopay=0.124 purch=28.06 net/purch=-187.9 [2.2s]
150K consistency sharpe_0.5 f=0.10 P(pass)=0.3532 cash/XFA=  2196.4 P(any)=0.696 net= -4094.3+-42.4 Pnopay=0.303 purch=28.06 net/purch=-145.9 [3.7s]
150K standard    sharpe_0.5 f=0.15 P(pass)=0.3105 cash/XFA=  1150.0 P(any)=0.824 net= -3039.0+-28.0 Pnopay=0.175 purch=18.70 net/purch=-162.5 [2.2s]
150K consistency sharpe_0.5 f=0.15 P(pass)=0.3105 cash/XFA=  2512.8 P(any)=0.582 net= -1760.7+-39.9 Pnopay=0.418 purch=18.70 net/purch=-94.2 [3.6s]
150K standard    sharpe_0.5 f=0.20 P(pass)=0.2797 cash/XFA=  1361.3 P(any)=0.768 net= -1645.9+-24.1 Pnopay=0.232 purch=13.08 net/purch=-125.8 [2.2s]
150K consistency sharpe_0.5 f=0.20 P(pass)=0.2797 cash/XFA=  2392.9 P(any)=0.491 net=  -669.5+-36.2 Pnopay=0.510 purch=13.08 net/purch=-51.2 [3.6s]
150K standard    sharpe_0.5 f=0.25 P(pass)=0.2584 cash/XFA=  1542.1 P(any)=0.711 net=  -707.1+-25.2 Pnopay=0.290 purch=9.52 net/purch=-74.3 [1.8s]
150K consistency sharpe_0.5 f=0.25 P(pass)=0.2584 cash/XFA=  2086.2 P(any)=0.415 net=  -183.3+-32.3 Pnopay=0.586 purch=9.52 net/purch=-19.3 [3.0s]
done 93.2s -> recompute.json
rc=0
