start Sat Oct 10 07:34:51 PM PDT 2026 seed offset 100; n_paths 20000 n_cycles 20000; sig_full [2999.1, 1395.8, 1224.6, 368.06, 470.19]
shocks drawn 1.3s; attempt z mean 0.00000 sd 1.0007; xfa z mean 0.00017 sd 1.0001; prod shares [0.2001584  0.19974478 0.19987513 0.19998313 0.20023856]
50K standard    zero_k1    f=0.05 P(pass)=0.1668 cash/XFA=   381.0 P(any)=0.589 net= -1036.8+-9.0 Pnopay=0.412 purch=18.89 net/purch=-54.9 [1.1s]
50K consistency zero_k1    f=0.05 P(pass)=0.1668 cash/XFA=   417.5 P(any)=0.365 net= -1019.4+-9.9 Pnopay=0.637 purch=18.89 net/purch=-54.0 [1.9s]
50K standard    zero_k1    f=0.10 P(pass)=0.1649 cash/XFA=   377.7 P(any)=0.598 net=  -892.7+-8.3 Pnopay=0.400 purch=16.59 net/purch=-53.8 [1.1s]
50K consistency zero_k1    f=0.10 P(pass)=0.1649 cash/XFA=   427.6 P(any)=0.355 net=  -856.1+-9.4 Pnopay=0.646 purch=16.59 net/purch=-51.6 [1.9s]
50K standard    zero_k1    f=0.15 P(pass)=0.1653 cash/XFA=   397.3 P(any)=0.589 net=  -676.5+-7.5 Pnopay=0.410 purch=13.53 net/purch=-50.0 [1.0s]
50K consistency zero_k1    f=0.15 P(pass)=0.1653 cash/XFA=   438.5 P(any)=0.336 net=  -639.9+-8.8 Pnopay=0.667 purch=13.53 net/purch=-47.3 [1.8s]
50K standard    zero_k1    f=0.20 P(pass)=0.1731 cash/XFA=   428.5 P(any)=0.561 net=  -431.5+-7.2 Pnopay=0.441 purch=10.26 net/purch=-42.1 [1.1s]
50K consistency zero_k1    f=0.20 P(pass)=0.1731 cash/XFA=   445.6 P(any)=0.300 net=  -410.7+-8.4 Pnopay=0.697 purch=10.26 net/purch=-40.0 [1.8s]
50K standard    zero_k1    f=0.25 P(pass)=0.1785 cash/XFA=   467.6 P(any)=0.523 net=  -236.1+-7.6 Pnopay=0.478 purch=7.97 net/purch=-29.6 [1.2s]
50K consistency zero_k1    f=0.25 P(pass)=0.1785 cash/XFA=   441.3 P(any)=0.266 net=  -263.5+-8.0 Pnopay=0.733 purch=7.97 net/purch=-33.1 [2.4s]
50K standard    sharpe_0.5 f=0.05 P(pass)=0.3609 cash/XFA=   707.6 P(any)=0.729 net=  -164.8+-9.4 Pnopay=0.276 purch=10.34 net/purch=-15.9 [1.8s]
50K consistency sharpe_0.5 f=0.05 P(pass)=0.3609 cash/XFA=  1040.1 P(any)=0.568 net=   134.7+-14.3 Pnopay=0.437 purch=10.34 net/purch=13.0 [3.2s]
50K standard    sharpe_0.5 f=0.10 P(pass)=0.3566 cash/XFA=   686.4 P(any)=0.740 net=  -102.4+-9.0 Pnopay=0.265 purch=9.13 net/purch=-11.2 [1.7s]
50K consistency sharpe_0.5 f=0.10 P(pass)=0.3566 cash/XFA=  1075.8 P(any)=0.557 net=   247.8+-14.9 Pnopay=0.448 purch=9.13 net/purch=27.1 [3.1s]
50K standard    sharpe_0.5 f=0.15 P(pass)=0.3464 cash/XFA=   719.9 P(any)=0.728 net=    32.1+-9.5 Pnopay=0.277 purch=7.62 net/purch=4.2 [1.9s]
50K consistency sharpe_0.5 f=0.15 P(pass)=0.3464 cash/XFA=  1107.7 P(any)=0.524 net=   380.5+-15.9 Pnopay=0.479 purch=7.62 net/purch=49.9 [3.2s]
50K standard    sharpe_0.5 f=0.20 P(pass)=0.3331 cash/XFA=   766.0 P(any)=0.696 net=   166.6+-10.3 Pnopay=0.306 purch=6.27 net/purch=26.6 [1.5s]
50K consistency sharpe_0.5 f=0.20 P(pass)=0.3331 cash/XFA=  1072.9 P(any)=0.468 net=   450.9+-16.0 Pnopay=0.535 purch=6.27 net/purch=72.0 [2.7s]
50K standard    sharpe_0.5 f=0.25 P(pass)=0.3156 cash/XFA=   832.9 P(any)=0.650 net=   297.8+-13.3 Pnopay=0.356 purch=5.24 net/purch=56.9 [1.5s]
50K consistency sharpe_0.5 f=0.25 P(pass)=0.3156 cash/XFA=   980.8 P(any)=0.408 net=   451.3+-15.4 Pnopay=0.594 purch=5.24 net/purch=86.2 [2.7s]
100K standard    zero_k1    f=0.05 P(pass)=0.0804 cash/XFA=   411.8 P(any)=0.691 net= -9620.1+-62.2 Pnopay=0.319 purch=85.91 net/purch=-112.0 [2.2s]
100K consistency zero_k1    f=0.05 P(pass)=0.0804 cash/XFA=   542.1 P(any)=0.425 net= -9524.3+-62.4 Pnopay=0.582 purch=85.91 net/purch=-110.9 [3.6s]
100K standard    zero_k1    f=0.10 P(pass)=0.0896 cash/XFA=   435.2 P(any)=0.685 net= -6184.5+-41.8 Pnopay=0.320 purch=56.05 net/purch=-110.3 [2.1s]
100K consistency zero_k1    f=0.10 P(pass)=0.0896 cash/XFA=   573.7 P(any)=0.401 net= -6080.5+-42.2 Pnopay=0.605 purch=56.05 net/purch=-108.5 [3.4s]
100K standard    zero_k1    f=0.15 P(pass)=0.1040 cash/XFA=   507.8 P(any)=0.652 net= -3593.1+-26.6 Pnopay=0.352 purch=33.91 net/purch=-106.0 [2.0s]
100K consistency zero_k1    f=0.15 P(pass)=0.1040 cash/XFA=   627.6 P(any)=0.349 net= -3485.4+-27.5 Pnopay=0.652 purch=33.91 net/purch=-102.8 [3.2s]
100K standard    zero_k1    f=0.20 P(pass)=0.1197 cash/XFA=   602.7 P(any)=0.614 net= -1961.6+-17.3 Pnopay=0.390 purch=20.46 net/purch=-95.9 [1.7s]
100K consistency zero_k1    f=0.20 P(pass)=0.1197 cash/XFA=   660.2 P(any)=0.305 net= -1904.4+-18.8 Pnopay=0.694 purch=20.46 net/purch=-93.1 [2.9s]
100K standard    zero_k1    f=0.25 P(pass)=0.1310 cash/XFA=   672.3 P(any)=0.570 net= -1086.7+-13.5 Pnopay=0.433 purch=13.48 net/purch=-80.6 [1.7s]
100K consistency zero_k1    f=0.25 P(pass)=0.1310 cash/XFA=   646.6 P(any)=0.267 net= -1114.3+-14.7 Pnopay=0.734 purch=13.48 net/purch=-82.7 [2.8s]
100K standard    sharpe_0.5 f=0.05 P(pass)=0.3552 cash/XFA=   747.9 P(any)=0.845 net= -2435.0+-18.0 Pnopay=0.160 purch=26.05 net/purch=-93.5 [2.1s]
100K consistency sharpe_0.5 f=0.05 P(pass)=0.3552 cash/XFA=  1383.7 P(any)=0.685 net= -1853.5+-22.2 Pnopay=0.319 purch=26.05 net/purch=-71.2 [3.6s]
100K standard    sharpe_0.5 f=0.10 P(pass)=0.3345 cash/XFA=   782.4 P(any)=0.834 net= -1672.3+-15.5 Pnopay=0.169 purch=19.72 net/purch=-84.8 [2.1s]
100K consistency sharpe_0.5 f=0.10 P(pass)=0.3345 cash/XFA=  1512.4 P(any)=0.651 net= -1000.7+-21.7 Pnopay=0.352 purch=19.72 net/purch=-50.8 [3.5s]
100K standard    sharpe_0.5 f=0.15 P(pass)=0.3053 cash/XFA=   895.8 P(any)=0.797 net=  -955.5+-14.3 Pnopay=0.207 purch=14.44 net/purch=-66.2 [2.1s]
100K consistency sharpe_0.5 f=0.15 P(pass)=0.3053 cash/XFA=  1691.3 P(any)=0.572 net=  -223.5+-23.6 Pnopay=0.433 purch=14.44 net/purch=-15.5 [3.4s]
100K standard    sharpe_0.5 f=0.20 P(pass)=0.2791 cash/XFA=  1019.5 P(any)=0.749 net=  -421.8+-13.7 Pnopay=0.255 purch=10.68 net/purch=-39.5 [1.7s]
100K consistency sharpe_0.5 f=0.20 P(pass)=0.2791 cash/XFA=  1618.3 P(any)=0.487 net=   158.9+-23.6 Pnopay=0.518 purch=10.68 net/purch=14.9 [3.0s]
100K standard    sharpe_0.5 f=0.25 P(pass)=0.2575 cash/XFA=  1154.6 P(any)=0.698 net=     8.0+-18.1 Pnopay=0.306 purch=8.17 net/purch=1.0 [1.6s]
100K consistency sharpe_0.5 f=0.25 P(pass)=0.2575 cash/XFA=  1459.0 P(any)=0.416 net=   308.4+-22.3 Pnopay=0.587 purch=8.17 net/purch=37.7 [2.8s]
150K standard    zero_k1    f=0.05 P(pass)=0.0464 cash/XFA=   441.5 P(any)=0.758 net=-51618.4+-304.8 Pnopay=0.289 purch=242.19 net/purch=-213.1 [2.5s]
150K consistency zero_k1    f=0.05 P(pass)=0.0464 cash/XFA=   672.1 P(any)=0.473 net=-51461.5+-305.0 Pnopay=0.561 purch=242.19 net/purch=-212.5 [4.1s]
150K standard    zero_k1    f=0.10 P(pass)=0.0775 cash/XFA=   550.2 P(any)=0.728 net=-19920.6+-133.4 Pnopay=0.280 purch=94.53 net/purch=-210.7 [2.2s]
150K consistency zero_k1    f=0.10 P(pass)=0.0775 cash/XFA=   792.9 P(any)=0.411 net=-19720.2+-133.8 Pnopay=0.596 purch=94.53 net/purch=-208.6 [3.6s]
150K standard    zero_k1    f=0.15 P(pass)=0.1053 cash/XFA=   717.3 P(any)=0.686 net= -8833.9+-63.6 Pnopay=0.319 purch=43.51 net/purch=-203.1 [2.1s]
150K consistency zero_k1    f=0.15 P(pass)=0.1053 cash/XFA=   934.6 P(any)=0.355 net= -8637.7+-64.5 Pnopay=0.647 purch=43.51 net/purch=-198.5 [3.4s]
150K standard    zero_k1    f=0.20 P(pass)=0.1190 cash/XFA=   855.0 P(any)=0.640 net= -4825.4+-38.4 Pnopay=0.363 purch=25.42 net/purch=-189.8 [1.8s]
150K consistency zero_k1    f=0.20 P(pass)=0.1190 cash/XFA=   988.3 P(any)=0.305 net= -4696.5+-40.2 Pnopay=0.695 purch=25.42 net/purch=-184.8 [3.0s]
150K standard    zero_k1    f=0.25 P(pass)=0.1300 cash/XFA=   974.0 P(any)=0.595 net= -2700.7+-26.3 Pnopay=0.410 purch=16.06 net/purch=-168.2 [1.7s]
150K consistency zero_k1    f=0.25 P(pass)=0.1300 cash/XFA=   976.9 P(any)=0.266 net= -2695.0+-28.4 Pnopay=0.736 purch=16.06 net/purch=-167.8 [2.9s]
150K standard    sharpe_0.5 f=0.05 P(pass)=0.3780 cash/XFA=   783.3 P(any)=0.913 net= -8875.4+-55.0 Pnopay=0.090 purch=44.19 net/purch=-200.8 [2.2s]
150K consistency sharpe_0.5 f=0.05 P(pass)=0.3780 cash/XFA=  1809.8 P(any)=0.789 net= -7950.7+-56.8 Pnopay=0.215 purch=44.19 net/purch=-179.9 [3.8s]
150K standard    sharpe_0.5 f=0.10 P(pass)=0.3625 cash/XFA=   959.3 P(any)=0.879 net= -5062.4+-36.2 Pnopay=0.123 purch=27.19 net/purch=-186.2 [2.2s]
150K consistency sharpe_0.5 f=0.10 P(pass)=0.3625 cash/XFA=  2232.0 P(any)=0.700 net= -3895.4+-41.2 Pnopay=0.305 purch=27.19 net/purch=-143.3 [3.7s]
150K standard    sharpe_0.5 f=0.15 P(pass)=0.3202 cash/XFA=  1205.4 P(any)=0.831 net= -2882.8+-27.2 Pnopay=0.172 purch=18.11 net/purch=-159.2 [2.2s]
150K consistency sharpe_0.5 f=0.15 P(pass)=0.3202 cash/XFA=  2602.4 P(any)=0.590 net= -1550.6+-40.1 Pnopay=0.415 purch=18.11 net/purch=-85.6 [3.6s]
150K standard    sharpe_0.5 f=0.20 P(pass)=0.2849 cash/XFA=  1412.1 P(any)=0.774 net= -1553.3+-22.9 Pnopay=0.230 purch=12.79 net/purch=-121.4 [1.9s]
150K consistency sharpe_0.5 f=0.20 P(pass)=0.2849 cash/XFA=  2527.4 P(any)=0.496 net=  -472.7+-38.4 Pnopay=0.509 purch=12.79 net/purch=-37.0 [3.4s]
150K standard    sharpe_0.5 f=0.25 P(pass)=0.2596 cash/XFA=  1616.4 P(any)=0.722 net=  -659.1+-25.5 Pnopay=0.283 purch=9.55 net/purch=-69.0 [1.7s]
150K consistency sharpe_0.5 f=0.25 P(pass)=0.2596 cash/XFA=  2216.5 P(any)=0.422 net=   -59.7+-34.7 Pnopay=0.583 purch=9.55 net/purch=-6.3 [2.9s]
done 92.8s -> recompute.json
rc=0
