start Sat Oct 10 05:54:29 PM PDT 2026; n_paths 20000 n_cycles 20000; sig_full [2999.1, 1395.8, 1224.6, 368.06, 470.19]
shocks drawn 9.2s; attempt z mean -0.00010 sd 1.0009; xfa z mean 0.00012 sd 1.0003; prod shares [0.20039616 0.19971792 0.19950595 0.2001543  0.20022566]
50K standard    zero_k1    f=0.05 P(pass)=0.1567 cash/XFA=   376.9 P(any)=0.574 net= -1102.5+-9.4 Pnopay=0.426 purch=19.86 net/purch=-55.5 [3.4s]
50K consistency zero_k1    f=0.05 P(pass)=0.1567 cash/XFA=   392.7 P(any)=0.355 net= -1106.3+-10.0 Pnopay=0.651 purch=19.86 net/purch=-55.7 [5.6s]
50K standard    zero_k1    f=0.10 P(pass)=0.1532 cash/XFA=   367.6 P(any)=0.580 net=  -963.9+-8.6 Pnopay=0.420 purch=17.54 net/purch=-55.0 [2.9s]
50K consistency zero_k1    f=0.10 P(pass)=0.1532 cash/XFA=   393.2 P(any)=0.345 net=  -948.8+-9.3 Pnopay=0.657 purch=17.54 net/purch=-54.1 [5.0s]
50K standard    zero_k1    f=0.15 P(pass)=0.1563 cash/XFA=   383.9 P(any)=0.574 net=  -713.7+-7.7 Pnopay=0.424 purch=14.01 net/purch=-50.9 [2.7s]
50K consistency zero_k1    f=0.15 P(pass)=0.1563 cash/XFA=   411.6 P(any)=0.324 net=  -698.2+-8.6 Pnopay=0.676 purch=14.01 net/purch=-49.8 [4.7s]
50K standard    zero_k1    f=0.20 P(pass)=0.1614 cash/XFA=   412.0 P(any)=0.548 net=  -469.7+-7.2 Pnopay=0.449 purch=10.73 net/purch=-43.8 [2.6s]
50K consistency zero_k1    f=0.20 P(pass)=0.1614 cash/XFA=   416.0 P(any)=0.287 net=  -469.1+-8.4 Pnopay=0.713 purch=10.73 net/purch=-43.7 [4.7s]
50K standard    zero_k1    f=0.25 P(pass)=0.1719 cash/XFA=   448.2 P(any)=0.510 net=  -252.1+-7.3 Pnopay=0.486 purch=8.06 net/purch=-31.3 [2.6s]
50K consistency zero_k1    f=0.25 P(pass)=0.1719 cash/XFA=   413.3 P(any)=0.254 net=  -290.7+-8.0 Pnopay=0.745 purch=8.06 net/purch=-36.1 [4.5s]
50K standard    sharpe_0.5 f=0.05 P(pass)=0.3469 cash/XFA=   693.4 P(any)=0.719 net=  -175.7+-9.7 Pnopay=0.280 purch=10.67 net/purch=-16.5 [3.1s]
50K consistency sharpe_0.5 f=0.05 P(pass)=0.3469 cash/XFA=   997.4 P(any)=0.557 net=    82.8+-13.9 Pnopay=0.446 purch=10.67 net/purch=7.8 [5.4s]
50K standard    sharpe_0.5 f=0.10 P(pass)=0.3401 cash/XFA=   671.4 P(any)=0.727 net=  -114.7+-9.3 Pnopay=0.272 purch=9.45 net/purch=-12.1 [3.1s]
50K consistency sharpe_0.5 f=0.10 P(pass)=0.3401 cash/XFA=  1029.2 P(any)=0.546 net=   198.7+-14.6 Pnopay=0.453 purch=9.45 net/purch=21.0 [5.4s]
50K standard    sharpe_0.5 f=0.15 P(pass)=0.3314 cash/XFA=   697.5 P(any)=0.717 net=    11.2+-9.5 Pnopay=0.284 purch=7.90 net/purch=1.4 [2.8s]
50K consistency sharpe_0.5 f=0.15 P(pass)=0.3314 cash/XFA=  1049.0 P(any)=0.512 net=   334.4+-15.4 Pnopay=0.486 purch=7.90 net/purch=42.3 [5.0s]
50K standard    sharpe_0.5 f=0.20 P(pass)=0.3174 cash/XFA=   744.6 P(any)=0.687 net=   157.0+-10.6 Pnopay=0.313 purch=6.47 net/purch=24.3 [2.7s]
50K consistency sharpe_0.5 f=0.20 P(pass)=0.3174 cash/XFA=  1004.3 P(any)=0.458 net=   383.7+-15.4 Pnopay=0.542 purch=6.47 net/purch=59.3 [4.8s]
50K standard    sharpe_0.5 f=0.25 P(pass)=0.3028 cash/XFA=   796.1 P(any)=0.641 net=   274.4+-13.0 Pnopay=0.358 purch=5.36 net/purch=51.2 [2.6s]
50K consistency sharpe_0.5 f=0.25 P(pass)=0.3028 cash/XFA=   933.9 P(any)=0.399 net=   398.1+-14.9 Pnopay=0.598 purch=5.36 net/purch=74.3 [4.6s]
100K standard    zero_k1    f=0.05 P(pass)=0.0748 cash/XFA=   406.4 P(any)=0.683 net= -9991.9+-64.7 Pnopay=0.324 purch=89.16 net/purch=-112.1 [3.8s]
100K consistency zero_k1    f=0.05 P(pass)=0.0748 cash/XFA=   512.5 P(any)=0.417 net= -9926.6+-64.8 Pnopay=0.592 purch=89.16 net/purch=-111.3 [6.2s]
100K standard    zero_k1    f=0.10 P(pass)=0.0830 cash/XFA=   421.8 P(any)=0.675 net= -6601.9+-44.4 Pnopay=0.325 purch=59.59 net/purch=-110.8 [3.7s]
100K consistency zero_k1    f=0.10 P(pass)=0.0830 cash/XFA=   542.7 P(any)=0.390 net= -6515.5+-44.7 Pnopay=0.615 purch=59.59 net/purch=-109.3 [5.9s]
100K standard    zero_k1    f=0.15 P(pass)=0.0985 cash/XFA=   492.3 P(any)=0.641 net= -3684.1+-27.0 Pnopay=0.361 purch=34.68 net/purch=-106.2 [3.4s]
100K consistency zero_k1    f=0.15 P(pass)=0.0985 cash/XFA=   588.3 P(any)=0.337 net= -3612.3+-27.6 Pnopay=0.663 purch=34.68 net/purch=-104.2 [5.5s]
100K standard    zero_k1    f=0.20 P(pass)=0.1144 cash/XFA=   573.6 P(any)=0.599 net= -2019.8+-17.6 Pnopay=0.402 purch=20.84 net/purch=-96.9 [3.2s]
100K consistency zero_k1    f=0.20 P(pass)=0.1144 cash/XFA=   617.3 P(any)=0.296 net= -1985.1+-18.7 Pnopay=0.703 purch=20.84 net/purch=-95.3 [5.2s]
100K standard    zero_k1    f=0.25 P(pass)=0.1242 cash/XFA=   645.5 P(any)=0.555 net= -1136.6+-13.7 Pnopay=0.445 purch=13.78 net/purch=-82.5 [2.7s]
100K consistency zero_k1    f=0.25 P(pass)=0.1242 cash/XFA=   603.8 P(any)=0.257 net= -1179.9+-14.5 Pnopay=0.742 purch=13.78 net/purch=-85.6 [4.7s]
100K standard    sharpe_0.5 f=0.05 P(pass)=0.3426 cash/XFA=   728.4 P(any)=0.838 net= -2540.2+-18.7 Pnopay=0.165 purch=27.02 net/purch=-94.0 [3.7s]
100K consistency sharpe_0.5 f=0.05 P(pass)=0.3426 cash/XFA=  1360.2 P(any)=0.677 net= -1974.5+-22.5 Pnopay=0.323 purch=27.02 net/purch=-73.1 [6.2s]
100K standard    sharpe_0.5 f=0.10 P(pass)=0.3187 cash/XFA=   754.5 P(any)=0.830 net= -1796.5+-16.3 Pnopay=0.170 purch=20.80 net/purch=-86.4 [3.6s]
100K consistency sharpe_0.5 f=0.10 P(pass)=0.3187 cash/XFA=  1478.8 P(any)=0.642 net= -1127.8+-22.0 Pnopay=0.357 purch=20.80 net/purch=-54.2 [6.0s]
100K standard    sharpe_0.5 f=0.15 P(pass)=0.2846 cash/XFA=   860.3 P(any)=0.790 net= -1078.7+-14.6 Pnopay=0.208 purch=15.35 net/purch=-70.3 [3.2s]
100K consistency sharpe_0.5 f=0.15 P(pass)=0.2846 cash/XFA=  1616.9 P(any)=0.562 net=  -356.5+-23.7 Pnopay=0.433 purch=15.35 net/purch=-23.2 [5.6s]
100K standard    sharpe_0.5 f=0.20 P(pass)=0.2655 cash/XFA=   989.8 P(any)=0.739 net=  -482.7+-14.4 Pnopay=0.259 purch=11.18 net/purch=-43.2 [3.2s]
100K consistency sharpe_0.5 f=0.20 P(pass)=0.2655 cash/XFA=  1528.5 P(any)=0.477 net=    26.0+-22.3 Pnopay=0.519 purch=11.18 net/purch=2.3 [5.5s]
100K standard    sharpe_0.5 f=0.25 P(pass)=0.2445 cash/XFA=  1091.8 P(any)=0.684 net=   -57.9+-18.1 Pnopay=0.313 purch=8.48 net/purch=-6.8 [2.8s]
100K consistency sharpe_0.5 f=0.25 P(pass)=0.2445 cash/XFA=  1371.2 P(any)=0.405 net=   196.1+-21.2 Pnopay=0.592 purch=8.48 net/purch=23.1 [4.9s]
150K standard    zero_k1    f=0.05 P(pass)=0.0441 cash/XFA=   429.8 P(any)=0.749 net=-53165.3+-309.8 Pnopay=0.299 purch=249.37 net/purch=-213.2 [4.0s]
150K consistency zero_k1    f=0.05 P(pass)=0.0441 cash/XFA=   650.3 P(any)=0.464 net=-53017.0+-310.0 Pnopay=0.566 purch=249.37 net/purch=-212.6 [6.9s]
150K standard    zero_k1    f=0.10 P(pass)=0.0731 cash/XFA=   532.8 P(any)=0.715 net=-20728.9+-136.1 Pnopay=0.290 purch=98.28 net/purch=-210.9 [3.8s]
150K consistency zero_k1    f=0.10 P(pass)=0.0731 cash/XFA=   755.4 P(any)=0.401 net=-20561.6+-136.3 Pnopay=0.604 purch=98.28 net/purch=-209.2 [6.2s]
150K standard    zero_k1    f=0.15 P(pass)=0.0979 cash/XFA=   688.2 P(any)=0.673 net= -9370.5+-66.6 Pnopay=0.325 purch=45.94 net/purch=-204.0 [3.6s]
150K consistency zero_k1    f=0.15 P(pass)=0.0979 cash/XFA=   880.2 P(any)=0.344 net= -9212.8+-67.2 Pnopay=0.656 purch=45.94 net/purch=-200.5 [5.8s]
150K standard    zero_k1    f=0.20 P(pass)=0.1136 cash/XFA=   821.5 P(any)=0.629 net= -4953.3+-39.1 Pnopay=0.371 purch=25.94 net/purch=-191.0 [3.2s]
150K consistency zero_k1    f=0.20 P(pass)=0.1136 cash/XFA=   922.1 P(any)=0.296 net= -4868.5+-40.3 Pnopay=0.703 purch=25.94 net/purch=-187.7 [5.3s]
150K standard    zero_k1    f=0.25 P(pass)=0.1234 cash/XFA=   934.0 P(any)=0.583 net= -2804.0+-26.9 Pnopay=0.415 purch=16.43 net/purch=-170.7 [2.7s]
150K consistency zero_k1    f=0.25 P(pass)=0.1234 cash/XFA=   911.9 P(any)=0.257 net= -2832.4+-28.1 Pnopay=0.743 purch=16.43 net/purch=-172.4 [4.7s]
150K standard    sharpe_0.5 f=0.05 P(pass)=0.3703 cash/XFA=   764.3 P(any)=0.909 net= -9097.9+-56.5 Pnopay=0.093 purch=45.25 net/purch=-201.1 [3.8s]
150K consistency sharpe_0.5 f=0.05 P(pass)=0.3703 cash/XFA=  1756.6 P(any)=0.777 net= -8217.5+-58.1 Pnopay=0.226 purch=45.25 net/purch=-181.6 [6.8s]
150K standard    sharpe_0.5 f=0.10 P(pass)=0.3491 cash/XFA=   932.3 P(any)=0.878 net= -5376.0+-37.9 Pnopay=0.122 purch=28.58 net/purch=-188.1 [3.7s]
150K consistency sharpe_0.5 f=0.10 P(pass)=0.3491 cash/XFA=  2181.4 P(any)=0.696 net= -4213.1+-42.4 Pnopay=0.303 purch=28.58 net/purch=-147.4 [6.4s]
150K standard    sharpe_0.5 f=0.15 P(pass)=0.3018 cash/XFA=  1156.1 P(any)=0.824 net= -3183.7+-28.6 Pnopay=0.175 purch=19.34 net/purch=-164.6 [3.7s]
150K consistency sharpe_0.5 f=0.15 P(pass)=0.3018 cash/XFA=  2526.0 P(any)=0.583 net= -1855.1+-40.6 Pnopay=0.414 purch=19.34 net/purch=-95.9 [6.2s]
150K standard    sharpe_0.5 f=0.20 P(pass)=0.2714 cash/XFA=  1356.3 P(any)=0.765 net= -1723.0+-24.0 Pnopay=0.232 purch=13.47 net/purch=-127.9 [3.7s]
150K consistency sharpe_0.5 f=0.20 P(pass)=0.2714 cash/XFA=  2359.6 P(any)=0.485 net=  -757.1+-37.0 Pnopay=0.512 purch=13.47 net/purch=-56.2 [6.0s]
150K standard    sharpe_0.5 f=0.25 P(pass)=0.2498 cash/XFA=  1546.2 P(any)=0.711 net=  -740.8+-23.6 Pnopay=0.283 purch=9.76 net/purch=-75.9 [2.9s]
150K consistency sharpe_0.5 f=0.25 P(pass)=0.2498 cash/XFA=  2098.7 P(any)=0.412 net=  -205.9+-33.5 Pnopay=0.586 purch=9.76 net/purch=-21.1 [5.1s]
done 175.7s -> recompute.json
rc=0
