start smoke Sat Oct 10 05:53:37 PM PDT 2026; n_paths 2000 n_cycles 2000; sig_full [2999.1, 1395.8, 1224.6, 368.06, 470.19]
shocks drawn 0.1s; attempt z mean -0.00029 sd 0.9994; xfa z mean -0.00106 sd 1.0011; prod shares [0.19984458 0.19984788 0.19940278 0.20085119 0.20005357]
50K standard    zero_k1    f=0.05 P(pass)=0.1470 cash/XFA=   364.8 P(any)=0.577 net= -1190.5+-29.8 Pnopay=0.426 purch=20.64 net/purch=-57.7 [0.1s]
50K consistency zero_k1    f=0.05 P(pass)=0.1470 cash/XFA=   385.9 P(any)=0.353 net= -1192.1+-31.3 Pnopay=0.652 purch=20.64 net/purch=-57.8 [0.2s]
50K standard    zero_k1    f=0.10 P(pass)=0.1475 cash/XFA=   361.7 P(any)=0.583 net= -1012.6+-27.5 Pnopay=0.423 purch=18.16 net/purch=-55.8 [0.1s]
50K consistency zero_k1    f=0.10 P(pass)=0.1475 cash/XFA=   401.6 P(any)=0.350 net= -1004.5+-30.0 Pnopay=0.652 purch=18.16 net/purch=-55.3 [0.2s]
50K standard    zero_k1    f=0.15 P(pass)=0.1530 cash/XFA=   372.3 P(any)=0.576 net=  -772.4+-24.6 Pnopay=0.418 purch=14.70 net/purch=-52.5 [0.1s]
50K consistency zero_k1    f=0.15 P(pass)=0.1530 cash/XFA=   405.9 P(any)=0.329 net=  -771.5+-26.4 Pnopay=0.668 purch=14.70 net/purch=-52.5 [0.2s]
50K standard    zero_k1    f=0.20 P(pass)=0.1600 cash/XFA=   395.2 P(any)=0.559 net=  -497.8+-22.7 Pnopay=0.426 purch=11.05 net/purch=-45.0 [0.1s]
50K consistency zero_k1    f=0.20 P(pass)=0.1600 cash/XFA=   431.5 P(any)=0.298 net=  -498.1+-23.9 Pnopay=0.691 purch=11.05 net/purch=-45.1 [0.2s]
50K standard    zero_k1    f=0.25 P(pass)=0.1670 cash/XFA=   428.8 P(any)=0.523 net=  -281.7+-22.2 Pnopay=0.465 purch=8.32 net/purch=-33.8 [0.1s]
50K consistency zero_k1    f=0.25 P(pass)=0.1670 cash/XFA=   422.4 P(any)=0.263 net=  -315.1+-23.8 Pnopay=0.733 purch=8.32 net/purch=-37.9 [0.2s]
50K standard    sharpe_0.5 f=0.05 P(pass)=0.3425 cash/XFA=   688.2 P(any)=0.731 net=  -192.8+-27.7 Pnopay=0.255 purch=10.70 net/purch=-18.0 [0.1s]
50K consistency sharpe_0.5 f=0.05 P(pass)=0.3425 cash/XFA=  1003.9 P(any)=0.564 net=    28.7+-41.7 Pnopay=0.440 purch=10.70 net/purch=2.7 [0.2s]
50K standard    sharpe_0.5 f=0.10 P(pass)=0.3400 cash/XFA=   654.6 P(any)=0.741 net=  -173.9+-26.2 Pnopay=0.250 purch=9.58 net/purch=-18.2 [0.1s]
50K consistency sharpe_0.5 f=0.10 P(pass)=0.3400 cash/XFA=  1030.1 P(any)=0.549 net=   161.6+-43.6 Pnopay=0.454 purch=9.58 net/purch=16.9 [0.2s]
50K standard    sharpe_0.5 f=0.15 P(pass)=0.3280 cash/XFA=   668.8 P(any)=0.719 net=   -58.0+-27.2 Pnopay=0.276 purch=8.19 net/purch=-7.1 [0.1s]
50K consistency sharpe_0.5 f=0.15 P(pass)=0.3280 cash/XFA=  1018.3 P(any)=0.513 net=   339.1+-49.0 Pnopay=0.482 purch=8.19 net/purch=41.4 [0.2s]
50K standard    sharpe_0.5 f=0.20 P(pass)=0.3090 cash/XFA=   709.4 P(any)=0.690 net=    81.8+-30.3 Pnopay=0.305 purch=6.89 net/purch=11.9 [0.1s]
50K consistency sharpe_0.5 f=0.20 P(pass)=0.3090 cash/XFA=  1034.7 P(any)=0.463 net=   364.0+-46.6 Pnopay=0.537 purch=6.89 net/purch=52.8 [0.2s]
50K standard    sharpe_0.5 f=0.25 P(pass)=0.2935 cash/XFA=   789.4 P(any)=0.646 net=   229.7+-48.2 Pnopay=0.347 purch=5.57 net/purch=41.3 [0.1s]
50K consistency sharpe_0.5 f=0.25 P(pass)=0.2935 cash/XFA=   915.9 P(any)=0.395 net=   326.7+-42.0 Pnopay=0.603 purch=5.57 net/purch=58.7 [0.2s]
100K standard    zero_k1    f=0.05 P(pass)=0.0780 cash/XFA=   396.6 P(any)=0.684 net= -9503.0+-192.4 Pnopay=0.316 purch=84.71 net/purch=-112.2 [0.1s]
100K consistency zero_k1    f=0.05 P(pass)=0.0780 cash/XFA=   542.8 P(any)=0.427 net= -9398.0+-193.3 Pnopay=0.572 purch=84.71 net/purch=-110.9 [0.2s]
100K standard    zero_k1    f=0.10 P(pass)=0.0825 cash/XFA=   409.2 P(any)=0.686 net= -6595.5+-141.0 Pnopay=0.312 purch=59.38 net/purch=-111.1 [0.1s]
100K consistency zero_k1    f=0.10 P(pass)=0.0825 cash/XFA=   573.4 P(any)=0.405 net= -6476.3+-142.9 Pnopay=0.599 purch=59.38 net/purch=-109.1 [0.2s]
100K standard    zero_k1    f=0.15 P(pass)=0.0940 cash/XFA=   457.5 P(any)=0.656 net= -4090.3+-94.9 Pnopay=0.344 purch=37.93 net/purch=-107.8 [0.1s]
100K consistency zero_k1    f=0.15 P(pass)=0.0940 cash/XFA=   595.2 P(any)=0.349 net= -4012.6+-96.4 Pnopay=0.648 purch=37.93 net/purch=-105.8 [0.2s]
100K standard    zero_k1    f=0.20 P(pass)=0.1095 cash/XFA=   548.4 P(any)=0.608 net= -2164.7+-56.5 Pnopay=0.389 purch=21.89 net/purch=-98.9 [0.1s]
100K consistency zero_k1    f=0.20 P(pass)=0.1095 cash/XFA=   653.3 P(any)=0.307 net= -2093.8+-58.6 Pnopay=0.683 purch=21.89 net/purch=-95.6 [0.2s]
100K standard    zero_k1    f=0.25 P(pass)=0.1190 cash/XFA=   606.1 P(any)=0.562 net= -1277.4+-44.0 Pnopay=0.431 purch=14.77 net/purch=-86.5 [0.1s]
100K consistency zero_k1    f=0.25 P(pass)=0.1190 cash/XFA=   604.7 P(any)=0.260 net= -1322.5+-45.6 Pnopay=0.736 purch=14.77 net/purch=-89.5 [0.2s]
100K standard    sharpe_0.5 f=0.05 P(pass)=0.3250 cash/XFA=   703.0 P(any)=0.852 net= -2553.9+-54.8 Pnopay=0.135 purch=26.81 net/purch=-95.2 [0.2s]
100K consistency sharpe_0.5 f=0.05 P(pass)=0.3250 cash/XFA=  1385.5 P(any)=0.681 net= -1991.3+-70.6 Pnopay=0.323 purch=26.81 net/purch=-74.3 [0.3s]
100K standard    sharpe_0.5 f=0.10 P(pass)=0.3015 cash/XFA=   715.5 P(any)=0.834 net= -1927.5+-50.8 Pnopay=0.159 purch=21.41 net/purch=-90.0 [0.1s]
100K consistency sharpe_0.5 f=0.10 P(pass)=0.3015 cash/XFA=  1546.8 P(any)=0.651 net= -1168.0+-69.9 Pnopay=0.352 purch=21.41 net/purch=-54.6 [0.2s]
100K standard    sharpe_0.5 f=0.15 P(pass)=0.2920 cash/XFA=   805.8 P(any)=0.798 net= -1130.8+-43.7 Pnopay=0.187 purch=15.37 net/purch=-73.6 [0.1s]
100K consistency sharpe_0.5 f=0.15 P(pass)=0.2920 cash/XFA=  1652.0 P(any)=0.558 net=  -319.0+-77.6 Pnopay=0.446 purch=15.37 net/purch=-20.8 [0.2s]
100K standard    sharpe_0.5 f=0.20 P(pass)=0.2650 cash/XFA=   934.9 P(any)=0.740 net=  -603.5+-44.5 Pnopay=0.252 purch=11.87 net/purch=-50.9 [0.1s]
100K consistency sharpe_0.5 f=0.20 P(pass)=0.2650 cash/XFA=  1610.4 P(any)=0.482 net=    33.6+-80.8 Pnopay=0.520 purch=11.87 net/purch=2.8 [0.2s]
100K standard    sharpe_0.5 f=0.25 P(pass)=0.2405 cash/XFA=  1071.0 P(any)=0.690 net=  -149.4+-66.7 Pnopay=0.303 purch=9.05 net/purch=-16.5 [0.1s]
100K consistency sharpe_0.5 f=0.25 P(pass)=0.2405 cash/XFA=  1381.7 P(any)=0.404 net=   163.1+-69.6 Pnopay=0.597 purch=9.05 net/purch=18.0 [0.2s]
150K standard    zero_k1    f=0.05 P(pass)=0.0470 cash/XFA=   419.8 P(any)=0.765 net=-49219.0+-904.8 Pnopay=0.264 purch=230.86 net/purch=-213.2 [0.2s]
150K consistency zero_k1    f=0.05 P(pass)=0.0470 cash/XFA=   683.6 P(any)=0.482 net=-49046.2+-905.9 Pnopay=0.545 purch=230.86 net/purch=-212.4 [0.3s]
150K standard    zero_k1    f=0.10 P(pass)=0.0745 cash/XFA=   496.0 P(any)=0.731 net=-19402.9+-412.9 Pnopay=0.271 purch=91.93 net/purch=-211.1 [0.2s]
150K consistency zero_k1    f=0.10 P(pass)=0.0745 cash/XFA=   787.5 P(any)=0.421 net=-19182.9+-413.9 Pnopay=0.580 purch=91.93 net/purch=-208.7 [0.3s]
150K standard    zero_k1    f=0.15 P(pass)=0.0940 cash/XFA=   645.7 P(any)=0.686 net= -9981.4+-225.3 Pnopay=0.304 purch=48.59 net/purch=-205.4 [0.1s]
150K consistency zero_k1    f=0.15 P(pass)=0.0940 cash/XFA=   889.3 P(any)=0.358 net= -9793.7+-227.0 Pnopay=0.637 purch=48.59 net/purch=-201.6 [0.3s]
150K standard    zero_k1    f=0.20 P(pass)=0.1085 cash/XFA=   772.4 P(any)=0.640 net= -5306.4+-128.8 Pnopay=0.350 purch=27.45 net/purch=-193.3 [0.1s]
150K consistency zero_k1    f=0.20 P(pass)=0.1085 cash/XFA=   955.8 P(any)=0.307 net= -5206.0+-131.7 Pnopay=0.685 purch=27.45 net/purch=-189.7 [0.2s]
150K standard    zero_k1    f=0.25 P(pass)=0.1200 cash/XFA=   895.8 P(any)=0.600 net= -2972.2+-86.9 Pnopay=0.389 purch=17.18 net/purch=-173.0 [0.1s]
150K consistency zero_k1    f=0.25 P(pass)=0.1200 cash/XFA=   929.5 P(any)=0.266 net= -2999.0+-89.6 Pnopay=0.728 purch=17.18 net/purch=-174.5 [0.2s]
150K standard    sharpe_0.5 f=0.05 P(pass)=0.3505 cash/XFA=   753.9 P(any)=0.919 net= -9119.3+-178.1 Pnopay=0.080 purch=45.18 net/purch=-201.8 [0.2s]
150K consistency sharpe_0.5 f=0.05 P(pass)=0.3505 cash/XFA=  1839.7 P(any)=0.792 net= -8171.7+-183.6 Pnopay=0.211 purch=45.18 net/purch=-180.9 [0.3s]
150K standard    sharpe_0.5 f=0.10 P(pass)=0.3445 cash/XFA=   858.5 P(any)=0.886 net= -5488.3+-122.6 Pnopay=0.110 purch=28.80 net/purch=-190.5 [0.2s]
150K consistency sharpe_0.5 f=0.10 P(pass)=0.3445 cash/XFA=  2219.2 P(any)=0.707 net= -4283.3+-134.6 Pnopay=0.305 purch=28.80 net/purch=-148.7 [0.3s]
150K standard    sharpe_0.5 f=0.15 P(pass)=0.3050 cash/XFA=  1061.7 P(any)=0.834 net= -3231.1+-91.5 Pnopay=0.158 purch=19.21 net/purch=-168.2 [0.2s]
150K consistency sharpe_0.5 f=0.15 P(pass)=0.3050 cash/XFA=  2542.3 P(any)=0.584 net= -1892.6+-124.6 Pnopay=0.417 purch=19.21 net/purch=-98.5 [0.3s]
150K standard    sharpe_0.5 f=0.20 P(pass)=0.2785 cash/XFA=  1293.5 P(any)=0.775 net= -1823.7+-74.1 Pnopay=0.207 purch=13.72 net/purch=-133.0 [0.1s]
150K consistency sharpe_0.5 f=0.20 P(pass)=0.2785 cash/XFA=  2424.9 P(any)=0.482 net=  -754.3+-127.1 Pnopay=0.515 purch=13.72 net/purch=-55.0 [0.3s]
150K standard    sharpe_0.5 f=0.25 P(pass)=0.2465 cash/XFA=  1441.9 P(any)=0.718 net=  -977.6+-72.9 Pnopay=0.268 purch=10.54 net/purch=-92.7 [0.1s]
150K consistency sharpe_0.5 f=0.25 P(pass)=0.2465 cash/XFA=  2071.5 P(any)=0.410 net=  -420.5+-98.2 Pnopay=0.586 purch=10.54 net/purch=-39.9 [0.2s]
done 7.0s -> recompute.json
start Sat Oct 10 05:54:29 PM PDT 2026; n_paths 20000 n_cycles 20000; sig_full [2999.1, 1395.8, 1224.6, 368.06, 470.19]
shocks drawn 9.2s; attempt z mean -0.00010 sd 1.0009; xfa z mean 0.00012 sd 1.0003; prod shares [0.20039616 0.19971792 0.19950595 0.2001543  0.20022566]
50K standard    zero_k1    f=0.05 P(pass)=0.1567 cash/XFA=   376.9 P(any)=0.574 net= -1102.5+-9.4 Pnopay=0.426 purch=19.86 net/purch=-55.5 [3.4s]
50K consistency zero_k1    f=0.05 P(pass)=0.1567 cash/XFA=   392.7 P(any)=0.355 net= -1106.3+-10.0 Pnopay=0.651 purch=19.86 net/purch=-55.7 [5.6s]
50K standard    zero_k1    f=0.10 P(pass)=0.1532 cash/XFA=   367.6 P(any)=0.580 net=  -963.9+-8.6 Pnopay=0.420 purch=17.54 net/purch=-55.0 [2.9s]
50K consistency zero_k1    f=0.10 P(pass)=0.1532 cash/XFA=   393.2 P(any)=0.345 net=  -948.8+-9.3 Pnopay=0.657 purch=17.54 net/purch=-54.1 [5.0s]
50K standard    zero_k1    f=0.15 P(pass)=0.1563 cash/XFA=   383.9 P(any)=0.574 net=  -713.7+-7.7 Pnopay=0.424 purch=14.01 net/purch=-50.9 [2.7s]
50K consistency zero_k1    f=0.15 P(pass)=0.1563 cash/XFA=   411.6 P(any)=0.324 net=  -698.2+-8.6 Pnopay=0.676 purch=14.01 net/purch=-49.8 [4.7s]
50K standard    zero_k1    f=0.20 P(pass)=0.1614 cash/XFA=   412.0 P(any)=0.548 net=  -469.7+-7.2 Pnopay=0.449 purch=10.73 net/purch=-43.8 [2.6s]
50K consistency zero_k1    f=0.20 P(pass)=0.1614 cash/XFA=   416.0 P(any)=0.287 net=  -469.1+-8.4 Pnopay=0.713 purch=10.73 net/purch=-43.7 [4.7s]
50K standard    zero_k1    f=0.25 P(pass)=0.1719 cash/XFA=   448.2 P(any)=0.510 net=  -252.1+-7.3 Pnopay=0.486 purch=8.06 net/purch=-31.3 [2.6s]
50K consistency zero_k1    f=0.25 P(pass)=0.1719 cash/XFA=   413.3 P(any)=0.254 net=  -290.7+-8.0 Pnopay=0.745 purch=8.06 net/purch=-36.1 [4.5s]
50K standard    sharpe_0.5 f=0.05 P(pass)=0.3469 cash/XFA=   693.4 P(any)=0.719 net=  -175.7+-9.7 Pnopay=0.280 purch=10.67 net/purch=-16.5 [3.1s]
50K consistency sharpe_0.5 f=0.05 P(pass)=0.3469 cash/XFA=   997.4 P(any)=0.557 net=    82.8+-13.9 Pnopay=0.446 purch=10.67 net/purch=7.8 [5.4s]
50K standard    sharpe_0.5 f=0.10 P(pass)=0.3401 cash/XFA=   671.4 P(any)=0.727 net=  -114.7+-9.3 Pnopay=0.272 purch=9.45 net/purch=-12.1 [3.1s]
50K consistency sharpe_0.5 f=0.10 P(pass)=0.3401 cash/XFA=  1029.2 P(any)=0.546 net=   198.7+-14.6 Pnopay=0.453 purch=9.45 net/purch=21.0 [5.4s]
50K standard    sharpe_0.5 f=0.15 P(pass)=0.3314 cash/XFA=   697.5 P(any)=0.717 net=    11.2+-9.5 Pnopay=0.284 purch=7.90 net/purch=1.4 [2.8s]
50K consistency sharpe_0.5 f=0.15 P(pass)=0.3314 cash/XFA=  1049.0 P(any)=0.512 net=   334.4+-15.4 Pnopay=0.486 purch=7.90 net/purch=42.3 [5.0s]
50K standard    sharpe_0.5 f=0.20 P(pass)=0.3174 cash/XFA=   744.6 P(any)=0.687 net=   157.0+-10.6 Pnopay=0.313 purch=6.47 net/purch=24.3 [2.7s]
50K consistency sharpe_0.5 f=0.20 P(pass)=0.3174 cash/XFA=  1004.3 P(any)=0.458 net=   383.7+-15.4 Pnopay=0.542 purch=6.47 net/purch=59.3 [4.8s]
50K standard    sharpe_0.5 f=0.25 P(pass)=0.3028 cash/XFA=   796.1 P(any)=0.641 net=   274.4+-13.0 Pnopay=0.358 purch=5.36 net/purch=51.2 [2.6s]
50K consistency sharpe_0.5 f=0.25 P(pass)=0.3028 cash/XFA=   933.9 P(any)=0.399 net=   398.1+-14.9 Pnopay=0.598 purch=5.36 net/purch=74.3 [4.6s]
100K standard    zero_k1    f=0.05 P(pass)=0.0748 cash/XFA=   406.4 P(any)=0.683 net= -9991.9+-64.7 Pnopay=0.324 purch=89.16 net/purch=-112.1 [3.8s]
100K consistency zero_k1    f=0.05 P(pass)=0.0748 cash/XFA=   512.5 P(any)=0.417 net= -9926.6+-64.8 Pnopay=0.592 purch=89.16 net/purch=-111.3 [6.2s]
100K standard    zero_k1    f=0.10 P(pass)=0.0830 cash/XFA=   421.8 P(any)=0.675 net= -6601.9+-44.4 Pnopay=0.325 purch=59.59 net/purch=-110.8 [3.7s]
100K consistency zero_k1    f=0.10 P(pass)=0.0830 cash/XFA=   542.7 P(any)=0.390 net= -6515.5+-44.7 Pnopay=0.615 purch=59.59 net/purch=-109.3 [5.9s]
100K standard    zero_k1    f=0.15 P(pass)=0.0985 cash/XFA=   492.3 P(any)=0.641 net= -3684.1+-27.0 Pnopay=0.361 purch=34.68 net/purch=-106.2 [3.4s]
100K consistency zero_k1    f=0.15 P(pass)=0.0985 cash/XFA=   588.3 P(any)=0.337 net= -3612.3+-27.6 Pnopay=0.663 purch=34.68 net/purch=-104.2 [5.5s]
100K standard    zero_k1    f=0.20 P(pass)=0.1144 cash/XFA=   573.6 P(any)=0.599 net= -2019.8+-17.6 Pnopay=0.402 purch=20.84 net/purch=-96.9 [3.2s]
100K consistency zero_k1    f=0.20 P(pass)=0.1144 cash/XFA=   617.3 P(any)=0.296 net= -1985.1+-18.7 Pnopay=0.703 purch=20.84 net/purch=-95.3 [5.2s]
100K standard    zero_k1    f=0.25 P(pass)=0.1242 cash/XFA=   645.5 P(any)=0.555 net= -1136.6+-13.7 Pnopay=0.445 purch=13.78 net/purch=-82.5 [2.7s]
100K consistency zero_k1    f=0.25 P(pass)=0.1242 cash/XFA=   603.8 P(any)=0.257 net= -1179.9+-14.5 Pnopay=0.742 purch=13.78 net/purch=-85.6 [4.7s]
100K standard    sharpe_0.5 f=0.05 P(pass)=0.3426 cash/XFA=   728.4 P(any)=0.838 net= -2540.2+-18.7 Pnopay=0.165 purch=27.02 net/purch=-94.0 [3.7s]
100K consistency sharpe_0.5 f=0.05 P(pass)=0.3426 cash/XFA=  1360.2 P(any)=0.677 net= -1974.5+-22.5 Pnopay=0.323 purch=27.02 net/purch=-73.1 [6.2s]
100K standard    sharpe_0.5 f=0.10 P(pass)=0.3187 cash/XFA=   754.5 P(any)=0.830 net= -1796.5+-16.3 Pnopay=0.170 purch=20.80 net/purch=-86.4 [3.6s]
100K consistency sharpe_0.5 f=0.10 P(pass)=0.3187 cash/XFA=  1478.8 P(any)=0.642 net= -1127.8+-22.0 Pnopay=0.357 purch=20.80 net/purch=-54.2 [6.0s]
100K standard    sharpe_0.5 f=0.15 P(pass)=0.2846 cash/XFA=   860.3 P(any)=0.790 net= -1078.7+-14.6 Pnopay=0.208 purch=15.35 net/purch=-70.3 [3.2s]
100K consistency sharpe_0.5 f=0.15 P(pass)=0.2846 cash/XFA=  1616.9 P(any)=0.562 net=  -356.5+-23.7 Pnopay=0.433 purch=15.35 net/purch=-23.2 [5.6s]
100K standard    sharpe_0.5 f=0.20 P(pass)=0.2655 cash/XFA=   989.8 P(any)=0.739 net=  -482.7+-14.4 Pnopay=0.259 purch=11.18 net/purch=-43.2 [3.2s]
100K consistency sharpe_0.5 f=0.20 P(pass)=0.2655 cash/XFA=  1528.5 P(any)=0.477 net=    26.0+-22.3 Pnopay=0.519 purch=11.18 net/purch=2.3 [5.5s]
100K standard    sharpe_0.5 f=0.25 P(pass)=0.2445 cash/XFA=  1091.8 P(any)=0.684 net=   -57.9+-18.1 Pnopay=0.313 purch=8.48 net/purch=-6.8 [2.8s]
100K consistency sharpe_0.5 f=0.25 P(pass)=0.2445 cash/XFA=  1371.2 P(any)=0.405 net=   196.1+-21.2 Pnopay=0.592 purch=8.48 net/purch=23.1 [4.9s]
150K standard    zero_k1    f=0.05 P(pass)=0.0441 cash/XFA=   429.8 P(any)=0.749 net=-53165.3+-309.8 Pnopay=0.299 purch=249.37 net/purch=-213.2 [4.0s]
150K consistency zero_k1    f=0.05 P(pass)=0.0441 cash/XFA=   650.3 P(any)=0.464 net=-53017.0+-310.0 Pnopay=0.566 purch=249.37 net/purch=-212.6 [6.9s]
150K standard    zero_k1    f=0.10 P(pass)=0.0731 cash/XFA=   532.8 P(any)=0.715 net=-20728.9+-136.1 Pnopay=0.290 purch=98.28 net/purch=-210.9 [3.8s]
150K consistency zero_k1    f=0.10 P(pass)=0.0731 cash/XFA=   755.4 P(any)=0.401 net=-20561.6+-136.3 Pnopay=0.604 purch=98.28 net/purch=-209.2 [6.2s]
150K standard    zero_k1    f=0.15 P(pass)=0.0979 cash/XFA=   688.2 P(any)=0.673 net= -9370.5+-66.6 Pnopay=0.325 purch=45.94 net/purch=-204.0 [3.6s]
150K consistency zero_k1    f=0.15 P(pass)=0.0979 cash/XFA=   880.2 P(any)=0.344 net= -9212.8+-67.2 Pnopay=0.656 purch=45.94 net/purch=-200.5 [5.8s]
150K standard    zero_k1    f=0.20 P(pass)=0.1136 cash/XFA=   821.5 P(any)=0.629 net= -4953.3+-39.1 Pnopay=0.371 purch=25.94 net/purch=-191.0 [3.2s]
150K consistency zero_k1    f=0.20 P(pass)=0.1136 cash/XFA=   922.1 P(any)=0.296 net= -4868.5+-40.3 Pnopay=0.703 purch=25.94 net/purch=-187.7 [5.3s]
150K standard    zero_k1    f=0.25 P(pass)=0.1234 cash/XFA=   934.0 P(any)=0.583 net= -2804.0+-26.9 Pnopay=0.415 purch=16.43 net/purch=-170.7 [2.7s]
150K consistency zero_k1    f=0.25 P(pass)=0.1234 cash/XFA=   911.9 P(any)=0.257 net= -2832.4+-28.1 Pnopay=0.743 purch=16.43 net/purch=-172.4 [4.7s]
150K standard    sharpe_0.5 f=0.05 P(pass)=0.3703 cash/XFA=   764.3 P(any)=0.909 net= -9097.9+-56.5 Pnopay=0.093 purch=45.25 net/purch=-201.1 [3.8s]
150K consistency sharpe_0.5 f=0.05 P(pass)=0.3703 cash/XFA=  1756.6 P(any)=0.777 net= -8217.5+-58.1 Pnopay=0.226 purch=45.25 net/purch=-181.6 [6.8s]
150K standard    sharpe_0.5 f=0.10 P(pass)=0.3491 cash/XFA=   932.3 P(any)=0.878 net= -5376.0+-37.9 Pnopay=0.122 purch=28.58 net/purch=-188.1 [3.7s]
150K consistency sharpe_0.5 f=0.10 P(pass)=0.3491 cash/XFA=  2181.4 P(any)=0.696 net= -4213.1+-42.4 Pnopay=0.303 purch=28.58 net/purch=-147.4 [6.4s]
150K standard    sharpe_0.5 f=0.15 P(pass)=0.3018 cash/XFA=  1156.1 P(any)=0.824 net= -3183.7+-28.6 Pnopay=0.175 purch=19.34 net/purch=-164.6 [3.7s]
150K consistency sharpe_0.5 f=0.15 P(pass)=0.3018 cash/XFA=  2526.0 P(any)=0.583 net= -1855.1+-40.6 Pnopay=0.414 purch=19.34 net/purch=-95.9 [6.2s]
150K standard    sharpe_0.5 f=0.20 P(pass)=0.2714 cash/XFA=  1356.3 P(any)=0.765 net= -1723.0+-24.0 Pnopay=0.232 purch=13.47 net/purch=-127.9 [3.7s]
150K consistency sharpe_0.5 f=0.20 P(pass)=0.2714 cash/XFA=  2359.6 P(any)=0.485 net=  -757.1+-37.0 Pnopay=0.512 purch=13.47 net/purch=-56.2 [6.0s]
150K standard    sharpe_0.5 f=0.25 P(pass)=0.2498 cash/XFA=  1546.2 P(any)=0.711 net=  -740.8+-23.6 Pnopay=0.283 purch=9.76 net/purch=-75.9 [2.9s]
150K consistency sharpe_0.5 f=0.25 P(pass)=0.2498 cash/XFA=  2098.7 P(any)=0.412 net=  -205.9+-33.5 Pnopay=0.586 purch=9.76 net/purch=-21.1 [5.1s]
done 175.7s -> recompute.json
start Sat Oct 10 07:27:22 PM PDT 2026 rerun with SEs (same seeds); n_paths 20000 n_cycles 20000; sig_full [2999.1, 1395.8, 1224.6, 368.06, 470.19]
shocks drawn 1.3s; attempt z mean -0.00010 sd 1.0009; xfa z mean 0.00012 sd 1.0003; prod shares [0.20039616 0.19971792 0.19950595 0.2001543  0.20022566]
50K standard    zero_k1    f=0.05 P(pass)=0.1567 cash/XFA=   376.9 P(any)=0.574 net= -1102.5+-9.4 Pnopay=0.426 purch=19.86 net/purch=-55.5 [1.1s]
50K consistency zero_k1    f=0.05 P(pass)=0.1567 cash/XFA=   392.7 P(any)=0.355 net= -1106.3+-10.0 Pnopay=0.651 purch=19.86 net/purch=-55.7 [1.8s]
50K standard    zero_k1    f=0.10 P(pass)=0.1532 cash/XFA=   367.6 P(any)=0.580 net=  -963.9+-8.6 Pnopay=0.420 purch=17.54 net/purch=-55.0 [1.1s]
50K consistency zero_k1    f=0.10 P(pass)=0.1532 cash/XFA=   393.2 P(any)=0.345 net=  -948.8+-9.3 Pnopay=0.657 purch=17.54 net/purch=-54.1 [1.8s]
50K standard    zero_k1    f=0.15 P(pass)=0.1563 cash/XFA=   383.9 P(any)=0.574 net=  -713.7+-7.7 Pnopay=0.424 purch=14.01 net/purch=-50.9 [0.9s]
50K consistency zero_k1    f=0.15 P(pass)=0.1563 cash/XFA=   411.6 P(any)=0.324 net=  -698.2+-8.6 Pnopay=0.676 purch=14.01 net/purch=-49.8 [1.9s]
50K standard    zero_k1    f=0.20 P(pass)=0.1614 cash/XFA=   412.0 P(any)=0.548 net=  -469.7+-7.2 Pnopay=0.449 purch=10.73 net/purch=-43.8 [1.2s]
50K consistency zero_k1    f=0.20 P(pass)=0.1614 cash/XFA=   416.0 P(any)=0.287 net=  -469.1+-8.4 Pnopay=0.713 purch=10.73 net/purch=-43.7 [2.1s]
50K standard    zero_k1    f=0.25 P(pass)=0.1719 cash/XFA=   448.2 P(any)=0.510 net=  -252.1+-7.3 Pnopay=0.486 purch=8.06 net/purch=-31.3 [1.2s]
50K consistency zero_k1    f=0.25 P(pass)=0.1719 cash/XFA=   413.3 P(any)=0.254 net=  -290.7+-8.0 Pnopay=0.745 purch=8.06 net/purch=-36.1 [2.0s]
50K standard    sharpe_0.5 f=0.05 P(pass)=0.3469 cash/XFA=   693.4 P(any)=0.719 net=  -175.7+-9.7 Pnopay=0.280 purch=10.67 net/purch=-16.5 [1.4s]
50K consistency sharpe_0.5 f=0.05 P(pass)=0.3469 cash/XFA=   997.4 P(any)=0.557 net=    82.8+-13.9 Pnopay=0.446 purch=10.67 net/purch=7.8 [2.5s]
50K standard    sharpe_0.5 f=0.10 P(pass)=0.3401 cash/XFA=   671.4 P(any)=0.727 net=  -114.7+-9.3 Pnopay=0.272 purch=9.45 net/purch=-12.1 [1.4s]
50K consistency sharpe_0.5 f=0.10 P(pass)=0.3401 cash/XFA=  1029.2 P(any)=0.546 net=   198.7+-14.6 Pnopay=0.453 purch=9.45 net/purch=21.0 [2.4s]
50K standard    sharpe_0.5 f=0.15 P(pass)=0.3314 cash/XFA=   697.5 P(any)=0.717 net=    11.2+-9.5 Pnopay=0.284 purch=7.90 net/purch=1.4 [1.4s]
50K consistency sharpe_0.5 f=0.15 P(pass)=0.3314 cash/XFA=  1049.0 P(any)=0.512 net=   334.4+-15.4 Pnopay=0.486 purch=7.90 net/purch=42.3 [2.5s]
50K standard    sharpe_0.5 f=0.20 P(pass)=0.3174 cash/XFA=   744.6 P(any)=0.687 net=   157.0+-10.6 Pnopay=0.313 purch=6.47 net/purch=24.3 [1.2s]
50K consistency sharpe_0.5 f=0.20 P(pass)=0.3174 cash/XFA=  1004.3 P(any)=0.458 net=   383.7+-15.4 Pnopay=0.542 purch=6.47 net/purch=59.3 [2.2s]
50K standard    sharpe_0.5 f=0.25 P(pass)=0.3028 cash/XFA=   796.1 P(any)=0.641 net=   274.4+-13.0 Pnopay=0.358 purch=5.36 net/purch=51.2 [1.1s]
50K consistency sharpe_0.5 f=0.25 P(pass)=0.3028 cash/XFA=   933.9 P(any)=0.399 net=   398.1+-14.9 Pnopay=0.598 purch=5.36 net/purch=74.3 [2.1s]
100K standard    zero_k1    f=0.05 P(pass)=0.0748 cash/XFA=   406.4 P(any)=0.683 net= -9991.9+-64.7 Pnopay=0.324 purch=89.16 net/purch=-112.1 [1.7s]
100K consistency zero_k1    f=0.05 P(pass)=0.0748 cash/XFA=   512.5 P(any)=0.417 net= -9926.6+-64.8 Pnopay=0.592 purch=89.16 net/purch=-111.3 [2.8s]
100K standard    zero_k1    f=0.10 P(pass)=0.0830 cash/XFA=   421.8 P(any)=0.675 net= -6601.9+-44.4 Pnopay=0.325 purch=59.59 net/purch=-110.8 [1.7s]
100K consistency zero_k1    f=0.10 P(pass)=0.0830 cash/XFA=   542.7 P(any)=0.390 net= -6515.5+-44.7 Pnopay=0.615 purch=59.59 net/purch=-109.3 [2.7s]
100K standard    zero_k1    f=0.15 P(pass)=0.0985 cash/XFA=   492.3 P(any)=0.641 net= -3684.1+-27.0 Pnopay=0.361 purch=34.68 net/purch=-106.2 [1.5s]
100K consistency zero_k1    f=0.15 P(pass)=0.0985 cash/XFA=   588.3 P(any)=0.337 net= -3612.3+-27.6 Pnopay=0.663 purch=34.68 net/purch=-104.2 [2.8s]
100K standard    zero_k1    f=0.20 P(pass)=0.1144 cash/XFA=   573.6 P(any)=0.599 net= -2019.8+-17.6 Pnopay=0.402 purch=20.84 net/purch=-96.9 [1.5s]
100K consistency zero_k1    f=0.20 P(pass)=0.1144 cash/XFA=   617.3 P(any)=0.296 net= -1985.1+-18.7 Pnopay=0.703 purch=20.84 net/purch=-95.3 [2.4s]
100K standard    zero_k1    f=0.25 P(pass)=0.1242 cash/XFA=   645.5 P(any)=0.555 net= -1136.6+-13.7 Pnopay=0.445 purch=13.78 net/purch=-82.5 [1.5s]
100K consistency zero_k1    f=0.25 P(pass)=0.1242 cash/XFA=   603.8 P(any)=0.257 net= -1179.9+-14.5 Pnopay=0.742 purch=13.78 net/purch=-85.6 [2.5s]
100K standard    sharpe_0.5 f=0.05 P(pass)=0.3426 cash/XFA=   728.4 P(any)=0.838 net= -2540.2+-18.7 Pnopay=0.165 purch=27.02 net/purch=-94.0 [1.7s]
100K consistency sharpe_0.5 f=0.05 P(pass)=0.3426 cash/XFA=  1360.2 P(any)=0.677 net= -1974.5+-22.5 Pnopay=0.323 purch=27.02 net/purch=-73.1 [2.8s]
100K standard    sharpe_0.5 f=0.10 P(pass)=0.3187 cash/XFA=   754.5 P(any)=0.830 net= -1796.5+-16.3 Pnopay=0.170 purch=20.80 net/purch=-86.4 [1.8s]
100K consistency sharpe_0.5 f=0.10 P(pass)=0.3187 cash/XFA=  1478.8 P(any)=0.642 net= -1127.8+-22.0 Pnopay=0.357 purch=20.80 net/purch=-54.2 [3.3s]
100K standard    sharpe_0.5 f=0.15 P(pass)=0.2846 cash/XFA=   860.3 P(any)=0.790 net= -1078.7+-14.6 Pnopay=0.208 purch=15.35 net/purch=-70.3 [1.5s]
100K consistency sharpe_0.5 f=0.15 P(pass)=0.2846 cash/XFA=  1616.9 P(any)=0.562 net=  -356.5+-23.7 Pnopay=0.433 purch=15.35 net/purch=-23.2 [2.6s]
100K standard    sharpe_0.5 f=0.20 P(pass)=0.2655 cash/XFA=   989.8 P(any)=0.739 net=  -482.7+-14.4 Pnopay=0.259 purch=11.18 net/purch=-43.2 [1.4s]
100K consistency sharpe_0.5 f=0.20 P(pass)=0.2655 cash/XFA=  1528.5 P(any)=0.477 net=    26.0+-22.3 Pnopay=0.519 purch=11.18 net/purch=2.3 [2.4s]
100K standard    sharpe_0.5 f=0.25 P(pass)=0.2445 cash/XFA=  1091.8 P(any)=0.684 net=   -57.9+-18.1 Pnopay=0.313 purch=8.48 net/purch=-6.8 [1.3s]
100K consistency sharpe_0.5 f=0.25 P(pass)=0.2445 cash/XFA=  1371.2 P(any)=0.405 net=   196.1+-21.2 Pnopay=0.592 purch=8.48 net/purch=23.1 [2.2s]
150K standard    zero_k1    f=0.05 P(pass)=0.0441 cash/XFA=   429.8 P(any)=0.749 net=-53165.3+-309.8 Pnopay=0.299 purch=249.37 net/purch=-213.2 [1.8s]
150K consistency zero_k1    f=0.05 P(pass)=0.0441 cash/XFA=   650.3 P(any)=0.464 net=-53017.0+-310.0 Pnopay=0.566 purch=249.37 net/purch=-212.6 [3.1s]
150K standard    zero_k1    f=0.10 P(pass)=0.0731 cash/XFA=   532.8 P(any)=0.715 net=-20728.9+-136.1 Pnopay=0.290 purch=98.28 net/purch=-210.9 [2.0s]
150K consistency zero_k1    f=0.10 P(pass)=0.0731 cash/XFA=   755.4 P(any)=0.401 net=-20561.6+-136.3 Pnopay=0.604 purch=98.28 net/purch=-209.2 [3.2s]
150K standard    zero_k1    f=0.15 P(pass)=0.0979 cash/XFA=   688.2 P(any)=0.673 net= -9370.5+-66.6 Pnopay=0.325 purch=45.94 net/purch=-204.0 [1.7s]
150K consistency zero_k1    f=0.15 P(pass)=0.0979 cash/XFA=   880.2 P(any)=0.344 net= -9212.8+-67.2 Pnopay=0.656 purch=45.94 net/purch=-200.5 [2.7s]
150K standard    zero_k1    f=0.20 P(pass)=0.1136 cash/XFA=   821.5 P(any)=0.629 net= -4953.3+-39.1 Pnopay=0.371 purch=25.94 net/purch=-191.0 [1.5s]
150K consistency zero_k1    f=0.20 P(pass)=0.1136 cash/XFA=   922.1 P(any)=0.296 net= -4868.5+-40.3 Pnopay=0.703 purch=25.94 net/purch=-187.7 [2.4s]
150K standard    zero_k1    f=0.25 P(pass)=0.1234 cash/XFA=   934.0 P(any)=0.583 net= -2804.0+-26.9 Pnopay=0.415 purch=16.43 net/purch=-170.7 [1.2s]
150K consistency zero_k1    f=0.25 P(pass)=0.1234 cash/XFA=   911.9 P(any)=0.257 net= -2832.4+-28.1 Pnopay=0.743 purch=16.43 net/purch=-172.4 [2.2s]
150K standard    sharpe_0.5 f=0.05 P(pass)=0.3703 cash/XFA=   764.3 P(any)=0.909 net= -9097.9+-56.5 Pnopay=0.093 purch=45.25 net/purch=-201.1 [1.8s]
150K consistency sharpe_0.5 f=0.05 P(pass)=0.3703 cash/XFA=  1756.6 P(any)=0.777 net= -8217.5+-58.1 Pnopay=0.226 purch=45.25 net/purch=-181.6 [3.1s]
150K standard    sharpe_0.5 f=0.10 P(pass)=0.3491 cash/XFA=   932.3 P(any)=0.878 net= -5376.0+-37.9 Pnopay=0.122 purch=28.58 net/purch=-188.1 [1.7s]
150K consistency sharpe_0.5 f=0.10 P(pass)=0.3491 cash/XFA=  2181.4 P(any)=0.696 net= -4213.1+-42.4 Pnopay=0.303 purch=28.58 net/purch=-147.4 [2.9s]
150K standard    sharpe_0.5 f=0.15 P(pass)=0.3018 cash/XFA=  1156.1 P(any)=0.824 net= -3183.7+-28.6 Pnopay=0.175 purch=19.34 net/purch=-164.6 [1.7s]
150K consistency sharpe_0.5 f=0.15 P(pass)=0.3018 cash/XFA=  2526.0 P(any)=0.583 net= -1855.1+-40.6 Pnopay=0.414 purch=19.34 net/purch=-95.9 [2.9s]
150K standard    sharpe_0.5 f=0.20 P(pass)=0.2714 cash/XFA=  1356.3 P(any)=0.765 net= -1723.0+-24.0 Pnopay=0.232 purch=13.47 net/purch=-127.9 [1.6s]
150K consistency sharpe_0.5 f=0.20 P(pass)=0.2714 cash/XFA=  2359.6 P(any)=0.485 net=  -757.1+-37.0 Pnopay=0.512 purch=13.47 net/purch=-56.2 [2.7s]
150K standard    sharpe_0.5 f=0.25 P(pass)=0.2498 cash/XFA=  1546.2 P(any)=0.711 net=  -740.8+-23.6 Pnopay=0.283 purch=9.76 net/purch=-75.9 [1.3s]
150K consistency sharpe_0.5 f=0.25 P(pass)=0.2498 cash/XFA=  2098.7 P(any)=0.412 net=  -205.9+-33.5 Pnopay=0.586 purch=9.76 net/purch=-21.1 [2.3s]
done 76.7s -> recompute.json
start Sat Oct 10 07:34:51 PM PDT 2026 seed offset 100; n_paths 20000 n_cycles 20000; sig_full [2999.1, 1395.8, 1224.6, 368.06, 470.19]
start Sat Oct 10 07:34:51 PM PDT 2026 seed offset 200; n_paths 20000 n_cycles 20000; sig_full [2999.1, 1395.8, 1224.6, 368.06, 470.19]
shocks drawn 1.3s; attempt z mean 0.00000 sd 1.0007; xfa z mean 0.00017 sd 1.0001; prod shares [0.2001584  0.19974478 0.19987513 0.19998313 0.20023856]
shocks drawn 1.3s; attempt z mean -0.00024 sd 1.0014; xfa z mean 0.00018 sd 1.0006; prod shares [0.19984411 0.20011349 0.1999752  0.20002414 0.20004306]
50K standard    zero_k1    f=0.05 P(pass)=0.1668 cash/XFA=   381.0 P(any)=0.589 net= -1036.8+-9.0 Pnopay=0.412 purch=18.89 net/purch=-54.9 [1.1s]
50K standard    zero_k1    f=0.05 P(pass)=0.1630 cash/XFA=   376.0 P(any)=0.579 net= -1044.8+-9.2 Pnopay=0.417 purch=19.01 net/purch=-55.0 [1.2s]
50K consistency zero_k1    f=0.05 P(pass)=0.1668 cash/XFA=   417.5 P(any)=0.365 net= -1019.4+-9.9 Pnopay=0.637 purch=18.89 net/purch=-54.0 [1.9s]
50K consistency zero_k1    f=0.05 P(pass)=0.1630 cash/XFA=   399.2 P(any)=0.357 net= -1037.5+-9.8 Pnopay=0.642 purch=19.01 net/purch=-54.6 [2.0s]
50K standard    zero_k1    f=0.10 P(pass)=0.1649 cash/XFA=   377.7 P(any)=0.598 net=  -892.7+-8.3 Pnopay=0.400 purch=16.59 net/purch=-53.8 [1.1s]
50K standard    zero_k1    f=0.10 P(pass)=0.1596 cash/XFA=   369.3 P(any)=0.587 net=  -918.6+-8.4 Pnopay=0.415 purch=16.92 net/purch=-54.3 [1.2s]
50K consistency zero_k1    f=0.10 P(pass)=0.1649 cash/XFA=   427.6 P(any)=0.355 net=  -856.1+-9.4 Pnopay=0.646 purch=16.59 net/purch=-51.6 [1.9s]
50K consistency zero_k1    f=0.10 P(pass)=0.1596 cash/XFA=   400.7 P(any)=0.347 net=  -904.0+-9.1 Pnopay=0.650 purch=16.92 net/purch=-53.4 [1.9s]
50K standard    zero_k1    f=0.15 P(pass)=0.1653 cash/XFA=   397.3 P(any)=0.589 net=  -676.5+-7.5 Pnopay=0.410 purch=13.53 net/purch=-50.0 [1.0s]
50K standard    zero_k1    f=0.15 P(pass)=0.1618 cash/XFA=   384.3 P(any)=0.579 net=  -695.5+-7.5 Pnopay=0.423 purch=13.64 net/purch=-51.0 [1.0s]
50K consistency zero_k1    f=0.15 P(pass)=0.1653 cash/XFA=   438.5 P(any)=0.336 net=  -639.9+-8.8 Pnopay=0.667 purch=13.53 net/purch=-47.3 [1.8s]
50K consistency zero_k1    f=0.15 P(pass)=0.1618 cash/XFA=   414.5 P(any)=0.326 net=  -671.9+-8.6 Pnopay=0.673 purch=13.64 net/purch=-49.2 [1.8s]
50K standard    zero_k1    f=0.20 P(pass)=0.1731 cash/XFA=   428.5 P(any)=0.561 net=  -431.5+-7.2 Pnopay=0.441 purch=10.26 net/purch=-42.1 [1.1s]
50K standard    zero_k1    f=0.20 P(pass)=0.1699 cash/XFA=   409.6 P(any)=0.555 net=  -451.4+-6.9 Pnopay=0.447 purch=10.31 net/purch=-43.8 [1.0s]
50K consistency zero_k1    f=0.20 P(pass)=0.1731 cash/XFA=   445.6 P(any)=0.300 net=  -410.7+-8.4 Pnopay=0.697 purch=10.26 net/purch=-40.0 [1.8s]
50K consistency zero_k1    f=0.20 P(pass)=0.1699 cash/XFA=   416.3 P(any)=0.290 net=  -452.0+-7.9 Pnopay=0.709 purch=10.31 net/purch=-43.9 [1.8s]
50K standard    zero_k1    f=0.25 P(pass)=0.1785 cash/XFA=   467.6 P(any)=0.523 net=  -236.1+-7.6 Pnopay=0.478 purch=7.97 net/purch=-29.6 [1.2s]
50K standard    zero_k1    f=0.25 P(pass)=0.1783 cash/XFA=   441.5 P(any)=0.518 net=  -254.0+-7.0 Pnopay=0.482 purch=7.94 net/purch=-32.0 [1.2s]
50K consistency zero_k1    f=0.25 P(pass)=0.1785 cash/XFA=   441.3 P(any)=0.266 net=  -263.5+-8.0 Pnopay=0.733 purch=7.97 net/purch=-33.1 [2.4s]
50K consistency zero_k1    f=0.25 P(pass)=0.1783 cash/XFA=   407.6 P(any)=0.255 net=  -291.0+-7.6 Pnopay=0.744 purch=7.94 net/purch=-36.6 [2.4s]
50K standard    sharpe_0.5 f=0.05 P(pass)=0.3609 cash/XFA=   707.6 P(any)=0.729 net=  -164.8+-9.4 Pnopay=0.276 purch=10.34 net/purch=-15.9 [1.8s]
50K standard    sharpe_0.5 f=0.05 P(pass)=0.3526 cash/XFA=   695.8 P(any)=0.725 net=  -166.2+-9.5 Pnopay=0.273 purch=10.51 net/purch=-15.8 [1.8s]
50K consistency sharpe_0.5 f=0.05 P(pass)=0.3609 cash/XFA=  1040.1 P(any)=0.568 net=   134.7+-14.3 Pnopay=0.437 purch=10.34 net/purch=13.0 [3.2s]
50K consistency sharpe_0.5 f=0.05 P(pass)=0.3526 cash/XFA=  1018.5 P(any)=0.559 net=   132.3+-14.5 Pnopay=0.439 purch=10.51 net/purch=12.6 [3.2s]
50K standard    sharpe_0.5 f=0.10 P(pass)=0.3566 cash/XFA=   686.4 P(any)=0.740 net=  -102.4+-9.0 Pnopay=0.265 purch=9.13 net/purch=-11.2 [1.7s]
50K standard    sharpe_0.5 f=0.10 P(pass)=0.3512 cash/XFA=   676.3 P(any)=0.734 net=   -99.3+-9.1 Pnopay=0.265 purch=9.20 net/purch=-10.8 [1.7s]
50K consistency sharpe_0.5 f=0.10 P(pass)=0.3566 cash/XFA=  1075.8 P(any)=0.557 net=   247.8+-14.9 Pnopay=0.448 purch=9.13 net/purch=27.1 [3.1s]
50K consistency sharpe_0.5 f=0.10 P(pass)=0.3512 cash/XFA=  1033.2 P(any)=0.550 net=   229.1+-14.7 Pnopay=0.451 purch=9.20 net/purch=24.9 [3.1s]
50K standard    sharpe_0.5 f=0.15 P(pass)=0.3426 cash/XFA=   684.1 P(any)=0.721 net=     5.9+-9.1 Pnopay=0.279 purch=7.62 net/purch=0.8 [1.7s]
50K standard    sharpe_0.5 f=0.15 P(pass)=0.3464 cash/XFA=   719.9 P(any)=0.728 net=    32.1+-9.5 Pnopay=0.277 purch=7.62 net/purch=4.2 [1.9s]
50K consistency sharpe_0.5 f=0.15 P(pass)=0.3426 cash/XFA=  1052.4 P(any)=0.518 net=   355.9+-15.4 Pnopay=0.485 purch=7.62 net/purch=46.7 [3.0s]
50K consistency sharpe_0.5 f=0.15 P(pass)=0.3464 cash/XFA=  1107.7 P(any)=0.524 net=   380.5+-15.9 Pnopay=0.479 purch=7.62 net/purch=49.9 [3.2s]
50K standard    sharpe_0.5 f=0.20 P(pass)=0.3286 cash/XFA=   734.0 P(any)=0.688 net=   145.2+-10.8 Pnopay=0.313 purch=6.31 net/purch=23.0 [1.5s]
50K standard    sharpe_0.5 f=0.20 P(pass)=0.3331 cash/XFA=   766.0 P(any)=0.696 net=   166.6+-10.3 Pnopay=0.306 purch=6.27 net/purch=26.6 [1.5s]
50K consistency sharpe_0.5 f=0.20 P(pass)=0.3286 cash/XFA=  1011.6 P(any)=0.463 net=   409.3+-15.2 Pnopay=0.538 purch=6.31 net/purch=64.9 [2.8s]
50K consistency sharpe_0.5 f=0.20 P(pass)=0.3331 cash/XFA=  1072.9 P(any)=0.468 net=   450.9+-16.0 Pnopay=0.535 purch=6.27 net/purch=72.0 [2.7s]
50K standard    sharpe_0.5 f=0.25 P(pass)=0.3127 cash/XFA=   781.1 P(any)=0.640 net=   254.5+-12.6 Pnopay=0.360 purch=5.22 net/purch=48.7 [1.5s]
50K standard    sharpe_0.5 f=0.25 P(pass)=0.3156 cash/XFA=   832.9 P(any)=0.650 net=   297.8+-13.3 Pnopay=0.356 purch=5.24 net/purch=56.9 [1.5s]
50K consistency sharpe_0.5 f=0.25 P(pass)=0.3127 cash/XFA=   916.2 P(any)=0.402 net=   385.6+-14.1 Pnopay=0.598 purch=5.22 net/purch=73.9 [2.7s]
50K consistency sharpe_0.5 f=0.25 P(pass)=0.3156 cash/XFA=   980.8 P(any)=0.408 net=   451.3+-15.4 Pnopay=0.594 purch=5.24 net/purch=86.2 [2.7s]
100K standard    zero_k1    f=0.05 P(pass)=0.0799 cash/XFA=   409.2 P(any)=0.686 net= -9480.2+-61.3 Pnopay=0.316 purch=84.73 net/purch=-111.9 [2.2s]
100K standard    zero_k1    f=0.05 P(pass)=0.0804 cash/XFA=   411.8 P(any)=0.691 net= -9620.1+-62.2 Pnopay=0.319 purch=85.91 net/purch=-112.0 [2.2s]
100K consistency zero_k1    f=0.05 P(pass)=0.0799 cash/XFA=   518.8 P(any)=0.418 net= -9400.7+-61.5 Pnopay=0.581 purch=84.73 net/purch=-110.9 [3.6s]
100K consistency zero_k1    f=0.05 P(pass)=0.0804 cash/XFA=   542.1 P(any)=0.425 net= -9524.3+-62.4 Pnopay=0.582 purch=85.91 net/purch=-110.9 [3.6s]
100K standard    zero_k1    f=0.10 P(pass)=0.0851 cash/XFA=   425.6 P(any)=0.678 net= -6501.3+-43.6 Pnopay=0.323 purch=58.70 net/purch=-110.8 [2.1s]
100K standard    zero_k1    f=0.10 P(pass)=0.0896 cash/XFA=   435.2 P(any)=0.685 net= -6184.5+-41.8 Pnopay=0.320 purch=56.05 net/purch=-110.3 [2.1s]
100K consistency zero_k1    f=0.10 P(pass)=0.0851 cash/XFA=   547.8 P(any)=0.394 net= -6405.5+-44.0 Pnopay=0.605 purch=58.70 net/purch=-109.1 [3.4s]
100K consistency zero_k1    f=0.10 P(pass)=0.0896 cash/XFA=   573.7 P(any)=0.401 net= -6080.5+-42.2 Pnopay=0.605 purch=56.05 net/purch=-108.5 [3.4s]
100K standard    zero_k1    f=0.15 P(pass)=0.1030 cash/XFA=   485.2 P(any)=0.646 net= -3568.6+-25.7 Pnopay=0.356 purch=33.53 net/purch=-106.4 [1.9s]
100K standard    zero_k1    f=0.15 P(pass)=0.1040 cash/XFA=   507.8 P(any)=0.652 net= -3593.1+-26.6 Pnopay=0.352 purch=33.91 net/purch=-106.0 [2.0s]
100K consistency zero_k1    f=0.15 P(pass)=0.1030 cash/XFA=   593.3 P(any)=0.342 net= -3473.4+-26.6 Pnopay=0.656 purch=33.53 net/purch=-103.6 [3.1s]
100K consistency zero_k1    f=0.15 P(pass)=0.1040 cash/XFA=   627.6 P(any)=0.349 net= -3485.4+-27.5 Pnopay=0.652 purch=33.91 net/purch=-102.8 [3.2s]
100K standard    zero_k1    f=0.20 P(pass)=0.1181 cash/XFA=   569.1 P(any)=0.605 net= -1982.4+-17.2 Pnopay=0.393 purch=20.45 net/purch=-96.9 [1.7s]
100K standard    zero_k1    f=0.20 P(pass)=0.1197 cash/XFA=   602.7 P(any)=0.614 net= -1961.6+-17.3 Pnopay=0.390 purch=20.46 net/purch=-95.9 [1.7s]
100K consistency zero_k1    f=0.20 P(pass)=0.1181 cash/XFA=   615.7 P(any)=0.298 net= -1946.6+-18.3 Pnopay=0.701 purch=20.45 net/purch=-95.2 [2.9s]
100K consistency zero_k1    f=0.20 P(pass)=0.1197 cash/XFA=   660.2 P(any)=0.305 net= -1904.4+-18.8 Pnopay=0.694 purch=20.46 net/purch=-93.1 [2.9s]
100K standard    zero_k1    f=0.25 P(pass)=0.1265 cash/XFA=   628.7 P(any)=0.562 net= -1161.4+-13.4 Pnopay=0.438 purch=13.83 net/purch=-84.0 [1.6s]
100K standard    zero_k1    f=0.25 P(pass)=0.1310 cash/XFA=   672.3 P(any)=0.570 net= -1086.7+-13.5 Pnopay=0.433 purch=13.48 net/purch=-80.6 [1.7s]
100K consistency zero_k1    f=0.25 P(pass)=0.1265 cash/XFA=   604.6 P(any)=0.258 net= -1194.9+-14.3 Pnopay=0.742 purch=13.83 net/purch=-86.4 [2.7s]
100K consistency zero_k1    f=0.25 P(pass)=0.1310 cash/XFA=   646.6 P(any)=0.267 net= -1114.3+-14.7 Pnopay=0.734 purch=13.48 net/purch=-82.7 [2.8s]
100K standard    sharpe_0.5 f=0.05 P(pass)=0.3463 cash/XFA=   745.1 P(any)=0.843 net= -2461.7+-18.6 Pnopay=0.156 purch=26.45 net/purch=-93.1 [2.1s]
100K standard    sharpe_0.5 f=0.05 P(pass)=0.3552 cash/XFA=   747.9 P(any)=0.845 net= -2435.0+-18.0 Pnopay=0.160 purch=26.05 net/purch=-93.5 [2.1s]
100K consistency sharpe_0.5 f=0.05 P(pass)=0.3463 cash/XFA=  1373.6 P(any)=0.681 net= -1888.1+-22.5 Pnopay=0.319 purch=26.45 net/purch=-71.4 [3.6s]
100K consistency sharpe_0.5 f=0.05 P(pass)=0.3552 cash/XFA=  1383.7 P(any)=0.685 net= -1853.5+-22.2 Pnopay=0.319 purch=26.05 net/purch=-71.2 [3.6s]
100K standard    sharpe_0.5 f=0.10 P(pass)=0.3211 cash/XFA=   749.5 P(any)=0.832 net= -1763.6+-15.9 Pnopay=0.164 purch=20.34 net/purch=-86.7 [2.1s]
100K standard    sharpe_0.5 f=0.10 P(pass)=0.3345 cash/XFA=   782.4 P(any)=0.834 net= -1672.3+-15.5 Pnopay=0.169 purch=19.72 net/purch=-84.8 [2.1s]
100K consistency sharpe_0.5 f=0.10 P(pass)=0.3211 cash/XFA=  1480.4 P(any)=0.643 net= -1091.4+-21.7 Pnopay=0.358 purch=20.34 net/purch=-53.6 [3.5s]
100K consistency sharpe_0.5 f=0.10 P(pass)=0.3345 cash/XFA=  1512.4 P(any)=0.651 net= -1000.7+-21.7 Pnopay=0.352 purch=19.72 net/purch=-50.8 [3.5s]
100K standard    sharpe_0.5 f=0.15 P(pass)=0.2959 cash/XFA=   860.1 P(any)=0.792 net= -1023.3+-14.3 Pnopay=0.207 purch=14.81 net/purch=-69.1 [2.0s]
100K standard    sharpe_0.5 f=0.15 P(pass)=0.3053 cash/XFA=   895.8 P(any)=0.797 net=  -955.5+-14.3 Pnopay=0.207 purch=14.44 net/purch=-66.2 [2.1s]
100K consistency sharpe_0.5 f=0.15 P(pass)=0.2959 cash/XFA=  1618.9 P(any)=0.565 net=  -313.2+-23.1 Pnopay=0.438 purch=14.81 net/purch=-21.1 [3.3s]
100K consistency sharpe_0.5 f=0.15 P(pass)=0.3053 cash/XFA=  1691.3 P(any)=0.572 net=  -223.5+-23.6 Pnopay=0.433 purch=14.44 net/purch=-15.5 [3.4s]
100K standard    sharpe_0.5 f=0.20 P(pass)=0.2737 cash/XFA=   987.6 P(any)=0.740 net=  -436.9+-15.2 Pnopay=0.258 purch=10.82 net/purch=-40.4 [1.9s]
100K standard    sharpe_0.5 f=0.20 P(pass)=0.2791 cash/XFA=  1019.5 P(any)=0.749 net=  -421.8+-13.7 Pnopay=0.255 purch=10.68 net/purch=-39.5 [1.7s]
100K consistency sharpe_0.5 f=0.20 P(pass)=0.2737 cash/XFA=  1546.4 P(any)=0.481 net=    99.2+-22.5 Pnopay=0.521 purch=10.82 net/purch=9.2 [3.2s]
100K consistency sharpe_0.5 f=0.20 P(pass)=0.2791 cash/XFA=  1618.3 P(any)=0.487 net=   158.9+-23.6 Pnopay=0.518 purch=10.68 net/purch=14.9 [3.0s]
100K standard    sharpe_0.5 f=0.25 P(pass)=0.2575 cash/XFA=  1154.6 P(any)=0.698 net=     8.0+-18.1 Pnopay=0.306 purch=8.17 net/purch=1.0 [1.6s]
100K standard    sharpe_0.5 f=0.25 P(pass)=0.2549 cash/XFA=  1075.3 P(any)=0.684 net=   -69.2+-16.1 Pnopay=0.315 purch=8.26 net/purch=-8.4 [1.8s]
100K consistency sharpe_0.5 f=0.25 P(pass)=0.2575 cash/XFA=  1459.0 P(any)=0.416 net=   308.4+-22.3 Pnopay=0.587 purch=8.17 net/purch=37.7 [2.8s]
100K consistency sharpe_0.5 f=0.25 P(pass)=0.2549 cash/XFA=  1369.7 P(any)=0.411 net=   218.7+-20.6 Pnopay=0.590 purch=8.26 net/purch=26.5 [3.0s]
150K standard    zero_k1    f=0.05 P(pass)=0.0464 cash/XFA=   441.5 P(any)=0.758 net=-51618.4+-304.8 Pnopay=0.289 purch=242.19 net/purch=-213.1 [2.5s]
150K standard    zero_k1    f=0.05 P(pass)=0.0467 cash/XFA=   434.7 P(any)=0.752 net=-51013.2+-301.5 Pnopay=0.289 purch=239.35 net/purch=-213.1 [2.5s]
150K consistency zero_k1    f=0.05 P(pass)=0.0464 cash/XFA=   672.1 P(any)=0.473 net=-51461.5+-305.0 Pnopay=0.561 purch=242.19 net/purch=-212.5 [4.1s]
150K consistency zero_k1    f=0.05 P(pass)=0.0467 cash/XFA=   660.4 P(any)=0.471 net=-50861.5+-301.7 Pnopay=0.553 purch=239.35 net/purch=-212.5 [4.1s]
150K standard    zero_k1    f=0.10 P(pass)=0.0775 cash/XFA=   550.2 P(any)=0.728 net=-19920.6+-133.4 Pnopay=0.280 purch=94.53 net/purch=-210.7 [2.2s]
150K standard    zero_k1    f=0.10 P(pass)=0.0750 cash/XFA=   530.5 P(any)=0.720 net=-20479.7+-136.7 Pnopay=0.287 purch=97.08 net/purch=-211.0 [2.2s]
150K consistency zero_k1    f=0.10 P(pass)=0.0775 cash/XFA=   792.9 P(any)=0.411 net=-19720.2+-133.8 Pnopay=0.596 purch=94.53 net/purch=-208.6 [3.6s]
150K consistency zero_k1    f=0.10 P(pass)=0.0750 cash/XFA=   766.9 P(any)=0.405 net=-20289.9+-137.0 Pnopay=0.595 purch=97.08 net/purch=-209.0 [3.6s]
150K standard    zero_k1    f=0.15 P(pass)=0.1053 cash/XFA=   717.3 P(any)=0.686 net= -8833.9+-63.6 Pnopay=0.319 purch=43.51 net/purch=-203.1 [2.1s]
150K standard    zero_k1    f=0.15 P(pass)=0.1009 cash/XFA=   688.3 P(any)=0.677 net= -9079.3+-64.5 Pnopay=0.322 purch=44.57 net/purch=-203.7 [2.2s]
150K consistency zero_k1    f=0.15 P(pass)=0.1053 cash/XFA=   934.6 P(any)=0.355 net= -8637.7+-64.5 Pnopay=0.647 purch=43.51 net/purch=-198.5 [3.4s]
150K consistency zero_k1    f=0.15 P(pass)=0.1009 cash/XFA=   890.5 P(any)=0.349 net= -8911.6+-65.3 Pnopay=0.649 purch=44.57 net/purch=-200.0 [3.5s]
150K standard    zero_k1    f=0.20 P(pass)=0.1190 cash/XFA=   855.0 P(any)=0.640 net= -4825.4+-38.4 Pnopay=0.363 purch=25.42 net/purch=-189.8 [1.8s]
150K standard    zero_k1    f=0.20 P(pass)=0.1154 cash/XFA=   823.1 P(any)=0.636 net= -4925.9+-39.1 Pnopay=0.363 purch=25.80 net/purch=-190.9 [1.8s]
150K consistency zero_k1    f=0.20 P(pass)=0.1190 cash/XFA=   988.3 P(any)=0.305 net= -4696.5+-40.2 Pnopay=0.695 purch=25.42 net/purch=-184.8 [3.0s]
150K consistency zero_k1    f=0.20 P(pass)=0.1154 cash/XFA=   931.8 P(any)=0.299 net= -4837.1+-40.4 Pnopay=0.700 purch=25.80 net/purch=-187.5 [3.0s]
150K standard    zero_k1    f=0.25 P(pass)=0.1300 cash/XFA=   974.0 P(any)=0.595 net= -2700.7+-26.3 Pnopay=0.410 purch=16.06 net/purch=-168.2 [1.7s]
150K standard    zero_k1    f=0.25 P(pass)=0.1267 cash/XFA=   922.2 P(any)=0.592 net= -2814.5+-26.6 Pnopay=0.408 purch=16.42 net/purch=-171.4 [1.6s]
150K consistency zero_k1    f=0.25 P(pass)=0.1300 cash/XFA=   976.9 P(any)=0.266 net= -2695.0+-28.4 Pnopay=0.736 purch=16.06 net/purch=-167.8 [2.9s]
150K consistency zero_k1    f=0.25 P(pass)=0.1267 cash/XFA=   911.0 P(any)=0.259 net= -2836.2+-28.0 Pnopay=0.741 purch=16.42 net/purch=-172.8 [2.8s]
150K standard    sharpe_0.5 f=0.05 P(pass)=0.3780 cash/XFA=   783.3 P(any)=0.913 net= -8875.4+-55.0 Pnopay=0.090 purch=44.19 net/purch=-200.8 [2.2s]
150K standard    sharpe_0.5 f=0.05 P(pass)=0.3708 cash/XFA=   774.1 P(any)=0.915 net= -9022.6+-56.6 Pnopay=0.085 purch=44.88 net/purch=-201.0 [2.2s]
150K consistency sharpe_0.5 f=0.05 P(pass)=0.3780 cash/XFA=  1809.8 P(any)=0.789 net= -7950.7+-56.8 Pnopay=0.215 purch=44.19 net/purch=-179.9 [3.8s]
150K consistency sharpe_0.5 f=0.05 P(pass)=0.3708 cash/XFA=  1798.9 P(any)=0.786 net= -8096.4+-58.2 Pnopay=0.214 purch=44.88 net/purch=-180.4 [3.8s]
150K standard    sharpe_0.5 f=0.10 P(pass)=0.3625 cash/XFA=   959.3 P(any)=0.879 net= -5062.4+-36.2 Pnopay=0.123 purch=27.19 net/purch=-186.2 [2.2s]
150K standard    sharpe_0.5 f=0.10 P(pass)=0.3532 cash/XFA=   924.8 P(any)=0.876 net= -5273.2+-37.6 Pnopay=0.124 purch=28.06 net/purch=-187.9 [2.2s]
150K consistency sharpe_0.5 f=0.10 P(pass)=0.3625 cash/XFA=  2232.0 P(any)=0.700 net= -3895.4+-41.2 Pnopay=0.305 purch=27.19 net/purch=-143.3 [3.7s]
150K consistency sharpe_0.5 f=0.10 P(pass)=0.3532 cash/XFA=  2196.4 P(any)=0.696 net= -4094.3+-42.4 Pnopay=0.303 purch=28.06 net/purch=-145.9 [3.7s]
150K standard    sharpe_0.5 f=0.15 P(pass)=0.3202 cash/XFA=  1205.4 P(any)=0.831 net= -2882.8+-27.2 Pnopay=0.172 purch=18.11 net/purch=-159.2 [2.2s]
150K standard    sharpe_0.5 f=0.15 P(pass)=0.3105 cash/XFA=  1150.0 P(any)=0.824 net= -3039.0+-28.0 Pnopay=0.175 purch=18.70 net/purch=-162.5 [2.2s]
150K consistency sharpe_0.5 f=0.15 P(pass)=0.3202 cash/XFA=  2602.4 P(any)=0.590 net= -1550.6+-40.1 Pnopay=0.415 purch=18.11 net/purch=-85.6 [3.6s]
150K consistency sharpe_0.5 f=0.15 P(pass)=0.3105 cash/XFA=  2512.8 P(any)=0.582 net= -1760.7+-39.9 Pnopay=0.418 purch=18.70 net/purch=-94.2 [3.6s]
150K standard    sharpe_0.5 f=0.20 P(pass)=0.2849 cash/XFA=  1412.1 P(any)=0.774 net= -1553.3+-22.9 Pnopay=0.230 purch=12.79 net/purch=-121.4 [1.9s]
150K standard    sharpe_0.5 f=0.20 P(pass)=0.2797 cash/XFA=  1361.3 P(any)=0.768 net= -1645.9+-24.1 Pnopay=0.232 purch=13.08 net/purch=-125.8 [2.2s]
150K consistency sharpe_0.5 f=0.20 P(pass)=0.2849 cash/XFA=  2527.4 P(any)=0.496 net=  -472.7+-38.4 Pnopay=0.509 purch=12.79 net/purch=-37.0 [3.4s]
150K consistency sharpe_0.5 f=0.20 P(pass)=0.2797 cash/XFA=  2392.9 P(any)=0.491 net=  -669.5+-36.2 Pnopay=0.510 purch=13.08 net/purch=-51.2 [3.6s]
150K standard    sharpe_0.5 f=0.25 P(pass)=0.2596 cash/XFA=  1616.4 P(any)=0.722 net=  -659.1+-25.5 Pnopay=0.283 purch=9.55 net/purch=-69.0 [1.7s]
150K standard    sharpe_0.5 f=0.25 P(pass)=0.2584 cash/XFA=  1542.1 P(any)=0.711 net=  -707.1+-25.2 Pnopay=0.290 purch=9.52 net/purch=-74.3 [1.8s]
150K consistency sharpe_0.5 f=0.25 P(pass)=0.2596 cash/XFA=  2216.5 P(any)=0.422 net=   -59.7+-34.7 Pnopay=0.583 purch=9.55 net/purch=-6.3 [2.9s]
done 92.8s -> recompute.json
150K consistency sharpe_0.5 f=0.25 P(pass)=0.2584 cash/XFA=  2086.2 P(any)=0.415 net=  -183.3+-32.3 Pnopay=0.586 purch=9.52 net/purch=-19.3 [3.0s]
done 93.2s -> recompute.json
