== A1_combine_pass: OK
   ok  passed: expected True got True
   ok  length: expected 2 got 2
   ok  reason_pass: expected 1 got 1
   ok  day1_pnl: expected 1596.0 got 1596.0
   ok  day1_floor_close: expected -404.0 got -404.0
   ok  day2_balance_close: expected 3092.0 got 3092.0
   ok  day2_contracts: expected 2.0 got 2.0
   trace {"day": 0, "balance_open": 0.0, "floor_open": -2000.0, "cap_minis": 5, "contracts": 2.0, "full_size": false, "pnl": 1596.0, "breach": false, "dll_stop": false, "balance_close": 1596.0, "floor_close": -404.0}
   trace {"day": 1, "balance_open": 1596.0, "floor_open": -404.0, "cap_minis": 5, "contracts": 2.0, "full_size": false, "pnl": 1496.0, "breach": false, "dll_stop": false, "balance_close": 3092.0, "floor_close": 0.0}
== A2_xfa_payout_then_breach: OK
   ok  n_payouts: expected 1 got 1
   ok  payout_day_index0: expected (5,) got (5,)
   ok  payout_gross: expected (490.0,) got (490.0,)
   ok  total_gross: expected 490.0 got 490.0
   ok  first_payout_day: expected 5 got 5
   ok  end_day: expected 7 got 7
   ok  end_reason_breach: expected 0 got 0
   ok  end_balance: expected 0.0 got 0.0
   ok  day5_floor_close: expected -1020.0 got -1020.0
   ok  day6_balance_open_after_payout: expected 490.0 got 490.0
   ok  day6_floor_open: expected 0.0 got 0.0
   ok  day6_contracts_min_one: expected 1.0 got 1.0
   ok  day6_pnl: expected -32.0 got -32.0
   ok  day7_pnl_breach: expected -458.0 got -458.0
   ok  day7_cap_minis_tier_below_1500: expected 2 got 2
   trace {"day": 0, "balance_open": 0.0, "floor_open": -2000.0, "cap_minis": 2, "contracts": 2.0, "full_size": false, "pnl": 196.0, "breach": false, "dll_stop": false, "balance_close": 196.0, "floor_close": -1804.0}
   trace {"day": 1, "balance_open": 196.0, "floor_open": -1804.0, "cap_minis": 2, "contracts": 2.0, "full_size": false, "pnl": 196.0, "breach": false, "dll_stop": false, "balance_close": 392.0, "floor_close": -1608.0}
   trace {"day": 2, "balance_open": 392.0, "floor_open": -1608.0, "cap_minis": 2, "contracts": 2.0, "full_size": false, "pnl": 196.0, "breach": false, "dll_stop": false, "balance_close": 588.0, "floor_close": -1412.0}
   trace {"day": 3, "balance_open": 588.0, "floor_open": -1412.0, "cap_minis": 2, "contracts": 2.0, "full_size": false, "pnl": 196.0, "breach": false, "dll_stop": false, "balance_close": 784.0, "floor_close": -1216.0}
   trace {"day": 4, "balance_open": 784.0, "floor_open": -1216.0, "cap_minis": 2, "contracts": 2.0, "full_size": false, "pnl": 196.0, "breach": false, "dll_stop": false, "balance_close": 980.0, "floor_close": -1020.0}
   trace {"day": 5, "balance_open": 490.0, "floor_open": 0.0, "cap_minis": 2, "contracts": 1.0, "full_size": false, "pnl": -32.0, "breach": false, "dll_stop": false, "balance_close": 458.0, "floor_close": 0.0}
   trace {"day": 6, "balance_open": 458.0, "floor_open": 0.0, "cap_minis": 2, "contracts": 1.0, "full_size": false, "pnl": -458.0, "breach": true, "dll_stop": false, "balance_close": 0.0, "floor_close": 0.0}
== B0_fee_terms: OK
   ok  P: expected 49.0 got 49.0
   ok  R: expected 49.0 got 49.0
   ok  activation: expected 149.0 got 149.0
   ok  period_days: expected 21 got 21
   ok  split: expected 0.9 got 0.9
   ok  attempt_cap: expected 60 got 60
== B1_fail_rebill_credit_reset_pass: OK
   ok  fees: expected ((0, 49.0, 0), (21, 49.0, 1), (35, 149.0, 3)) got ((0, 49.0, 0), (21, 49.0, 1), (35, 149.0, 3))
   ok  credit_resets: expected 1 got 1
   ok  purchases: expected 2 got 2
   ok  fees_total: expected 247.0 got 247.0
   ok  cash: expected ((40, 441.0),) got ((40, 441.0),)
   ok  net: expected 194.0 got 194.0
   ok  end: expected 42 got 42
   ok  n_attempts: expected 2 got 2
== B2_fail_paid_reset_rebill_pass: OK
   ok  fees: expected ((0, 49.0, 0), (10, 49.0, 2), (31, 49.0, 1), (35, 149.0, 3)) got ((0, 49.0, 0), (10, 49.0, 2), (31, 49.0, 1), (35, 149.0, 3))
   ok  credit_resets: expected 0 got 0
   ok  purchases: expected 3 got 3
   ok  fees_total: expected 296.0 got 296.0
   ok  net: expected 145.0 got 145.0
   ok  end: expected 42 got 42
== B3_rebill_on_reset_day: OK
   ok  fees: expected ((0, 49.0, 0), (21, 49.0, 1), (31, 149.0, 3)) got ((0, 49.0, 0), (21, 49.0, 1), (31, 149.0, 3))
   ok  credit_resets: expected 1 got 1
   ok  purchases: expected 2 got 2
   ok  cash_time: expected 36 got 36
   ok  end: expected 38 got 38
== B4_attempt_cap: OK
   ok  passed: expected False got False
   ok  n_attempts: expected 60 got 60
   ok  purchases: expected 60 got 60
   ok  fees_total: expected 2940.0 got 2940.0
   ok  cash: expected () got ()
   ok  end: expected 300 got 300
== C_floor_lock_then_zero_after_payout: OK
   ok  day1_floor_close_locked_0: expected 0.0 got 0.0
   ok  day2_pnl: expected -1009.192 got -1009.192
   ok  day2_floor_close: expected 0.0 got 0.0
   ok  day6_balance_close: expected 5794.749697848467 got 5794.749697848467
   ok  day2_cap_minis_tier_top: expected 5 got 5
   ok  payout: expected ((6,), 2000.0) got ((6,), (2000.0,))
   ok  day7_balance_open: expected 3794.749697848467 got 3794.749697848467
   ok  day7_floor_open_0: expected 0.0 got 0.0
   ok  day7_pnl_breach: expected -3794.749697848467 got -3794.749697848467
   ok  end_balance_0: expected 0.0 got 0.0
   ok  end_day: expected 7 got 7
   ok  end_reason_breach: expected 0 got 0
   trace {"day": 0, "balance_open": 0.0, "floor_open": -2000.0, "cap_minis": 2, "contracts": 2.0, "full_size": false, "pnl": 4996.0, "breach": false, "dll_stop": false, "balance_close": 4996.0, "floor_close": 0.0}
   trace {"day": 1, "balance_open": 4996.0, "floor_open": 0.0, "cap_minis": 5, "contracts": 4.996, "full_size": false, "pnl": -1009.192, "breach": false, "dll_stop": false, "balance_close": 3986.808, "floor_close": 0.0}
   trace {"day": 2, "balance_open": 3986.808, "floor_open": 0.0, "cap_minis": 5, "contracts": 3.9868080000000004, "full_size": false, "pnl": 390.70718400000004, "breach": false, "dll_stop": false, "balance_close": 4377.515184, "floor_close": 0.0}
   trace {"day": 3, "balance_open": 4377.515184, "floor_open": 0.0, "cap_minis": 5, "contracts": 4.377515184, "full_size": false, "pnl": 428.996488032, "breach": false, "dll_stop": false, "balance_close": 4806.511672032, "floor_close": 0.0}
   trace {"day": 4, "balance_open": 4806.511672032, "floor_open": 0.0, "cap_minis": 5, "contracts": 4.806511672032, "full_size": false, "pnl": 471.038143859136, "breach": false, "dll_stop": false, "balance_close": 5277.549815891136, "floor_close": 0.0}
   trace {"day": 5, "balance_open": 5277.549815891136, "floor_open": 0.0, "cap_minis": 5, "contracts": 5.2775498158911365, "full_size": false, "pnl": 517.1998819573314, "breach": false, "dll_stop": false, "balance_close": 5794.749697848467, "floor_close": 0.0}
   trace {"day": 6, "balance_open": 3794.749697848467, "floor_open": 0.0, "cap_minis": 5, "contracts": 3.7947496978484674, "full_size": false, "pnl": -3794.749697848467, "breach": true, "dll_stop": false, "balance_close": 0.0, "floor_close": 0.0}
== D_consistency_refusal: OK
   ok  n_payouts_0: expected 0 got 0
   ok  first_payout_day_-1: expected -1 got -1
   ok  day3_pnl: expected 214.81600000000003 got 214.81600000000003
   ok  day4_balance_open_no_payout: expected 2406.816 got 2406.816
   ok  day5_pnl: expected 3165.935393664 got 3165.935393664
   ok  day6_pnl_breach: expected -5808.619361663999 got -5808.619361663999
   ok  end_day: expected 6 got 6
   ok  end_reason_breach: expected 0 got 0
   ok  end_balance_0: expected 0.0 got 0.0
   trace {"day": 0, "balance_open": 0.0, "floor_open": -2000.0, "cap_minis": 2, "contracts": 2.0, "full_size": false, "pnl": 196.0, "breach": false, "dll_stop": false, "balance_close": 196.0, "floor_close": -1804.0}
   trace {"day": 1, "balance_open": 196.0, "floor_open": -1804.0, "cap_minis": 2, "contracts": 2.0, "full_size": false, "pnl": 1996.0, "breach": false, "dll_stop": false, "balance_close": 2192.0, "floor_close": 0.0}
   trace {"day": 2, "balance_open": 2192.0, "floor_open": 0.0, "cap_minis": 5, "contracts": 2.192, "full_size": false, "pnl": 214.81600000000003, "breach": false, "dll_stop": false, "balance_close": 2406.816, "floor_close": 0.0}
   trace {"day": 3, "balance_open": 2406.816, "floor_open": 0.0, "cap_minis": 5, "contracts": 2.406816, "full_size": false, "pnl": 235.867968, "breach": false, "dll_stop": false, "balance_close": 2642.683968, "floor_close": 0.0}
   trace {"day": 4, "balance_open": 2642.683968, "floor_open": 0.0, "cap_minis": 5, "contracts": 2.642683968, "full_size": false, "pnl": 3165.935393664, "breach": false, "dll_stop": false, "balance_close": 5808.619361663999, "floor_close": 0.0}
   trace {"day": 5, "balance_open": 5808.619361663999, "floor_open": 0.0, "cap_minis": 5, "contracts": 5.808619361663999, "full_size": false, "pnl": -5808.619361663999, "breach": true, "dll_stop": false, "balance_close": 0.0, "floor_close": 0.0}
== E_consistency_acceptance: OK
   ok  payout: expected ((3,), 294.0) got ((3,), (294.0,))
   ok  day4_balance_open: expected 294.0 got 294.0
   ok  day4_floor_open_0: expected 0.0 got 0.0
   ok  day4_pnl_breach: expected -294.0 got -294.0
   ok  end_balance_0: expected 0.0 got 0.0
   ok  end_day: expected 4 got 4
   trace {"day": 0, "balance_open": 0.0, "floor_open": -2000.0, "cap_minis": 2, "contracts": 2.0, "full_size": false, "pnl": 196.0, "breach": false, "dll_stop": false, "balance_close": 196.0, "floor_close": -1804.0}
   trace {"day": 1, "balance_open": 196.0, "floor_open": -1804.0, "cap_minis": 2, "contracts": 2.0, "full_size": false, "pnl": 196.0, "breach": false, "dll_stop": false, "balance_close": 392.0, "floor_close": -1608.0}
   trace {"day": 2, "balance_open": 392.0, "floor_open": -1608.0, "cap_minis": 2, "contracts": 2.0, "full_size": false, "pnl": 196.0, "breach": false, "dll_stop": false, "balance_close": 588.0, "floor_close": -1412.0}
   trace {"day": 3, "balance_open": 294.0, "floor_open": 0.0, "cap_minis": 2, "contracts": 1.0, "full_size": false, "pnl": -294.0, "breach": true, "dll_stop": false, "balance_close": 0.0, "floor_close": 0.0}
== E2_standard_refuses_three_days: OK
   ok  n_payouts_0: expected 0 got 0
   ok  day4_pnl: expected -604.0 got -604.0
   ok  end_reason_horizon: expected 3 got 3
   ok  end_balance: expected -16.0 got -16.0
   trace {"day": 0, "balance_open": 0.0, "floor_open": -2000.0, "cap_minis": 2, "contracts": 2.0, "full_size": false, "pnl": 196.0, "breach": false, "dll_stop": false, "balance_close": 196.0, "floor_close": -1804.0}
   trace {"day": 1, "balance_open": 196.0, "floor_open": -1804.0, "cap_minis": 2, "contracts": 2.0, "full_size": false, "pnl": 196.0, "breach": false, "dll_stop": false, "balance_close": 392.0, "floor_close": -1608.0}
   trace {"day": 2, "balance_open": 392.0, "floor_open": -1608.0, "cap_minis": 2, "contracts": 2.0, "full_size": false, "pnl": 196.0, "breach": false, "dll_stop": false, "balance_close": 588.0, "floor_close": -1412.0}
   trace {"day": 3, "balance_open": 588.0, "floor_open": -1412.0, "cap_minis": 2, "contracts": 2.0, "full_size": false, "pnl": -604.0, "breach": false, "dll_stop": false, "balance_close": -16.0, "floor_close": -1412.0}
