[same] shocks ready 3s
[same] campaign zero_k1 $5000: purchases P50/P80 mine 112/163 grid 112/164; fees mine 7892/11421 grid 7918/11499; not reached 0.0001/0.0001 [5s]
[same] campaign zero_k1 $10000: purchases P50/P80 mine 201/275 grid 202/276; fees mine 14316/19309 grid 14366/19390; not reached 0.0180/0.0183 [5s]
[same] campaign S0.5 $5000: purchases P50/P80 mine 51/76 grid 51/76; fees mine 4063/5934 grid 4052/5934; not reached 0.0000/0.0000 [8s]
[same] campaign S0.5 $10000: purchases P50/P80 mine 86/121 grid 86/121; fees mine 6928/9554 grid 6900/9530; not reached 0.0000/0.0000 [8s]
[same] campaign S1 $5000: purchases P50/P80 mine 36/53 grid 36/53; fees mine 3021/4404 grid 3036/4409; not reached 0.0000/0.0000 [10s]
[same] campaign S1 $10000: purchases P50/P80 mine 57/81 grid 58/82; fees mine 4905/6832 grid 4920/6894; not reached 0.0000/0.0000 [10s]
[same] cell 2a consistency S0.5 f=0.2 dll=False b2f=False keep_d=0.0: net mine 413.9 (15.3) grid 390.7 (15.1) z +1.08; P(pass) 0.3248/0.3248; cash/XFA 1011.7/1011.7; xfas 1.000/1.000 [11s]
[same] cell 2b consistency S0.5 f=0.2 dll=False b2f=True keep_d=0.0: net mine 707.0 (19.3) grid 691.9 (19.3) z +0.56; P(pass) 0.3248/0.3248; cash/XFA 1011.7/1011.7; xfas 1.825/1.823 [11s]
[same] cell 2c consistency S0.5 f=0.25 dll=True b2f=False keep_d=0.0: net mine 478.9 (16.8) grid 476.5 (17.1) z +0.10; P(pass) 0.3121/0.3121; cash/XFA 1023.6/1023.6; xfas 1.000/1.000 [12s]
[same] cell 2d consistency S0.5 f=0.25 dll=True b2f=True keep_d=0.0: net mine 904.4 (22.5) grid 905.5 (22.9) z -0.04; P(pass) 0.3121/0.3121; cash/XFA 1023.6/1023.6; xfas 1.952/1.944 [12s]
[same] cell 3 standard S0.5 f=0.25 dll=False b2f=False keep_d=0.5: net mine 487.0 (17.2) grid 486.7 (16.3) z +0.01; P(pass) 0.3070/0.3070; cash/XFA 1009.5/1009.5; xfas 1.000/1.000 [12s]
[same] cell 4a standard zero_k1 f=0.5 dll=True b2f=False keep_d=0.0: net mine 16.3 (10.4) grid 27.4 (11.5) z -0.72; P(pass) 0.1752/0.1752; cash/XFA 560.8/560.8; xfas 1.000/1.000 [13s]
[same] cell 4b standard zero_k1 f=0.5 dll=True b2f=True keep_d=0.0: net mine 36.6 (15.2) grid 34.4 (15.7) z +0.10; P(pass) 0.1752/0.1752; cash/XFA 560.8/560.8; xfas 1.968/1.971 [13s]
[own] shocks ready 15s
[own] campaign zero_k1 $5000: purchases P50/P80 mine 113/166 grid 112/164; fees mine 7966/11584 grid 7918/11499; not reached 0.0003/0.0001 [18s]
[own] campaign zero_k1 $10000: purchases P50/P80 mine 201/276 grid 202/276; fees mine 14298/19456 grid 14366/19390; not reached 0.0193/0.0183 [18s]
[own] campaign S0.5 $5000: purchases P50/P80 mine 51/75 grid 51/76; fees mine 4002/5873 grid 4052/5934; not reached 0.0000/0.0000 [21s]
[own] campaign S0.5 $10000: purchases P50/P80 mine 85/120 grid 86/121; fees mine 6817/9478 grid 6900/9530; not reached 0.0000/0.0000 [21s]
[own] campaign S1 $5000: purchases P50/P80 mine 36/54 grid 36/53; fees mine 3040/4450 grid 3036/4409; not reached 0.0000/0.0000 [24s]
[own] campaign S1 $10000: purchases P50/P80 mine 58/82 grid 58/82; fees mine 4958/6888 grid 4920/6894; not reached 0.0000/0.0000 [24s]
[own] cell 2a consistency S0.5 f=0.2 dll=False b2f=False keep_d=0.0: net mine 397.8 (15.4) grid 390.7 (15.1) z +0.32; P(pass) 0.3174/0.3248; cash/XFA 1004.3/1011.7; xfas 1.000/1.000 [25s]
[own] cell 2b consistency S0.5 f=0.2 dll=False b2f=True keep_d=0.0: net mine 718.3 (20.2) grid 691.9 (19.3) z +0.95; P(pass) 0.3174/0.3248; cash/XFA 1004.3/1011.7; xfas 1.832/1.823 [25s]
[own] cell 2c consistency S0.5 f=0.25 dll=True b2f=False keep_d=0.0: net mine 481.4 (17.0) grid 476.5 (17.1) z +0.20; P(pass) 0.3053/0.3121; cash/XFA 1025.4/1023.6; xfas 1.000/1.000 [27s]
[own] cell 2d consistency S0.5 f=0.25 dll=True b2f=True keep_d=0.0: net mine 919.6 (22.7) grid 905.5 (22.9) z +0.44; P(pass) 0.3053/0.3121; cash/XFA 1025.4/1023.6; xfas 1.952/1.944 [27s]
[own] cell 3 standard S0.5 f=0.25 dll=False b2f=False keep_d=0.5: net mine 500.4 (17.8) grid 486.7 (16.3) z +0.57; P(pass) 0.3028/0.3070; cash/XFA 1001.7/1009.5; xfas 1.000/1.000 [28s]
[own] cell 4a standard zero_k1 f=0.5 dll=True b2f=False keep_d=0.0: net mine 2.5 (10.3) grid 27.4 (11.5) z -1.62; P(pass) 0.1668/0.1752; cash/XFA 552.1/560.8; xfas 1.000/1.000 [29s]
[own] cell 4b standard zero_k1 f=0.5 dll=True b2f=True keep_d=0.0: net mine -16.4 (14.5) grid 34.4 (15.7) z -2.38; P(pass) 0.1668/0.1752; cash/XFA 552.1/560.8; xfas 1.981/1.971 [29s]
done 29.1
