2026-10-10 17:53:51 PDT estimate: single headline campaign job (50K zero_k1 f0.10 dll0) 56 s wall incl. shocks, peak RSS 1.14 GB; 240 campaign jobs x ~52 s + 540 other jobs x ~5 s = ~4.2 h serial; 4 workers (memory: 4 x 1.15 GB vs 9.3 GB available) -> ~65-75 min wall
2026-10-10 17:53:51 PDT grid: 780 jobs, 1 complete, 779 pending in 87 tasks; workers 4; fingerprint 1509fa8a6926cde9
2026-10-10 18:01:20 PDT task 1/87 bootstrap-random-all-d8-continuous/50K/S0.5 (33 jobs): 33 jobs in 449 s, ok; jobs 33/779; elapsed 7.5 min; ETA 169.4 min
2026-10-10 18:01:45 PDT run stopped by GridCoder to add the lead's churn fields (RR-1); partial results discarded, restart follows
2026-10-10 18:02:37 PDT restart with churn fields; rules file re-serialized by the lead ~18:05 (RR-4, text only) so every job of this run carries the new fingerprint
2026-10-10 18:02:37 PDT grid: 780 jobs, 0 complete, 780 pending in 87 tasks; workers 4; fingerprint d4644acce4988b94
2026-10-10 18:09:49 PDT task 1/87 bootstrap-random-all-d8-continuous/50K/S0.5 (33 jobs): 33 jobs in 432 s, ok; jobs 33/780; elapsed 7.2 min; ETA 162.8 min
2026-10-10 18:11:44 PDT task 2/87 bootstrap-random-all-d8-continuous/100K/S0.5 (33 jobs): 33 jobs in 547 s, ok; jobs 66/780; elapsed 9.1 min; ETA 98.6 min
2026-10-10 18:17:19 PDT task 3/87 bootstrap-random-all-d8-continuous/50K/zero_k1 (33 jobs): 33 jobs in 882 s, ok; jobs 99/780; elapsed 14.7 min; ETA 101.1 min
2026-10-10 18:19:08 PDT task 4/87 bootstrap-random-all-d8-continuous/100K/zero_k1 (33 jobs): 33 jobs in 991 s, ok; jobs 132/780; elapsed 16.5 min; ETA 81.1 min
2026-10-10 18:19:27 PDT task 5/87 bootstrap-random-all-d8-continuous/150K/S0.5 (33 jobs): 33 jobs in 462 s, ok; jobs 165/780; elapsed 16.8 min; ETA 62.7 min
2026-10-10 18:22:13 PDT task 6/87 bootstrap-random-all-d8-continuous/50K/S1 (19 jobs): 19 jobs in 293 s, ok; jobs 184/780; elapsed 19.6 min; ETA 63.5 min
2026-10-10 18:24:25 PDT task 7/87 bootstrap-random-all-d8-continuous/100K/S1 (19 jobs): 19 jobs in 317 s, ok; jobs 203/780; elapsed 21.8 min; ETA 62.0 min
2026-10-10 18:24:36 PDT task 8/87 bootstrap-random-all-d8-continuous/150K/S1 (19 jobs): 19 jobs in 310 s, ok; jobs 222/780; elapsed 22.0 min; ETA 55.2 min
2026-10-10 18:32:48 PDT task 9/87 bootstrap-random-all-d8-continuous/50K/S0.15 (14 jobs): 14 jobs in 492 s, ok; jobs 236/780; elapsed 30.2 min; ETA 69.6 min
2026-10-10 18:33:27 PDT task 10/87 bootstrap-random-all-d8-continuous/50K/S0 (14 jobs): 14 jobs in 542 s, ok; jobs 250/780; elapsed 30.8 min; ETA 65.4 min
2026-10-10 18:38:56 PDT task 11/87 bootstrap-random-all-d8-continuous/50K/S0.75 (14 jobs): 14 jobs in 328 s, ok; jobs 264/780; elapsed 36.3 min; ETA 71.0 min
2026-10-10 18:40:01 PDT task 12/87 bootstrap-random-all-d8-continuous/50K/zero_k3 (14 jobs): 14 jobs in 1069 s, ok; jobs 278/780; elapsed 37.4 min; ETA 67.5 min
2026-10-10 18:40:08 PDT task 13/87 bootstrap-random-all-d8-continuous/150K/zero_k1 (33 jobs): 33 jobs in 1819 s, ok; jobs 311/780; elapsed 37.5 min; ETA 56.6 min
2026-10-10 18:40:29 PDT task 14/87 bootstrap-random-all-d8-continuous/50K/S0.3 (14 jobs): 14 jobs in 460 s, ok; jobs 325/780; elapsed 37.9 min; ETA 53.0 min
2026-10-10 18:49:47 PDT task 15/87 bootstrap-random-all-d8-continuous/100K/S0.3 (14 jobs): 14 jobs in 559 s, ok; jobs 339/780; elapsed 47.2 min; ETA 61.4 min
2026-10-10 18:49:59 PDT task 16/87 bootstrap-random-all-d8-continuous/100K/S0.15 (14 jobs): 14 jobs in 591 s, ok; jobs 353/780; elapsed 47.4 min; ETA 57.3 min
2026-10-10 18:50:59 PDT task 17/87 bootstrap-random-all-d8-continuous/100K/S0 (14 jobs): 14 jobs in 657 s, ok; jobs 367/780; elapsed 48.4 min; ETA 54.4 min
2026-10-10 18:56:09 PDT task 18/87 bootstrap-random-all-d8-continuous/100K/S0.75 (14 jobs): 14 jobs in 381 s, ok; jobs 381/780; elapsed 53.5 min; ETA 56.1 min
2026-10-10 19:02:43 PDT task 19/87 bootstrap-random-all-d8-continuous/150K/S0 (14 jobs): 14 jobs in 704 s, ok; jobs 395/780; elapsed 60.1 min; ETA 58.6 min
2026-10-10 19:06:14 PDT task 20/87 bootstrap-random-all-d8-continuous/150K/S0.15 (14 jobs): 14 jobs in 605 s, ok; jobs 409/780; elapsed 63.6 min; ETA 57.7 min
2026-10-10 19:08:06 PDT task 21/87 bootstrap-random-all-d8-continuous/100K/zero_k3 (14 jobs): 14 jobs in 1750 s, ok; jobs 423/780; elapsed 65.5 min; ETA 55.3 min
2026-10-10 19:08:24 PDT task 22/87 normal-random-all-d8-continuous/50K/zero_k1 (5 jobs): 5 jobs in 18 s, ok; jobs 428/780; elapsed 65.8 min; ETA 54.1 min
2026-10-10 19:08:42 PDT task 23/87 normal-random-all-d8-continuous/50K/zero_k3 (5 jobs): 5 jobs in 19 s, ok; jobs 433/780; elapsed 66.1 min; ETA 53.0 min
2026-10-10 19:08:59 PDT task 24/87 normal-random-all-d8-continuous/50K/S0 (5 jobs): 5 jobs in 16 s, ok; jobs 438/780; elapsed 66.4 min; ETA 51.8 min
2026-10-10 19:09:23 PDT task 25/87 normal-random-all-d8-continuous/50K/S0.15 (5 jobs): 5 jobs in 24 s, ok; jobs 443/780; elapsed 66.8 min; ETA 50.8 min
2026-10-10 19:09:39 PDT task 26/87 normal-random-all-d8-continuous/50K/S0.3 (5 jobs): 5 jobs in 16 s, ok; jobs 448/780; elapsed 67.0 min; ETA 49.7 min
2026-10-10 19:09:56 PDT task 27/87 normal-random-all-d8-continuous/50K/S0.5 (5 jobs): 5 jobs in 16 s, ok; jobs 453/780; elapsed 67.3 min; ETA 48.6 min
2026-10-10 19:10:08 PDT task 28/87 normal-random-all-d8-continuous/50K/S0.75 (5 jobs): 5 jobs in 12 s, ok; jobs 458/780; elapsed 67.5 min; ETA 47.5 min
2026-10-10 19:10:29 PDT task 29/87 normal-random-all-d8-continuous/50K/S1 (5 jobs): 5 jobs in 21 s, ok; jobs 463/780; elapsed 67.9 min; ETA 46.5 min
2026-10-10 19:10:49 PDT task 30/87 normal-random-all-d8-continuous/100K/zero_k1 (5 jobs): 5 jobs in 20 s, ok; jobs 468/780; elapsed 68.2 min; ETA 45.5 min
2026-10-10 19:11:15 PDT task 31/87 normal-random-all-d8-continuous/100K/zero_k3 (5 jobs): 5 jobs in 26 s, ok; jobs 473/780; elapsed 68.6 min; ETA 44.5 min
2026-10-10 19:11:29 PDT task 32/87 bootstrap-random-all-d8-continuous/150K/S0.3 (14 jobs): 14 jobs in 525 s, ok; jobs 487/780; elapsed 68.9 min; ETA 41.4 min
2026-10-10 19:11:32 PDT task 33/87 normal-random-all-d8-continuous/100K/S0 (5 jobs): 5 jobs in 17 s, ok; jobs 492/780; elapsed 68.9 min; ETA 40.3 min
2026-10-10 19:11:46 PDT task 34/87 normal-random-all-d8-continuous/100K/S0.15 (5 jobs): 5 jobs in 18 s, ok; jobs 497/780; elapsed 69.2 min; ETA 39.4 min
2026-10-10 19:11:55 PDT task 35/87 normal-random-all-d8-continuous/100K/S0.3 (5 jobs): 5 jobs in 23 s, ok; jobs 502/780; elapsed 69.3 min; ETA 38.4 min
2026-10-10 19:12:06 PDT task 36/87 normal-random-all-d8-continuous/100K/S0.5 (5 jobs): 5 jobs in 19 s, ok; jobs 507/780; elapsed 69.5 min; ETA 37.4 min
2026-10-10 19:12:08 PDT task 37/87 bootstrap-random-all-d8-continuous/150K/S0.75 (14 jobs): 14 jobs in 354 s, ok; jobs 521/780; elapsed 69.5 min; ETA 34.6 min
2026-10-10 19:12:14 PDT task 38/87 normal-random-all-d8-continuous/100K/S0.75 (5 jobs): 5 jobs in 19 s, ok; jobs 526/780; elapsed 69.6 min; ETA 33.6 min
2026-10-10 19:12:30 PDT task 39/87 normal-random-all-d8-continuous/100K/S1 (5 jobs): 5 jobs in 24 s, ok; jobs 531/780; elapsed 69.9 min; ETA 32.8 min
2026-10-10 19:12:36 PDT task 40/87 normal-random-all-d8-continuous/150K/zero_k1 (5 jobs): 5 jobs in 29 s, ok; jobs 536/780; elapsed 70.0 min; ETA 31.9 min
2026-10-10 19:12:50 PDT task 41/87 normal-random-all-d8-continuous/150K/S0 (5 jobs): 5 jobs in 20 s, ok; jobs 541/780; elapsed 70.2 min; ETA 31.0 min
2026-10-10 19:12:54 PDT task 42/87 normal-random-all-d8-continuous/150K/zero_k3 (5 jobs): 5 jobs in 40 s, ok; jobs 546/780; elapsed 70.3 min; ETA 30.1 min
2026-10-10 19:12:55 PDT task 43/87 normal-random-all-d8-continuous/150K/S0.15 (5 jobs): 5 jobs in 19 s, ok; jobs 551/780; elapsed 70.3 min; ETA 29.2 min
2026-10-10 19:13:08 PDT task 44/87 normal-random-all-d8-continuous/150K/S0.3 (5 jobs): 5 jobs in 18 s, ok; jobs 556/780; elapsed 70.5 min; ETA 28.4 min
2026-10-10 19:13:11 PDT task 45/87 normal-random-all-d8-continuous/150K/S0.5 (5 jobs): 5 jobs in 17 s, ok; jobs 561/780; elapsed 70.6 min; ETA 27.5 min
2026-10-10 19:13:12 PDT task 46/87 normal-random-all-d8-continuous/150K/S0.75 (5 jobs): 5 jobs in 16 s, ok; jobs 566/780; elapsed 70.6 min; ETA 26.7 min
2026-10-10 19:13:24 PDT task 47/87 normal-random-all-d8-continuous/150K/S1 (5 jobs): 5 jobs in 16 s, ok; jobs 571/780; elapsed 70.8 min; ETA 25.9 min
2026-10-10 19:13:32 PDT task 48/87 bootstrap-long-all-d8-continuous/50K/zero_k1 (5 jobs): 5 jobs in 21 s, ok; jobs 576/780; elapsed 70.9 min; ETA 25.1 min
2026-10-10 19:13:36 PDT task 49/87 bootstrap-long-all-d8-continuous/100K/zero_k1 (5 jobs): 5 jobs in 24 s, ok; jobs 581/780; elapsed 71.0 min; ETA 24.3 min
2026-10-10 19:13:46 PDT task 50/87 bootstrap-random-all-wall-continuous/50K/zero_k1 (5 jobs): 5 jobs in 14 s, ok; jobs 586/780; elapsed 71.1 min; ETA 23.6 min
2026-10-10 19:13:51 PDT task 51/87 bootstrap-random-all-wall-continuous/50K/zero_k3 (5 jobs): 5 jobs in 15 s, ok; jobs 591/780; elapsed 71.2 min; ETA 22.8 min
2026-10-10 19:14:00 PDT task 52/87 bootstrap-long-all-d8-continuous/150K/zero_k1 (5 jobs): 5 jobs in 36 s, ok; jobs 596/780; elapsed 71.4 min; ETA 22.0 min
2026-10-10 19:14:04 PDT task 53/87 bootstrap-random-all-wall-continuous/100K/zero_k1 (5 jobs): 5 jobs in 18 s, ok; jobs 601/780; elapsed 71.4 min; ETA 21.3 min
2026-10-10 19:14:20 PDT task 54/87 bootstrap-random-all-wall-continuous/100K/zero_k3 (5 jobs): 5 jobs in 29 s, ok; jobs 606/780; elapsed 71.7 min; ETA 20.6 min
2026-10-10 19:14:26 PDT task 55/87 bootstrap-random-all-wall-continuous/150K/zero_k1 (5 jobs): 5 jobs in 26 s, ok; jobs 611/780; elapsed 71.8 min; ETA 19.9 min
2026-10-10 19:14:34 PDT task 56/87 bootstrap-random-NQ-d8-integer/50K/zero_k1 (5 jobs): 5 jobs in 14 s, ok; jobs 616/780; elapsed 71.9 min; ETA 19.2 min
2026-10-10 19:14:38 PDT task 57/87 bootstrap-random-NQ-d8-integer/50K/S0.5 (5 jobs): 5 jobs in 12 s, ok; jobs 621/780; elapsed 72.0 min; ETA 18.4 min
2026-10-10 19:14:40 PDT task 58/87 bootstrap-random-all-wall-continuous/150K/zero_k3 (5 jobs): 5 jobs in 36 s, ok; jobs 626/780; elapsed 72.0 min; ETA 17.7 min
2026-10-10 19:14:53 PDT task 59/87 bootstrap-random-NQ-d8-integer/100K/S0.5 (5 jobs): 5 jobs in 15 s, ok; jobs 631/780; elapsed 72.3 min; ETA 17.1 min
2026-10-10 19:14:57 PDT task 60/87 bootstrap-random-NQ-d8-integer/100K/zero_k1 (5 jobs): 5 jobs in 23 s, ok; jobs 636/780; elapsed 72.3 min; ETA 16.4 min
2026-10-10 19:15:08 PDT task 61/87 bootstrap-random-NQ-d8-integer/150K/zero_k1 (5 jobs): 5 jobs in 28 s, ok; jobs 641/780; elapsed 72.5 min; ETA 15.7 min
2026-10-10 19:15:19 PDT task 62/87 bootstrap-random-CL-d8-integer/50K/zero_k1 (5 jobs): 5 jobs in 22 s, ok; jobs 646/780; elapsed 72.7 min; ETA 15.1 min
2026-10-10 19:15:20 PDT task 63/87 bootstrap-random-NQ-d8-integer/150K/S0.5 (5 jobs): 5 jobs in 27 s, ok; jobs 651/780; elapsed 72.7 min; ETA 14.4 min
2026-10-10 19:15:28 PDT task 64/87 bootstrap-random-CL-d8-integer/50K/S0.5 (5 jobs): 5 jobs in 20 s, ok; jobs 656/780; elapsed 72.8 min; ETA 13.8 min
2026-10-10 19:15:43 PDT task 65/87 bootstrap-random-CL-d8-integer/100K/S0.5 (5 jobs): 5 jobs in 23 s, ok; jobs 661/780; elapsed 73.1 min; ETA 13.2 min
2026-10-10 19:16:00 PDT task 66/87 bootstrap-random-CL-d8-integer/100K/zero_k1 (5 jobs): 5 jobs in 41 s, ok; jobs 666/780; elapsed 73.4 min; ETA 12.6 min
2026-10-10 19:16:09 PDT task 67/87 bootstrap-random-CL-d8-integer/150K/S0.5 (5 jobs): 5 jobs in 26 s, ok; jobs 671/780; elapsed 73.5 min; ETA 11.9 min
2026-10-10 19:16:24 PDT task 68/87 bootstrap-random-GC-d8-integer/50K/zero_k1 (5 jobs): 5 jobs in 24 s, ok; jobs 676/780; elapsed 73.8 min; ETA 11.4 min
2026-10-10 19:16:28 PDT task 69/87 bootstrap-random-GC-d8-integer/50K/S0.5 (5 jobs): 5 jobs in 18 s, ok; jobs 681/780; elapsed 73.8 min; ETA 10.7 min
2026-10-10 19:16:41 PDT task 70/87 bootstrap-random-CL-d8-integer/150K/zero_k1 (5 jobs): 5 jobs in 74 s, ok; jobs 686/780; elapsed 74.1 min; ETA 10.1 min
2026-10-10 19:16:56 PDT task 71/87 bootstrap-random-GC-d8-integer/100K/S0.5 (5 jobs): 5 jobs in 28 s, ok; jobs 691/780; elapsed 74.3 min; ETA 9.6 min
2026-10-10 19:17:27 PDT task 72/87 bootstrap-random-GC-d8-integer/150K/S0.5 (5 jobs): 5 jobs in 31 s, ok; jobs 696/780; elapsed 74.8 min; ETA 9.0 min
2026-10-10 19:17:29 PDT task 73/87 bootstrap-random-GC-d8-integer/100K/zero_k1 (5 jobs): 5 jobs in 65 s, ok; jobs 701/780; elapsed 74.9 min; ETA 8.4 min
2026-10-10 19:17:42 PDT task 74/87 bootstrap-random-ZN-d8-integer/50K/S0.5 (5 jobs): 5 jobs in 13 s, ok; jobs 706/780; elapsed 75.1 min; ETA 7.9 min
2026-10-10 19:17:43 PDT task 75/87 bootstrap-random-ZN-d8-integer/50K/zero_k1 (5 jobs): 5 jobs in 16 s, ok; jobs 711/780; elapsed 75.1 min; ETA 7.3 min
2026-10-10 19:17:57 PDT task 76/87 bootstrap-random-ZN-d8-integer/100K/S0.5 (5 jobs): 5 jobs in 15 s, ok; jobs 716/780; elapsed 75.3 min; ETA 6.7 min
2026-10-10 19:17:58 PDT task 77/87 bootstrap-random-ZN-d8-integer/100K/zero_k1 (5 jobs): 5 jobs in 16 s, ok; jobs 721/780; elapsed 75.3 min; ETA 6.2 min
2026-10-10 19:18:11 PDT task 78/87 bootstrap-random-GC-d8-integer/150K/zero_k1 (5 jobs): 5 jobs in 89 s, ok; jobs 726/780; elapsed 75.6 min; ETA 5.6 min
2026-10-10 19:18:11 PDT task 79/87 bootstrap-random-ZN-d8-integer/150K/S0.5 (5 jobs): 5 jobs in 14 s, ok; jobs 731/780; elapsed 75.6 min; ETA 5.1 min
2026-10-10 19:18:27 PDT task 80/87 bootstrap-random-ZN-d8-integer/150K/zero_k1 (5 jobs): 5 jobs in 30 s, ok; jobs 736/780; elapsed 75.8 min; ETA 4.5 min
2026-10-10 19:18:44 PDT task 81/87 bootstrap-random-6E-d8-integer/50K/S0.5 (5 jobs): 5 jobs in 32 s, ok; jobs 741/780; elapsed 76.1 min; ETA 4.0 min
2026-10-10 19:19:10 PDT task 82/87 bootstrap-random-6E-d8-integer/100K/S0.5 (5 jobs): 5 jobs in 26 s, ok; jobs 746/780; elapsed 76.5 min; ETA 3.5 min
2026-10-10 19:19:42 PDT task 83/87 bootstrap-random-6E-d8-integer/50K/zero_k1 (5 jobs): 5 jobs in 92 s, ok; jobs 751/780; elapsed 77.1 min; ETA 3.0 min
2026-10-10 19:20:08 PDT task 84/87 bootstrap-random-6E-d8-integer/150K/S0.5 (5 jobs): 5 jobs in 26 s, ok; jobs 756/780; elapsed 77.5 min; ETA 2.5 min
2026-10-10 19:20:12 PDT task 85/87 bootstrap-random-6E-d8-integer/100K/zero_k1 (5 jobs): 5 jobs in 105 s, ok; jobs 761/780; elapsed 77.6 min; ETA 1.9 min
2026-10-10 19:20:47 PDT task 86/87 bootstrap-random-6E-d8-integer/150K/zero_k1 (5 jobs): 5 jobs in 97 s, ok; jobs 766/780; elapsed 78.2 min; ETA 1.4 min
2026-10-10 19:25:21 PDT task 87/87 bootstrap-random-all-d8-continuous/150K/zero_k3 (14 jobs): 14 jobs in 2122 s, ok; jobs 780/780; elapsed 82.7 min; ETA 0.0 min
2026-10-10 19:25:21 PDT grid finished: 780 jobs run, 0 failed tasks, 82.7 min
