records 11, EC-CAL metals window trade dates 315
item0 records == freeze declarations: True | cluster members == : True
item0 freeze file hashes == current files: True []

== item 1: screen ==
K5-cp1-01 MGC: n 295 trips 284 mean -0.603695 sd 79.320453 t -0.130720 passes False | rel err 0.0e+00 dates==EC-CAL-less-excl True nonzero 284 values-from-trips True usd True sha True -> OK
K5-cp1-01 MHG: status excluded_before_screening, screen None, series None, trips 0, sha ok True
K5-cp2-01 MGC: n 295 trips 295 mean +10.557017 sd 200.218450 t +0.905624 passes False | rel err 0.0e+00 dates==EC-CAL-less-excl True nonzero 295 values-from-trips True usd True sha True -> OK
K5-cp2-01 MHG: status excluded_before_screening, screen None, series None, trips 0, sha ok True
K5-cp3-01 MGC: n 295 trips 101 mean +8.494508 sd 183.933455 t +0.793211 passes False | rel err 1.5e-16 dates==EC-CAL-less-excl True nonzero 101 values-from-trips True usd True sha True -> OK
K5-cp3-01 MHG: n 295 trips 126 mean +3.246753 sd 80.211813 t +0.695219 passes False | rel err 0.0e+00 dates==EC-CAL-less-excl True nonzero 126 values-from-trips True usd True sha True -> OK
K5-fomc-01 MGC: n 295 trips 8 mean +2.349831 sd 21.864171 t +1.845927 passes True | rel err 0.0e+00 dates==EC-CAL-less-excl True nonzero 8 values-from-trips True usd True sha True -> OK
K5-ovr-01 MGC: n 295 trips 289 mean -3.560780 sd 185.067549 t -0.330465 passes False | rel err 1.7e-16 dates==EC-CAL-less-excl True nonzero 180 values-from-trips True usd True sha True -> OK
K5-ovr-01 MHG: n 295 trips 190 mean -3.397708 sd 48.577621 t -1.201326 passes False | rel err 0.0e+00 dates==EC-CAL-less-excl True nonzero 134 values-from-trips True usd True sha True -> OK
K5-pmfix-01 MGC: n 295 trips 278 mean -9.989559 sd 78.206306 t -2.193894 passes False | rel err 0.0e+00 dates==EC-CAL-less-excl True nonzero 278 values-from-trips True usd True sha True -> OK
K5-preauc-01 MGC: n 295 trips 280 mean +1.305220 sd 62.627375 t +0.357957 passes False | rel err 0.0e+00 dates==EC-CAL-less-excl True nonzero 280 values-from-trips True usd True sha True -> OK

== item 2: tiers ==
K5-cp1-01 MGC: labels [] runner tier B mine B OK | screen same True | coverage 9675/9705=0.99691 arithmetic ok True
K5-cp1-01 MHG: labels ['coverage_below_0.95'] runner tier excluded mine excluded OK | screen same True | coverage 8952/9735=0.91957 arithmetic ok True
K5-cp2-01 MGC: labels [] runner tier B mine B OK | screen same True | coverage 136944/137058=0.99917 arithmetic ok True
K5-cp2-01 MHG: labels ['coverage_below_0.95'] runner tier excluded mine excluded OK | screen same True | coverage 125441/139910=0.89658 arithmetic ok True
K5-cp3-01 MGC: labels [] runner tier B mine B OK | screen same True | coverage 91381/91420=0.99957 arithmetic ok True
K5-cp3-01 MHG: labels [] runner tier B mine B OK | screen same True | coverage 81923/85550=0.95760 arithmetic ok True
K5-fomc-01 MGC: labels [] runner tier A mine A OK | screen same True | coverage 4964/4981=0.99659 arithmetic ok True
K5-ovr-01 MGC: labels [] runner tier B mine B OK | screen same True | coverage 105996/106085=0.99916 arithmetic ok True
K5-ovr-01 MHG: labels [] runner tier B mine B OK | screen same True | coverage 84589/88490=0.95592 arithmetic ok True
K5-pmfix-01 MGC: labels ['mean_holding_below_10min'] runner tier excluded mine excluded OK | screen same True | coverage 8260/8260=1.00000 arithmetic ok True
K5-preauc-01 MGC: labels [] runner tier B mine B OK | screen same True | coverage 18228/18290=0.99661 arithmetic ok True
not_tiered {} refused {} power_undef []

== item 3: trip nets from gross, commission and bucket slippage ==
K5-cp1-01 MGC: trips 284: side-determined match 0, both sides match 284, no match 0, event-window fills (trips) 0; contracts Counter({1: 284})
K5-cp2-01 MGC: trips 295: side-determined match 0, both sides match 295, no match 0, event-window fills (trips) 20; contracts Counter({1: 295})
K5-cp3-01 MGC: trips 101: side-determined match 0, both sides match 101, no match 0, event-window fills (trips) 0; contracts Counter({1: 101})
K5-cp3-01 MHG: trips 126: side-determined match 0, both sides match 126, no match 0, event-window fills (trips) 0; contracts Counter({2: 126})
K5-fomc-01 MGC: trips 8: side-determined match 0, both sides match 8, no match 0, event-window fills (trips) 8; contracts Counter({1: 8})
K5-ovr-01 MGC: trips 289: side-determined match 0, both sides match 289, no match 0, event-window fills (trips) 5; contracts Counter({1: 289})
K5-ovr-01 MHG: trips 190: side-determined match 0, both sides match 190, no match 0, event-window fills (trips) 0; contracts Counter({2: 190})
K5-pmfix-01 MGC: trips 278: side-determined match 0, both sides match 278, no match 0, event-window fills (trips) 0; contracts Counter({1: 278})
K5-preauc-01 MGC: trips 280: side-determined match 0, both sides match 280, no match 0, event-window fills (trips) 0; contracts Counter({1: 280})

== item 4: event reconciliation and fill minutes ==

K5-cp1-01 MGC: trips 284, dates traded 284, max trips/day 1, counters {'engine_flatten_window': 10, 'engine_not_a_window_date': 10}, holds [(29.0, 283), (106.0, 1)]
   fill classes: {('exact', 'exact'): 283, ('exact', 'late+77'): 1}
   deviations: [('2026-02-25', '12:00', '13:46', 'exact', 'late+77', 106.0)]
   traded on early-halt dates: []; blackout dates traded: []

K5-cp2-01 MGC: trips 295, dates traded 295, max trips/day 1, counters {'engine_not_a_window_date': 20, 'fill_guard_deferral': 1, 'mll_liquidation': 1}, holds [(22.0, 1), (75.0, 294)]
   fill classes: {('eligible', 'hold75'): 293, ('eligible', 'mll'): 1, ('d95a-deferred?', 'hold75'): 1}
   deviations: [('2026-02-13', '08:19', '08:41', 'eligible', 'mll', 22.0), ('2026-03-16', '08:17', '09:32', 'd95a-deferred?', 'hold75', 75.0)]
   cp2: earliest entry 07:36, latest 11:43, on halts ['2025-05-26', '2025-06-19', '2025-07-04', '2025-09-01', '2025-11-28', '2025-12-24', '2026-01-19', '2026-02-16', '2026-05-25']

K5-cp3-01 MGC: trips 101, dates traded 101, max trips/day 1, counters {'engine_not_a_window_date': 5, 'mll_liquidation': 2}, holds [(77.0, 1), (199.0, 1), (308.0, 98), (385.0, 1)]
   fill classes: {('exact', 'exact'): 98, ('exact', 'mll'): 2, ('exact', 'late+77'): 1}
   deviations: [('2025-10-22', '07:21', '08:38', 'exact', 'mll', 77.0), ('2025-12-12', '07:21', '10:40', 'exact', 'mll', 199.0), ('2026-02-25', '07:21', '13:46', 'exact', 'late+77', 385.0)]
   traded on early-halt dates: []; blackout dates traded: []

K5-cp3-01 MHG: trips 126, dates traded 126, max trips/day 1, counters {'engine_not_a_window_date': 6}, holds [(287.0, 2), (288.0, 116), (289.0, 8)]
   fill classes: {('exact', 'exact'): 116, ('exact', 'late+1'): 8, ('late+1', 'exact'): 2}
   deviations: [('2025-06-16', '07:11', '12:00', 'exact', 'late+1', 289.0), ('2025-08-06', '07:12', '11:59', 'late+1', 'exact', 287.0), ('2025-09-03', '07:11', '12:00', 'exact', 'late+1', 289.0), ('2025-09-05', '07:11', '12:00', 'exact', 'late+1', 289.0), ('2025-09-11', '07:11', '12:00', 'exact', 'late+1', 289.0), ('2025-09-16', '07:12', '11:59', 'late+1', 'exact', 287.0), ('2025-09-22', '07:11', '12:00', 'exact', 'late+1', 289.0), ('2025-12-01', '07:11', '12:00', 'exact', 'late+1', 289.0), ('2025-12-03', '07:11', '12:00', 'exact', 'late+1', 289.0), ('2026-03-23', '07:11', '12:00', 'exact', 'late+1', 289.0)]
   traded on early-halt dates: []; blackout dates traded: []

K5-fomc-01 MGC: trips 8, dates traded 8, max trips/day 1, counters {'engine_not_a_window_date': 1}, holds [(10.0, 8)]
   fill classes: {('exact', 'exact'): 8}
   events in window 10, traded 8, outside events [], untraded 2: halts 0 [], blackout 2, UR-1 0 [], non-trade-date [], unexplained (silent: missing bar or s=0) 0 []
   blackout+UR-1 dates that are events: 2, engine_not_a_window_date 1

K5-ovr-01 MGC: trips 289, dates traded 180, max trips/day 4, counters {'account_not_active': 3, 'engine_not_a_window_date': 25, 'mll_liquidation': 2}, holds [(30.0, 1), (37.0, 1), (59.0, 287)]
   fill classes: {('exact', 'exact'): 287, ('exact', 'mll'): 2}
   deviations: [('2026-01-22', '10:20', '10:50', 'exact', 'mll', 30.0), ('2026-03-23', '10:20', '10:57', 'exact', 'mll', 37.0)]
   ovr: max entries/day 4 (cap 5), overlaps 0, entry minutes {'08:20': 73, '11:20': 33, '12:20': 21, '09:20': 92, '10:20': 70}, traded on early-halt date: [], traded non-full-session: []

K5-ovr-01 MHG: trips 190, dates traded 134, max trips/day 4, counters {'account_not_active': 1, 'engine_not_a_window_date': 4, 'mll_liquidation': 1}, holds [(53.0, 1), (59.0, 179), (60.0, 7), (61.0, 1), (62.0, 1), (63.0, 1)]
   fill classes: {('exact', 'exact'): 179, ('exact', 'late+1'): 7, ('exact', 'late+2'): 1, ('exact', 'late+3'): 1, ('exact', 'mll'): 1, ('exact', 'late+4'): 1}
   deviations: [('2025-05-16', '10:10', '11:10', 'exact', 'late+1', 60.0), ('2025-06-16', '11:10', '12:11', 'exact', 'late+2', 61.0), ('2025-06-24', '09:10', '10:12', 'exact', 'late+3', 62.0), ('2025-07-14', '10:10', '11:10', 'exact', 'late+1', 60.0), ('2025-10-10', '10:10', '11:03', 'exact', 'mll', 53.0), ('2025-10-16', '10:10', '11:10', 'exact', 'late+1', 60.0), ('2025-10-27', '10:10', '11:10', 'exact', 'late+1', 60.0), ('2025-11-21', '11:10', '12:13', 'exact', 'late+4', 63.0), ('2025-12-02', '10:10', '11:10', 'exact', 'late+1', 60.0), ('2026-05-08', '10:10', '11:10', 'exact', 'late+1', 60.0), ('2026-05-29', '11:10', '12:10', 'exact', 'late+1', 60.0)]
   ovr: max entries/day 4 (cap 4), overlaps 0, entry minutes {'08:10': 55, '10:10': 48, '11:10': 28, '09:10': 59}, traded on early-halt date: [], traded non-full-session: []

K5-pmfix-01 MGC: trips 278, dates traded 278, max trips/day 1, counters {'engine_not_a_window_date': 18, 'mll_liquidation': 1}, holds [(0.0, 1), (10.0, 277)]
   fill classes: {('exact', 'exact'): 277, ('exact', 'mll'): 1}
   deviations: [('2026-02-20', '09:02', '09:02', 'exact', 'mll', 0.0)]
   events in window 305, traded 278, outside events [], untraded 27: halts 8 ['2025-06-19', '2025-07-04', '2025-09-01', '2025-11-27', '2025-11-28', '2026-01-19', '2026-02-16', '2026-06-19'], blackout 17, UR-1 1 ['2026-06-18'], non-trade-date [], unexplained (silent: missing bar or s=0) 1 ['2025-07-24']
   blackout+UR-1 dates that are events: 20, engine_not_a_window_date 18

K5-preauc-01 MGC: trips 280, dates traded 280, max trips/day 1, counters {'engine_not_a_window_date': 15}, holds [(29.0, 280)]
   fill classes: {('exact', 'exact'): 280}
   events in window 307, traded 280, outside events [], untraded 27: halts 9 ['2025-06-19', '2025-07-04', '2025-09-01', '2025-11-27', '2025-11-28', '2025-12-24', '2026-01-19', '2026-02-16', '2026-06-19'], blackout 17, UR-1 1 ['2026-06-18'], non-trade-date [], unexplained (silent: missing bar or s=0) 0 []
   blackout+UR-1 dates that are events: 20, engine_not_a_window_date 15

== item 5: N ==
screened (status run with a screen) 9: ['K5-cp1-01 MGC', 'K5-cp2-01 MGC', 'K5-cp3-01 MGC', 'K5-cp3-01 MHG', 'K5-fomc-01 MGC', 'K5-ovr-01 MGC', 'K5-ovr-01 MHG', 'K5-pmfix-01 MGC', 'K5-preauc-01 MGC']
no screen 2: ['K5-cp1-01 MHG', 'K5-cp2-01 MHG']; undeclared []; refused {}
N = 114 + 9 = 123

== item 6: MLL ==
K5-cp1-01 MGC: accounts-1 0 counter 0 trips 0 OK days [] | base t -0.1307 pass False | zeroed t -0.1307 pass False | dropped t -0.1307 pass False
K5-cp2-01 MGC: accounts-1 1 counter 1 trips 1 OK days ['2026-02-13'] | base t +0.9056 pass False | zeroed t +0.9989 pass False | dropped t +0.9989 pass False
K5-cp3-01 MGC: accounts-1 2 counter 2 trips 2 OK days ['2025-10-22', '2025-12-12'] | base t +0.7932 pass False | zeroed t +1.2476 pass True | dropped t +1.2476 pass True
K5-cp3-01 MHG: accounts-1 0 counter 0 trips 0 OK days [] | base t +0.6952 pass False | zeroed t +0.6952 pass False | dropped t +0.6952 pass False
K5-fomc-01 MGC: accounts-1 0 counter 0 trips 0 OK days [] | base t +1.8459 pass True | zeroed t +1.8459 pass True | dropped t +1.8459 pass True
K5-ovr-01 MGC: accounts-1 2 counter 2 trips 2 OK days ['2026-01-22', '2026-03-23'] | base t -0.3305 pass False | zeroed t +0.1408 pass False | dropped t +0.1408 pass False
K5-ovr-01 MHG: accounts-1 1 counter 1 trips 1 OK days ['2025-10-10'] | base t -1.2013 pass False | zeroed t -0.7855 pass False | dropped t -0.7855 pass False
K5-pmfix-01 MGC: accounts-1 1 counter 1 trips 1 OK days ['2026-02-20'] | base t -2.1939 pass False | zeroed t -2.0449 pass False | dropped t -2.0450 pass False
K5-preauc-01 MGC: accounts-1 0 counter 0 trips 0 OK days [] | base t +0.3580 pass False | zeroed t +0.3580 pass False | dropped t +0.3580 pass False
fomc trade days (ticks/contract): [('2026-06-17', 318.4), ('2026-04-29', 152.4), ('2025-10-29', 99.4), ('2025-12-10', 56.4), ('2025-06-18', 44.4), ('2025-05-07', 42.4), ('2026-03-18', 12.4), ('2025-09-17', -32.6)]
fomc base (2.3498, 1.8459) | without best day (zeroed) (1.2705, 1.8556) | best day dropped (1.2748, 1.8557) | worst day zeroed (2.4603, 1.9411)
fomc trips: [('2025-05-07', '13:05', '13:15', 'strategy', 4240.0), ('2025-06-18', '13:05', '13:15', 'strategy', 4440.0), ('2025-09-17', '13:05', '13:15', 'strategy', -3260.0), ('2025-10-29', '13:05', '13:15', 'strategy', 9940.0), ('2025-12-10', '13:05', '13:15', 'strategy', 5640.0), ('2026-03-18', '13:05', '13:15', 'strategy', 1240.0), ('2026-04-29', '13:05', '13:15', 'strategy', 15240.0), ('2026-06-17', '13:05', '13:15', 'strategy', 31840.0)]
