cp1-signal-29          KILLED    17 failed, 102 passed in 3.80s  by 17 tests
cp1-entry-31           KILLED    20 failed, 99 passed in 3.73s  by 20 tests
cp1-exit-2             KILLED    13 failed, 106 passed in 3.62s  by 13 tests
cp1-first-1700         KILLED    6 failed, 113 passed in 3.57s  by 6 tests
cp1-first-day          KILLED    2 failed, 117 passed in 3.57s  by 2 tests
cp1-direction          KILLED    16 failed, 103 passed in 3.71s  by 16 tests
cp1-zero               KILLED    1 failed, 118 passed in 3.55s  by 1 tests
cp1-idguard            KILLED    1 failed, 118 passed in 3.51s  by 1 tests
cp1-first-open         KILLED    16 failed, 103 passed in 3.71s  by 16 tests
cp1-signal-close       KILLED    2 failed, 117 passed in 3.60s  by 2 tests
cp1-otherdate          KILLED    4 failed, 115 passed in 3.52s  by 4 tests
cp1-once               KILLED    1 failed, 118 passed in 3.57s  by 1 tests
pc-exit-lt             KILLED    36 failed, 83 passed in 3.81s  by 36 tests
pc-exit-date           KILLED    1 failed, 118 passed in 3.57s  by 1 tests
pc-exit-pending        KILLED    1 failed, 118 passed in 3.60s  by 1 tests
pc-ticks-trunc         KILLED    1 failed, 118 passed in 3.60s  by 1 tests
pc-flat-pending        KILLED    3 failed, 116 passed in 3.54s  by 3 tests
cp2-range-15           KILLED    23 failed, 96 passed in 3.65s  by 23 tests
cp2-buffer-3           KILLED    5 failed, 114 passed in 3.59s  by 5 tests
cp2-buffer-5           KILLED    29 failed, 90 passed in 3.63s  by 29 tests
cp2-hold-74            KILLED    24 failed, 95 passed in 3.61s  by 24 tests
cp2-hold-76            KILLED    24 failed, 95 passed in 3.65s  by 24 tests
cp2-hold-count-start   KILLED    2 failed, 117 passed in 3.59s  by 2 tests
cp2-ge                 KILLED    26 failed, 93 passed in 3.63s  by 26 tests
cp2-le                 KILLED    5 failed, 114 passed in 3.59s  by 5 tests
cp2-direction          KILLED    25 failed, 94 passed in 3.68s  by 25 tests
cp2-elig-c             KILLED    1 failed, 118 passed in 3.55s  by 1 tests
cp2-elig-start         KILLED    19 failed, 100 passed in 3.70s  by 19 tests
cp2-range-end          KILLED    22 failed, 97 passed in 3.64s  by 22 tests
cp2-range-start        KILLED    1 failed, 118 passed in 3.68s  by 1 tests
cp2-otherdate          KILLED    2 failed, 117 passed in 3.75s  by 2 tests
cp2-once               KILLED    3 failed, 116 passed in 3.67s  by 3 tests
cp2-c2exit             KILLED    2 failed, 117 passed in 3.64s  by 2 tests
cp2-window-f           KILLED    1 failed, 118 passed in 3.58s  by 1 tests
cp3-buy-079            KILLED    1 failed, 118 passed in 3.51s  by 1 tests
cp3-buy-081            KILLED    23 failed, 96 passed in 3.53s  by 23 tests
cp3-sell-021           KILLED    1 failed, 118 passed in 3.56s  by 1 tests
cp3-sell-019           KILLED    11 failed, 108 passed in 3.56s  by 11 tests
cp3-ge                 KILLED    22 failed, 97 passed in 3.49s  by 22 tests
cp3-le                 KILLED    10 failed, 109 passed in 3.60s  by 10 tests
cp3-direction          KILLED    25 failed, 94 passed in 3.65s  by 25 tests
cp3-close-1            KILLED    27 failed, 92 passed in 3.70s  by 27 tests
cp3-exit-2             KILLED    24 failed, 95 passed in 3.65s  by 24 tests
cp3-range0             KILLED    2 failed, 117 passed in 3.57s  by 2 tests
cp3-halt-entry         KILLED    3 failed, 116 passed in 3.58s  by 3 tests
cp3-halt-complete      KILLED    2 failed, 117 passed in 3.54s  by 2 tests
cp3-idguard            KILLED    1 failed, 118 passed in 3.57s  by 1 tests
cp3-oneid              KILLED    1 failed, 118 passed in 3.60s  by 1 tests
cp3-needs-open         KILLED    1 failed, 118 passed in 3.58s  by 1 tests
cp3-needs-close        KILLED    3 failed, 116 passed in 3.66s  by 3 tests
cp3-otherdate          KILLED    3 failed, 116 passed in 3.52s  by 3 tests
cp3-window             KILLED    26 failed, 93 passed in 3.46s  by 26 tests
cp3-entry-bar          KILLED    25 failed, 94 passed in 3.67s  by 25 tests
cp3-incomplete-used    KILLED    4 failed, 115 passed in 3.53s  by 4 tests
exp-entry-300          KILLED    8 failed, 79 passed in 2.72s  by 8 tests
exp-exit-1             KILLED    6 failed, 81 passed in 2.66s  by 6 tests
exp-delay              KILLED    8 failed, 79 passed in 2.71s  by 8 tests
exp-direction          KILLED    6 failed, 81 passed in 2.73s  by 6 tests
exp-dates              KILLED    4 failed, 83 passed in 2.67s  by 4 tests
exp-exit-early         KILLED    5 failed, 82 passed in 2.65s  by 5 tests
exp-exact-bar          KILLED    7 failed, 80 passed in 2.74s  by 7 tests
exp-window             KILLED    1 failed, 86 passed in 2.63s  by 1 tests
rev-direction          KILLED    14 failed, 73 passed in 2.70s  by 14 tests
rev-block-119          KILLED    17 failed, 70 passed in 2.72s  by 17 tests
rev-one-decision       KILLED    11 failed, 76 passed in 2.70s  by 11 tests
rev-final-1            KILLED    7 failed, 80 passed in 2.65s  by 7 tests
rev-sigend-1           KILLED    12 failed, 75 passed in 2.65s  by 12 tests
rev-start              KILLED    6 failed, 81 passed in 2.65s  by 6 tests
rev-dates              KILLED    3 failed, 84 passed in 2.64s  by 3 tests
rev-window             KILLED    1 failed, 86 passed in 2.66s  by 1 tests
mon-direction          KILLED    14 failed, 73 passed in 2.60s  by 14 tests
mon-first-1900         KILLED    12 failed, 75 passed in 2.65s  by 12 tests
mon-first-1700         KILLED    4 failed, 83 passed in 2.66s  by 4 tests
mon-last-1400          KILLED    3 failed, 84 passed in 2.63s  by 3 tests
mon-last-1200          KILLED    4 failed, 83 passed in 2.58s  by 4 tests
mon-step-30            KILLED    12 failed, 75 passed in 2.63s  by 12 tests
mon-lookback-59        KILLED    11 failed, 76 passed in 2.57s  by 11 tests
mon-sigend-1           KILLED    14 failed, 73 passed in 2.56s  by 14 tests
mon-flat-1401          KILLED    4 failed, 83 passed in 2.58s  by 4 tests
mon-final-1            KILLED    3 failed, 84 passed in 2.57s  by 3 tests
mon-weekday            KILLED    15 failed, 72 passed in 2.53s  by 15 tests
mon-dates              KILLED    2 failed, 85 passed in 2.63s  by 2 tests
mon-window             KILLED    1 failed, 86 passed in 2.61s  by 1 tests
ec-hold                KILLED    10 failed, 77 passed in 2.62s  by 10 tests
ec-flatten-zero        KILLED    13 failed, 74 passed in 2.79s  by 13 tests
ec-final-ge            KILLED    8 failed, 79 passed in 2.63s  by 8 tests
ec-missed              KILLED    2 failed, 85 passed in 2.66s  by 2 tests
ec-idguard             KILLED    3 failed, 84 passed in 2.63s  by 3 tests
ec-missing-start       KILLED    4 failed, 83 passed in 2.53s  by 4 tests
ec-entry-id            KILLED    2 failed, 85 passed in 2.60s  by 2 tests
ec-entry-exact         KILLED    16 failed, 71 passed in 2.72s  by 16 tests
ec-entry-zero          KILLED    22 failed, 65 passed in 2.66s  by 22 tests
ec-entry-flat          KILLED    2 failed, 85 passed in 2.63s  by 2 tests
ec-close-pending       KILLED    3 failed, 84 passed in 2.65s  by 3 tests
ec-close-side          KILLED    30 failed, 57 passed in 3.37s  by 30 tests
ec-start-open          KILLED    13 failed, 74 passed in 2.68s  by 13 tests
ec-end-close           SURVIVED  87 passed in 2.57s  by 0 tests
ec-q                   KILLED    26 failed, 61 passed in 2.62s  by 26 tests
ec-ticks-trunc         KILLED    1 failed, 86 passed in 2.62s  by 1 tests
ec-entry-dates         KILLED    3 failed, 84 passed in 2.64s  by 3 tests
cal-full-drop          KILLED    15 failed, 191 passed in 5.46s  by 15 tests
cal-degraded-drop      KILLED    2 failed, 204 passed in 5.57s  by 2 tests
cal-mbtx-texp          KILLED    1 failed, 205 passed in 5.57s  by 1 tests
cal-mbtx-drop          KILLED    2 failed, 204 passed in 5.59s  by 2 tests
cal-mbtx-add PATTERN-MISS _calendar.py: pattern occurs 2 times: '("2026-01-30", "10:00"),'
wrote /home/kiros-li/Documents/GitHub/PropExperiment/reports/stage_e6_briefs/audit_k7/mutants.json 105 mutants
