== ITEM 1: screen recomputation and series shape
K7-cp1-01 MBT: n=265 mean=-7.460981132 sd=67.863181341 t=-1.789718238 passes=False | record equal(1e-9)=True | dates==trade dates less exclusions=True (beyond last: []) | nonzero days 261 <= trips 261 | values==sum(trip net)/50 per day: True | daily_net_usd==sum/100: True | trip dates in window: True | record_sha256 in trips == file: True | status=run labels=[]
K7-cp2-01 MBT: n=265 mean=-14.378490566 sd=173.341478565 t=-1.350310787 passes=False | record equal(1e-9)=True | dates==trade dates less exclusions=True (beyond last: []) | nonzero days 263 <= trips 263 | values==sum(trip net)/50 per day: True | daily_net_usd==sum/100: True | trip dates in window: True | record_sha256 in trips == file: True | status=run labels=[]
K7-cp3-01 MBT: n=265 mean=-3.119698113 sd=196.319714228 t=-0.258685207 passes=False | record equal(1e-9)=True | dates==trade dates less exclusions=True (beyond last: []) | nonzero days 101 <= trips 101 | values==sum(trip net)/50 per day: True | daily_net_usd==sum/100: True | trip dates in window: True | record_sha256 in trips == file: True | status=run labels=[]
K7-expiry-01 MBT: n=265 mean=0.000000000 sd=0.000000000 t=None passes=False | record equal(1e-9)=True | dates==trade dates less exclusions=True (beyond last: []) | nonzero days 0 <= trips 0 | values==sum(trip net)/50 per day: True | daily_net_usd==sum/100: True | trip dates in window: True | record_sha256 in trips == file: True | status=run labels=[]
K7-rev2h-01 MBT: n=265 mean=-28.919849057 sd=206.054831362 t=-2.284736695 passes=False | record equal(1e-9)=True | dates==trade dates less exclusions=True (beyond last: []) | nonzero days 259 <= trips 384 | values==sum(trip net)/50 per day: True | daily_net_usd==sum/100: True | trip dates in window: True | record_sha256 in trips == file: True | status=run labels=[]
K7-montrend-01 MBT: n=265 mean=-4.725962264 sd=174.294781907 t=-0.441396415 passes=False | record equal(1e-9)=True | dates==trade dates less exclusions=True (beyond last: []) | nonzero days 44 <= trips 466 | values==sum(trip net)/50 per day: True | daily_net_usd==sum/100: True | trip dates in window: True | record_sha256 in trips == file: True | status=run labels=[]
== ITEM 2: tiers
K7-cp1-01 MBT: coverage 8670/8683=0.998503 passes=True (>=0.95: True) labels=[] -> my tier B; cluster file tier B note 'fails the D5 screen' screen equal to record: True | agree=True
K7-cp2-01 MBT: coverage 104663/104989=0.996895 passes=True (>=0.95: True) labels=[] -> my tier B; cluster file tier B note 'fails the D5 screen' screen equal to record: True | agree=True
K7-cp3-01 MBT: coverage 102564/102885=0.996880 passes=True (>=0.95: True) labels=[] -> my tier B; cluster file tier B note 'fails the D5 screen' screen equal to record: True | agree=True
K7-expiry-01 MBT: coverage 92926/95355=0.974527 passes=True (>=0.95: True) labels=[] -> my tier B; cluster file tier B note 'fails the D5 screen' screen equal to record: True | agree=True
K7-rev2h-01 MBT: coverage 94948/95258=0.996746 passes=True (>=0.95: True) labels=[] -> my tier B; cluster file tier B note 'fails the D5 screen' screen equal to record: True | agree=True
K7-montrend-01 MBT: coverage 320072/333555=0.959578 passes=True (>=0.95: True) labels=[] -> my tier B; cluster file tier B note 'fails the D5 screen' screen equal to record: True | agree=True
not_tiered: {} refused: {} power_check_undefined: [] members: True
== ITEM 3: cost rebuild from the trip lists (cp2 and montrend)
K7-cp2-01 MBT: trips 263, net exact matches 263 (side-ambiguous 263: MBT's per-side slippage is symmetric), mismatches 0; fills inside a D8 event window: 0; rebuilt series == record: True; daily_net_usd == rebuilt: True; close reasons {'strategy': 262, 'mll_liquidation': 1}; locked 0
   event-window fill minutes (CT): {}
K7-montrend-01 MBT: trips 466, net exact matches 466 (side-ambiguous 466: MBT's per-side slippage is symmetric), mismatches 0; fills inside a D8 event window: 0; rebuilt series == record: True; daily_net_usd == rebuilt: True; close reasons {'strategy': 466}; locked 0
   event-window fill minutes (CT): {}
   gross_cents cannot be checked without prices (no bar file is read): not checked.
== ITEM 4: trade counts and fill minutes
expiry: trips 0; counters {'engine_not_a_window_date': 5}
   2025-04-25 T_exp 10:00: member-eligible=True; roll blackout (not a window date -> engine_not_a_window_date on any intent)
   2025-05-30 T_exp 10:00: member-eligible=True; roll blackout (not a window date -> engine_not_a_window_date on any intent)
   2025-06-27 T_exp 10:00: member-eligible=True; roll blackout (not a window date -> engine_not_a_window_date on any intent)
   2025-07-25 T_exp 10:00: member-eligible=True; roll blackout (not a window date -> engine_not_a_window_date on any intent)
   2025-08-29 T_exp 10:00: member-eligible=True; roll blackout (not a window date -> engine_not_a_window_date on any intent)
   2025-09-26 T_exp 10:00: member-eligible=True; roll blackout (not a window date -> engine_not_a_window_date on any intent)
   2025-10-31 T_exp 11:00: member-eligible=True; roll blackout (not a window date -> engine_not_a_window_date on any intent)
   2025-11-28 T_exp 10:00: member-eligible=False; not a full session (halt 13:45:00); vendor-degraded; roll blackout (not a window date -> engine_not_a_window_date on any intent)
   2026-01-30 T_exp 10:00: member-eligible=True; roll blackout (not a window date -> engine_not_a_window_date on any intent)
   2026-02-27 T_exp 10:00: member-eligible=True; roll blackout (not a window date -> engine_not_a_window_date on any intent)
   2026-03-27 T_exp 11:00: member-eligible=True; roll blackout (not a window date -> engine_not_a_window_date on any intent)
   2026-04-24 T_exp 10:00: member-eligible=True; roll blackout (not a window date -> engine_not_a_window_date on any intent)
   2026-05-29 T_exp 10:00: member-eligible=True; roll blackout (not a window date -> engine_not_a_window_date on any intent)
   2025-12-24 T_exp 10:00 (dropped R-1b-1): member-eligible=False; not in MBTX; not a full session (halt 12:45:00); roll blackout (not a window date -> engine_not_a_window_date on any intent)
   2025-12-26 T_exp 10:00 (CME date, not added): member-eligible=False; not in MBTX; roll blackout (not a window date -> engine_not_a_window_date on any intent)
   member-eligible research dates: 12; all in the roll blackout: True; intents refused by name: 5 -> on the other 7 eligible dates no intent was emitted, which under the audited code (expiry.py:102-104) means the bar at T_exp - 301 min was absent; the record does not name them.
   K7-cp1-01 MBT: trips 261 on 261 dates, max/day 1; close reasons {'strategy': 261}; entry minutes {'14:30': 261}; exit minutes {'14:59': 261}
      all trip dates in window: True; contracts all 1: True; locked trips 0
   K7-cp2-01 MBT: trips 263 on 263 dates, max/day 1; close reasons {'strategy': 262, 'mll_liquidation': 1}; entry minutes in [08:46, 13:00] (rule [08:46, 15:00]); holds != 75 min: {76.0: 4, 31.0: 1, 81.0: 1}; non-strategy closes [('2026-02-03', '08:55', '09:26', 'mll_liquidation', 31.0)]; strategy closes with hold != 75 (missing bars inside the hold or a deferred fill) [('2025-06-24', '09:19', '10:35', 76.0), ('2025-07-04', '08:48', '10:04', 76.0), ('2025-12-10', '08:52', '10:08', 76.0), ('2026-03-23', '08:52', '10:08', 76.0), ('2026-05-21', '10:48', '12:09', 81.0)]
      all trip dates in window: True; contracts all 1: True; locked trips 0
   K7-cp3-01 MBT: trips 101 on 101 dates, max/day 1; close reasons {'strategy': 101}; entry minutes {'08:31': 101}; exit minutes {'14:59': 101}
      all trip dates in window: True; contracts all 1: True; locked trips 0
   K7-expiry-01 MBT: trips 0 on 0 dates, max/day 0; close reasons {}
      all trip dates in window: True; contracts all 1: True; locked trips 0
   K7-rev2h-01 MBT: trips 384 on 259 dates, max/day 2; close reasons {'strategy': 382, 'mll_liquidation': 2}; eligible window dates 259, traded 259, trips on non-eligible dates []; max/day <= 2: True; entry minutes not 10:31/12:31 {'10:32': 1}; exit minutes not 12:30/14:30 {'12:31': 2, '11:03': 1, '14:13': 1}; deviating trips [('2025-06-03', '10:31', '12:31', 'strategy', 120.0), ('2025-10-17', '10:31', '11:03', 'mll_liquidation', 32.0), ('2026-02-23', '10:31', '14:13', 'mll_liquidation', 222.0), ('2026-04-28', '10:32', '12:30', 'strategy', 118.0), ('2026-05-01', '10:31', '12:31', 'strategy', 120.0)]
      all trip dates in window: True; contracts all 1: True; locked trips 0
   K7-montrend-01 MBT: trips 466 on 44 dates, max/day 15; close reasons {'strategy': 466}; eligible window Mondays 44, traded 44, trips on non-eligible dates []; eligible Mondays without a trip []; entry minutes not hh:01 {'05:03': 1, '02:02': 1, '04:02': 2, '23:02': 2, '05:02': 3}; exit minutes not hh:00 {'05:02': 1, '21:01': 2, '00:01': 2, '02:01': 2, '04:01': 4, '12:01': 1, '00:02': 1, '05:01': 7, '01:01': 1, '06:01': 1, '23:01': 2, '07:01': 1, '22:01': 2, '19:01': 1, '23:02': 1}; max entries/day 15 <= 20
      all trip dates in window: True; contracts all 1: True; locked trips 0
== ITEM 5: program N
records with status run and a screen: 6 ['K7-cp1-01 MBT', 'K7-cp2-01 MBT', 'K7-cp3-01 MBT', 'K7-expiry-01 MBT', 'K7-rev2h-01 MBT', 'K7-montrend-01 MBT']; refused {}; excluded before screening: []; every record's member declared in the freeze: True; files 13; N = 150 + 6 = 156
== ITEM 6: MLL liquidations
K7-cp1-01 MBT: accounts_started-1 = 0, counter 0, liquidation-closed trips 0 on [] net [] cents; screen with those days set to 0: mean -7.4610 t -1.7897 passes False
K7-cp2-01 MBT: accounts_started-1 = 1, counter 1, liquidation-closed trips 1 on ['2026-02-03'] net ['-4848'] cents; screen with those days set to 0: mean -14.0126 t -1.3165 passes False
K7-cp3-01 MBT: accounts_started-1 = 0, counter 0, liquidation-closed trips 0 on [] net [] cents; screen with those days set to 0: mean -3.1197 t -0.2587 passes False
K7-expiry-01 MBT: accounts_started-1 = 0, counter 0, liquidation-closed trips 0 on [] net [] cents; screen with those days set to 0: mean 0.0000 t None passes False
K7-rev2h-01 MBT: accounts_started-1 = 2, counter 2, liquidation-closed trips 2 on ['2025-10-17', '2026-02-23'] net ['-12195', '-17938'] cents; screen with those days set to 0: mean -26.6457 t -2.1197 passes False
K7-montrend-01 MBT: accounts_started-1 = 0, counter 0, liquidation-closed trips 0 on [] net [] cents; screen with those days set to 0: mean -4.7260 t -0.4414 passes False
