== CRYPTO_FULL_SESSIONS
recomputed 1782; module 1782; equal=True
  only in module: []
  only in recomputed: []
  removed by the halt test alone (0): []
  removed by the F test alone (1): [('2024-07-03', '11:30:00')] module: ('2024-07-03',)
  removed by both (32): [('2019-05-27', '12:00:00', '11:30:00'), ('2019-07-03', '12:15:00', '11:45:00'), ('2019-07-04', '12:00:00', '11:30:00'), ('2019-09-02', '12:00:00', '11:30:00'), ('2019-11-28', '12:00:00', '11:30:00'), ('2019-11-29', '12:15:00', '11:45:00'), ('2019-12-24', '12:15:00', '11:45:00'), ('2020-01-20', '12:00:00', '11:30:00'), ('2020-02-17', '12:00:00', '11:30:00'), ('2020-05-25', '12:00:00', '11:30:00'), ('2020-07-03', '12:00:00', '11:30:00'), ('2020-09-07', '12:00:00', '11:30:00'), ('2020-11-26', '12:00:00', '11:30:00'), ('2020-11-27', '12:15:00', '11:45:00'), ('2020-12-24', '12:15:00', '11:45:00'), ('2021-01-18', '12:00:00', '11:30:00'), ('2021-02-15', '12:00:00', '11:30:00'), ('2021-04-02', '08:15:00', '07:45:00'), ('2021-05-31', '12:00:00', '11:30:00'), ('2021-07-05', '12:00:00', '11:30:00'), ('2021-09-06', '12:00:00', '11:30:00'), ('2021-11-25', '12:00:00', '11:30:00'), ('2021-11-26', '12:45:00', '11:45:00'), ('2022-11-25', '12:45:00', '11:45:00'), ('2023-04-07', '10:15:00', '07:45:00'), ('2023-11-24', '12:45:00', '11:45:00'), ('2024-11-29', '13:45:00', '11:45:00'), ('2024-12-24', '12:45:00', '11:45:00'), ('2025-07-04', '12:00:00', '11:30:00'), ('2025-11-28', '13:45:00', '11:45:00'), ('2025-12-24', '12:45:00', '11:45:00'), ('2026-04-03', '10:15:00', '08:00:00')]
  booked-forward dates (31), none in the table: True ['2022-01-17', '2022-02-21', '2022-05-30', '2022-06-20', '2022-07-04', '2022-09-05', '2022-11-24', '2023-01-16', '2023-02-20', '2023-05-29', '2023-06-19', '2023-07-04', '2023-09-04', '2023-11-23', '2024-01-15', '2024-02-19', '2024-05-27', '2024-06-19', '2024-07-04', '2024-09-02', '2024-11-28', '2025-01-20', '2025-02-17', '2025-05-26', '2025-06-19', '2025-09-01', '2025-11-27', '2026-01-19', '2026-02-16', '2026-05-25', '2026-06-19']
  research-window full sessions: 304
== VENDOR_DEGRADED
degraded UTC dates in the files 18, in coverage 17: ['2020-02-27', '2020-02-28', '2020-05-05', '2020-06-30', '2020-07-01', '2021-12-05', '2022-01-02', '2024-09-18', '2025-09-17', '2025-09-24', '2025-11-28', '2026-01-31', '2026-03-15', '2026-03-16', '2026-03-21', '2026-04-10', '2026-05-24']
ISO mapping (trade date == degraded UTC date): 11; module 11; equal=True
  only in module: []
  only in recomputed: []
  degraded UTC dates that are not trade dates: ['2021-12-05', '2022-01-02', '2026-01-31', '2026-03-15', '2026-03-21', '2026-05-24']
  research rows: ['2025-09-17', '2025-09-24', '2025-11-28', '2026-03-16', '2026-04-10'] e2a on_research_trade_dates equal: True
  ALTERNATIVE per-bar mapping (any bar on a degraded UTC date, build_bars.py:728): 20 trade dates
  per-bar-only (would be excluded under the per-bar reading, not under ISO): ['2020-05-06', '2020-07-02', '2021-12-06', '2022-01-03', '2024-09-19', '2025-09-18', '2025-09-25', '2026-03-17', '2026-05-26']
  ISO-only: []
  per UTC date -> trade dates: {'2020-02-27': ['2020-02-27', '2020-02-28'], '2020-02-28': ['2020-02-28'], '2020-05-05': ['2020-05-05', '2020-05-06'], '2020-06-30': ['2020-06-30', '2020-07-01'], '2020-07-01': ['2020-07-01', '2020-07-02'], '2021-12-05': ['2021-12-06'], '2022-01-02': ['2022-01-03'], '2024-09-18': ['2024-09-18', '2024-09-19'], '2025-09-17': ['2025-09-17', '2025-09-18'], '2025-09-24': ['2025-09-24', '2025-09-25'], '2025-11-28': ['2025-11-28'], '2026-01-31': [], '2026-03-15': ['2026-03-16'], '2026-03-16': ['2026-03-16', '2026-03-17'], '2026-03-21': [], '2026-04-10': ['2026-04-10'], '2026-05-24': ['2026-05-26']}
== MBTX
rule 'both' rows 62; 'either' rows 62
  both vs either differences: [(('2021-12-30', '10:00'), ('2021-12-31', '10:00')), (('2025-12-24', '10:00'), ('2025-12-26', '10:00'))]
  rows off the last Friday under 'both': [('2021-12-30', '10:00'), ('2024-03-28', '11:00'), ('2025-12-24', '10:00')]
  expected module rows (rule less R-1b-1 drops) 60; module 60; equal=True
  only in module: []
  only in recomputed: []
  11:00 rows: ['2022-03-25', '2024-03-28', '2025-03-28', '2025-10-31', '2026-03-27']
  research rows by the rule (14): [('2025-04-25', '10:00'), ('2025-05-30', '10:00'), ('2025-06-27', '10:00'), ('2025-07-25', '10:00'), ('2025-08-29', '10:00'), ('2025-09-26', '10:00'), ('2025-10-31', '11:00'), ('2025-11-28', '10:00'), ('2025-12-24', '10:00'), ('2026-01-30', '10:00'), ('2026-02-27', '10:00'), ('2026-03-27', '11:00'), ('2026-04-24', '10:00'), ('2026-05-29', '10:00')]
  Task 1b verdicts: {'2025-04-25': 'unverifiable', '2025-05-30': 'unverifiable', '2025-06-27': 'keep', '2025-07-25': 'unverifiable', '2025-08-29': 'unverifiable', '2025-09-26': 'keep', '2025-10-31': 'unverifiable', '2025-11-28': 'unverifiable', '2025-12-24': 'drop', '2026-01-30': 'unverifiable', '2026-02-27': 'unverifiable', '2026-03-27': 'keep', '2026-04-24': 'unverifiable', '2026-05-29': 'unverifiable', '2026-06-26': 'unverifiable'}
  unverifiable research rows 10 == module MBTX_UNVERIFIED: True
  keep rows: [('2025-06-27', '10:00'), ('2025-09-26', '10:00'), ('2026-03-27', '11:00')]
  T_exp mismatches (zoneinfo): []
  auditor US holidays 2021-2026 (count): 72
== ENTRY_DATES and the research-window effect
ENTRY_DATES 1772 == full - degraded: True
  research: full sessions 304 entry dates 300 removed by VENDOR_DEGRADED: ['2025-09-17', '2025-09-24', '2026-03-16', '2026-04-10']
  research Mondays that are trade dates 58 montrend trade days 57 removed: ['2026-03-16']
  research Mondays (calendar) 63 not trade dates: ['2025-05-26', '2025-09-01', '2026-01-19', '2026-02-16', '2026-05-25']
  expiry events total 54 research 12 ['2025-04-25', '2025-05-30', '2025-06-27', '2025-07-25', '2025-08-29', '2025-09-26', '2025-10-31', '2026-01-30', '2026-02-27', '2026-03-27', '2026-04-24', '2026-05-29']
  MBTX research rows not events: ['2025-11-28']
