.................................................F......F............... [ 34%]
........................................................................ [ 68%]
.................................................................        [100%]
=================================== FAILURES ===================================
_____________________ test_threshold_m_and_the_value_floor _____________________

    def test_threshold_m_and_the_value_floor() -> None:
>       assert threshold(_vals(*DIPS, zeros=1189)) is None  # n = 1,199
        ^^^^^^^^^^^^^^^^^^^^^^^^^^^^^^^^^^^^^^^^^^^^^^^^^^
E       assert (-5, 20000) is None
E        +  where (-5, 20000) = threshold([(-1, 20000), (-2, 20000), (-3, 20000), (-4, 20000), (-5, 20000), (-6, 20000), ...])
E        +    where [(-1, 20000), (-2, 20000), (-3, 20000), (-4, 20000), (-5, 20000), (-6, 20000), ...] = _vals(*(1, 2, 3, 4, 5, 6, ...), zeros=1189)

tests/test_k8_members_flight.py:330: AssertionError
_______________ test_member_n_1199_is_no_trade_and_n_1200_trades _______________

    def test_member_n_1199_is_no_trade_and_n_1200_trades() -> None:
        member = ready(values=[59] + [60] * 19)
>       assert entries(feed(member, DAY, dip_path({3: 50}))) == []
E       AssertionError: assert [(524, 'MGC', 'buy', 1)] == []
E         
E         Left contains one more item: (524, 'MGC', 'buy', 1)
E         Use -v to get more diff

tests/test_k8_members_flight.py:352: AssertionError
=========================== short test summary info ============================
FAILED tests/test_k8_members_flight.py::test_threshold_m_and_the_value_floor
FAILED tests/test_k8_members_flight.py::test_member_n_1199_is_no_trade_and_n_1200_trades
2 failed, 207 passed in 3.60s

[k8audit] installed mutant /home/kiros-li/Documents/GitHub/PropExperiment/reports/stage_e9_briefs/audit_k8/mutants/AF10.py as strategy.members.k8.flight
