.................................................F.F....F............... [ 34%]
........................................................................ [ 68%]
.................................................................        [100%]
=================================== FAILURES ===================================
_____________________ test_threshold_m_and_the_value_floor _____________________

    def test_threshold_m_and_the_value_floor() -> None:
        assert threshold(_vals(*DIPS, zeros=1189)) is None  # n = 1,199
>       assert threshold(_vals(*DIPS, zeros=1190)) == (-5, B)  # n = 1,200: m = 6
        ^^^^^^^^^^^^^^^^^^^^^^^^^^^^^^^^^^^^^^^^^^^^^^^^^^^^^
E       assert None == (-5, 20000)
E        +  where None = threshold([(-1, 20000), (-2, 20000), (-3, 20000), (-4, 20000), (-5, 20000), (-6, 20000), ...])
E        +    where [(-1, 20000), (-2, 20000), (-3, 20000), (-4, 20000), (-5, 20000), (-6, 20000), ...] = _vals(*(1, 2, 3, 4, 5, 6, ...), zeros=1190)

tests/test_k8_members_flight.py:331: AssertionError
_____________________ test_m_is_ceil_of_n_over_200[1200-6] _____________________

n = 1200, m = 6

    @pytest.mark.parametrize(("n", "m"), [(1200, 6), (1201, 7), (1400, 7), (1401, 8), (1540, 8)])
    def test_m_is_ceil_of_n_over_200(n: int, m: int) -> None:
        ladder = [(-(n - i), B) for i in range(n)]  # all distinct: the m-th smallest is -(n - m + 1)
>       assert threshold(ladder) == (-(n - m + 1), B)
E       assert None == (-1195, 20000)
E        +  where None = threshold([(-1200, 20000), (-1199, 20000), (-1198, 20000), (-1197, 20000), (-1196, 20000), (-1195, 20000), ...])

tests/test_k8_members_flight.py:347: AssertionError
_______________ test_member_n_1199_is_no_trade_and_n_1200_trades _______________

    def test_member_n_1199_is_no_trade_and_n_1200_trades() -> None:
        member = ready(values=[59] + [60] * 19)
        assert entries(feed(member, DAY, dip_path({3: 50}))) == []
        member = ready(values=60)  # n = 1,200: Q = -5/B
>       assert entries(feed(member, DAY, dip_path({3: 5}))) == buy_at(end_bar(3))
E       AssertionError: assert [] == [(524, 'MGC', 'buy', 1)]
E         
E         Right contains one more item: (524, 'MGC', 'buy', 1)
E         Use -v to get more diff

tests/test_k8_members_flight.py:354: AssertionError
=========================== short test summary info ============================
FAILED tests/test_k8_members_flight.py::test_threshold_m_and_the_value_floor
FAILED tests/test_k8_members_flight.py::test_m_is_ceil_of_n_over_200[1200-6]
FAILED tests/test_k8_members_flight.py::test_member_n_1199_is_no_trade_and_n_1200_trades
3 failed, 206 passed in 3.64s

[k8audit] installed mutant /home/kiros-li/Documents/GitHub/PropExperiment/reports/stage_e9_briefs/audit_k8/mutants/AF11.py as strategy.members.k8.flight
