.............................................F...FF.F.FF.FFF.......FF... [ 34%]
........................................................................ [ 68%]
.................................................................        [100%]
=================================== FAILURES ===================================
__________________ test_r_equal_to_q_in_another_form_triggers __________________

    def test_r_equal_to_q_in_another_form_triggers() -> None:
        """Q(d) = -3/B (n = 1,540); r_k = -6/(2B) on d is the same rational: the trigger fires."""
        member = ready()
        path = [B] * 2 + [2 * B] + [2 * B - 6] * 75  # r_2 = +1, r_3 = -6/2B, then 0
>       assert entries(feed(member, DAY, path)) == buy_at(end_bar(3))
E       AssertionError: assert [] == [(524, 'MGC', 'buy', 1)]
E         
E         Right contains one more item: (524, 'MGC', 'buy', 1)
E         Use -v to get more diff

tests/test_k8_members_flight.py:291: AssertionError
_____________________ test_threshold_m_and_the_value_floor _____________________

    def test_threshold_m_and_the_value_floor() -> None:
        assert threshold(_vals(*DIPS, zeros=1189)) is None  # n = 1,199
        assert threshold(_vals(*DIPS, zeros=1190)) == (-5, B)  # n = 1,200: m = 6
>       assert threshold(_vals(*DIPS, zeros=1191)) == (-4, B)  # n = 1,201: m = 7
        ^^^^^^^^^^^^^^^^^^^^^^^^^^^^^^^^^^^^^^^^^^^^^^^^^^^^^
E       assert (-5, 20000) == (-4, 20000)
E         
E         At index 0 diff: -5 != -4
E         Use -v to get more diff

tests/test_k8_members_flight.py:332: AssertionError
_______________________ test_threshold_counts_duplicates _______________________

    def test_threshold_counts_duplicates() -> None:
        values = _vals(10, 10, 9, 8, 7, 6, 5, 4, 3, 2, zeros=1530)  # n = 1,540, m = 8
>       assert threshold(values) == (-4, B)
E       assert (-5, 20000) == (-4, 20000)
E         
E         At index 0 diff: -5 != -4
E         Use -v to get more diff

tests/test_k8_members_flight.py:340: AssertionError
_____________________ test_m_is_ceil_of_n_over_200[1201-7] _____________________

n = 1201, m = 7

    @pytest.mark.parametrize(("n", "m"), [(1200, 6), (1201, 7), (1400, 7), (1401, 8), (1540, 8)])
    def test_m_is_ceil_of_n_over_200(n: int, m: int) -> None:
        ladder = [(-(n - i), B) for i in range(n)]  # all distinct: the m-th smallest is -(n - m + 1)
>       assert threshold(ladder) == (-(n - m + 1), B)
E       assert (-1196, 20000) == (-1195, 20000)
E         
E         At index 0 diff: -1196 != -1195
E         Use -v to get more diff

tests/test_k8_members_flight.py:347: AssertionError
_____________________ test_m_is_ceil_of_n_over_200[1401-8] _____________________

n = 1401, m = 8

    @pytest.mark.parametrize(("n", "m"), [(1200, 6), (1201, 7), (1400, 7), (1401, 8), (1540, 8)])
    def test_m_is_ceil_of_n_over_200(n: int, m: int) -> None:
        ladder = [(-(n - i), B) for i in range(n)]  # all distinct: the m-th smallest is -(n - m + 1)
>       assert threshold(ladder) == (-(n - m + 1), B)
E       assert (-1395, 20000) == (-1394, 20000)
E         
E         At index 0 diff: -1395 != -1394
E         Use -v to get more diff

tests/test_k8_members_flight.py:347: AssertionError
_____________________ test_m_is_ceil_of_n_over_200[1540-8] _____________________

n = 1540, m = 8

    @pytest.mark.parametrize(("n", "m"), [(1200, 6), (1201, 7), (1400, 7), (1401, 8), (1540, 8)])
    def test_m_is_ceil_of_n_over_200(n: int, m: int) -> None:
        ladder = [(-(n - i), B) for i in range(n)]  # all distinct: the m-th smallest is -(n - m + 1)
>       assert threshold(ladder) == (-(n - m + 1), B)
E       assert (-1534, 20000) == (-1533, 20000)
E         
E         At index 0 diff: -1534 != -1533
E         Use -v to get more diff

tests/test_k8_members_flight.py:347: AssertionError
________________________ test_member_m_at_1201_and_1540 ________________________

    def test_member_m_at_1201_and_1540() -> None:
        member = ready(values=[61] + [60] * 19)  # n = 1,201: m = 7, Q = -4/B
>       assert entries(feed(member, DAY, dip_path({3: 4}))) == buy_at(end_bar(3))
E       AssertionError: assert [] == [(524, 'MGC', 'buy', 1)]
E         
E         Right contains one more item: (524, 'MGC', 'buy', 1)
E         Use -v to get more diff

tests/test_k8_members_flight.py:361: AssertionError
________________ test_member_counts_duplicate_reference_values _________________

    def test_member_counts_duplicate_reference_values() -> None:
        dips = (10, 10, 9, 8, 7, 6, 5, 4, 3, 2)  # n = 1,540, m = 8: Q = -4/B (not -3/B)
        member = ready(dips=dips)
>       assert entries(feed(member, DAY, dip_path({3: 4}))) == buy_at(end_bar(3))
E       AssertionError: assert [] == [(524, 'MGC', 'buy', 1)]
E         
E         Right contains one more item: (524, 'MGC', 'buy', 1)
E         Use -v to get more diff

tests/test_k8_members_flight.py:373: AssertionError
_____________ test_undefined_reference_computations_are_not_values _____________

    def test_undefined_reference_computations_are_not_values() -> None:
        """n = 19 x 77 = 1,463, m = 8: Q = -3/B from the dips -10..-2; counting the undefined -50/B
        would give -4/B."""
>       assert entries(feed(_undefined_first_reference(), DAY, dip_path({3: 3}))) == buy_at(end_bar(3))
E       AssertionError: assert [] == [(524, 'MGC', 'buy', 1)]
E         
E         Right contains one more item: (524, 'MGC', 'buy', 1)
E         Use -v to get more diff

tests/test_k8_members_flight.py:392: AssertionError
___________ test_a_non_full_date_is_skipped_as_a_reference_and_as_d ____________

    def test_a_non_full_date_is_skipped_as_a_reference_and_as_d() -> None:
        """2025-11-28 (early halt) is not in FLIGHT_DATES: its values never enter Q(2025-12-01)
        (a -50/B dip there would move Q from -3/B to -4/B) and it never trades itself, although its
        reference set (the same 20 dates as 2025-12-01's) would give Q = -3/B."""
        d, halt = date(2025, 12, 1), date(2025, 11, 28)
        member = flight.make_h30()
        prepare(member, d)
        assert entries(feed(member, halt, dip_path({3: 50, 20: 3}))) == []
>       assert entries(feed(member, d, dip_path({3: 3}))) == buy_at(end_bar(3))
E       AssertionError: assert [] == [(524, 'MGC', 'buy', 1)]
E         
E         Right contains one more item: (524, 'MGC', 'buy', 1)
E         Use -v to get more diff

tests/test_k8_members_flight.py:475: AssertionError
__________________ test_values_of_d_itself_never_enter_q_of_d __________________

monkeypatch = <_pytest.monkeypatch.MonkeyPatch object at 0x7ea766c8e690>

    def test_values_of_d_itself_never_enter_q_of_d(monkeypatch: pytest.MonkeyPatch) -> None:
        """Q(d) is fixed before d's 08:30: a -60/B value at k = 1 on d (its trigger skipped by a
        guard at 08:35) would move Q from -3/B to -4/B if it counted; x = 3 at k = 3 still enters."""
        monkeypatch.setitem(rel.GUARD_INSTANTS, "MGC", (ns_at(DAY, hm(8, 35)) // NS,))
        member = ready()
>       assert entries(feed(member, DAY, dip_path({1: 60, 3: 3}))) == buy_at(end_bar(3))
E       AssertionError: assert [] == [(524, 'MGC', 'buy', 1)]
E         
E         Right contains one more item: (524, 'MGC', 'buy', 1)
E         Use -v to get more diff

tests/test_k8_members_flight.py:483: AssertionError
=========================== short test summary info ============================
FAILED tests/test_k8_members_flight.py::test_r_equal_to_q_in_another_form_triggers
FAILED tests/test_k8_members_flight.py::test_threshold_m_and_the_value_floor
FAILED tests/test_k8_members_flight.py::test_threshold_counts_duplicates - as...
FAILED tests/test_k8_members_flight.py::test_m_is_ceil_of_n_over_200[1201-7]
FAILED tests/test_k8_members_flight.py::test_m_is_ceil_of_n_over_200[1401-8]
FAILED tests/test_k8_members_flight.py::test_m_is_ceil_of_n_over_200[1540-8]
FAILED tests/test_k8_members_flight.py::test_member_m_at_1201_and_1540 - Asse...
FAILED tests/test_k8_members_flight.py::test_member_counts_duplicate_reference_values
FAILED tests/test_k8_members_flight.py::test_undefined_reference_computations_are_not_values
FAILED tests/test_k8_members_flight.py::test_a_non_full_date_is_skipped_as_a_reference_and_as_d
FAILED tests/test_k8_members_flight.py::test_values_of_d_itself_never_enter_q_of_d
11 failed, 198 passed in 3.57s

[k8audit] installed mutant /home/kiros-li/Documents/GitHub/PropExperiment/reports/stage_e9_briefs/audit_k8/mutants/AF13.py as strategy.members.k8.flight
