........................................................................ [ 34%]
.........FF............................................................. [ 68%]
.................................................................        [100%]
=================================== FAILURES ===================================
__________ test_a_missing_entry_bar_at_the_first_trigger_ends_the_day __________

    def test_a_missing_entry_bar_at_the_first_trigger_ends_the_day() -> None:
        member = ready()
>       assert entries(feed(member, DAY, dip_path({3: 5, 10: 5}), mgc_skip={3})) == []
E       AssertionError: assert [(559, 'MGC', 'buy', 1)] == []
E         
E         Left contains one more item: (559, 'MGC', 'buy', 1)
E         Use -v to get more diff

tests/test_k8_members_flight_exits.py:163: AssertionError
__________ test_an_entry_bar_of_another_trade_date_counts_as_missing ___________

    def test_an_entry_bar_of_another_trade_date_counts_as_missing() -> None:
        member = ready()
        nxt = date(2025, 6, 18)
        feed(member, DAY, dip_path(n_values=2))
        got = call(member, DAY, end_bar(3), mes_bar=mes(DAY, end_bar(3), 20000 - 5),
                   mgc_bar=mgc(DAY, end_bar(3), trade_date=nxt))
        assert got == []
        rest = {i: c for i, c in enumerate(dip_path({10: 5})) if i >= 4}
        for i, close in rest.items():
>           assert call(member, DAY, end_bar(i), mes_bar=mes(DAY, end_bar(i), close),
                        mgc_bar=mgc(DAY, end_bar(i))) == []
E           AssertionError: assert [LegIntent(ro...tl_bars=None)] == []
E             
E             Left contains one more item: LegIntent(root='MGC', side='buy', quantity=1, ts_utc=datetime.datetime(2025, 6, 17, 14, 20, tzinfo=datetime.timezone.utc), limit_price=None, ttl_bars=None)
E             Use -v to get more diff

tests/test_k8_members_flight_exits.py:175: AssertionError
=========================== short test summary info ============================
FAILED tests/test_k8_members_flight_exits.py::test_a_missing_entry_bar_at_the_first_trigger_ends_the_day
FAILED tests/test_k8_members_flight_exits.py::test_an_entry_bar_of_another_trade_date_counts_as_missing
2 failed, 207 passed in 3.66s

[k8audit] installed mutant /home/kiros-li/Documents/GitHub/PropExperiment/reports/stage_e9_briefs/audit_k8/mutants/AF33.py as strategy.members.k8.flight
