........................................................................ [ 34%]
..........F............................................................. [ 68%]
.................................................................        [100%]
=================================== FAILURES ===================================
__________ test_an_entry_bar_of_another_trade_date_counts_as_missing ___________

    def test_an_entry_bar_of_another_trade_date_counts_as_missing() -> None:
        member = ready()
        nxt = date(2025, 6, 18)
        feed(member, DAY, dip_path(n_values=2))
        got = call(member, DAY, end_bar(3), mes_bar=mes(DAY, end_bar(3), 20000 - 5),
                   mgc_bar=mgc(DAY, end_bar(3), trade_date=nxt))
>       assert got == []
E       AssertionError: assert [LegIntent(ro...tl_bars=None)] == []
E         
E         Left contains one more item: LegIntent(root='MGC', side='buy', quantity=1, ts_utc=datetime.datetime(2025, 6, 17, 13, 45, tzinfo=datetime.timezone.utc), limit_price=None, ttl_bars=None)
E         Use -v to get more diff

tests/test_k8_members_flight_exits.py:172: AssertionError
=========================== short test summary info ============================
FAILED tests/test_k8_members_flight_exits.py::test_an_entry_bar_of_another_trade_date_counts_as_missing
1 failed, 208 passed in 3.62s

[k8audit] installed mutant /home/kiros-li/Documents/GitHub/PropExperiment/reports/stage_e9_briefs/audit_k8/mutants/AF34.py as strategy.members.k8.flight
