.....................................................................FF. [ 34%]
..F...FF.FF............................................................. [ 68%]
.................................................................        [100%]
=================================== FAILURES ===================================
__________ test_only_the_first_trigger_of_d_enters_even_when_refused ___________

    def test_only_the_first_trigger_of_d_enters_even_when_refused() -> None:
        member = ready()  # the account stays flat: the engine refused the first intent
>       assert entries(feed(member, DAY, dip_path({3: 5, 10: 5, 40: 9}))) == buy_at(end_bar(3))
E       AssertionError: assert [(524, 'MGC',...C', 'buy', 1)] == [(524, 'MGC', 'buy', 1)]
E         
E         Left contains 2 more items, first extra item: (559, 'MGC', 'buy', 1)
E         Use -v to get more diff

tests/test_k8_members_flight_exits.py:86: AssertionError
_______ test_a_second_trigger_while_long_and_after_the_exit_does_nothing _______

    def test_a_second_trigger_while_long_and_after_the_exit_does_nothing() -> None:
        member = ready()
        enter(member, 3)
        out = hold(member, hm(8, 45), hm(9, 20), pending={hm(9, 15): -1})
        assert sells(out) == [hm(9, 14), hm(9, 16), hm(9, 17), hm(9, 18), hm(9, 19), hm(9, 20)]
        later = {i: c for i, c in enumerate(dip_path({60: 9})) if i >= 50}
        for i, close in later.items():  # flat again, a deep dip at k = 60: no second entry
            got = call(member, DAY, end_bar(i), mes_bar=mes(DAY, end_bar(i), close),
                       mgc_bar=mgc(DAY, end_bar(i)))
>           assert got == []
E           AssertionError: assert [LegIntent(ro...tl_bars=None)] == []
E             
E             Left contains one more item: LegIntent(root='MGC', side='buy', quantity=1, ts_utc=datetime.datetime(2025, 6, 17, 18, 30, tzinfo=datetime.timezone.utc), limit_price=None, ttl_bars=None)
E             Use -v to get more diff

tests/test_k8_members_flight_exits.py:98: AssertionError
________________ test_a_1300_trigger_on_a_non_fomc_date_enters _________________

    def test_a_1300_trigger_on_a_non_fomc_date_enters() -> None:
        member = ready()
>       assert entries(feed(member, DAY, dip_path({54: 5, 55: 10}))) == buy_at(hm(12, 59))
E       AssertionError: assert [(779, 'MGC',...C', 'buy', 1)] == [(779, 'MGC', 'buy', 1)]
E         
E         Left contains one more item: (784, 'MGC', 'buy', 1)
E         Use -v to get more diff

tests/test_k8_members_flight_exits.py:128: AssertionError
____ test_c6_tests_the_fill_minute_t_k_against_r_and_r_plus_2_min[658-True] ____

monkeypatch = <_pytest.monkeypatch.MonkeyPatch object at 0x7f396b24da60>
guard_minute = 658, entered = True

    @pytest.mark.parametrize(("guard_minute", "entered"), [
        (hm(10, 59), False),  # t = 11:00 in [10:59, 11:01)
        (hm(11, 0), False),  # t = R
        (hm(10, 58), True),  # t = R + 120 s: not guarded
        (hm(11, 1), True),  # t < R
    ])
    def test_c6_tests_the_fill_minute_t_k_against_r_and_r_plus_2_min(
            monkeypatch: pytest.MonkeyPatch, guard_minute: int, entered: bool) -> None:
        """k = 30: decision t = 11:00, the entry bar 10:59. A guard [R, R + 2 min) holding 11:00
        skips the trigger; the 11:05 trigger then enters."""
        guard_at(monkeypatch, DAY, guard_minute)
        member = ready()
        out = feed(member, DAY, dip_path({30: 5, 31: 10}))
>       assert entries(out) == buy_at(hm(10, 59) if entered else hm(11, 4))
E       AssertionError: assert [(659, 'MGC',...C', 'buy', 1)] == [(659, 'MGC', 'buy', 1)]
E         
E         Left contains one more item: (664, 'MGC', 'buy', 1)
E         Use -v to get more diff

tests/test_k8_members_flight_exits.py:150: AssertionError
____ test_c6_tests_the_fill_minute_t_k_against_r_and_r_plus_2_min[661-True] ____

monkeypatch = <_pytest.monkeypatch.MonkeyPatch object at 0x7f396b4b6690>
guard_minute = 661, entered = True

    @pytest.mark.parametrize(("guard_minute", "entered"), [
        (hm(10, 59), False),  # t = 11:00 in [10:59, 11:01)
        (hm(11, 0), False),  # t = R
        (hm(10, 58), True),  # t = R + 120 s: not guarded
        (hm(11, 1), True),  # t < R
    ])
    def test_c6_tests_the_fill_minute_t_k_against_r_and_r_plus_2_min(
            monkeypatch: pytest.MonkeyPatch, guard_minute: int, entered: bool) -> None:
        """k = 30: decision t = 11:00, the entry bar 10:59. A guard [R, R + 2 min) holding 11:00
        skips the trigger; the 11:05 trigger then enters."""
        guard_at(monkeypatch, DAY, guard_minute)
        member = ready()
        out = feed(member, DAY, dip_path({30: 5, 31: 10}))
>       assert entries(out) == buy_at(hm(10, 59) if entered else hm(11, 4))
E       AssertionError: assert [(659, 'MGC',...C', 'buy', 1)] == [(659, 'MGC', 'buy', 1)]
E         
E         Left contains one more item: (664, 'MGC', 'buy', 1)
E         Use -v to get more diff

tests/test_k8_members_flight_exits.py:150: AssertionError
__________ test_a_missing_entry_bar_at_the_first_trigger_ends_the_day __________

    def test_a_missing_entry_bar_at_the_first_trigger_ends_the_day() -> None:
        member = ready()
>       assert entries(feed(member, DAY, dip_path({3: 5, 10: 5}), mgc_skip={3})) == []
E       AssertionError: assert [(559, 'MGC', 'buy', 1)] == []
E         
E         Left contains one more item: (559, 'MGC', 'buy', 1)
E         Use -v to get more diff

tests/test_k8_members_flight_exits.py:163: AssertionError
__________ test_an_entry_bar_of_another_trade_date_counts_as_missing ___________

    def test_an_entry_bar_of_another_trade_date_counts_as_missing() -> None:
        member = ready()
        nxt = date(2025, 6, 18)
        feed(member, DAY, dip_path(n_values=2))
        got = call(member, DAY, end_bar(3), mes_bar=mes(DAY, end_bar(3), 20000 - 5),
                   mgc_bar=mgc(DAY, end_bar(3), trade_date=nxt))
        assert got == []
        rest = {i: c for i, c in enumerate(dip_path({10: 5})) if i >= 4}
        for i, close in rest.items():
>           assert call(member, DAY, end_bar(i), mes_bar=mes(DAY, end_bar(i), close),
                        mgc_bar=mgc(DAY, end_bar(i))) == []
E           AssertionError: assert [LegIntent(ro...tl_bars=None)] == []
E             
E             Left contains one more item: LegIntent(root='MGC', side='buy', quantity=1, ts_utc=datetime.datetime(2025, 6, 17, 14, 20, tzinfo=datetime.timezone.utc), limit_price=None, ttl_bars=None)
E             Use -v to get more diff

tests/test_k8_members_flight_exits.py:175: AssertionError
=========================== short test summary info ============================
FAILED tests/test_k8_members_flight_exits.py::test_only_the_first_trigger_of_d_enters_even_when_refused
FAILED tests/test_k8_members_flight_exits.py::test_a_second_trigger_while_long_and_after_the_exit_does_nothing
FAILED tests/test_k8_members_flight_exits.py::test_a_1300_trigger_on_a_non_fomc_date_enters
FAILED tests/test_k8_members_flight_exits.py::test_c6_tests_the_fill_minute_t_k_against_r_and_r_plus_2_min[658-True]
FAILED tests/test_k8_members_flight_exits.py::test_c6_tests_the_fill_minute_t_k_against_r_and_r_plus_2_min[661-True]
FAILED tests/test_k8_members_flight_exits.py::test_a_missing_entry_bar_at_the_first_trigger_ends_the_day
FAILED tests/test_k8_members_flight_exits.py::test_an_entry_bar_of_another_trade_date_counts_as_missing
7 failed, 202 passed in 3.66s

[k8audit] installed mutant /home/kiros-li/Documents/GitHub/PropExperiment/reports/stage_e9_briefs/audit_k8/mutants/AF38.py as strategy.members.k8.flight
