...................................F.................................... [ 34%]
........................................................................ [ 68%]
.................................................................        [100%]
=================================== FAILURES ===================================
_________________ test_trading_windows_are_the_s0_12_intervals _________________

    def test_trading_windows_are_the_s0_12_intervals() -> None:
        for m in (flight.make_h30(), flight.make_heod()):
>           assert m.trading_windows == {"MGC": (TradingInterval(time(8, 34), time(15, 6)),),
                                         "MES": (TradingInterval(time(8, 29), time(14, 55)),)}
E           AssertionError: assert {'MGC': (Trad...set_days=0),)} == {'MGC': (Trad...set_days=0),)}
E             
E             Omitting 1 identical items, use -vv to show
E             Differing items:
E             {'MGC': (TradingInterval(start_ct=datetime.time(8, 34), end_ct=datetime.time(15, 5), start_offset_days=0, end_offset_days=0),)} != {'MGC': (TradingInterval(start_ct=datetime.time(8, 34), end_ct=datetime.time(15, 6), start_offset_days=0, end_offset_days=0),)}
E             Use -v to get more diff

tests/test_k8_members_flight.py:194: AssertionError
=========================== short test summary info ============================
FAILED tests/test_k8_members_flight.py::test_trading_windows_are_the_s0_12_intervals
1 failed, 208 passed in 3.66s

[k8audit] installed mutant /home/kiros-li/Documents/GitHub/PropExperiment/reports/stage_e9_briefs/audit_k8/mutants/AF52.py as strategy.members.k8.flight
