....................................................................F... [ 34%]
....FF..F............................................................... [ 68%]
.................................................................        [100%]
=================================== FAILURES ===================================
__________________ test_values_of_d_itself_never_enter_q_of_d __________________

monkeypatch = <_pytest.monkeypatch.MonkeyPatch object at 0x7b7d4f1bdd90>

    def test_values_of_d_itself_never_enter_q_of_d(monkeypatch: pytest.MonkeyPatch) -> None:
        """Q(d) is fixed before d's 08:30: a -60/B value at k = 1 on d (its trigger skipped by a
        guard at 08:35) would move Q from -3/B to -4/B if it counted; x = 3 at k = 3 still enters."""
        monkeypatch.setitem(rel.GUARD_INSTANTS, "MGC", (ns_at(DAY, hm(8, 35)) // NS,))
        member = ready()
>       assert entries(feed(member, DAY, dip_path({1: 60, 3: 3}))) == buy_at(end_bar(3))
E       AssertionError: assert [(514, 'MGC', 'buy', 1)] == [(524, 'MGC', 'buy', 1)]
E         
E         At index 0 diff: (514, 'MGC', 'buy', 1) != (524, 'MGC', 'buy', 1)
E         Use -v to get more diff

tests/test_k8_members_flight.py:483: AssertionError
___ test_c6_tests_the_fill_minute_t_k_against_r_and_r_plus_2_min[659-False] ____

monkeypatch = <_pytest.monkeypatch.MonkeyPatch object at 0x7b7d54297e60>
guard_minute = 659, entered = False

    @pytest.mark.parametrize(("guard_minute", "entered"), [
        (hm(10, 59), False),  # t = 11:00 in [10:59, 11:01)
        (hm(11, 0), False),  # t = R
        (hm(10, 58), True),  # t = R + 120 s: not guarded
        (hm(11, 1), True),  # t < R
    ])
    def test_c6_tests_the_fill_minute_t_k_against_r_and_r_plus_2_min(
            monkeypatch: pytest.MonkeyPatch, guard_minute: int, entered: bool) -> None:
        """k = 30: decision t = 11:00, the entry bar 10:59. A guard [R, R + 2 min) holding 11:00
        skips the trigger; the 11:05 trigger then enters."""
        guard_at(monkeypatch, DAY, guard_minute)
        member = ready()
        out = feed(member, DAY, dip_path({30: 5, 31: 10}))
>       assert entries(out) == buy_at(hm(10, 59) if entered else hm(11, 4))
E       AssertionError: assert [(659, 'MGC', 'buy', 1)] == [(664, 'MGC', 'buy', 1)]
E         
E         At index 0 diff: (659, 'MGC', 'buy', 1) != (664, 'MGC', 'buy', 1)
E         Use -v to get more diff

tests/test_k8_members_flight_exits.py:150: AssertionError
___ test_c6_tests_the_fill_minute_t_k_against_r_and_r_plus_2_min[660-False] ____

monkeypatch = <_pytest.monkeypatch.MonkeyPatch object at 0x7b7d4f190620>
guard_minute = 660, entered = False

    @pytest.mark.parametrize(("guard_minute", "entered"), [
        (hm(10, 59), False),  # t = 11:00 in [10:59, 11:01)
        (hm(11, 0), False),  # t = R
        (hm(10, 58), True),  # t = R + 120 s: not guarded
        (hm(11, 1), True),  # t < R
    ])
    def test_c6_tests_the_fill_minute_t_k_against_r_and_r_plus_2_min(
            monkeypatch: pytest.MonkeyPatch, guard_minute: int, entered: bool) -> None:
        """k = 30: decision t = 11:00, the entry bar 10:59. A guard [R, R + 2 min) holding 11:00
        skips the trigger; the 11:05 trigger then enters."""
        guard_at(monkeypatch, DAY, guard_minute)
        member = ready()
        out = feed(member, DAY, dip_path({30: 5, 31: 10}))
>       assert entries(out) == buy_at(hm(10, 59) if entered else hm(11, 4))
E       AssertionError: assert [(659, 'MGC', 'buy', 1)] == [(664, 'MGC', 'buy', 1)]
E         
E         At index 0 diff: (659, 'MGC', 'buy', 1) != (664, 'MGC', 'buy', 1)
E         Use -v to get more diff

tests/test_k8_members_flight_exits.py:150: AssertionError
_________________ test_c6_reads_the_traded_roots_instants_only _________________

monkeypatch = <_pytest.monkeypatch.MonkeyPatch object at 0x7b7d4f1bd430>

    def test_c6_reads_the_traded_roots_instants_only(monkeypatch: pytest.MonkeyPatch) -> None:
        for root in ("6C", "MNQ"):
            monkeypatch.setitem(rel.GUARD_INSTANTS, root, (ns_at(DAY, hm(11, 0)) // NS,))
        member = ready()
>       assert entries(feed(member, DAY, dip_path({30: 5}))) == buy_at(hm(10, 59))
E       AssertionError: assert [] == [(659, 'MGC', 'buy', 1)]
E         
E         Right contains one more item: (659, 'MGC', 'buy', 1)
E         Use -v to get more diff

tests/test_k8_members_flight_exits.py:157: AssertionError
=========================== short test summary info ============================
FAILED tests/test_k8_members_flight.py::test_values_of_d_itself_never_enter_q_of_d
FAILED tests/test_k8_members_flight_exits.py::test_c6_tests_the_fill_minute_t_k_against_r_and_r_plus_2_min[659-False]
FAILED tests/test_k8_members_flight_exits.py::test_c6_tests_the_fill_minute_t_k_against_r_and_r_plus_2_min[660-False]
FAILED tests/test_k8_members_flight_exits.py::test_c6_reads_the_traded_roots_instants_only
4 failed, 205 passed in 8.60s

[k8audit] installed mutant /home/kiros-li/Documents/GitHub/PropExperiment/reports/stage_e9_briefs/audit_k8/mutants/AF54.py as strategy.members.k8.flight
