........................................................................ [ 34%]
........................................................................ [ 68%]
........FF.......................................................        [100%]
=================================== FAILURES ===================================
________ test_no_entry_while_a_position_or_a_pending_order_exists[0-1] _________

position = 0, pending = 1

    @pytest.mark.parametrize("position,pending", [(1, 0), (-1, 0), (0, 1), (0, -1)])
    def test_no_entry_while_a_position_or_a_pending_order_exists(position: int, pending: int
                                                                ) -> None:
        acct = _acct_from(ns_at(DAY, hm(9, 4)), position=0, pending=pending)
        if position:  # a position seen first at 09:04 (T_e = 09:04): no entry, and no exit yet
            acct = _acct_from(ns_at(DAY, hm(9, 4)), position=position)
        out = entries(DAY, {"09:05": 2}, acct=acct, cad_to=hm(9, 10))
>       assert out == []
E       AssertionError: assert [('09:04', 'buy')] == []
E         
E         Left contains one more item: ('09:04', 'buy')
E         Use -v to get more diff

tests/test_k8_members_oilcad.py:651: AssertionError
________ test_no_entry_while_a_position_or_a_pending_order_exists[0--1] ________

position = 0, pending = -1

    @pytest.mark.parametrize("position,pending", [(1, 0), (-1, 0), (0, 1), (0, -1)])
    def test_no_entry_while_a_position_or_a_pending_order_exists(position: int, pending: int
                                                                ) -> None:
        acct = _acct_from(ns_at(DAY, hm(9, 4)), position=0, pending=pending)
        if position:  # a position seen first at 09:04 (T_e = 09:04): no entry, and no exit yet
            acct = _acct_from(ns_at(DAY, hm(9, 4)), position=position)
        out = entries(DAY, {"09:05": 2}, acct=acct, cad_to=hm(9, 10))
>       assert out == []
E       AssertionError: assert [('09:04', 'buy')] == []
E         
E         Left contains one more item: ('09:04', 'buy')
E         Use -v to get more diff

tests/test_k8_members_oilcad.py:651: AssertionError
=========================== short test summary info ============================
FAILED tests/test_k8_members_oilcad.py::test_no_entry_while_a_position_or_a_pending_order_exists[0-1]
FAILED tests/test_k8_members_oilcad.py::test_no_entry_while_a_position_or_a_pending_order_exists[0--1]
2 failed, 207 passed in 3.65s

[k8audit] installed mutant /home/kiros-li/Documents/GitHub/PropExperiment/reports/stage_e9_briefs/audit_k8/mutants/AO29.py as strategy.members.k8.oilcad
