........................................................................ [ 34%]
.........................................F.............................. [ 68%]
.................................................................        [100%]
=================================== FAILURES ===================================
________________________ test_trading_windows_are_s0_12 ________________________

    def test_trading_windows_are_s0_12() -> None:
>       assert mk().trading_windows == {
            "6C": (TradingInterval(time(8, 4), time(13, 41)),),
            "MCL": (TradingInterval(time(7, 59), time(13, 25)),),
        }
E       AssertionError: assert {'6C': (Tradi...set_days=0),)} == {'6C': (Tradi...set_days=0),)}
E         
E         Omitting 1 identical items, use -vv to show
E         Differing items:
E         {'6C': (TradingInterval(start_ct=datetime.time(8, 4), end_ct=datetime.time(13, 40), start_offset_days=0, end_offset_days=0),)} != {'6C': (TradingInterval(start_ct=datetime.time(8, 4), end_ct=datetime.time(13, 41), start_offset_days=0, end_offset_days=0),)}
E         Use -v to get more diff

tests/test_k8_members_oilcad.py:334: AssertionError
=========================== short test summary info ============================
FAILED tests/test_k8_members_oilcad.py::test_trading_windows_are_s0_12 - Asse...
1 failed, 208 passed in 3.65s

[k8audit] installed mutant /home/kiros-li/Documents/GitHub/PropExperiment/reports/stage_e9_briefs/audit_k8/mutants/AO41.py as strategy.members.k8.oilcad
