........................................................................ [ 34%]
........................................................................ [ 68%]
F..FF............................................................        [100%]
=================================== FAILURES ===================================
__________ test_c6_skips_09_30_on_a_standard_wpsr_date_and_not_09_35 ___________

    def test_c6_skips_09_30_on_a_standard_wpsr_date_and_not_09_35() -> None:
>       assert entries(WPSR_DAY, {"09:30": 2, "09:35": 2}) == [("09:34", "buy")]
E       AssertionError: assert [('09:29', 'b...9:34', 'buy')] == [('09:34', 'buy')]
E         
E         At index 0 diff: ('09:29', 'buy') != ('09:34', 'buy')
E         Left contains one more item: ('09:34', 'buy')
E         Use -v to get more diff

tests/test_k8_members_oilcad.py:601: AssertionError
_ test_c6_skips_11_00_on_holiday_week_wpsr_dates_including_the_e4_dropped_row __

    def test_c6_skips_11_00_on_holiday_week_wpsr_dates_including_the_e4_dropped_row() -> None:
>       assert entries(HOLIDAY_WPSR_DAY, {"11:00": 2, "11:05": 2}) == [("11:04", "buy")]
E       AssertionError: assert [('10:59', 'b...1:04', 'buy')] == [('11:04', 'buy')]
E         
E         At index 0 diff: ('10:59', 'buy') != ('11:04', 'buy')
E         Left contains one more item: ('11:04', 'buy')
E         Use -v to get more diff

tests/test_k8_members_oilcad.py:613: AssertionError
________________ test_c6_tests_the_fill_minute_t_on_the_6c_root ________________

monkeypatch = <_pytest.monkeypatch.MonkeyPatch object at 0x7a887dbe8f50>

    def test_c6_tests_the_fill_minute_t_on_the_6c_root(monkeypatch: pytest.MonkeyPatch) -> None:
        calls: list[tuple[str, int]] = []
    
        def spy(root: str, t_ns: int) -> bool:
            calls.append((root, t_ns))
            return False
    
        monkeypatch.setattr(oilcad, "in_guard", spy)
        assert entries(DAY, {"09:05": 2}) == [("09:04", "buy")]
>       assert calls == [("6C", ns_at(DAY, hm(9, 5)))]
E       AssertionError: assert [('MGC', 1751983500000000000)] == [('6C', 1751983500000000000)]
E         
E         At index 0 diff: ('MGC', 1751983500000000000) != ('6C', 1751983500000000000)
E         Use -v to get more diff

tests/test_k8_members_oilcad.py:626: AssertionError
=========================== short test summary info ============================
FAILED tests/test_k8_members_oilcad.py::test_c6_skips_09_30_on_a_standard_wpsr_date_and_not_09_35
FAILED tests/test_k8_members_oilcad.py::test_c6_skips_11_00_on_holiday_week_wpsr_dates_including_the_e4_dropped_row
FAILED tests/test_k8_members_oilcad.py::test_c6_tests_the_fill_minute_t_on_the_6c_root
3 failed, 206 passed in 7.00s

[k8audit] installed mutant /home/kiros-li/Documents/GitHub/PropExperiment/reports/stage_e9_briefs/audit_k8/mutants/AO44.py as strategy.members.k8.oilcad
