........................................................................ [ 34%]
........................................................................ [ 68%]
.................................F.F.............................        [100%]
=================================== FAILURES ===================================
___________________________ test_g_zero_is_no_trade ____________________________

    def test_g_zero_is_no_trade() -> None:
>       assert entries(week(MON, 4, 4)) == []
E       AssertionError: assert [(datetime.da...7:59', 'buy')] == []
E         
E         Left contains one more item: (datetime.date(2025, 6, 1), '17:59', 'buy')
E         Use -v to get more diff

tests/test_k8_members_wkndbtc.py:175: AssertionError
_______________ test_side_of_is_the_sign_of_the_tick_difference ________________

    def test_side_of_is_the_sign_of_the_tick_difference() -> None:
        assert wkndbtc.side_of(1) == "buy" and wkndbtc.side_of(-1) == "sell"
>       assert wkndbtc.side_of(0) is None
E       AssertionError: assert 'buy' is None
E        +  where 'buy' = <function side_of at 0x7caa6be05da0>(0)
E        +    where <function side_of at 0x7caa6be05da0> = wkndbtc.side_of

tests/test_k8_members_wkndbtc.py:185: AssertionError
=========================== short test summary info ============================
FAILED tests/test_k8_members_wkndbtc.py::test_g_zero_is_no_trade - AssertionE...
FAILED tests/test_k8_members_wkndbtc.py::test_side_of_is_the_sign_of_the_tick_difference
2 failed, 207 passed in 3.74s

[k8audit] installed mutant /home/kiros-li/Documents/GitHub/PropExperiment/reports/stage_e9_briefs/audit_k8/mutants/AW13.py as strategy.members.k8.wkndbtc
