........................................................................ [ 34%]
........................................................................ [ 68%]
.........................................................FFF.....        [100%]
=================================== FAILURES ===================================
______________ test_exit_at_monday_14_58_resent_while_not_pending ______________

    def test_exit_at_monday_14_58_resent_while_not_pending() -> None:
        """The member's entry on the Sunday 17:59 view, then a position from 18:00: no exit before
        14:58 Monday; exits on 14:58 and (refused, not pending) 14:59; pending from 15:00."""
        acct = _acct(ns_at(sunday_of(MON), hm(18, 0)), 1, pend_from=ns_at(MON, hm(15, 0)))
        out = entries(week(MON, 0, 10), acct)
>       assert out == [(sunday_of(MON), "17:59", "buy"), (MON, "14:58", "sell"),
                       (MON, "14:59", "sell")]
E       AssertionError: assert [(datetime.da... 'sell'), ...] == [(datetime.da...:59', 'sell')]
E         
E         Left contains 6 more items, first extra item: (datetime.date(2025, 6, 2), '15:00', 'sell')
E         Use -v to get more diff

tests/test_k8_members_wkndbtc.py:312: AssertionError
____ test_exit_of_a_short_buys_and_a_missing_exit_bar_goes_to_the_next_bar _____

    def test_exit_of_a_short_buys_and_a_missing_exit_bar_goes_to_the_next_bar() -> None:
        acct = _acct(ns_at(sunday_of(MON), hm(18, 0)), -1, pend_from=ns_at(MON, hm(15, 0)))
        out = entries(week(MON, 10, 0, mnq_skip=[(0, hm(14, 58))]), acct)
>       assert out == [(sunday_of(MON), "17:59", "sell"), (MON, "14:59", "buy")]
E       AssertionError: assert [(datetime.da..., 'buy'), ...] == [(datetime.da...4:59', 'buy')]
E         
E         Left contains 6 more items, first extra item: (datetime.date(2025, 6, 2), '15:00', 'buy')
E         Use -v to get more diff

tests/test_k8_members_wkndbtc.py:319: AssertionError
__________________ test_every_exit_closes_the_whole_position ___________________

    def test_every_exit_closes_the_whole_position() -> None:
        acct = _acct(ns_at(sunday_of(MON), hm(18, 0)), 2, pend_from=ns_at(MON, hm(14, 59)))
        out = entries_any_qty(week(MON, 0, 10), acct)
>       assert out == [(sunday_of(MON), "17:59", "buy", 1), (MON, "14:58", "sell", 2)]
E       AssertionError: assert [(datetime.da...ell', 2), ...] == [(datetime.da...', 'sell', 2)]
E         
E         Left contains 7 more items, first extra item: (datetime.date(2025, 6, 2), '14:59', 'sell', 2)
E         Use -v to get more diff

tests/test_k8_members_wkndbtc.py:325: AssertionError
=========================== short test summary info ============================
FAILED tests/test_k8_members_wkndbtc.py::test_exit_at_monday_14_58_resent_while_not_pending
FAILED tests/test_k8_members_wkndbtc.py::test_exit_of_a_short_buys_and_a_missing_exit_bar_goes_to_the_next_bar
FAILED tests/test_k8_members_wkndbtc.py::test_every_exit_closes_the_whole_position
3 failed, 206 passed in 3.67s

[k8audit] installed mutant /home/kiros-li/Documents/GitHub/PropExperiment/reports/stage_e9_briefs/audit_k8/mutants/AW23.py as strategy.members.k8.wkndbtc
