........................................................................ [ 34%]
........................................................................ [ 68%]
...............................FF.F......F.....FF.FF.....FFFF....        [100%]
=================================== FAILURES ===================================
_____________ test_buy_on_the_sunday_17_59_view_when_p_s_above_p_f _____________

    def test_buy_on_the_sunday_17_59_view_when_p_s_above_p_f() -> None:
>       assert entries(week(MON, 0, 10)) == [(sunday_of(MON), "17:59", "buy")]
               ^^^^^^^^^^^^^^^^^^^^^^^^^

tests/test_k8_members_wkndbtc.py:167: 
_ _ _ _ _ _ _ _ _ _ _ _ _ _ _ _ _ _ _ _ _ _ _ _ _ _ _ _ _ _ _ _ _ _ _ _ _ _ _ _ 

bars = [('MBT', Bar(ts_event_ns=1748635020000000000, open=100085.0, high=100085.0, low=100085.0, close=100085.0, volume=10, i...alt_ct=None, in_scheduled_closure=False, is_roll_session=False, gap_before_minutes=0, vendor_degraded_day=False)), ...]
acct = None

    def entries(bars: Sequence[RootBar], acct: Any = None) -> list[Entry]:
        out = drive(mk(), sorted(bars, key=lambda rb: rb[1].ts_event_ns), acct)
>       assert all(i[2] == "MNQ" and i[4] == 1 for i in out), out
E       AssertionError: [(datetime.date(2025, 6, 1), '17:59', 'MNQ', 'buy', 2)]
E       assert False
E        +  where False = all(<generator object entries.<locals>.<genexpr> at 0x7a2cb95aa4d0>)

tests/test_k8_members_wkndbtc.py:108: AssertionError
_________________________ test_sell_when_p_s_below_p_f _________________________

    def test_sell_when_p_s_below_p_f() -> None:
>       assert entries(week(MON, 10, 0)) == [(sunday_of(MON), "17:59", "sell")]
               ^^^^^^^^^^^^^^^^^^^^^^^^^

tests/test_k8_members_wkndbtc.py:171: 
_ _ _ _ _ _ _ _ _ _ _ _ _ _ _ _ _ _ _ _ _ _ _ _ _ _ _ _ _ _ _ _ _ _ _ _ _ _ _ _ 

bars = [('MBT', Bar(ts_event_ns=1748635020000000000, open=99965.0, high=99965.0, low=99965.0, close=99965.0, volume=10, instr...alt_ct=None, in_scheduled_closure=False, is_roll_session=False, gap_before_minutes=0, vendor_degraded_day=False)), ...]
acct = None

    def entries(bars: Sequence[RootBar], acct: Any = None) -> list[Entry]:
        out = drive(mk(), sorted(bars, key=lambda rb: rb[1].ts_event_ns), acct)
>       assert all(i[2] == "MNQ" and i[4] == 1 for i in out), out
E       AssertionError: [(datetime.date(2025, 6, 1), '17:59', 'MNQ', 'sell', 2)]
E       assert False
E        +  where False = all(<generator object entries.<locals>.<genexpr> at 0x7a2cb88f1cb0>)

tests/test_k8_members_wkndbtc.py:108: AssertionError
__________________________ test_one_tick_moves_trade ___________________________

    def test_one_tick_moves_trade() -> None:
>       assert entries(week(MON, 0, 1)) == [(sunday_of(MON), "17:59", "buy")]
               ^^^^^^^^^^^^^^^^^^^^^^^^

tests/test_k8_members_wkndbtc.py:179: 
_ _ _ _ _ _ _ _ _ _ _ _ _ _ _ _ _ _ _ _ _ _ _ _ _ _ _ _ _ _ _ _ _ _ _ _ _ _ _ _ 

bars = [('MBT', Bar(ts_event_ns=1748635020000000000, open=100040.0, high=100040.0, low=100040.0, close=100040.0, volume=10, i...alt_ct=None, in_scheduled_closure=False, is_roll_session=False, gap_before_minutes=0, vendor_degraded_day=False)), ...]
acct = None

    def entries(bars: Sequence[RootBar], acct: Any = None) -> list[Entry]:
        out = drive(mk(), sorted(bars, key=lambda rb: rb[1].ts_event_ns), acct)
>       assert all(i[2] == "MNQ" and i[4] == 1 for i in out), out
E       AssertionError: [(datetime.date(2025, 6, 1), '17:59', 'MNQ', 'buy', 2)]
E       assert False
E        +  where False = all(<generator object entries.<locals>.<genexpr> at 0x7a2cb88f1f20>)

tests/test_k8_members_wkndbtc.py:108: AssertionError
_______ test_p_f_comes_from_ct_date_d_minus_3_only_never_a_stale_friday ________

    def test_p_f_comes_from_ct_date_d_minus_3_only_never_a_stale_friday() -> None:
        """The Friday 2025-06-06 14:59 MBT bar exists; the Friday 2025-06-13 one is missing: the
        Monday 2025-06-16 does not trade on the stale Friday."""
        d = date(2025, 6, 16)
        stale = mk_bar("MBT", date(2025, 6, 6), hm(14, 59), B_MBT)
        assert entries([stale, *week(d, 0, 10, mbt_skip=[(-3, hm(14, 59))])]) == []
>       assert entries([stale, *week(d, 0, 10)]) == [(sunday_of(d), "17:59", "buy")]  # control
               ^^^^^^^^^^^^^^^^^^^^^^^^^^^^^^^^^

tests/test_k8_members_wkndbtc.py:215: 
_ _ _ _ _ _ _ _ _ _ _ _ _ _ _ _ _ _ _ _ _ _ _ _ _ _ _ _ _ _ _ _ _ _ _ _ _ _ _ _ 

bars = [('MBT', Bar(ts_event_ns=1749239940000000000, open=100000.0, high=100000.0, low=100000.0, close=100000.0, volume=10, i...alt_ct=None, in_scheduled_closure=False, is_roll_session=False, gap_before_minutes=0, vendor_degraded_day=False)), ...]
acct = None

    def entries(bars: Sequence[RootBar], acct: Any = None) -> list[Entry]:
        out = drive(mk(), sorted(bars, key=lambda rb: rb[1].ts_event_ns), acct)
>       assert all(i[2] == "MNQ" and i[4] == 1 for i in out), out
E       AssertionError: [(datetime.date(2025, 6, 15), '17:59', 'MNQ', 'buy', 2)]
E       assert False
E        +  where False = all(<generator object entries.<locals>.<genexpr> at 0x7a2cb88f3920>)

tests/test_k8_members_wkndbtc.py:108: AssertionError
______________ test_both_regimes_read_the_same_two_bars[monday0] _______________

monday = datetime.date(2026, 5, 18)

    @pytest.mark.parametrize("monday", [MON_BEFORE, MON_AFTER])
    def test_both_regimes_read_the_same_two_bars(monday: date) -> None:
>       assert entries(week(monday, 0, 10)) == [(sunday_of(monday), "17:59", "buy")]
               ^^^^^^^^^^^^^^^^^^^^^^^^^^^^

tests/test_k8_members_wkndbtc.py:246: 
_ _ _ _ _ _ _ _ _ _ _ _ _ _ _ _ _ _ _ _ _ _ _ _ _ _ _ _ _ _ _ _ _ _ _ _ _ _ _ _ 

bars = [('MBT', Bar(ts_event_ns=1778875020000000000, open=100085.0, high=100085.0, low=100085.0, close=100085.0, volume=10, i...alt_ct=None, in_scheduled_closure=False, is_roll_session=False, gap_before_minutes=0, vendor_degraded_day=False)), ...]
acct = None

    def entries(bars: Sequence[RootBar], acct: Any = None) -> list[Entry]:
        out = drive(mk(), sorted(bars, key=lambda rb: rb[1].ts_event_ns), acct)
>       assert all(i[2] == "MNQ" and i[4] == 1 for i in out), out
E       AssertionError: [(datetime.date(2026, 5, 17), '17:59', 'MNQ', 'buy', 2)]
E       assert False
E        +  where False = all(<generator object entries.<locals>.<genexpr> at 0x7a2cb88f17d0>)

tests/test_k8_members_wkndbtc.py:108: AssertionError
______________ test_both_regimes_read_the_same_two_bars[monday1] _______________

monday = datetime.date(2026, 6, 8)

    @pytest.mark.parametrize("monday", [MON_BEFORE, MON_AFTER])
    def test_both_regimes_read_the_same_two_bars(monday: date) -> None:
>       assert entries(week(monday, 0, 10)) == [(sunday_of(monday), "17:59", "buy")]
               ^^^^^^^^^^^^^^^^^^^^^^^^^^^^

tests/test_k8_members_wkndbtc.py:246: 
_ _ _ _ _ _ _ _ _ _ _ _ _ _ _ _ _ _ _ _ _ _ _ _ _ _ _ _ _ _ _ _ _ _ _ _ _ _ _ _ 

bars = [('MBT', Bar(ts_event_ns=1780689420000000000, open=100085.0, high=100085.0, low=100085.0, close=100085.0, volume=10, i...alt_ct=None, in_scheduled_closure=False, is_roll_session=False, gap_before_minutes=0, vendor_degraded_day=False)), ...]
acct = None

    def entries(bars: Sequence[RootBar], acct: Any = None) -> list[Entry]:
        out = drive(mk(), sorted(bars, key=lambda rb: rb[1].ts_event_ns), acct)
>       assert all(i[2] == "MNQ" and i[4] == 1 for i in out), out
E       AssertionError: [(datetime.date(2026, 6, 7), '17:59', 'MNQ', 'buy', 2)]
E       assert False
E        +  where False = all(<generator object entries.<locals>.<genexpr> at 0x7a2cb95e85f0>)

tests/test_k8_members_wkndbtc.py:108: AssertionError
________ test_a_saturday_mnq_bar_booked_to_monday_is_not_the_entry_bar _________

    def test_a_saturday_mnq_bar_booked_to_monday_is_not_the_entry_bar() -> None:
        """MON_AFTER: a synthetic MNQ bar at Saturday 17:59 carrying trade_date d, next to the MBT
        Saturday 17:59 bar (booked to d after the change): the entry is still only the Sunday one."""
        sat = MON_AFTER - timedelta(days=2)
        extra = mk_bar("MNQ", sat, hm(17, 59), B_MNQ, trade_day=MON_AFTER)
>       assert entries([*week(MON_AFTER, 0, 10), extra]) == [(sunday_of(MON_AFTER), "17:59", "buy")]
               ^^^^^^^^^^^^^^^^^^^^^^^^^^^^^^^^^^^^^^^^^

tests/test_k8_members_wkndbtc.py:263: 
_ _ _ _ _ _ _ _ _ _ _ _ _ _ _ _ _ _ _ _ _ _ _ _ _ _ _ _ _ _ _ _ _ _ _ _ _ _ _ _ 

bars = [('MBT', Bar(ts_event_ns=1780689420000000000, open=100085.0, high=100085.0, low=100085.0, close=100085.0, volume=10, i...alt_ct=None, in_scheduled_closure=False, is_roll_session=False, gap_before_minutes=0, vendor_degraded_day=False)), ...]
acct = None

    def entries(bars: Sequence[RootBar], acct: Any = None) -> list[Entry]:
        out = drive(mk(), sorted(bars, key=lambda rb: rb[1].ts_event_ns), acct)
>       assert all(i[2] == "MNQ" and i[4] == 1 for i in out), out
E       AssertionError: [(datetime.date(2026, 6, 7), '17:59', 'MNQ', 'buy', 2)]
E       assert False
E        +  where False = all(<generator object entries.<locals>.<genexpr> at 0x7a2cb95e8d40>)

tests/test_k8_members_wkndbtc.py:108: AssertionError
___________________ test_c6_tests_the_mnq_sunday_18_00_fill ____________________

monkeypatch = <_pytest.monkeypatch.MonkeyPatch object at 0x7a2cb8b7f8c0>

    def test_c6_tests_the_mnq_sunday_18_00_fill(monkeypatch: pytest.MonkeyPatch) -> None:
        calls: list[tuple[str, int]] = []
    
        def spy(root: str, t_ns: int) -> bool:
            calls.append((root, t_ns))
            return False
    
        monkeypatch.setattr(wkndbtc, "in_guard", spy)
>       assert entries(week(MON, 0, 10)) == [(sunday_of(MON), "17:59", "buy")]
               ^^^^^^^^^^^^^^^^^^^^^^^^^

tests/test_k8_members_wkndbtc.py:275: 
_ _ _ _ _ _ _ _ _ _ _ _ _ _ _ _ _ _ _ _ _ _ _ _ _ _ _ _ _ _ _ _ _ _ _ _ _ _ _ _ 

bars = [('MBT', Bar(ts_event_ns=1748635020000000000, open=100085.0, high=100085.0, low=100085.0, close=100085.0, volume=10, i...alt_ct=None, in_scheduled_closure=False, is_roll_session=False, gap_before_minutes=0, vendor_degraded_day=False)), ...]
acct = None

    def entries(bars: Sequence[RootBar], acct: Any = None) -> list[Entry]:
        out = drive(mk(), sorted(bars, key=lambda rb: rb[1].ts_event_ns), acct)
>       assert all(i[2] == "MNQ" and i[4] == 1 for i in out), out
E       AssertionError: [(datetime.date(2025, 6, 1), '17:59', 'MNQ', 'buy', 2)]
E       assert False
E        +  where False = all(<generator object entries.<locals>.<genexpr> at 0x7a2cba10ee90>)

tests/test_k8_members_wkndbtc.py:108: AssertionError
______________ test_exit_at_monday_14_58_resent_while_not_pending ______________

    def test_exit_at_monday_14_58_resent_while_not_pending() -> None:
        """The member's entry on the Sunday 17:59 view, then a position from 18:00: no exit before
        14:58 Monday; exits on 14:58 and (refused, not pending) 14:59; pending from 15:00."""
        acct = _acct(ns_at(sunday_of(MON), hm(18, 0)), 1, pend_from=ns_at(MON, hm(15, 0)))
>       out = entries(week(MON, 0, 10), acct)
              ^^^^^^^^^^^^^^^^^^^^^^^^^^^^^^^

tests/test_k8_members_wkndbtc.py:311: 
_ _ _ _ _ _ _ _ _ _ _ _ _ _ _ _ _ _ _ _ _ _ _ _ _ _ _ _ _ _ _ _ _ _ _ _ _ _ _ _ 

bars = [('MBT', Bar(ts_event_ns=1748635020000000000, open=100085.0, high=100085.0, low=100085.0, close=100085.0, volume=10, i...alt_ct=None, in_scheduled_closure=False, is_roll_session=False, gap_before_minutes=0, vendor_degraded_day=False)), ...]
acct = <function _acct.<locals>.acct at 0x7a2cb9ca8040>

    def entries(bars: Sequence[RootBar], acct: Any = None) -> list[Entry]:
        out = drive(mk(), sorted(bars, key=lambda rb: rb[1].ts_event_ns), acct)
>       assert all(i[2] == "MNQ" and i[4] == 1 for i in out), out
E       AssertionError: [(datetime.date(2025, 6, 1), '17:59', 'MNQ', 'buy', 2), (datetime.date(2025, 6, 2), '14:58', 'MNQ', 'sell', 1), (datetime.date(2025, 6, 2), '14:59', 'MNQ', 'sell', 1)]
E       assert False
E        +  where False = all(<generator object entries.<locals>.<genexpr> at 0x7a2cb95ea670>)

tests/test_k8_members_wkndbtc.py:108: AssertionError
____ test_exit_of_a_short_buys_and_a_missing_exit_bar_goes_to_the_next_bar _____

    def test_exit_of_a_short_buys_and_a_missing_exit_bar_goes_to_the_next_bar() -> None:
        acct = _acct(ns_at(sunday_of(MON), hm(18, 0)), -1, pend_from=ns_at(MON, hm(15, 0)))
>       out = entries(week(MON, 10, 0, mnq_skip=[(0, hm(14, 58))]), acct)
              ^^^^^^^^^^^^^^^^^^^^^^^^^^^^^^^^^^^^^^^^^^^^^^^^^^^^^^^^^^^

tests/test_k8_members_wkndbtc.py:318: 
_ _ _ _ _ _ _ _ _ _ _ _ _ _ _ _ _ _ _ _ _ _ _ _ _ _ _ _ _ _ _ _ _ _ _ _ _ _ _ _ 

bars = [('MBT', Bar(ts_event_ns=1748635020000000000, open=99965.0, high=99965.0, low=99965.0, close=99965.0, volume=10, instr...alt_ct=None, in_scheduled_closure=False, is_roll_session=False, gap_before_minutes=0, vendor_degraded_day=False)), ...]
acct = <function _acct.<locals>.acct at 0x7a2cb8837240>

    def entries(bars: Sequence[RootBar], acct: Any = None) -> list[Entry]:
        out = drive(mk(), sorted(bars, key=lambda rb: rb[1].ts_event_ns), acct)
>       assert all(i[2] == "MNQ" and i[4] == 1 for i in out), out
E       AssertionError: [(datetime.date(2025, 6, 1), '17:59', 'MNQ', 'sell', 2), (datetime.date(2025, 6, 2), '14:59', 'MNQ', 'buy', 1)]
E       assert False
E        +  where False = all(<generator object entries.<locals>.<genexpr> at 0x7a2cb95eacf0>)

tests/test_k8_members_wkndbtc.py:108: AssertionError
__________________ test_every_exit_closes_the_whole_position ___________________

    def test_every_exit_closes_the_whole_position() -> None:
        acct = _acct(ns_at(sunday_of(MON), hm(18, 0)), 2, pend_from=ns_at(MON, hm(14, 59)))
        out = entries_any_qty(week(MON, 0, 10), acct)
>       assert out == [(sunday_of(MON), "17:59", "buy", 1), (MON, "14:58", "sell", 2)]
E       AssertionError: assert [(datetime.da...', 'sell', 2)] == [(datetime.da...', 'sell', 2)]
E         
E         At index 0 diff: (datetime.date(2025, 6, 1), '17:59', 'buy', 2) != (datetime.date(2025, 6, 1), '17:59', 'buy', 1)
E         Use -v to get more diff

tests/test_k8_members_wkndbtc.py:325: AssertionError
_________ test_engine_fills_mnq_at_sunday_18_00_and_exits_monday_14_59 _________

    def test_engine_fills_mnq_at_sunday_18_00_and_exits_monday_14_59() -> None:
        res = run_week(MON)
        assert fills(res) == [(sunday_of(MON), "18:00", "MNQ", "buy", "strategy"),
                              (MON, "14:59", "MNQ", "sell", "strategy")]
        assert intent_roots(res) == {"MNQ"}
>       assert [f.qty for f in res.events(Fill)] == [1, 1]
E       assert [2, 2] == [1, 1]
E         
E         At index 0 diff: 2 != 1
E         Use -v to get more diff

tests/test_k8_members_wkndbtc.py:346: AssertionError
=========================== short test summary info ============================
FAILED tests/test_k8_members_wkndbtc.py::test_buy_on_the_sunday_17_59_view_when_p_s_above_p_f
FAILED tests/test_k8_members_wkndbtc.py::test_sell_when_p_s_below_p_f - Asser...
FAILED tests/test_k8_members_wkndbtc.py::test_one_tick_moves_trade - Assertio...
FAILED tests/test_k8_members_wkndbtc.py::test_p_f_comes_from_ct_date_d_minus_3_only_never_a_stale_friday
FAILED tests/test_k8_members_wkndbtc.py::test_both_regimes_read_the_same_two_bars[monday0]
FAILED tests/test_k8_members_wkndbtc.py::test_both_regimes_read_the_same_two_bars[monday1]
FAILED tests/test_k8_members_wkndbtc.py::test_a_saturday_mnq_bar_booked_to_monday_is_not_the_entry_bar
FAILED tests/test_k8_members_wkndbtc.py::test_c6_tests_the_mnq_sunday_18_00_fill
FAILED tests/test_k8_members_wkndbtc.py::test_exit_at_monday_14_58_resent_while_not_pending
FAILED tests/test_k8_members_wkndbtc.py::test_exit_of_a_short_buys_and_a_missing_exit_bar_goes_to_the_next_bar
FAILED tests/test_k8_members_wkndbtc.py::test_every_exit_closes_the_whole_position
FAILED tests/test_k8_members_wkndbtc.py::test_engine_fills_mnq_at_sunday_18_00_and_exits_monday_14_59
12 failed, 197 passed in 3.68s

[k8audit] installed mutant /home/kiros-li/Documents/GitHub/PropExperiment/reports/stage_e9_briefs/audit_k8/mutants/AW28.py as strategy.members.k8.wkndbtc
