........................................................................ [ 34%]
........................................................................ [ 68%]
.............................F...................................        [100%]
=================================== FAILURES ===================================
________________________ test_trading_windows_are_s0_12 ________________________

    def test_trading_windows_are_s0_12() -> None:
>       assert mk().trading_windows == {
            "MNQ": (TradingInterval(time(17, 59), time(18, 1), -1, -1),
                    TradingInterval(time(14, 58), time(15, 0))),
            "MBT": (TradingInterval(time(17, 59), time(18, 0), -1, -1),
                    TradingInterval(time(14, 59), time(15, 0))),
        }
E       AssertionError: assert {'MNQ': (Trad...fset_days=0))} == {'MNQ': (Trad...fset_days=0))}
E         
E         Omitting 1 identical items, use -vv to show
E         Differing items:
E         {'MNQ': (TradingInterval(start_ct=datetime.time(17, 59), end_ct=datetime.time(18, 1), start_offset_days=-1, end_offset...TradingInterval(start_ct=datetime.time(14, 58), end_ct=datetime.time(14, 59), start_offset_days=0, end_offset_days=0))} != {'MNQ': (TradingInterval(start_ct=datetime.time(17, 59), end_ct=datetime.time(18, 1), start_offset_days=-1, end_offset... TradingInterval(start_ct=datetime.time(14, 58), end_ct=datetime.time(15, 0), start_offset_days=0, end_offset_days=0))}
E         Use -v to get more diff

tests/test_k8_members_wkndbtc.py:152: AssertionError
=========================== short test summary info ============================
FAILED tests/test_k8_members_wkndbtc.py::test_trading_windows_are_s0_12 - Ass...
1 failed, 208 passed in 4.57s

[k8audit] installed mutant /home/kiros-li/Documents/GitHub/PropExperiment/reports/stage_e9_briefs/audit_k8/mutants/AW31.py as strategy.members.k8.wkndbtc
