........................................................................ [ 34%]
........................................................................ [ 68%]
...............................FFFF..FFFFF.....FFFFFF..........F.        [100%]
=================================== FAILURES ===================================
_____________ test_buy_on_the_sunday_17_59_view_when_p_s_above_p_f _____________

    def test_buy_on_the_sunday_17_59_view_when_p_s_above_p_f() -> None:
>       assert entries(week(MON, 0, 10)) == [(sunday_of(MON), "17:59", "buy")]
E       AssertionError: assert [(datetime.da...:00', 'sell')] == [(datetime.da...7:59', 'buy')]
E         
E         Left contains one more item: (datetime.date(2025, 6, 1), '18:00', 'sell')
E         Use -v to get more diff

tests/test_k8_members_wkndbtc.py:167: AssertionError
_________________________ test_sell_when_p_s_below_p_f _________________________

    def test_sell_when_p_s_below_p_f() -> None:
>       assert entries(week(MON, 10, 0)) == [(sunday_of(MON), "17:59", "sell")]
E       AssertionError: assert [(datetime.da...8:00', 'buy')] == [(datetime.da...:59', 'sell')]
E         
E         Left contains one more item: (datetime.date(2025, 6, 1), '18:00', 'buy')
E         Use -v to get more diff

tests/test_k8_members_wkndbtc.py:171: AssertionError
___________________________ test_g_zero_is_no_trade ____________________________

    def test_g_zero_is_no_trade() -> None:
>       assert entries(week(MON, 4, 4)) == []
E       AssertionError: assert [(datetime.da...:00', 'sell')] == []
E         
E         Left contains one more item: (datetime.date(2025, 6, 1), '18:00', 'sell')
E         Use -v to get more diff

tests/test_k8_members_wkndbtc.py:175: AssertionError
__________________________ test_one_tick_moves_trade ___________________________

    def test_one_tick_moves_trade() -> None:
>       assert entries(week(MON, 0, 1)) == [(sunday_of(MON), "17:59", "buy")]
E       AssertionError: assert [(datetime.da...:00', 'sell')] == [(datetime.da...7:59', 'buy')]
E         
E         Left contains one more item: (datetime.date(2025, 6, 1), '18:00', 'sell')
E         Use -v to get more diff

tests/test_k8_members_wkndbtc.py:179: AssertionError
_ test_sunday_17_59_mbt_missing_17_58_never_used_and_the_late_18_00_bar_neither _

    def test_sunday_17_59_mbt_missing_17_58_never_used_and_the_late_18_00_bar_neither() -> None:
>       assert entries(week(MON, 0, 10, mbt_skip=[(-1, hm(17, 59))])) == []
E       AssertionError: assert [(datetime.da...:00', 'sell')] == []
E         
E         Left contains one more item: (datetime.date(2025, 6, 1), '18:00', 'sell')
E         Use -v to get more diff

tests/test_k8_members_wkndbtc.py:193: AssertionError
_________________ test_missing_mnq_entry_bar_is_no_trade_on_d __________________

    def test_missing_mnq_entry_bar_is_no_trade_on_d() -> None:
>       assert entries(week(MON, 0, 10, mnq_skip=[(-1, hm(17, 59))])) == []
E       AssertionError: assert [(datetime.da...:00', 'sell')] == []
E         
E         Left contains one more item: (datetime.date(2025, 6, 1), '18:00', 'sell')
E         Use -v to get more diff

tests/test_k8_members_wkndbtc.py:197: AssertionError
_________________ test_mbt_sunday_bar_must_carry_trade_date_d __________________

    def test_mbt_sunday_bar_must_carry_trade_date_d() -> None:
>       assert entries(week(MON, 0, 10, sunday_label=sunday_of(MON))) == []
E       AssertionError: assert [(datetime.da...:00', 'sell')] == []
E         
E         Left contains one more item: (datetime.date(2025, 6, 1), '18:00', 'sell')
E         Use -v to get more diff

tests/test_k8_members_wkndbtc.py:201: AssertionError
__________________ test_one_instrument_id_across_p_f_and_p_s ___________________

    def test_one_instrument_id_across_p_f_and_p_s() -> None:
>       assert entries(week(MON, 0, 10, ids={(-1, hm(17, 59)): 778})) == []
E       AssertionError: assert [(datetime.da...:00', 'sell')] == []
E         
E         Left contains one more item: (datetime.date(2025, 6, 1), '18:00', 'sell')
E         Use -v to get more diff

tests/test_k8_members_wkndbtc.py:205: AssertionError
_______ test_p_f_comes_from_ct_date_d_minus_3_only_never_a_stale_friday ________

    def test_p_f_comes_from_ct_date_d_minus_3_only_never_a_stale_friday() -> None:
        """The Friday 2025-06-06 14:59 MBT bar exists; the Friday 2025-06-13 one is missing: the
        Monday 2025-06-16 does not trade on the stale Friday."""
        d = date(2025, 6, 16)
        stale = mk_bar("MBT", date(2025, 6, 6), hm(14, 59), B_MBT)
        assert entries([stale, *week(d, 0, 10, mbt_skip=[(-3, hm(14, 59))])]) == []
>       assert entries([stale, *week(d, 0, 10)]) == [(sunday_of(d), "17:59", "buy")]  # control
        ^^^^^^^^^^^^^^^^^^^^^^^^^^^^^^^^^^^^^^^^^^^^^^^^^^^^^^^^^^^^^^^^^^^^^^^^^^^^
E       AssertionError: assert [(datetime.da...:00', 'sell')] == [(datetime.da...7:59', 'buy')]
E         
E         Left contains one more item: (datetime.date(2025, 6, 15), '18:00', 'sell')
E         Use -v to get more diff

tests/test_k8_members_wkndbtc.py:215: AssertionError
______________ test_both_regimes_read_the_same_two_bars[monday0] _______________

monday = datetime.date(2026, 5, 18)

    @pytest.mark.parametrize("monday", [MON_BEFORE, MON_AFTER])
    def test_both_regimes_read_the_same_two_bars(monday: date) -> None:
>       assert entries(week(monday, 0, 10)) == [(sunday_of(monday), "17:59", "buy")]
E       AssertionError: assert [(datetime.da...:00', 'sell')] == [(datetime.da...7:59', 'buy')]
E         
E         Left contains one more item: (datetime.date(2026, 5, 17), '18:00', 'sell')
E         Use -v to get more diff

tests/test_k8_members_wkndbtc.py:246: AssertionError
______________ test_both_regimes_read_the_same_two_bars[monday1] _______________

monday = datetime.date(2026, 6, 8)

    @pytest.mark.parametrize("monday", [MON_BEFORE, MON_AFTER])
    def test_both_regimes_read_the_same_two_bars(monday: date) -> None:
>       assert entries(week(monday, 0, 10)) == [(sunday_of(monday), "17:59", "buy")]
E       AssertionError: assert [(datetime.da...:00', 'sell')] == [(datetime.da...7:59', 'buy')]
E         
E         Left contains one more item: (datetime.date(2026, 6, 7), '18:00', 'sell')
E         Use -v to get more diff

tests/test_k8_members_wkndbtc.py:246: AssertionError
________ test_after_the_change_saturday_and_sunday_bars_never_stand_in _________

    def test_after_the_change_saturday_and_sunday_bars_never_stand_in() -> None:
        """MON_AFTER: the Friday 14:59 bar missing, Saturday and Sunday 14:59 bars (trade_date d)
        present: no trade; the Sunday 17:59 bar missing, Saturday and Friday 17:59 bars present:
        no trade."""
        assert entries(week(MON_AFTER, 0, 10, mbt_skip=[(-3, hm(14, 59))])) == []
>       assert entries(week(MON_AFTER, 0, 10, mbt_skip=[(-1, hm(17, 59))])) == []
E       AssertionError: assert [(datetime.da...:00', 'sell')] == []
E         
E         Left contains one more item: (datetime.date(2026, 6, 7), '18:00', 'sell')
E         Use -v to get more diff

tests/test_k8_members_wkndbtc.py:255: AssertionError
________ test_a_saturday_mnq_bar_booked_to_monday_is_not_the_entry_bar _________

    def test_a_saturday_mnq_bar_booked_to_monday_is_not_the_entry_bar() -> None:
        """MON_AFTER: a synthetic MNQ bar at Saturday 17:59 carrying trade_date d, next to the MBT
        Saturday 17:59 bar (booked to d after the change): the entry is still only the Sunday one."""
        sat = MON_AFTER - timedelta(days=2)
        extra = mk_bar("MNQ", sat, hm(17, 59), B_MNQ, trade_day=MON_AFTER)
>       assert entries([*week(MON_AFTER, 0, 10), extra]) == [(sunday_of(MON_AFTER), "17:59", "buy")]
E       AssertionError: assert [(datetime.da...:00', 'sell')] == [(datetime.da...7:59', 'buy')]
E         
E         Left contains one more item: (datetime.date(2026, 6, 7), '18:00', 'sell')
E         Use -v to get more diff

tests/test_k8_members_wkndbtc.py:263: AssertionError
___________________ test_c6_tests_the_mnq_sunday_18_00_fill ____________________

monkeypatch = <_pytest.monkeypatch.MonkeyPatch object at 0x7c0542f53830>

    def test_c6_tests_the_mnq_sunday_18_00_fill(monkeypatch: pytest.MonkeyPatch) -> None:
        calls: list[tuple[str, int]] = []
    
        def spy(root: str, t_ns: int) -> bool:
            calls.append((root, t_ns))
            return False
    
        monkeypatch.setattr(wkndbtc, "in_guard", spy)
>       assert entries(week(MON, 0, 10)) == [(sunday_of(MON), "17:59", "buy")]
E       AssertionError: assert [(datetime.da...:00', 'sell')] == [(datetime.da...7:59', 'buy')]
E         
E         Left contains one more item: (datetime.date(2025, 6, 1), '18:00', 'sell')
E         Use -v to get more diff

tests/test_k8_members_wkndbtc.py:275: AssertionError
__________________ test_c6_skips_a_guarded_sunday_18_00_fill ___________________

monkeypatch = <_pytest.monkeypatch.MonkeyPatch object at 0x7c0542878950>

    def test_c6_skips_a_guarded_sunday_18_00_fill(monkeypatch: pytest.MonkeyPatch) -> None:
        sunday_fill = ns_at(sunday_of(MON), hm(18, 0))
        monkeypatch.setattr(wkndbtc, "in_guard", lambda root, t_ns: t_ns == sunday_fill)
>       assert entries(week(MON, 0, 10)) == []
E       AssertionError: assert [(datetime.da...:00', 'sell')] == []
E         
E         Left contains one more item: (datetime.date(2025, 6, 1), '18:00', 'sell')
E         Use -v to get more diff

tests/test_k8_members_wkndbtc.py:282: AssertionError
_________ test_engine_refuses_on_a_signal_leg_roll_blackout_date_only __________

    def test_engine_refuses_on_a_signal_leg_roll_blackout_date_only() -> None:
        """V16(a) end to end: an MBT roll blackout on the Monday (MNQ clean). The runner's rules
        (member_window) drop the date: the open is refused as outside the window; kept in the
        window with the union as blackout: engine_roll_blackout; no blackout: it fills."""
        m = mk()
        bars = sorted(week(MON), key=lambda rb: rb[1].ts_event_ns)
        rules, mw = runner_rules(m, bars, {"MBT": [MON]})
        assert MON not in mw.dates and MON in mw.blackout_union
        res = engine(m, bars, rules)
>       assert fills(res) == [] and refusals(res) == ["engine_not_a_window_date"]
E       AssertionError: assert ([] == []
E         
E         Use -v to get more diff and ['engine_not_..._window_date'] == ['engine_not_a_window_date']
E         
E         Left contains one more item: 'engine_not_a_window_date'
E         Use -v to get more diff)

tests/test_k8_members_wkndbtc.py:371: AssertionError
=========================== short test summary info ============================
FAILED tests/test_k8_members_wkndbtc.py::test_buy_on_the_sunday_17_59_view_when_p_s_above_p_f
FAILED tests/test_k8_members_wkndbtc.py::test_sell_when_p_s_below_p_f - Asser...
FAILED tests/test_k8_members_wkndbtc.py::test_g_zero_is_no_trade - AssertionE...
FAILED tests/test_k8_members_wkndbtc.py::test_one_tick_moves_trade - Assertio...
FAILED tests/test_k8_members_wkndbtc.py::test_sunday_17_59_mbt_missing_17_58_never_used_and_the_late_18_00_bar_neither
FAILED tests/test_k8_members_wkndbtc.py::test_missing_mnq_entry_bar_is_no_trade_on_d
FAILED tests/test_k8_members_wkndbtc.py::test_mbt_sunday_bar_must_carry_trade_date_d
FAILED tests/test_k8_members_wkndbtc.py::test_one_instrument_id_across_p_f_and_p_s
FAILED tests/test_k8_members_wkndbtc.py::test_p_f_comes_from_ct_date_d_minus_3_only_never_a_stale_friday
FAILED tests/test_k8_members_wkndbtc.py::test_both_regimes_read_the_same_two_bars[monday0]
FAILED tests/test_k8_members_wkndbtc.py::test_both_regimes_read_the_same_two_bars[monday1]
FAILED tests/test_k8_members_wkndbtc.py::test_after_the_change_saturday_and_sunday_bars_never_stand_in
FAILED tests/test_k8_members_wkndbtc.py::test_a_saturday_mnq_bar_booked_to_monday_is_not_the_entry_bar
FAILED tests/test_k8_members_wkndbtc.py::test_c6_tests_the_mnq_sunday_18_00_fill
FAILED tests/test_k8_members_wkndbtc.py::test_c6_skips_a_guarded_sunday_18_00_fill
FAILED tests/test_k8_members_wkndbtc.py::test_engine_refuses_on_a_signal_leg_roll_blackout_date_only
16 failed, 193 passed in 6.00s

[k8audit] installed mutant /home/kiros-li/Documents/GitHub/PropExperiment/reports/stage_e9_briefs/audit_k8/mutants/AW32.py as strategy.members.k8.wkndbtc
