OK   list sha256 22388c6b
OK   verdict file sha256 b574b4c1 (brief: b574b4c1)
OK   verdict carries the list's sha256 and name
OK   harness v6 in list and verdict
OK   freeze 7abcde17 in list and verdict
OK   K = 9, N = 150
OK   list bootstrap block
OK   record set == list run trials (12)
OK   item 0 record K4-cp1-01 MCL: harness, freeze, ordinal, window, status, legs, s_x, vehicle, window ends, frozen tables, calendar, seed
OK   item 0 record K4-cp1-01 NG: harness, freeze, ordinal, window, status, legs, s_x, vehicle, window ends, frozen tables, calendar, seed
OK   item 0 record K4-cp2-01 MCL: harness, freeze, ordinal, window, status, legs, s_x, vehicle, window ends, frozen tables, calendar, seed
OK   item 0 record K4-cp2-01 NG: harness, freeze, ordinal, window, status, legs, s_x, vehicle, window ends, frozen tables, calendar, seed
OK   item 0 record K4-cp3-01 MCL: harness, freeze, ordinal, window, status, legs, s_x, vehicle, window ends, frozen tables, calendar, seed
OK   item 0 record K4-cp3-01 NG: harness, freeze, ordinal, window, status, legs, s_x, vehicle, window ends, frozen tables, calendar, seed
OK   item 0 record K4-ngpre-01 NG: harness, freeze, ordinal, window, status, legs, s_x, vehicle, window ends, frozen tables, calendar, seed
OK   item 0 record K4-apipre-01 MCL: harness, freeze, ordinal, window, status, legs, s_x, vehicle, window ends, frozen tables, calendar, seed
OK   item 0 record K4-eiafade-01 MCL: harness, freeze, ordinal, window, status, legs, s_x, vehicle, window ends, frozen tables, calendar, seed
OK   item 0 record K4-eiamom-01 MCL: harness, freeze, ordinal, window, status, legs, s_x, vehicle, window ends, frozen tables, calendar, seed
OK   item 0 record K4-ovr-01 MCL: harness, freeze, ordinal, window, status, legs, s_x, vehicle, window ends, frozen tables, calendar, seed
OK   item 0 record K4-ovr-01 NG: harness, freeze, ordinal, window, status, legs, s_x, vehicle, window ends, frozen tables, calendar, seed
OK   item 1 K4-cp1-01 MCL: every field equal within 1e-9
OK   item 1 K4-cp1-01 NG: every field equal within 1e-9
OK   item 1 K4-cp2-01 MCL: every field equal within 1e-9
OK   item 1 K4-cp2-01 NG: every field equal within 1e-9
OK   item 1 K4-cp3-01 MCL: every field equal within 1e-9
OK   item 1 K4-cp3-01 NG: every field equal within 1e-9
OK   item 1 K4-ngpre-01 NG: every field equal within 1e-9
OK   item 1 K4-apipre-01 MCL: every field equal within 1e-9
OK   item 1 K4-eiafade-01 MCL: every field equal within 1e-9
OK   item 1 K4-eiamom-01 MCL: every field equal within 1e-9
OK   item 1 K4-ovr-01 MCL: every field equal within 1e-9
OK   item 1 K4-ovr-01 NG: every field equal within 1e-9
OK   item 2 Holm K=9 m=1: p 0.5375462454 vs threshold 0.0055555556 reject=False
OK   item 3 DSR inputs: variance over all 12 = 0.00204161346893, E[max SR] = 0.120646662985 (verdict 0.120646663075)
OK   item 3 DSR K4-ngpre-01 NG: mine 3.09955989e-05 vs verdict 3.099559851e-05 (ppf: statistics.NormalDist vs Acklam, 1e-7)
OK   item 3 daily t K4-ngpre-01 NG: mine -0.0687405410103 vs verdict -0.0687405410103; sharpe -0.0021014597 skew 1.92729 kurt 53.8819
OK   item 3 PBO frame: union 1154 dates, blocks of 144, 70 splits over 12
OK   item 3 PBO: mine 0.642857142857 (45/70), p_winner_pos 13/70, winner mean OOS -749.1341071; verdict 0.642857142857, 0.185714, -749.1341071
OK   item 3 second check, funnel.multiple_comparisons on my inputs: DSR 3.099559851e-05, t -0.06874054101, PBO 0.6428571429 (1e-9 to the verdict)
OK   item 4 chain: passes {'holm': False, 'dsr': False, 't': False, 'pbo': False}, first failing holm, verdict 'no edge'
OK   item 4 statement: null, covered 12, blocking [], inactivity []
OK   item 4 resolution table: MCL eps 21.0 $84.0 q 4 fewest K4-eiafade-01 MCL 55 largest K4-cp3-01 MCL 11.192848; NG eps 8.0 $80.0 q 1 fewest K4-ngpre-01 NG 198 largest K4-ngpre-01 NG 9.584283
OK   item 4 eps_X against stage_e2a_epsilon.json: MCL 21 ticks $84.0 q_c 4, NG 8 ticks $80.0 q_c 1
OK   item 5 trips file binds to the record (record_sha256) and holds 198 trips
OK   item 5 every trip's net = gross - (2 x 211 c commission + ceil slippage per side at the fill bucket, event window 31 sides): 198/198 exact
OK   item 5 every trip's trade_date is a window date (198 trading dates)
OK   item 5 rebuilt daily series == record series (max abs diff 2.84e-14 ticks, 0 usd); sum -88.077000 ticks over 1070 dates, mean -0.08231495327
FAIL item 6 per-trial table: 12 rows, every cell equals the JSON at the printed precision; CELLS [('K4-cp2-01 NG', 5, '+1.4390', '1.4390')]
OK   item 6 chain and statement figures in the .md match the JSON
OK   item 6 .md cites the verdict and list hashes and the run times
FAIL count: 1 of 50 checks; figures -> /home/kiros-li/Documents/GitHub/PropExperiment/reports/stage_e5_briefs/audit_k4_part2/figures.json
