cluster file: refused {} not_tiered {} power_check_undefined []

== K8-flight-01 H30 MGC (ordinal 1) status run tier B labels []
  record sha256 b0b44ac105acde05 trips-file record_sha256 b0b44ac105acde05
  window n 280 2025-04-01..2026-06-12; excluded counts {'not_every_leg_trades': 1, 'roll_blackout_any_leg': 33, 'unseen_roll_UR-1': 2}
  coverage {'MES': (1.0, True), 'MGC': (0.999, True)}
  screen mean_ticks 4.269964 t_daily 0.975973 sd_pop 73.2092 n_days 280 n_trips 55 passes False
  trade_rate {'entry_cap_refusals': 0, 'max_entries_per_product_day': 1, 'mean_hold_minutes': 29.636363636363637, 'min_hold_minutes': 20.0, 'min_hold_refusals': 0, 'n_trips': 55}
  engine accounts_started 1 (MLL restarts 0) counters {'engine_not_a_window_date': 10} locked 0

  trade days 55 max trips/day 1
  power {'reason': "StartRuleMissing: no frozen S_X for ['MES']: no reports/stage_e_start_rule_<SET>.json lists them", 'status': 'not_run'}
  excluded dates: {'not_every_leg_trades': ['2026-04-03'], 'unseen_roll_UR-1': ['2026-06-18', '2026-06-19']}

== K8-flight-01 HEOD MGC (ordinal 2) status run tier A labels []
  record sha256 5bbc9ae70c8adbd3 trips-file record_sha256 5bbc9ae70c8adbd3
  window n 280 2025-04-01..2026-06-12; excluded counts {'not_every_leg_trades': 1, 'roll_blackout_any_leg': 33, 'unseen_roll_UR-1': 2}
  coverage {'MES': (1.0, True), 'MGC': (0.999, True)}
  screen mean_ticks 10.676393 t_daily 1.394847 sd_pop 128.0787 n_days 280 n_trips 55 passes True
  trade_rate {'entry_cap_refusals': 0, 'max_entries_per_product_day': 1, 'mean_hold_minutes': 292.27272727272725, 'min_hold_minutes': 20.0, 'min_hold_refusals': 0, 'n_trips': 55}
  engine accounts_started 1 (MLL restarts 0) counters {'engine_not_a_window_date': 10} locked 0

  trade days 55 max trips/day 1
  power {'reason': "StartRuleMissing: no frozen S_X for ['MES']: no reports/stage_e_start_rule_<SET>.json lists them", 'status': 'not_run'}
  excluded dates: {'not_every_leg_trades': ['2026-04-03'], 'unseen_roll_UR-1': ['2026-06-18', '2026-06-19']}

== K8-oilcad-01 6C (ordinal 3) status run tier B labels []
  record sha256 89ddd825b397a50e trips-file record_sha256 89ddd825b397a50e
  window n 255 2025-04-01..2026-06-16; excluded counts {'not_every_leg_trades': 1, 'roll_blackout_any_leg': 60, 'unseen_roll_UR-1': 0}
  coverage {'6C': (0.9823, True), 'MCL': (0.9985, True)}
  screen mean_ticks -4.454353 t_daily -5.907423 sd_pop 12.0408 n_days 255 n_trips 552 passes False
  trade_rate {'entry_cap_refusals': 0, 'max_entries_per_product_day': 15, 'mean_hold_minutes': 14.981884057971014, 'min_hold_minutes': 3.0, 'min_hold_refusals': 0, 'n_trips': 552}
  engine accounts_started 3 (MLL restarts 2) counters {'account_not_active': 7, 'engine_not_a_window_date': 158, 'fill_guard_deferral': 8, 'mll_liquidation': 2} locked 0

  trade days 190 max trips/day 15
  power {'reason': "StartRuleMissing: no frozen S_X for ['6C']: no reports/stage_e_start_rule_<SET>.json lists them", 'status': 'not_run'}
  excluded dates: {'not_every_leg_trades': ['2026-04-03'], 'unseen_roll_UR-1': []}

== K8-wkndbtc-01 MNQ (ordinal 4) status run tier A labels []
  record sha256 9d29d80b3808680c trips-file record_sha256 9d29d80b3808680c
  window n 250 2025-04-01..2026-06-12; excluded counts {'not_every_leg_trades': 8, 'roll_blackout_any_leg': 57, 'unseen_roll_UR-1': 1}
  coverage {'MBT': (0.9739, True), 'MNQ': (0.998, True)}
  screen mean_ticks 28.974880 t_daily 1.072405 sd_pop 427.2014 n_days 250 n_trips 39 passes True
  trade_rate {'entry_cap_refusals': 0, 'max_entries_per_product_day': 1, 'mean_hold_minutes': 1226.7692307692307, 'min_hold_minutes': 2.0, 'min_hold_refusals': 0, 'n_trips': 39}
  engine accounts_started 1 (MLL restarts 0) counters {'engine_not_a_window_date': 2, 'price_limit_exit': 1} locked 0

  trade days 39 max trips/day 1
  power {'reason': "StartRuleMissing: no frozen S_X for ['MNQ', 'MBT']: no reports/stage_e_start_rule_<SET>.json lists them", 'status': 'not_run'}
  excluded dates: {'not_every_leg_trades': ['2025-05-26', '2025-06-19', '2025-09-01', '2025-11-27', '2026-01-19', '2026-02-16', '2026-05-25', '2026-06-19'], 'unseen_roll_UR-1': ['2026-06-18']}
