[2026-10-03 10:03:54 PDT] stage-E.12-2026-10-03: account acct-2 (cap $249.67, spent $124.6738) · session cap $137.73 (spent $0.1133) · request cap $3.00
[2026-10-03 10:03:54 PDT] plan: 348 chunks over 6 contracts (training-window)
[2026-10-03 10:03:55 PDT] harness preflight passed: 452c4a51ebfae33f6f18822c9b754634f1ce3ab879b88abe416633c75965a426
[2026-10-03 10:04:09 PDT] 6A range=2019-05-01_2019-06-01.dbn.zst: bought for $0.105285 · session $0.3926
[2026-10-03 10:04:33 PDT] 6A range=2019-06-01_2019-07-01.dbn.zst: bought for $0.088871 · session $0.9507
[2026-10-03 10:04:50 PDT] 6A range=2019-07-01_2019-08-01.dbn.zst: bought for $0.101276 · session $1.2460
[2026-10-03 10:05:00 PDT] 6A range=2019-08-01_2019-09-01.dbn.zst: bought for $0.101474 · session $1.5382
[2026-10-03 10:05:13 PDT] 6A range=2019-09-01_2019-10-01.dbn.zst: bought for $0.090693 · session $1.8344
[2026-10-03 10:05:30 PDT] 6A range=2019-10-01_2019-11-01.dbn.zst: bought for $0.104566 · session $2.3197
[2026-10-03 10:05:39 PDT] 6A range=2019-11-01_2019-12-01.dbn.zst: bought for $0.092807 · session $2.4961
[2026-10-03 10:05:48 PDT] 6A range=2019-12-01_2020-01-01.dbn.zst: bought for $0.088400 · session $2.6871
[2026-10-03 10:05:58 PDT] 6A range=2020-01-01_2020-02-01.dbn.zst: bought for $0.099017 · session $2.9706
/home/kiros-li/Documents/GitHub/PropExperiment/data/pull_universe.py:590: BentoWarning: The streaming request contained one or more days which have reduced quality: 2020-02-27 (degraded), 2020-02-28 (degraded). See: https://databento.com/docs/api-reference-historical/metadata/metadata-get-dataset-condition
  client.timeseries.get_range(**params.as_kwargs(), path=partial)
[2026-10-03 10:06:28 PDT] 6A range=2020-02-01_2020-03-01.dbn.zst: bought for $0.092460 · session $3.4288
[2026-10-03 10:06:41 PDT] 6A range=2020-03-01_2020-04-01.dbn.zst: bought for $0.108260 · session $3.7194
[2026-10-03 10:06:56 PDT] 6A range=2020-04-01_2020-05-01.dbn.zst: bought for $0.103584 · session $4.0148
/home/kiros-li/Documents/GitHub/PropExperiment/data/pull_universe.py:590: BentoWarning: The streaming request contained one or more days which have reduced quality: 2020-05-05 (degraded). See: https://databento.com/docs/api-reference-historical/metadata/metadata-get-dataset-condition
  client.timeseries.get_range(**params.as_kwargs(), path=partial)
[2026-10-03 10:07:06 PDT] 6A range=2020-05-01_2020-06-01.dbn.zst: bought for $0.101842 · session $4.4874
/home/kiros-li/Documents/GitHub/PropExperiment/data/pull_universe.py:590: BentoWarning: The streaming request contained one or more days which have reduced quality: 2020-06-30 (degraded). See: https://databento.com/docs/api-reference-historical/metadata/metadata-get-dataset-condition
  client.timeseries.get_range(**params.as_kwargs(), path=partial)
[2026-10-03 10:07:59 PDT] 6A range=2020-06-01_2020-07-01.dbn.zst: bought for $0.106888 · session $5.2792
/home/kiros-li/Documents/GitHub/PropExperiment/data/pull_universe.py:590: BentoWarning: The streaming request contained one or more days which have reduced quality: 2020-07-01 (degraded). See: https://databento.com/docs/api-reference-historical/metadata/metadata-get-dataset-condition
  client.timeseries.get_range(**params.as_kwargs(), path=partial)
[2026-10-03 10:08:16 PDT] 6A range=2020-07-01_2020-08-01.dbn.zst: bought for $0.110444 · session $5.5661
[2026-10-03 10:08:27 PDT] 6A range=2020-08-01_2020-09-01.dbn.zst: bought for $0.101773 · session $5.7771
[2026-10-03 10:08:42 PDT] 6A range=2020-09-01_2020-10-01.dbn.zst: bought for $0.102664 · session $5.9755
[2026-10-03 10:08:53 PDT] 6A range=2020-10-01_2020-11-01.dbn.zst: bought for $0.104712 · session $6.2438
[2026-10-03 10:09:02 PDT] 6A range=2020-11-01_2020-12-01.dbn.zst: bought for $0.101930 · session $6.5512
[2026-10-03 10:09:14 PDT] 6A range=2020-12-01_2021-01-01.dbn.zst: bought for $0.107088 · session $6.8379
[2026-10-03 10:09:32 PDT] 6A range=2021-01-01_2021-02-01.dbn.zst: bought for $0.099528 · session $7.1385
[2026-10-03 10:09:43 PDT] 6A range=2021-02-01_2021-03-01.dbn.zst: bought for $0.099115 · session $7.5176
[2026-10-03 10:09:51 PDT] 6A range=2021-03-01_2021-04-01.dbn.zst: bought for $0.112747 · session $7.6303
[2026-10-03 10:10:08 PDT] 6A range=2021-04-01_2021-05-01.dbn.zst: bought for $0.106665 · session $8.1373
[2026-10-03 10:10:24 PDT] 6A range=2021-05-01_2021-06-01.dbn.zst: bought for $0.102872 · session $8.6176
[2026-10-03 10:10:52 PDT] 6A range=2021-06-01_2021-07-01.dbn.zst: bought for $0.105924 · session $9.0823
[2026-10-03 10:10:58 PDT] 6A range=2021-07-01_2021-08-01.dbn.zst: bought for $0.106840 · session $9.1891
[2026-10-03 10:11:26 PDT] 6A range=2021-08-01_2021-09-01.dbn.zst: bought for $0.106972 · session $9.4109
[2026-10-03 10:11:35 PDT] 6A range=2021-09-01_2021-10-01.dbn.zst: bought for $0.104821 · session $9.5157
[2026-10-03 10:11:59 PDT] 6A range=2021-10-01_2021-11-01.dbn.zst: bought for $0.103664 · session $10.1777
[2026-10-03 10:12:25 PDT] 6A range=2021-11-01_2021-12-01.dbn.zst: bought for $0.106712 · session $10.8432
/home/kiros-li/Documents/GitHub/PropExperiment/data/pull_universe.py:590: BentoWarning: The streaming request contained one or more days which have reduced quality: 2021-12-05 (degraded). See: https://databento.com/docs/api-reference-historical/metadata/metadata-get-dataset-condition
  client.timeseries.get_range(**params.as_kwargs(), path=partial)
[2026-10-03 10:12:41 PDT] 6A range=2021-12-01_2022-01-01.dbn.zst: bought for $0.105303 · session $11.0482
/home/kiros-li/Documents/GitHub/PropExperiment/data/pull_universe.py:590: BentoWarning: The streaming request contained one or more days which have reduced quality: 2022-01-02 (degraded). See: https://databento.com/docs/api-reference-historical/metadata/metadata-get-dataset-condition
  client.timeseries.get_range(**params.as_kwargs(), path=partial)
[2026-10-03 10:13:02 PDT] 6A range=2022-01-01_2022-02-01.dbn.zst: bought for $0.103606 · session $11.6135
[2026-10-03 10:13:12 PDT] 6A range=2022-02-01_2022-03-01.dbn.zst: bought for $0.099634 · session $11.8935
[2026-10-03 10:13:22 PDT] 6A range=2022-03-01_2022-04-01.dbn.zst: bought for $0.112579 · session $12.3149
[2026-10-03 10:13:54 PDT] 6A range=2022-04-01_2022-05-01.dbn.zst: bought for $0.098750 · session $12.9741
[2026-10-03 10:14:10 PDT] 6A range=2022-05-01_2022-06-01.dbn.zst: bought for $0.109969 · session $13.3712
[2026-10-03 10:14:24 PDT] 6A range=2022-06-01_2022-07-01.dbn.zst: bought for $0.108049 · session $13.6507
[2026-10-03 10:14:35 PDT] 6A range=2022-07-01_2022-08-01.dbn.zst: bought for $0.104285 · session $14.0233
[2026-10-03 10:14:43 PDT] 6A range=2022-08-01_2022-09-01.dbn.zst: bought for $0.114127 · session $14.2349
[2026-10-03 10:14:59 PDT] 6A range=2022-09-01_2022-10-01.dbn.zst: bought for $0.106493 · session $14.5900
[2026-10-03 10:15:06 PDT] 6A range=2022-10-01_2022-11-01.dbn.zst: bought for $0.105365 · session $14.8058
[2026-10-03 10:15:28 PDT] 6A range=2022-11-01_2022-12-01.dbn.zst: bought for $0.108830 · session $15.1989
[2026-10-03 10:15:40 PDT] 6A range=2022-12-01_2023-01-01.dbn.zst: bought for $0.103233 · session $15.5849
[2026-10-03 10:15:53 PDT] 6A range=2023-01-01_2023-02-01.dbn.zst: bought for $0.104624 · session $15.6895
[2026-10-03 10:16:07 PDT] 6A range=2023-02-01_2023-03-01.dbn.zst: bought for $0.099440 · session $16.0985
[2026-10-03 10:16:22 PDT] 6A range=2023-03-01_2023-04-01.dbn.zst: bought for $0.112590 · session $16.5091
[2026-10-03 10:16:37 PDT] 6A range=2023-04-01_2023-05-01.dbn.zst: bought for $0.097279 · session $16.8081
[2026-10-03 10:18:12 PDT] 6A range=2023-05-01_2023-06-01.dbn.zst: bought for $0.112714 · session $18.5972
[2026-10-03 10:18:36 PDT] 6A range=2023-06-01_2023-07-01.dbn.zst: bought for $0.102569 · session $19.1991
[2026-10-03 10:18:47 PDT] 6A range=2023-07-01_2023-08-01.dbn.zst: bought for $0.103770 · session $19.4056
[2026-10-03 10:20:14 PDT] 6A range=2023-08-01_2023-09-01.dbn.zst: bought for $0.113853 · session $21.0460
[2026-10-03 10:21:07 PDT] 6A range=2023-09-01_2023-10-01.dbn.zst: bought for $0.100521 · session $22.3079
[2026-10-03 10:21:17 PDT] 6A range=2023-10-01_2023-11-01.dbn.zst: bought for $0.110071 · session $22.6050
[2026-10-03 10:21:26 PDT] 6A range=2023-11-01_2023-12-01.dbn.zst: bought for $0.108377 · session $22.9183
[2026-10-03 10:21:53 PDT] 6A range=2023-12-01_2024-01-01.dbn.zst: bought for $0.097323 · session $23.3366
[2026-10-03 10:22:23 PDT] 6A range=2024-01-01_2024-02-01.dbn.zst: bought for $0.109494 · session $23.8727
[2026-10-03 10:22:36 PDT] 6A range=2024-02-01_2024-03-01.dbn.zst: bought for $0.103492 · session $24.1879
[2026-10-03 10:22:47 PDT] 6B range=2019-05-01_2019-06-01.dbn.zst: bought for $0.104840 · session $24.4965
[2026-10-03 10:23:08 PDT] 6B range=2019-06-01_2019-07-01.dbn.zst: bought for $0.089123 · session $24.9910
[2026-10-03 10:23:28 PDT] 6B range=2019-07-01_2019-08-01.dbn.zst: bought for $0.102258 · session $25.4101
[2026-10-03 10:23:36 PDT] 6B range=2019-08-01_2019-09-01.dbn.zst: bought for $0.102459 · session $25.5125
[2026-10-03 10:23:53 PDT] 6B range=2019-09-01_2019-10-01.dbn.zst: bought for $0.094187 · session $26.1821
[2026-10-03 10:25:09 PDT] 6B range=2019-10-01_2019-11-01.dbn.zst: bought for $0.107118 · session $27.3584
[2026-10-03 10:25:18 PDT] 6B range=2019-11-01_2019-12-01.dbn.zst: bought for $0.093592 · session $27.5609
[2026-10-03 10:25:30 PDT] 6B range=2019-12-01_2020-01-01.dbn.zst: bought for $0.095804 · session $27.7617
[2026-10-03 10:26:32 PDT] 6B range=2020-01-01_2020-02-01.dbn.zst: bought for $0.099834 · session $28.9768
[2026-10-03 10:26:44 PDT] 6B range=2020-02-01_2020-03-01.dbn.zst: bought for $0.092109 · session $29.2362
[2026-10-03 10:27:07 PDT] 6B range=2020-03-01_2020-04-01.dbn.zst: bought for $0.105938 · session $29.6132
[2026-10-03 10:27:20 PDT] 6B range=2020-04-01_2020-05-01.dbn.zst: bought for $0.097334 · session $29.7605
[2026-10-03 10:27:32 PDT] 6B range=2020-05-01_2020-06-01.dbn.zst: bought for $0.098272 · session $30.0765
[2026-10-03 10:27:58 PDT] 6B range=2020-06-01_2020-07-01.dbn.zst: bought for $0.105164 · session $30.5572
[2026-10-03 10:28:04 PDT] 6B range=2020-07-01_2020-08-01.dbn.zst: bought for $0.108647 · session $30.7657
[2026-10-03 10:28:11 PDT] 6B range=2020-08-01_2020-09-01.dbn.zst: bought for $0.100853 · session $30.8666
[2026-10-03 10:28:20 PDT] 6B range=2020-09-01_2020-10-01.dbn.zst: bought for $0.101977 · session $31.1825
[2026-10-03 10:28:25 PDT] 6B range=2020-10-01_2020-11-01.dbn.zst: bought for $0.102682 · session $31.4009
[2026-10-03 10:28:56 PDT] 6B range=2020-11-01_2020-12-01.dbn.zst: bought for $0.098827 · session $31.9176
[2026-10-03 10:29:24 PDT] 6B range=2020-12-01_2021-01-01.dbn.zst: bought for $0.103901 · session $32.4541
[2026-10-03 10:29:39 PDT] 6B range=2021-01-01_2021-02-01.dbn.zst: bought for $0.096173 · session $32.7670
[2026-10-03 10:29:52 PDT] 6B range=2021-02-01_2021-03-01.dbn.zst: bought for $0.094982 · session $33.0771
[2026-10-03 10:30:01 PDT] 6B range=2021-03-01_2021-04-01.dbn.zst: bought for $0.107096 · session $33.2875
[2026-10-03 10:30:17 PDT] 6B range=2021-04-01_2021-05-01.dbn.zst: bought for $0.100619 · session $33.6076
[2026-10-03 10:30:28 PDT] 6B range=2021-05-01_2021-06-01.dbn.zst: bought for $0.098564 · session $33.8118
[2026-10-03 10:30:41 PDT] 6B range=2021-06-01_2021-07-01.dbn.zst: bought for $0.099856 · session $34.1232
[2026-10-03 10:30:49 PDT] 6B range=2021-07-01_2021-08-01.dbn.zst: bought for $0.101693 · session $34.2845
[2026-10-03 10:31:05 PDT] 6B range=2021-08-01_2021-09-01.dbn.zst: bought for $0.097772 · session $34.4824
[2026-10-03 10:31:17 PDT] 6B range=2021-09-01_2021-10-01.dbn.zst: bought for $0.097173 · session $34.9012
[2026-10-03 10:31:31 PDT] 6B range=2021-10-01_2021-11-01.dbn.zst: bought for $0.096600 · session $35.1975
[2026-10-03 10:32:02 PDT] 6B range=2021-11-01_2021-12-01.dbn.zst: bought for $0.100324 · session $35.6929
[2026-10-03 10:32:27 PDT] 6B range=2021-12-01_2022-01-01.dbn.zst: bought for $0.096775 · session $36.2260
[2026-10-03 10:32:50 PDT] 6B range=2022-01-01_2022-02-01.dbn.zst: bought for $0.096698 · session $36.8900
[2026-10-03 10:33:15 PDT] 6B range=2022-02-01_2022-03-01.dbn.zst: bought for $0.094800 · session $37.4830
[2026-10-03 10:33:26 PDT] 6B range=2022-03-01_2022-04-01.dbn.zst: bought for $0.109093 · session $37.8715
[2026-10-03 10:33:51 PDT] 6B range=2022-04-01_2022-05-01.dbn.zst: bought for $0.095391 · session $38.1389
[2026-10-03 10:34:02 PDT] 6B range=2022-05-01_2022-06-01.dbn.zst: bought for $0.106450 · session $38.5228
[2026-10-03 10:34:22 PDT] 6B range=2022-06-01_2022-07-01.dbn.zst: bought for $0.103153 · session $39.0806
[2026-10-03 10:34:44 PDT] 6B range=2022-07-01_2022-08-01.dbn.zst: bought for $0.101185 · session $39.7617
[2026-10-03 10:34:59 PDT] 6B range=2022-08-01_2022-09-01.dbn.zst: bought for $0.110546 · session $39.9756
[2026-10-03 10:35:17 PDT] 6B range=2022-09-01_2022-10-01.dbn.zst: bought for $0.105311 · session $40.2763
[2026-10-03 10:35:24 PDT] 6B range=2022-10-01_2022-11-01.dbn.zst: bought for $0.104591 · session $40.3809
[2026-10-03 10:35:36 PDT] 6B range=2022-11-01_2022-12-01.dbn.zst: bought for $0.106760 · session $40.5625
[2026-10-03 10:35:50 PDT] 6B range=2022-12-01_2023-01-01.dbn.zst: bought for $0.099509 · session $40.7327
[2026-10-03 10:36:21 PDT] 6B range=2023-01-01_2023-02-01.dbn.zst: bought for $0.100681 · session $41.3522
[2026-10-03 10:36:30 PDT] 6B range=2023-02-01_2023-03-01.dbn.zst: bought for $0.094446 · session $41.5576
[2026-10-03 10:36:38 PDT] 6B range=2023-03-01_2023-04-01.dbn.zst: bought for $0.108545 · session $41.8368
[2026-10-03 10:37:15 PDT] 6B range=2023-04-01_2023-05-01.dbn.zst: bought for $0.090773 · session $42.4090
[2026-10-03 10:37:23 PDT] 6B range=2023-05-01_2023-06-01.dbn.zst: bought for $0.105946 · session $42.5775
[2026-10-03 10:37:34 PDT] 6B range=2023-06-01_2023-07-01.dbn.zst: bought for $0.097005 · session $42.9745
[2026-10-03 10:37:49 PDT] 6B range=2023-07-01_2023-08-01.dbn.zst: bought for $0.098871 · session $43.2163
[2026-10-03 10:37:58 PDT] 6B range=2023-08-01_2023-09-01.dbn.zst: bought for $0.106680 · session $43.5862
[2026-10-03 10:38:06 PDT] 6B range=2023-09-01_2023-10-01.dbn.zst: bought for $0.093380 · session $43.7773
[2026-10-03 10:38:13 PDT] 6B range=2023-10-01_2023-11-01.dbn.zst: bought for $0.103909 · session $44.1282
[2026-10-03 10:38:25 PDT] 6B range=2023-11-01_2023-12-01.dbn.zst: bought for $0.102379 · session $44.4790
[2026-10-03 10:38:46 PDT] 6B range=2023-12-01_2024-01-01.dbn.zst: bought for $0.091445 · session $44.8896
[2026-10-03 10:38:56 PDT] 6B range=2024-01-01_2024-02-01.dbn.zst: bought for $0.104818 · session $45.2493
[2026-10-03 10:39:12 PDT] 6B range=2024-02-01_2024-03-01.dbn.zst: bought for $0.096899 · session $45.6747
[2026-10-03 10:39:20 PDT] 6N range=2019-05-01_2019-06-01.dbn.zst: bought for $0.081989 · session $45.8560
[2026-10-03 10:39:40 PDT] 6N range=2019-06-01_2019-07-01.dbn.zst: bought for $0.071793 · session $46.1042
[2026-10-03 10:39:50 PDT] 6N range=2019-07-01_2019-08-01.dbn.zst: bought for $0.083435 · session $46.3644
[2026-10-03 10:39:59 PDT] 6N range=2019-08-01_2019-09-01.dbn.zst: bought for $0.086337 · session $46.5230
[2026-10-03 10:40:18 PDT] 6N range=2019-09-01_2019-10-01.dbn.zst: bought for $0.075973 · session $46.7088
[2026-10-03 10:40:42 PDT] 6N range=2019-10-01_2019-11-01.dbn.zst: bought for $0.089937 · session $47.1572
[2026-10-03 10:40:54 PDT] 6N range=2019-11-01_2019-12-01.dbn.zst: bought for $0.078977 · session $47.3824
[2026-10-03 10:41:12 PDT] 6N range=2019-12-01_2020-01-01.dbn.zst: bought for $0.074439 · session $47.6590
[2026-10-03 10:41:26 PDT] 6N range=2020-01-01_2020-02-01.dbn.zst: bought for $0.082040 · session $47.9897
[2026-10-03 10:41:39 PDT] 6N range=2020-02-01_2020-03-01.dbn.zst: bought for $0.079112 · session $48.4990
[2026-10-03 10:41:47 PDT] 6N range=2020-03-01_2020-04-01.dbn.zst: bought for $0.099133 · session $48.7783
[2026-10-03 10:41:59 PDT] 6N range=2020-04-01_2020-05-01.dbn.zst: bought for $0.091741 · session $49.1227
[2026-10-03 10:42:09 PDT] 6N range=2020-05-01_2020-06-01.dbn.zst: bought for $0.091675 · session $49.4147
[2026-10-03 10:42:20 PDT] 6N range=2020-06-01_2020-07-01.dbn.zst: bought for $0.097808 · session $49.6914
[2026-10-03 10:42:30 PDT] 6N range=2020-07-01_2020-08-01.dbn.zst: bought for $0.099250 · session $50.0688
[2026-10-03 10:42:42 PDT] 6N range=2020-08-01_2020-09-01.dbn.zst: bought for $0.091883 · session $50.2324
[2026-10-03 10:43:03 PDT] 6N range=2020-09-01_2020-10-01.dbn.zst: bought for $0.090379 · session $50.8298
[2026-10-03 10:43:13 PDT] 6N range=2020-10-01_2020-11-01.dbn.zst: bought for $0.088123 · session $51.0869
[2026-10-03 10:43:19 PDT] 6N range=2020-11-01_2020-12-01.dbn.zst: bought for $0.090036 · session $51.2465
[2026-10-03 10:43:29 PDT] 6N range=2020-12-01_2021-01-01.dbn.zst: bought for $0.090477 · session $51.5851
[2026-10-03 10:43:37 PDT] 6N range=2021-01-01_2021-02-01.dbn.zst: bought for $0.090572 · session $51.9149
[2026-10-03 10:43:45 PDT] 6N range=2021-02-01_2021-03-01.dbn.zst: bought for $0.089397 · session $52.1819
[2026-10-03 10:43:56 PDT] 6N range=2021-03-01_2021-04-01.dbn.zst: bought for $0.100999 · session $52.3380
[2026-10-03 10:44:33 PDT] 6N range=2021-04-01_2021-05-01.dbn.zst: bought for $0.091156 · session $53.0995
[2026-10-03 10:45:18 PDT] 6N range=2021-05-01_2021-06-01.dbn.zst: bought for $0.088057 · session $53.9879
[2026-10-03 10:45:46 PDT] 6N range=2021-06-01_2021-07-01.dbn.zst: bought for $0.088017 · session $54.6172
[2026-10-03 10:45:55 PDT] 6N range=2021-07-01_2021-08-01.dbn.zst: bought for $0.093584 · session $55.0007
[2026-10-03 10:46:05 PDT] 6N range=2021-08-01_2021-09-01.dbn.zst: bought for $0.095640 · session $55.1986
[2026-10-03 10:46:23 PDT] 6N range=2021-09-01_2021-10-01.dbn.zst: bought for $0.093391 · session $55.6639
[2026-10-03 10:46:36 PDT] 6N range=2021-10-01_2021-11-01.dbn.zst: bought for $0.094939 · session $56.0372
[2026-10-03 10:46:45 PDT] 6N range=2021-11-01_2021-12-01.dbn.zst: bought for $0.095176 · session $56.3501
[2026-10-03 10:46:59 PDT] 6N range=2021-12-01_2022-01-01.dbn.zst: bought for $0.088933 · session $56.7124
[2026-10-03 10:47:08 PDT] 6N range=2022-01-01_2022-02-01.dbn.zst: bought for $0.091507 · session $57.0133
[2026-10-03 10:47:20 PDT] 6N range=2022-02-01_2022-03-01.dbn.zst: bought for $0.090339 · session $57.3426
[2026-10-03 10:47:59 PDT] 6N range=2022-03-01_2022-04-01.dbn.zst: bought for $0.099152 · session $57.8809
[2026-10-03 10:48:10 PDT] 6N range=2022-04-01_2022-05-01.dbn.zst: bought for $0.089159 · session $58.1541
[2026-10-03 10:48:29 PDT] 6N range=2022-05-01_2022-06-01.dbn.zst: bought for $0.100543 · session $58.6521
[2026-10-03 10:48:48 PDT] 6N range=2022-06-01_2022-07-01.dbn.zst: bought for $0.096311 · session $59.1625
[2026-10-03 10:48:57 PDT] 6N range=2022-07-01_2022-08-01.dbn.zst: bought for $0.095804 · session $59.4633
[2026-10-03 10:49:07 PDT] 6N range=2022-08-01_2022-09-01.dbn.zst: bought for $0.105716 · session $59.7736
[2026-10-03 10:49:19 PDT] 6N range=2022-09-01_2022-10-01.dbn.zst: bought for $0.101218 · session $60.0827
[2026-10-03 10:49:33 PDT] 6N range=2022-10-01_2022-11-01.dbn.zst: bought for $0.101225 · session $60.5667
[2026-10-03 10:49:50 PDT] 6N range=2022-11-01_2022-12-01.dbn.zst: bought for $0.101200 · session $61.0453
[2026-10-03 10:50:02 PDT] 6N range=2022-12-01_2023-01-01.dbn.zst: bought for $0.092734 · session $61.4659
[2026-10-03 10:50:18 PDT] 6N range=2023-01-01_2023-02-01.dbn.zst: bought for $0.094964 · session $61.8553
[2026-10-03 10:50:32 PDT] 6N range=2023-02-01_2023-03-01.dbn.zst: bought for $0.091883 · session $62.3611
[2026-10-03 10:50:46 PDT] 6N range=2023-03-01_2023-04-01.dbn.zst: bought for $0.101784 · session $62.7721
[2026-10-03 10:51:01 PDT] 6N range=2023-04-01_2023-05-01.dbn.zst: bought for $0.088462 · session $63.2508
[2026-10-03 10:51:25 PDT] 6N range=2023-05-01_2023-06-01.dbn.zst: bought for $0.102580 · session $63.9593
[2026-10-03 10:51:40 PDT] 6N range=2023-06-01_2023-07-01.dbn.zst: bought for $0.089313 · session $64.3543
[2026-10-03 10:51:46 PDT] 6N range=2023-07-01_2023-08-01.dbn.zst: bought for $0.097629 · session $64.5600
[2026-10-03 10:52:08 PDT] 6N range=2023-08-01_2023-09-01.dbn.zst: bought for $0.105833 · session $65.1513
[2026-10-03 10:52:38 PDT] 6N range=2023-09-01_2023-10-01.dbn.zst: bought for $0.093424 · session $65.9233
[2026-10-03 10:53:12 PDT] 6N range=2023-10-01_2023-11-01.dbn.zst: bought for $0.102850 · session $66.6925
[2026-10-03 10:53:23 PDT] 6N range=2023-11-01_2023-12-01.dbn.zst: bought for $0.100105 · session $66.9416
[2026-10-03 10:53:37 PDT] 6N range=2023-12-01_2024-01-01.dbn.zst: bought for $0.090485 · session $67.4652
[2026-10-03 10:53:53 PDT] 6N range=2024-01-01_2024-02-01.dbn.zst: bought for $0.100196 · session $67.8044
[2026-10-03 10:54:05 PDT] 6N range=2024-02-01_2024-03-01.dbn.zst: bought for $0.097600 · session $68.0954
[2026-10-03 10:54:42 PDT] ZM range=2019-05-01_2019-06-01.dbn.zst: bought for $0.063637 · session $69.1327
[2026-10-03 10:54:56 PDT] ZM range=2019-06-01_2019-07-01.dbn.zst: bought for $0.049625 · session $69.3765
[2026-10-03 10:55:11 PDT] ZM range=2019-07-01_2019-08-01.dbn.zst: bought for $0.053856 · session $69.7061
[2026-10-03 10:55:23 PDT] ZM range=2019-08-01_2019-09-01.dbn.zst: bought for $0.057434 · session $69.9817
[2026-10-03 10:55:32 PDT] ZM range=2019-09-01_2019-10-01.dbn.zst: bought for $0.051297 · session $70.1286
[2026-10-03 10:55:41 PDT] ZM range=2019-10-01_2019-11-01.dbn.zst: bought for $0.059110 · session $70.3944
[2026-10-03 10:55:57 PDT] ZM range=2019-11-01_2019-12-01.dbn.zst: bought for $0.047157 · session $70.6597
[2026-10-03 10:56:08 PDT] ZM range=2019-12-01_2020-01-01.dbn.zst: bought for $0.053090 · session $70.9820
[2026-10-03 10:56:30 PDT] ZM range=2020-01-01_2020-02-01.dbn.zst: bought for $0.056401 · session $71.6040
[2026-10-03 10:56:38 PDT] ZM range=2020-02-01_2020-03-01.dbn.zst: bought for $0.047227 · session $71.8230
[2026-10-03 10:56:54 PDT] ZM range=2020-03-01_2020-04-01.dbn.zst: bought for $0.068408 · session $72.1631
[2026-10-03 10:57:06 PDT] ZM range=2020-04-01_2020-05-01.dbn.zst: bought for $0.055897 · session $72.4084
[2026-10-03 10:57:18 PDT] ZM range=2020-05-01_2020-06-01.dbn.zst: bought for $0.055171 · session $72.6623
[2026-10-03 10:57:41 PDT] ZM range=2020-06-01_2020-07-01.dbn.zst: bought for $0.053499 · session $72.9876
[2026-10-03 10:58:13 PDT] ZM range=2020-07-01_2020-08-01.dbn.zst: bought for $0.060541 · session $73.3943
[2026-10-03 10:58:31 PDT] ZM range=2020-08-01_2020-09-01.dbn.zst: bought for $0.059519 · session $73.6086
[2026-10-03 10:58:38 PDT] ZM range=2020-09-01_2020-10-01.dbn.zst: bought for $0.064181 · session $73.7563
[2026-10-03 10:58:45 PDT] ZM range=2020-10-01_2020-11-01.dbn.zst: bought for $0.071869 · session $73.9246
[2026-10-03 10:59:00 PDT] ZM range=2020-11-01_2020-12-01.dbn.zst: bought for $0.057909 · session $74.1487
[2026-10-03 10:59:09 PDT] ZM range=2020-12-01_2021-01-01.dbn.zst: bought for $0.067868 · session $74.3076
[2026-10-03 10:59:21 PDT] ZM range=2021-01-01_2021-02-01.dbn.zst: bought for $0.065886 · session $74.4456
[2026-10-03 10:59:46 PDT] ZM range=2021-02-01_2021-03-01.dbn.zst: bought for $0.058135 · session $74.7289
[2026-10-03 10:59:55 PDT] ZM range=2021-03-01_2021-04-01.dbn.zst: bought for $0.073384 · session $74.8711
[2026-10-03 11:00:03 PDT] ZM range=2021-04-01_2021-05-01.dbn.zst: bought for $0.067401 · session $75.0076
[2026-10-03 11:00:21 PDT] ZM range=2021-05-01_2021-06-01.dbn.zst: bought for $0.066868 · session $75.2338
[2026-10-03 11:00:44 PDT] ZM range=2021-06-01_2021-07-01.dbn.zst: bought for $0.069270 · session $75.7474
[2026-10-03 11:01:16 PDT] ZM range=2021-07-01_2021-08-01.dbn.zst: bought for $0.065568 · session $76.4101
[2026-10-03 11:01:28 PDT] ZM range=2021-08-01_2021-09-01.dbn.zst: bought for $0.067886 · session $76.6737
[2026-10-03 11:01:49 PDT] ZM range=2021-09-01_2021-10-01.dbn.zst: bought for $0.062439 · session $77.0528
[2026-10-03 11:02:00 PDT] ZM range=2021-10-01_2021-11-01.dbn.zst: bought for $0.062461 · session $77.2792
[2026-10-03 11:02:17 PDT] ZM range=2021-11-01_2021-12-01.dbn.zst: bought for $0.059490 · session $77.7100
[2026-10-03 11:02:32 PDT] ZM range=2021-12-01_2022-01-01.dbn.zst: bought for $0.064707 · session $78.1339
[2026-10-03 11:02:46 PDT] ZM range=2022-01-01_2022-02-01.dbn.zst: bought for $0.063940 · session $78.4676
[2026-10-03 11:03:08 PDT] ZM range=2022-02-01_2022-03-01.dbn.zst: bought for $0.061921 · session $78.8629
[2026-10-03 11:03:18 PDT] ZM range=2022-03-01_2022-04-01.dbn.zst: bought for $0.073804 · session $79.1416
[2026-10-03 11:03:42 PDT] ZM range=2022-04-01_2022-05-01.dbn.zst: bought for $0.060822 · session $79.6311
[2026-10-03 11:03:52 PDT] ZM range=2022-05-01_2022-06-01.dbn.zst: bought for $0.065641 · session $79.9670
[2026-10-03 11:04:06 PDT] ZM range=2022-06-01_2022-07-01.dbn.zst: bought for $0.058464 · session $80.2885
[2026-10-03 11:04:16 PDT] ZM range=2022-07-01_2022-08-01.dbn.zst: bought for $0.058263 · session $80.4364
[2026-10-03 11:04:28 PDT] ZM range=2022-08-01_2022-09-01.dbn.zst: bought for $0.070230 · session $80.7951
[2026-10-03 11:04:38 PDT] ZM range=2022-09-01_2022-10-01.dbn.zst: bought for $0.065134 · session $80.9305
[2026-10-03 11:05:34 PDT] ZM range=2022-10-01_2022-11-01.dbn.zst: bought for $0.061220 · session $82.2433
[2026-10-03 11:05:42 PDT] ZM range=2022-11-01_2022-12-01.dbn.zst: bought for $0.054703 · session $82.5568
[2026-10-03 11:05:57 PDT] ZM range=2022-12-01_2023-01-01.dbn.zst: bought for $0.056704 · session $82.8686
[2026-10-03 11:06:07 PDT] ZM range=2023-01-01_2023-02-01.dbn.zst: bought for $0.058814 · session $83.0941
[2026-10-03 11:06:21 PDT] ZM range=2023-02-01_2023-03-01.dbn.zst: bought for $0.056934 · session $83.4435
[2026-10-03 11:06:47 PDT] ZM range=2023-03-01_2023-04-01.dbn.zst: bought for $0.072428 · session $83.9685
[2026-10-03 11:06:57 PDT] ZM range=2023-04-01_2023-05-01.dbn.zst: bought for $0.056627 · session $84.2393
[2026-10-03 11:07:16 PDT] ZM range=2023-05-01_2023-06-01.dbn.zst: bought for $0.068697 · session $84.6549
[2026-10-03 11:07:26 PDT] ZM range=2023-06-01_2023-07-01.dbn.zst: bought for $0.065966 · session $84.8856
[2026-10-03 11:07:47 PDT] ZM range=2023-07-01_2023-08-01.dbn.zst: bought for $0.061362 · session $85.2020
[2026-10-03 11:07:55 PDT] ZM range=2023-08-01_2023-09-01.dbn.zst: bought for $0.070603 · session $85.4387
[2026-10-03 11:08:03 PDT] ZM range=2023-09-01_2023-10-01.dbn.zst: bought for $0.058960 · session $85.5991
[2026-10-03 11:08:18 PDT] ZM range=2023-10-01_2023-11-01.dbn.zst: bought for $0.069504 · session $85.9384
[2026-10-03 11:08:41 PDT] ZM range=2023-11-01_2023-12-01.dbn.zst: bought for $0.063633 · session $86.4813
[2026-10-03 11:08:50 PDT] ZM range=2023-12-01_2024-01-01.dbn.zst: bought for $0.055685 · session $86.8132
[2026-10-03 11:09:12 PDT] ZM range=2024-01-01_2024-02-01.dbn.zst: bought for $0.061454 · session $87.2074
[2026-10-03 11:09:39 PDT] ZM range=2024-02-01_2024-03-01.dbn.zst: bought for $0.059614 · session $87.7048
[2026-10-03 11:09:48 PDT] ZW range=2019-05-01_2019-06-01.dbn.zst: bought for $0.067244 · session $88.0390
[2026-10-03 11:09:56 PDT] ZW range=2019-06-01_2019-07-01.dbn.zst: bought for $0.060176 · session $88.0991
[2026-10-03 11:10:09 PDT] ZW range=2019-07-01_2019-08-01.dbn.zst: bought for $0.063903 · session $88.4408
[2026-10-03 11:10:20 PDT] ZW range=2019-08-01_2019-09-01.dbn.zst: bought for $0.061377 · session $88.6087
[2026-10-03 11:10:44 PDT] ZW range=2019-09-01_2019-10-01.dbn.zst: bought for $0.055090 · session $88.9594
[2026-10-03 11:10:53 PDT] ZW range=2019-10-01_2019-11-01.dbn.zst: bought for $0.063038 · session $89.2784
[2026-10-03 11:11:01 PDT] ZW range=2019-11-01_2019-12-01.dbn.zst: bought for $0.049731 · session $89.5735
[2026-10-03 11:11:16 PDT] ZW range=2019-12-01_2020-01-01.dbn.zst: bought for $0.056510 · session $89.8955
[2026-10-03 11:11:24 PDT] ZW range=2020-01-01_2020-02-01.dbn.zst: bought for $0.058905 · session $90.0495
[2026-10-03 11:11:33 PDT] ZW range=2020-02-01_2020-03-01.dbn.zst: bought for $0.052867 · session $90.2830
[2026-10-03 11:11:42 PDT] ZW range=2020-03-01_2020-04-01.dbn.zst: bought for $0.069551 · session $90.5674
[2026-10-03 11:11:53 PDT] ZW range=2020-04-01_2020-05-01.dbn.zst: bought for $0.062626 · session $90.8770
[2026-10-03 11:12:06 PDT] ZW range=2020-05-01_2020-06-01.dbn.zst: bought for $0.059774 · session $91.2578
[2026-10-03 11:12:15 PDT] ZW range=2020-06-01_2020-07-01.dbn.zst: bought for $0.064057 · session $91.6799
[2026-10-03 11:12:27 PDT] ZW range=2020-07-01_2020-08-01.dbn.zst: bought for $0.067737 · session $91.8573
[2026-10-03 11:12:37 PDT] ZW range=2020-08-01_2020-09-01.dbn.zst: bought for $0.064926 · session $92.1777
[2026-10-03 11:12:46 PDT] ZW range=2020-09-01_2020-10-01.dbn.zst: bought for $0.065831 · session $92.4786
[2026-10-03 11:13:01 PDT] ZW range=2020-10-01_2020-11-01.dbn.zst: bought for $0.074348 · session $92.8119
[2026-10-03 11:13:14 PDT] ZW range=2020-11-01_2020-12-01.dbn.zst: bought for $0.063086 · session $93.2125
[2026-10-03 11:13:29 PDT] ZW range=2020-12-01_2021-01-01.dbn.zst: bought for $0.073457 · session $93.5261
[2026-10-03 11:13:41 PDT] ZW range=2021-01-01_2021-02-01.dbn.zst: bought for $0.067952 · session $93.7547
[2026-10-03 11:13:55 PDT] ZW range=2021-02-01_2021-03-01.dbn.zst: bought for $0.062553 · session $93.9766
[2026-10-03 11:14:06 PDT] ZW range=2021-03-01_2021-04-01.dbn.zst: bought for $0.073753 · session $94.1199
[2026-10-03 11:14:32 PDT] ZW range=2021-04-01_2021-05-01.dbn.zst: bought for $0.067740 · session $94.6026
[2026-10-03 11:14:46 PDT] ZW range=2021-05-01_2021-06-01.dbn.zst: bought for $0.067832 · session $95.0123
[2026-10-03 11:15:11 PDT] ZW range=2021-06-01_2021-07-01.dbn.zst: bought for $0.072673 · session $95.4313
[2026-10-03 11:15:22 PDT] ZW range=2021-07-01_2021-08-01.dbn.zst: bought for $0.068507 · session $95.5196
[2026-10-03 11:15:41 PDT] ZW range=2021-08-01_2021-09-01.dbn.zst: bought for $0.071274 · session $95.8271
[2026-10-03 11:15:59 PDT] ZW range=2021-09-01_2021-10-01.dbn.zst: bought for $0.065670 · session $96.3212
[2026-10-03 11:16:13 PDT] ZW range=2021-10-01_2021-11-01.dbn.zst: bought for $0.065590 · session $96.3868
[2026-10-03 11:16:35 PDT] ZW range=2021-11-01_2021-12-01.dbn.zst: bought for $0.064444 · session $96.8746
[2026-10-03 11:16:53 PDT] ZW range=2021-12-01_2022-01-01.dbn.zst: bought for $0.070310 · session $97.2690
[2026-10-03 11:17:02 PDT] ZW range=2022-01-01_2022-02-01.dbn.zst: bought for $0.064969 · session $97.5367
[2026-10-03 11:17:44 PDT] ZW range=2022-02-01_2022-03-01.dbn.zst: bought for $0.063129 · session $98.0028
[2026-10-03 11:18:05 PDT] ZW range=2022-03-01_2022-04-01.dbn.zst: bought for $0.067083 · session $98.2646
[2026-10-03 11:18:14 PDT] ZW range=2022-04-01_2022-05-01.dbn.zst: bought for $0.059417 · session $98.3438
[2026-10-03 11:18:22 PDT] ZW range=2022-05-01_2022-06-01.dbn.zst: bought for $0.069266 · session $98.6113
[2026-10-03 11:18:40 PDT] ZW range=2022-06-01_2022-07-01.dbn.zst: bought for $0.065243 · session $98.8822
[2026-10-03 11:18:47 PDT] ZW range=2022-07-01_2022-08-01.dbn.zst: bought for $0.063969 · session $99.0658
[2026-10-03 11:19:04 PDT] ZW range=2022-08-01_2022-09-01.dbn.zst: bought for $0.071957 · session $99.4394
[2026-10-03 11:19:16 PDT] ZW range=2022-09-01_2022-10-01.dbn.zst: bought for $0.067383 · session $99.7502
[2026-10-03 11:19:27 PDT] ZW range=2022-10-01_2022-11-01.dbn.zst: bought for $0.066061 · session $99.9400
[2026-10-03 11:19:41 PDT] ZW range=2022-11-01_2022-12-01.dbn.zst: bought for $0.060563 · session $100.2304
[2026-10-03 11:20:09 PDT] ZW range=2022-12-01_2023-01-01.dbn.zst: bought for $0.056408 · session $100.7506
[2026-10-03 11:20:22 PDT] ZW range=2023-01-01_2023-02-01.dbn.zst: bought for $0.053853 · session $101.0336
[2026-10-03 11:20:31 PDT] ZW range=2023-02-01_2023-03-01.dbn.zst: bought for $0.054192 · session $101.1878
[2026-10-03 11:20:50 PDT] ZW range=2023-03-01_2023-04-01.dbn.zst: bought for $0.069014 · session $101.4959
[2026-10-03 11:20:57 PDT] ZW range=2023-04-01_2023-05-01.dbn.zst: bought for $0.056598 · session $101.6759
[2026-10-03 11:21:18 PDT] ZW range=2023-05-01_2023-06-01.dbn.zst: bought for $0.068087 · session $102.0661
[2026-10-03 11:21:26 PDT] ZW range=2023-06-01_2023-07-01.dbn.zst: bought for $0.068215 · session $102.3497
[2026-10-03 11:21:46 PDT] ZW range=2023-07-01_2023-08-01.dbn.zst: bought for $0.066711 · session $102.7188
[2026-10-03 11:22:09 PDT] ZW range=2023-08-01_2023-09-01.dbn.zst: bought for $0.074067 · session $103.1485
[2026-10-03 11:22:20 PDT] ZW range=2023-09-01_2023-10-01.dbn.zst: bought for $0.060044 · session $103.3253
[2026-10-03 11:22:38 PDT] ZW range=2023-10-01_2023-11-01.dbn.zst: bought for $0.065703 · session $103.8327
[2026-10-03 11:22:55 PDT] ZW range=2023-11-01_2023-12-01.dbn.zst: bought for $0.056941 · session $104.2217
[2026-10-03 11:23:01 PDT] ZW range=2023-12-01_2024-01-01.dbn.zst: bought for $0.055521 · session $104.2981
[2026-10-03 11:23:08 PDT] ZW range=2024-01-01_2024-02-01.dbn.zst: bought for $0.057109 · session $104.4618
[2026-10-03 11:23:35 PDT] ZW range=2024-02-01_2024-03-01.dbn.zst: bought for $0.057011 · session $104.8667
[2026-10-03 11:24:00 PDT] 6C range=2019-05-01_2019-06-01.dbn.zst: bought for $0.103890 · session $105.2738
[2026-10-03 11:24:21 PDT] 6C range=2019-06-01_2019-07-01.dbn.zst: bought for $0.089525 · session $105.7504
[2026-10-03 11:24:31 PDT] 6C range=2019-07-01_2019-08-01.dbn.zst: bought for $0.100893 · session $105.9498
[2026-10-03 11:24:57 PDT] 6C range=2019-08-01_2019-09-01.dbn.zst: bought for $0.101101 · session $106.4133
[2026-10-03 11:25:04 PDT] 6C range=2019-09-01_2019-10-01.dbn.zst: bought for $0.090112 · session $106.7053
[2026-10-03 11:25:15 PDT] 6C range=2019-10-01_2019-11-01.dbn.zst: bought for $0.101631 · session $106.8069
[2026-10-03 11:25:26 PDT] 6C range=2019-11-01_2019-12-01.dbn.zst: bought for $0.088488 · session $107.0286
[2026-10-03 11:26:07 PDT] 6C range=2019-12-01_2020-01-01.dbn.zst: bought for $0.085107 · session $107.7719
[2026-10-03 11:26:16 PDT] 6C range=2020-01-01_2020-02-01.dbn.zst: bought for $0.093701 · session $107.9863
[2026-10-03 11:26:24 PDT] 6C range=2020-02-01_2020-03-01.dbn.zst: bought for $0.088805 · session $108.3000
[2026-10-03 11:26:33 PDT] 6C range=2020-03-01_2020-04-01.dbn.zst: bought for $0.105296 · session $108.5080
[2026-10-03 11:26:41 PDT] 6C range=2020-04-01_2020-05-01.dbn.zst: bought for $0.101233 · session $108.6322
[2026-10-03 11:26:49 PDT] 6C range=2020-05-01_2020-06-01.dbn.zst: bought for $0.098597 · session $108.8553
[2026-10-03 11:27:01 PDT] 6C range=2020-06-01_2020-07-01.dbn.zst: bought for $0.104153 · session $109.0593
[2026-10-03 11:27:17 PDT] 6C range=2020-07-01_2020-08-01.dbn.zst: bought for $0.106446 · session $109.2635
[2026-10-03 11:27:26 PDT] 6C range=2020-08-01_2020-09-01.dbn.zst: bought for $0.099097 · session $109.4575
[2026-10-03 11:27:37 PDT] 6C range=2020-09-01_2020-10-01.dbn.zst: bought for $0.100484 · session $109.6740
[2026-10-03 11:27:48 PDT] 6C range=2020-10-01_2020-11-01.dbn.zst: bought for $0.102065 · session $110.0944
[2026-10-03 11:27:57 PDT] 6C range=2020-11-01_2020-12-01.dbn.zst: bought for $0.098838 · session $110.2133
[2026-10-03 11:28:08 PDT] 6C range=2020-12-01_2021-01-01.dbn.zst: bought for $0.100568 · session $110.5195
[2026-10-03 11:28:18 PDT] 6C range=2021-01-01_2021-02-01.dbn.zst: bought for $0.095395 · session $110.7190
[2026-10-03 11:28:39 PDT] 6C range=2021-02-01_2021-03-01.dbn.zst: bought for $0.095183 · session $111.3075
[2026-10-03 11:28:52 PDT] 6C range=2021-03-01_2021-04-01.dbn.zst: bought for $0.109644 · session $111.6165
[2026-10-03 11:29:06 PDT] 6C range=2021-04-01_2021-05-01.dbn.zst: bought for $0.102916 · session $111.9450
[2026-10-03 11:29:15 PDT] 6C range=2021-05-01_2021-06-01.dbn.zst: bought for $0.099122 · session $112.2122
[2026-10-03 11:29:24 PDT] 6C range=2021-06-01_2021-07-01.dbn.zst: bought for $0.099988 · session $112.4069
[2026-10-03 11:29:35 PDT] 6C range=2021-07-01_2021-08-01.dbn.zst: bought for $0.102835 · session $112.6314
[2026-10-03 11:29:47 PDT] 6C range=2021-08-01_2021-09-01.dbn.zst: bought for $0.102112 · session $113.0054
[2026-10-03 11:29:54 PDT] 6C range=2021-09-01_2021-10-01.dbn.zst: bought for $0.100342 · session $113.2289
[2026-10-03 11:30:05 PDT] 6C range=2021-10-01_2021-11-01.dbn.zst: bought for $0.099703 · session $113.4272
[2026-10-03 11:30:15 PDT] 6C range=2021-11-01_2021-12-01.dbn.zst: bought for $0.101729 · session $113.5677
[2026-10-03 11:30:22 PDT] 6C range=2021-12-01_2022-01-01.dbn.zst: bought for $0.099834 · session $113.6676
[2026-10-03 11:30:42 PDT] 6C range=2022-01-01_2022-02-01.dbn.zst: bought for $0.099838 · session $113.9717
[2026-10-03 11:30:52 PDT] 6C range=2022-02-01_2022-03-01.dbn.zst: bought for $0.095756 · session $114.0893
[2026-10-03 11:31:02 PDT] 6C range=2022-03-01_2022-04-01.dbn.zst: bought for $0.108330 · session $114.3988
[2026-10-03 11:31:13 PDT] 6C range=2022-04-01_2022-05-01.dbn.zst: bought for $0.094968 · session $114.4938
[2026-10-03 11:31:29 PDT] 6C range=2022-05-01_2022-06-01.dbn.zst: bought for $0.106899 · session $114.9908
[2026-10-03 11:31:55 PDT] 6C range=2022-06-01_2022-07-01.dbn.zst: bought for $0.105015 · session $115.2890
[2026-10-03 11:32:13 PDT] 6C range=2022-07-01_2022-08-01.dbn.zst: bought for $0.101715 · session $115.7306
[2026-10-03 11:32:23 PDT] 6C range=2022-08-01_2022-09-01.dbn.zst: bought for $0.109385 · session $115.9452
[2026-10-03 11:32:32 PDT] 6C range=2022-09-01_2022-10-01.dbn.zst: bought for $0.104011 · session $116.0493
[2026-10-03 11:32:44 PDT] 6C range=2022-10-01_2022-11-01.dbn.zst: bought for $0.103277 · session $116.3290
[2026-10-03 11:32:57 PDT] 6C range=2022-11-01_2022-12-01.dbn.zst: bought for $0.105876 · session $116.6413
[2026-10-03 11:33:13 PDT] 6C range=2022-12-01_2023-01-01.dbn.zst: bought for $0.098695 · session $116.9599
[2026-10-03 11:33:22 PDT] 6C range=2023-01-01_2023-02-01.dbn.zst: bought for $0.100221 · session $117.1662
[2026-10-03 11:33:33 PDT] 6C range=2023-02-01_2023-03-01.dbn.zst: bought for $0.094099 · session $117.5270
[2026-10-03 11:33:43 PDT] 6C range=2023-03-01_2023-04-01.dbn.zst: bought for $0.108428 · session $117.7630
[2026-10-03 11:33:56 PDT] 6C range=2023-04-01_2023-05-01.dbn.zst: bought for $0.091054 · session $118.0327
[2026-10-03 11:34:22 PDT] 6C range=2023-05-01_2023-06-01.dbn.zst: bought for $0.105515 · session $118.5931
[2026-10-03 11:34:38 PDT] 6C range=2023-06-01_2023-07-01.dbn.zst: bought for $0.099082 · session $118.8448
[2026-10-03 11:34:50 PDT] 6C range=2023-07-01_2023-08-01.dbn.zst: bought for $0.095731 · session $119.0447
[2026-10-03 11:35:12 PDT] 6C range=2023-08-01_2023-09-01.dbn.zst: bought for $0.106110 · session $119.5504
[2026-10-03 11:35:26 PDT] 6C range=2023-09-01_2023-10-01.dbn.zst: bought for $0.093672 · session $119.9058
[2026-10-03 11:35:40 PDT] 6C range=2023-10-01_2023-11-01.dbn.zst: bought for $0.102598 · session $120.2490
[2026-10-03 11:35:51 PDT] 6C range=2023-11-01_2023-12-01.dbn.zst: bought for $0.100261 · session $120.3691
[2026-10-03 11:36:03 PDT] 6C range=2023-12-01_2024-01-01.dbn.zst: bought for $0.089857 · session $120.4780
[2026-10-03 11:36:16 PDT] 6C range=2024-01-01_2024-02-01.dbn.zst: bought for $0.100429 · session $120.7999
[2026-10-03 11:36:33 PDT] 6C range=2024-02-01_2024-03-01.dbn.zst: bought for $0.093533 · session $121.2124
[2026-10-03 11:36:34 PDT] buy finished: 348 chunks · harness 452c4a51ebfae33f6f18822c9b754634f1ce3ab879b88abe416633c75965a426 · stage-E.12-2026-10-03: account acct-2 (cap $249.67, spent $219.5255) · session cap $137.73 (spent $121.2124) · request cap $3.00
rc 0
