[2026-10-03 10:03:50 PDT] stage-E.12-2026-10-03: account acct-2 (cap $249.67, spent $124.6738) · session cap $137.73 (spent $0.0000) · request cap $3.00
[2026-10-03 10:03:50 PDT] plan: 406 chunks over 7 contracts (training-window)
[2026-10-03 10:03:51 PDT] harness preflight passed: 452c4a51ebfae33f6f18822c9b754634f1ce3ab879b88abe416633c75965a426
[2026-10-03 10:04:07 PDT] UB range=2019-05-01_2019-06-01.dbn.zst: bought for $0.091532 · session $0.3926
[2026-10-03 10:04:16 PDT] UB range=2019-06-01_2019-07-01.dbn.zst: bought for $0.086560 · session $0.5572
[2026-10-03 10:04:30 PDT] UB range=2019-07-01_2019-08-01.dbn.zst: bought for $0.091649 · session $0.8377
[2026-10-03 10:04:46 PDT] UB range=2019-08-01_2019-09-01.dbn.zst: bought for $0.099367 · session $1.1513
[2026-10-03 10:04:58 PDT] UB range=2019-09-01_2019-10-01.dbn.zst: bought for $0.094690 · session $1.5382
[2026-10-03 10:05:15 PDT] UB range=2019-10-01_2019-11-01.dbn.zst: bought for $0.101203 · session $1.8344
[2026-10-03 10:05:24 PDT] UB range=2019-11-01_2019-12-01.dbn.zst: bought for $0.087425 · session $2.1166
[2026-10-03 10:05:37 PDT] UB range=2019-12-01_2020-01-01.dbn.zst: bought for $0.088491 · session $2.4961
[2026-10-03 10:05:59 PDT] UB range=2020-01-01_2020-02-01.dbn.zst: bought for $0.097932 · session $2.9706
/home/kiros-li/Documents/GitHub/PropExperiment/data/pull_universe.py:590: BentoWarning: The streaming request contained one or more days which have reduced quality: 2020-02-27 (degraded), 2020-02-28 (degraded). See: https://databento.com/docs/api-reference-historical/metadata/metadata-get-dataset-condition
  client.timeseries.get_range(**params.as_kwargs(), path=partial)
[2026-10-03 10:06:12 PDT] UB range=2020-02-01_2020-03-01.dbn.zst: bought for $0.088356 · session $3.1309
[2026-10-03 10:06:43 PDT] UB range=2020-03-01_2020-04-01.dbn.zst: bought for $0.101696 · session $3.7194
[2026-10-03 10:06:51 PDT] UB range=2020-04-01_2020-05-01.dbn.zst: bought for $0.092945 · session $4.0148
/home/kiros-li/Documents/GitHub/PropExperiment/data/pull_universe.py:590: BentoWarning: The streaming request contained one or more days which have reduced quality: 2020-05-05 (degraded). See: https://databento.com/docs/api-reference-historical/metadata/metadata-get-dataset-condition
  client.timeseries.get_range(**params.as_kwargs(), path=partial)
[2026-10-03 10:07:03 PDT] UB range=2020-05-01_2020-06-01.dbn.zst: bought for $0.088838 · session $4.2055
/home/kiros-li/Documents/GitHub/PropExperiment/data/pull_universe.py:590: BentoWarning: The streaming request contained one or more days which have reduced quality: 2020-06-30 (degraded). See: https://databento.com/docs/api-reference-historical/metadata/metadata-get-dataset-condition
  client.timeseries.get_range(**params.as_kwargs(), path=partial)
[2026-10-03 10:07:17 PDT] UB range=2020-06-01_2020-07-01.dbn.zst: bought for $0.102178 · session $4.7740
/home/kiros-li/Documents/GitHub/PropExperiment/data/pull_universe.py:590: BentoWarning: The streaming request contained one or more days which have reduced quality: 2020-07-01 (degraded). See: https://databento.com/docs/api-reference-historical/metadata/metadata-get-dataset-condition
  client.timeseries.get_range(**params.as_kwargs(), path=partial)
[2026-10-03 10:07:29 PDT] UB range=2020-07-01_2020-08-01.dbn.zst: bought for $0.102010 · session $4.9796
[2026-10-03 10:07:40 PDT] UB range=2020-08-01_2020-09-01.dbn.zst: bought for $0.097001 · session $5.1804
[2026-10-03 10:08:11 PDT] UB range=2020-09-01_2020-10-01.dbn.zst: bought for $0.098823 · session $5.4661
[2026-10-03 10:08:38 PDT] UB range=2020-10-01_2020-11-01.dbn.zst: bought for $0.100068 · session $5.8798
[2026-10-03 10:08:47 PDT] UB range=2020-11-01_2020-12-01.dbn.zst: bought for $0.095716 · session $6.0802
[2026-10-03 10:08:55 PDT] UB range=2020-12-01_2021-01-01.dbn.zst: bought for $0.098608 · session $6.2438
[2026-10-03 10:09:17 PDT] UB range=2021-01-01_2021-02-01.dbn.zst: bought for $0.092135 · session $6.9375
[2026-10-03 10:09:24 PDT] UB range=2021-02-01_2021-03-01.dbn.zst: bought for $0.090839 · session $7.0283
[2026-10-03 10:09:34 PDT] UB range=2021-03-01_2021-04-01.dbn.zst: bought for $0.110206 · session $7.2109
[2026-10-03 10:09:48 PDT] UB range=2021-04-01_2021-05-01.dbn.zst: bought for $0.098790 · session $7.6303
[2026-10-03 10:10:04 PDT] UB range=2021-05-01_2021-06-01.dbn.zst: bought for $0.089309 · session $8.0387
[2026-10-03 10:10:16 PDT] UB range=2021-06-01_2021-07-01.dbn.zst: bought for $0.098542 · session $8.3488
[2026-10-03 10:10:29 PDT] UB range=2021-07-01_2021-08-01.dbn.zst: bought for $0.098199 · session $8.7235
[2026-10-03 10:10:45 PDT] UB range=2021-08-01_2021-09-01.dbn.zst: bought for $0.094793 · session $8.8880
[2026-10-03 10:11:50 PDT] UB range=2021-09-01_2021-10-01.dbn.zst: bought for $0.095369 · session $9.9698
[2026-10-03 10:12:07 PDT] UB range=2021-10-01_2021-11-01.dbn.zst: bought for $0.098202 · session $10.2493
[2026-10-03 10:12:19 PDT] UB range=2021-11-01_2021-12-01.dbn.zst: bought for $0.098819 · session $10.6319
/home/kiros-li/Documents/GitHub/PropExperiment/data/pull_universe.py:590: BentoWarning: The streaming request contained one or more days which have reduced quality: 2021-12-05 (degraded). See: https://databento.com/docs/api-reference-historical/metadata/metadata-get-dataset-condition
  client.timeseries.get_range(**params.as_kwargs(), path=partial)
[2026-10-03 10:12:34 PDT] UB range=2021-12-01_2022-01-01.dbn.zst: bought for $0.100061 · session $10.9485
/home/kiros-li/Documents/GitHub/PropExperiment/data/pull_universe.py:590: BentoWarning: The streaming request contained one or more days which have reduced quality: 2022-01-02 (degraded). See: https://databento.com/docs/api-reference-historical/metadata/metadata-get-dataset-condition
  client.timeseries.get_range(**params.as_kwargs(), path=partial)
[2026-10-03 10:12:48 PDT] UB range=2022-01-01_2022-02-01.dbn.zst: bought for $0.099634 · session $11.2218
[2026-10-03 10:12:55 PDT] UB range=2022-02-01_2022-03-01.dbn.zst: bought for $0.094413 · session $11.3988
[2026-10-03 10:13:03 PDT] UB range=2022-03-01_2022-04-01.dbn.zst: bought for $0.111079 · session $11.6135
[2026-10-03 10:13:19 PDT] UB range=2022-04-01_2022-05-01.dbn.zst: bought for $0.096023 · session $12.1021
[2026-10-03 10:13:27 PDT] UB range=2022-05-01_2022-06-01.dbn.zst: bought for $0.103901 · session $12.4136
[2026-10-03 10:13:50 PDT] UB range=2022-06-01_2022-07-01.dbn.zst: bought for $0.103317 · session $12.7987
[2026-10-03 10:14:11 PDT] UB range=2022-07-01_2022-08-01.dbn.zst: bought for $0.097907 · session $13.3712
[2026-10-03 10:14:24 PDT] UB range=2022-08-01_2022-09-01.dbn.zst: bought for $0.105953 · session $13.6507
[2026-10-03 10:14:40 PDT] UB range=2022-09-01_2022-10-01.dbn.zst: bought for $0.100429 · session $14.1374
[2026-10-03 10:14:53 PDT] UB range=2022-10-01_2022-11-01.dbn.zst: bought for $0.097407 · session $14.4158
[2026-10-03 10:15:04 PDT] UB range=2022-11-01_2022-12-01.dbn.zst: bought for $0.098432 · session $14.6954
[2026-10-03 10:15:37 PDT] UB range=2022-12-01_2023-01-01.dbn.zst: bought for $0.096596 · session $15.3839
[2026-10-03 10:16:13 PDT] UB range=2023-01-01_2023-02-01.dbn.zst: bought for $0.096074 · session $16.2111
[2026-10-03 10:16:32 PDT] UB range=2023-02-01_2023-03-01.dbn.zst: bought for $0.087210 · session $16.6013
[2026-10-03 10:16:46 PDT] UB range=2023-03-01_2023-04-01.dbn.zst: bought for $0.109454 · session $17.0195
[2026-10-03 10:16:57 PDT] UB range=2023-04-01_2023-05-01.dbn.zst: bought for $0.088835 · session $17.3162
[2026-10-03 10:17:13 PDT] UB range=2023-05-01_2023-06-01.dbn.zst: bought for $0.099349 · session $17.6161
[2026-10-03 10:17:20 PDT] UB range=2023-06-01_2023-07-01.dbn.zst: bought for $0.094690 · session $17.7107
[2026-10-03 10:17:34 PDT] UB range=2023-07-01_2023-08-01.dbn.zst: bought for $0.091569 · session $17.9052
[2026-10-03 10:17:50 PDT] UB range=2023-08-01_2023-09-01.dbn.zst: bought for $0.099528 · session $18.1043
[2026-10-03 10:18:04 PDT] UB range=2023-09-01_2023-10-01.dbn.zst: bought for $0.090912 · session $18.1952
[2026-10-03 10:18:19 PDT] UB range=2023-10-01_2023-11-01.dbn.zst: bought for $0.103047 · session $18.6998
[2026-10-03 10:18:27 PDT] UB range=2023-11-01_2023-12-01.dbn.zst: bought for $0.100269 · session $18.9000
[2026-10-03 10:18:38 PDT] UB range=2023-12-01_2024-01-01.dbn.zst: bought for $0.091982 · session $19.1991
[2026-10-03 10:18:52 PDT] UB range=2024-01-01_2024-02-01.dbn.zst: bought for $0.102766 · session $19.5195
[2026-10-03 10:19:09 PDT] UB range=2024-02-01_2024-03-01.dbn.zst: bought for $0.091982 · session $19.7033
[2026-10-03 10:19:23 PDT] CL range=2019-05-01_2019-06-01.dbn.zst: bought for $0.114430 · session $19.9026
[2026-10-03 10:19:35 PDT] CL range=2019-06-01_2019-07-01.dbn.zst: bought for $0.100294 · session $20.2113
[2026-10-03 10:19:53 PDT] CL range=2019-07-01_2019-08-01.dbn.zst: bought for $0.114518 · session $20.6288
[2026-10-03 10:20:16 PDT] CL range=2019-08-01_2019-09-01.dbn.zst: bought for $0.110243 · session $21.0460
[2026-10-03 10:20:24 PDT] CL range=2019-09-01_2019-10-01.dbn.zst: bought for $0.104098 · session $21.3549
[2026-10-03 10:20:39 PDT] CL range=2019-10-01_2019-11-01.dbn.zst: bought for $0.115471 · session $21.6752
[2026-10-03 10:20:46 PDT] CL range=2019-11-01_2019-12-01.dbn.zst: bought for $0.102693 · session $21.8892
[2026-10-03 10:20:54 PDT] CL range=2019-12-01_2020-01-01.dbn.zst: bought for $0.103748 · session $22.0896
[2026-10-03 10:21:19 PDT] CL range=2020-01-01_2020-02-01.dbn.zst: bought for $0.109410 · session $22.6050
[2026-10-03 10:21:30 PDT] CL range=2020-02-01_2020-03-01.dbn.zst: bought for $0.094705 · session $22.9183
[2026-10-03 10:21:40 PDT] CL range=2020-03-01_2020-04-01.dbn.zst: bought for $0.110385 · session $23.2309
[2026-10-03 10:21:55 PDT] CL range=2020-04-01_2020-05-01.dbn.zst: bought for $0.105727 · session $23.3366
[2026-10-03 10:22:15 PDT] CL range=2020-05-01_2020-06-01.dbn.zst: bought for $0.104916 · session $23.6632
[2026-10-03 10:22:26 PDT] CL range=2020-06-01_2020-07-01.dbn.zst: bought for $0.108509 · session $23.9704
[2026-10-03 10:22:58 PDT] CL range=2020-07-01_2020-08-01.dbn.zst: bought for $0.113963 · session $24.7824
[2026-10-03 10:23:12 PDT] CL range=2020-08-01_2020-09-01.dbn.zst: bought for $0.103219 · session $25.0932
[2026-10-03 10:23:37 PDT] CL range=2020-09-01_2020-10-01.dbn.zst: bought for $0.107355 · session $25.5125
[2026-10-03 10:23:44 PDT] CL range=2020-10-01_2020-11-01.dbn.zst: bought for $0.109878 · session $26.0109
[2026-10-03 10:23:53 PDT] CL range=2020-11-01_2020-12-01.dbn.zst: bought for $0.102810 · session $26.1821
[2026-10-03 10:24:09 PDT] CL range=2020-12-01_2021-01-01.dbn.zst: bought for $0.108465 · session $26.5647
[2026-10-03 10:24:23 PDT] CL range=2021-01-01_2021-02-01.dbn.zst: bought for $0.099958 · session $26.9343
[2026-10-03 10:24:56 PDT] CL range=2021-02-01_2021-03-01.dbn.zst: bought for $0.099612 · session $27.2427
[2026-10-03 10:25:23 PDT] CL range=2021-03-01_2021-04-01.dbn.zst: bought for $0.115704 · session $27.5609
[2026-10-03 10:25:30 PDT] CL range=2021-04-01_2021-05-01.dbn.zst: bought for $0.105018 · session $27.7617
[2026-10-03 10:25:51 PDT] CL range=2021-05-01_2021-06-01.dbn.zst: bought for $0.104106 · session $28.1990
[2026-10-03 10:26:03 PDT] CL range=2021-06-01_2021-07-01.dbn.zst: bought for $0.110403 · session $28.4156
[2026-10-03 10:26:18 PDT] CL range=2021-07-01_2021-08-01.dbn.zst: bought for $0.109049 · session $28.7005
[2026-10-03 10:26:42 PDT] CL range=2021-08-01_2021-09-01.dbn.zst: bought for $0.109483 · session $29.0689
[2026-10-03 10:27:00 PDT] CL range=2021-09-01_2021-10-01.dbn.zst: bought for $0.109345 · session $29.5076
[2026-10-03 10:27:18 PDT] CL range=2021-10-01_2021-11-01.dbn.zst: bought for $0.105635 · session $29.7106
[2026-10-03 10:27:31 PDT] CL range=2021-11-01_2021-12-01.dbn.zst: bought for $0.107808 · session $30.0765
[2026-10-03 10:27:52 PDT] CL range=2021-12-01_2022-01-01.dbn.zst: bought for $0.109805 · session $30.4531
[2026-10-03 10:28:10 PDT] CL range=2022-01-01_2022-02-01.dbn.zst: bought for $0.104120 · session $30.8666
[2026-10-03 10:28:19 PDT] CL range=2022-02-01_2022-03-01.dbn.zst: bought for $0.099853 · session $31.1825
[2026-10-03 10:28:38 PDT] CL range=2022-03-01_2022-04-01.dbn.zst: bought for $0.115759 · session $31.6049
[2026-10-03 10:28:53 PDT] CL range=2022-04-01_2022-05-01.dbn.zst: bought for $0.098100 · session $31.8069
[2026-10-03 10:29:10 PDT] CL range=2022-05-01_2022-06-01.dbn.zst: bought for $0.108231 · session $32.2338
[2026-10-03 10:29:24 PDT] CL range=2022-06-01_2022-07-01.dbn.zst: bought for $0.109425 · session $32.4541
[2026-10-03 10:29:36 PDT] CL range=2022-07-01_2022-08-01.dbn.zst: bought for $0.102963 · session $32.6533
[2026-10-03 10:29:55 PDT] CL range=2022-08-01_2022-09-01.dbn.zst: bought for $0.113700 · session $33.1841
[2026-10-03 10:30:14 PDT] CL range=2022-09-01_2022-10-01.dbn.zst: bought for $0.109166 · session $33.4972
[2026-10-03 10:30:22 PDT] CL range=2022-10-01_2022-11-01.dbn.zst: bought for $0.105614 · session $33.8118
[2026-10-03 10:31:01 PDT] CL range=2022-11-01_2022-12-01.dbn.zst: bought for $0.107815 · session $34.4824
[2026-10-03 10:31:10 PDT] CL range=2022-12-01_2023-01-01.dbn.zst: bought for $0.105029 · session $34.6846
[2026-10-03 10:31:23 PDT] CL range=2023-01-01_2023-02-01.dbn.zst: bought for $0.103237 · session $34.9978
[2026-10-03 10:31:38 PDT] CL range=2023-02-01_2023-03-01.dbn.zst: bought for $0.099429 · session $35.2978
[2026-10-03 10:32:04 PDT] CL range=2023-03-01_2023-04-01.dbn.zst: bought for $0.115102 · session $35.7539
[2026-10-03 10:32:30 PDT] CL range=2023-04-01_2023-05-01.dbn.zst: bought for $0.094982 · session $36.2260
[2026-10-03 10:32:42 PDT] CL range=2023-05-01_2023-06-01.dbn.zst: bought for $0.112689 · session $36.6092
[2026-10-03 10:32:51 PDT] CL range=2023-06-01_2023-07-01.dbn.zst: bought for $0.108242 · session $36.8900
[2026-10-03 10:32:58 PDT] CL range=2023-07-01_2023-08-01.dbn.zst: bought for $0.104380 · session $37.1921
[2026-10-03 10:33:08 PDT] CL range=2023-08-01_2023-09-01.dbn.zst: bought for $0.114792 · session $37.3069
[2026-10-03 10:33:16 PDT] CL range=2023-09-01_2023-10-01.dbn.zst: bought for $0.104164 · session $37.4830
[2026-10-03 10:33:49 PDT] CL range=2023-10-01_2023-11-01.dbn.zst: bought for $0.109998 · session $38.1389
[2026-10-03 10:34:04 PDT] CL range=2023-11-01_2023-12-01.dbn.zst: bought for $0.107088 · session $38.5894
[2026-10-03 10:34:25 PDT] CL range=2023-12-01_2024-01-01.dbn.zst: bought for $0.099590 · session $39.0806
[2026-10-03 10:34:39 PDT] CL range=2024-01-01_2024-02-01.dbn.zst: bought for $0.109264 · session $39.4744
[2026-10-03 10:35:18 PDT] CL range=2024-02-01_2024-03-01.dbn.zst: bought for $0.102412 · session $40.2763
[2026-10-03 10:35:50 PDT] ZS range=2019-05-01_2019-06-01.dbn.zst: bought for $0.074859 · session $40.7327
[2026-10-03 10:35:58 PDT] ZS range=2019-06-01_2019-07-01.dbn.zst: bought for $0.059785 · session $40.9707
[2026-10-03 10:36:08 PDT] ZS range=2019-07-01_2019-08-01.dbn.zst: bought for $0.068452 · session $41.0392
[2026-10-03 10:36:33 PDT] ZS range=2019-08-01_2019-09-01.dbn.zst: bought for $0.070990 · session $41.7731
[2026-10-03 10:36:40 PDT] ZS range=2019-09-01_2019-10-01.dbn.zst: bought for $0.063677 · session $41.8368
[2026-10-03 10:36:58 PDT] ZS range=2019-10-01_2019-11-01.dbn.zst: bought for $0.070763 · session $42.1632
[2026-10-03 10:37:15 PDT] ZS range=2019-11-01_2019-12-01.dbn.zst: bought for $0.063345 · session $42.4090
[2026-10-03 10:37:24 PDT] ZS range=2019-12-01_2020-01-01.dbn.zst: bought for $0.062600 · session $42.6825
[2026-10-03 10:37:31 PDT] ZS range=2020-01-01_2020-02-01.dbn.zst: bought for $0.067642 · session $42.9171
[2026-10-03 10:37:39 PDT] ZS range=2020-02-01_2020-03-01.dbn.zst: bought for $0.057325 · session $43.0733
[2026-10-03 10:37:52 PDT] ZS range=2020-03-01_2020-04-01.dbn.zst: bought for $0.077802 · session $43.3230
[2026-10-03 10:38:04 PDT] ZS range=2020-04-01_2020-05-01.dbn.zst: bought for $0.068898 · session $43.7773
[2026-10-03 10:38:13 PDT] ZS range=2020-05-01_2020-06-01.dbn.zst: bought for $0.067003 · session $44.0167
[2026-10-03 10:38:26 PDT] ZS range=2020-06-01_2020-07-01.dbn.zst: bought for $0.066068 · session $44.4790
[2026-10-03 10:38:41 PDT] ZS range=2020-07-01_2020-08-01.dbn.zst: bought for $0.075666 · session $44.8173
[2026-10-03 10:38:51 PDT] ZS range=2020-08-01_2020-09-01.dbn.zst: bought for $0.072275 · session $45.1064
[2026-10-03 10:38:59 PDT] ZS range=2020-09-01_2020-10-01.dbn.zst: bought for $0.075181 · session $45.2493
[2026-10-03 10:39:30 PDT] ZS range=2020-10-01_2020-11-01.dbn.zst: bought for $0.078861 · session $46.0331
[2026-10-03 10:39:44 PDT] ZS range=2020-11-01_2020-12-01.dbn.zst: bought for $0.071157 · session $46.1877
[2026-10-03 10:39:51 PDT] ZS range=2020-12-01_2021-01-01.dbn.zst: bought for $0.079989 · session $46.3644
[2026-10-03 10:40:14 PDT] ZS range=2021-01-01_2021-02-01.dbn.zst: bought for $0.072267 · session $46.7088
[2026-10-03 10:40:30 PDT] ZS range=2021-02-01_2021-03-01.dbn.zst: bought for $0.067430 · session $46.9706
[2026-10-03 10:40:47 PDT] ZS range=2021-03-01_2021-04-01.dbn.zst: bought for $0.083789 · session $47.1572
[2026-10-03 10:41:05 PDT] ZS range=2021-04-01_2021-05-01.dbn.zst: bought for $0.076696 · session $47.5209
[2026-10-03 10:41:15 PDT] ZS range=2021-05-01_2021-06-01.dbn.zst: bought for $0.073830 · session $47.6590
[2026-10-03 10:41:24 PDT] ZS range=2021-06-01_2021-07-01.dbn.zst: bought for $0.080197 · session $47.9897
[2026-10-03 10:41:31 PDT] ZS range=2021-07-01_2021-08-01.dbn.zst: bought for $0.074206 · session $48.3136
[2026-10-03 10:41:41 PDT] ZS range=2021-08-01_2021-09-01.dbn.zst: bought for $0.079952 · session $48.5981
[2026-10-03 10:41:50 PDT] ZS range=2021-09-01_2021-10-01.dbn.zst: bought for $0.072632 · session $48.7783
[2026-10-03 10:42:01 PDT] ZS range=2021-10-01_2021-11-01.dbn.zst: bought for $0.069617 · session $49.1227
[2026-10-03 10:42:14 PDT] ZS range=2021-11-01_2021-12-01.dbn.zst: bought for $0.070902 · session $49.6156
[2026-10-03 10:42:27 PDT] ZS range=2021-12-01_2022-01-01.dbn.zst: bought for $0.075790 · session $49.9696
[2026-10-03 10:42:33 PDT] ZS range=2022-01-01_2022-02-01.dbn.zst: bought for $0.071727 · session $50.1405
[2026-10-03 10:43:00 PDT] ZS range=2022-02-01_2022-03-01.dbn.zst: bought for $0.068576 · session $50.5576
[2026-10-03 10:43:14 PDT] ZS range=2022-03-01_2022-04-01.dbn.zst: bought for $0.084300 · session $51.0869
[2026-10-03 10:43:23 PDT] ZS range=2022-04-01_2022-05-01.dbn.zst: bought for $0.069547 · session $51.5090
[2026-10-03 10:43:31 PDT] ZS range=2022-05-01_2022-06-01.dbn.zst: bought for $0.076039 · session $51.5851
[2026-10-03 10:43:38 PDT] ZS range=2022-06-01_2022-07-01.dbn.zst: bought for $0.074794 · session $51.9149
[2026-10-03 10:43:57 PDT] ZS range=2022-07-01_2022-08-01.dbn.zst: bought for $0.070884 · session $52.3380
[2026-10-03 10:44:13 PDT] ZS range=2022-08-01_2022-09-01.dbn.zst: bought for $0.083829 · session $52.6779
[2026-10-03 10:44:22 PDT] ZS range=2022-09-01_2022-10-01.dbn.zst: bought for $0.076301 · session $52.8104
[2026-10-03 10:44:36 PDT] ZS range=2022-10-01_2022-11-01.dbn.zst: bought for $0.071508 · session $53.0995
[2026-10-03 10:44:48 PDT] ZS range=2022-11-01_2022-12-01.dbn.zst: bought for $0.071727 · session $53.3623
[2026-10-03 10:44:57 PDT] ZS range=2022-12-01_2023-01-01.dbn.zst: bought for $0.068043 · session $53.5371
[2026-10-03 10:45:08 PDT] ZS range=2023-01-01_2023-02-01.dbn.zst: bought for $0.067353 · session $53.8098
[2026-10-03 10:45:19 PDT] ZS range=2023-02-01_2023-03-01.dbn.zst: bought for $0.065685 · session $53.9879
[2026-10-03 10:45:30 PDT] ZS range=2023-03-01_2023-04-01.dbn.zst: bought for $0.080409 · session $54.1774
[2026-10-03 10:45:37 PDT] ZS range=2023-04-01_2023-05-01.dbn.zst: bought for $0.066448 · session $54.4356
[2026-10-03 10:45:46 PDT] ZS range=2023-05-01_2023-06-01.dbn.zst: bought for $0.078328 · session $54.6172
[2026-10-03 10:46:03 PDT] ZS range=2023-06-01_2023-07-01.dbn.zst: bought for $0.076575 · session $55.1986
[2026-10-03 10:46:13 PDT] ZS range=2023-07-01_2023-08-01.dbn.zst: bought for $0.071387 · session $55.3634
[2026-10-03 10:46:20 PDT] ZS range=2023-08-01_2023-09-01.dbn.zst: bought for $0.083691 · session $55.5609
[2026-10-03 10:46:47 PDT] ZS range=2023-09-01_2023-10-01.dbn.zst: bought for $0.070624 · session $56.4446
[2026-10-03 10:47:09 PDT] ZS range=2023-10-01_2023-11-01.dbn.zst: bought for $0.075316 · session $57.0133
[2026-10-03 10:47:15 PDT] ZS range=2023-11-01_2023-12-01.dbn.zst: bought for $0.071256 · session $57.2787
[2026-10-03 10:47:27 PDT] ZS range=2023-12-01_2024-01-01.dbn.zst: bought for $0.063911 · session $57.4417
[2026-10-03 10:47:37 PDT] ZS range=2024-01-01_2024-02-01.dbn.zst: bought for $0.069157 · session $57.6186
[2026-10-03 10:47:45 PDT] ZS range=2024-02-01_2024-03-01.dbn.zst: bought for $0.066933 · session $57.6856
[2026-10-03 10:47:59 PDT] TN range=2019-05-01_2019-06-01.dbn.zst: bought for $0.082051 · session $57.8809
[2026-10-03 10:48:08 PDT] TN range=2019-06-01_2019-07-01.dbn.zst: bought for $0.079182 · session $58.1541
[2026-10-03 10:48:26 PDT] TN range=2019-07-01_2019-08-01.dbn.zst: bought for $0.083807 · session $58.4471
[2026-10-03 10:48:37 PDT] TN range=2019-08-01_2019-09-01.dbn.zst: bought for $0.095829 · session $58.7484
[2026-10-03 10:48:45 PDT] TN range=2019-09-01_2019-10-01.dbn.zst: bought for $0.087761 · session $59.0540
[2026-10-03 10:49:12 PDT] TN range=2019-10-01_2019-11-01.dbn.zst: bought for $0.096534 · session $59.8748
[2026-10-03 10:49:28 PDT] TN range=2019-11-01_2019-12-01.dbn.zst: bought for $0.081336 · session $60.3800
[2026-10-03 10:49:37 PDT] TN range=2019-12-01_2020-01-01.dbn.zst: bought for $0.082723 · session $60.6679
[2026-10-03 10:49:46 PDT] TN range=2020-01-01_2020-02-01.dbn.zst: bought for $0.089692 · session $60.8627
[2026-10-03 10:49:54 PDT] TN range=2020-02-01_2020-03-01.dbn.zst: bought for $0.083125 · session $61.1381
[2026-10-03 10:50:08 PDT] TN range=2020-03-01_2020-04-01.dbn.zst: bought for $0.107464 · session $61.6649
[2026-10-03 10:50:19 PDT] TN range=2020-04-01_2020-05-01.dbn.zst: bought for $0.093080 · session $61.8553
[2026-10-03 10:50:38 PDT] TN range=2020-05-01_2020-06-01.dbn.zst: bought for $0.082471 · session $62.4643
[2026-10-03 10:50:48 PDT] TN range=2020-06-01_2020-07-01.dbn.zst: bought for $0.095172 · session $62.8765
[2026-10-03 10:50:57 PDT] TN range=2020-07-01_2020-08-01.dbn.zst: bought for $0.090050 · session $63.0550
[2026-10-03 10:51:06 PDT] TN range=2020-08-01_2020-09-01.dbn.zst: bought for $0.086315 · session $63.2508
[2026-10-03 10:51:15 PDT] TN range=2020-09-01_2020-10-01.dbn.zst: bought for $0.087827 · session $63.5548
[2026-10-03 10:51:27 PDT] TN range=2020-10-01_2020-11-01.dbn.zst: bought for $0.089127 · session $63.9593
[2026-10-03 10:51:46 PDT] TN range=2020-11-01_2020-12-01.dbn.zst: bought for $0.086323 · session $64.5600
[2026-10-03 10:51:59 PDT] TN range=2020-12-01_2021-01-01.dbn.zst: bought for $0.086984 · session $64.9560
[2026-10-03 10:52:20 PDT] TN range=2021-01-01_2021-02-01.dbn.zst: bought for $0.085735 · session $65.5637
[2026-10-03 10:52:32 PDT] TN range=2021-02-01_2021-03-01.dbn.zst: bought for $0.086005 · session $65.7498
[2026-10-03 10:52:42 PDT] TN range=2021-03-01_2021-04-01.dbn.zst: bought for $0.106760 · session $65.9233
[2026-10-03 10:52:50 PDT] TN range=2021-04-01_2021-05-01.dbn.zst: bought for $0.092427 · session $66.2288
[2026-10-03 10:53:12 PDT] TN range=2021-05-01_2021-06-01.dbn.zst: bought for $0.083453 · session $66.6925
[2026-10-03 10:53:32 PDT] TN range=2021-06-01_2021-07-01.dbn.zst: bought for $0.089521 · session $67.1176
[2026-10-03 10:53:45 PDT] TN range=2021-07-01_2021-08-01.dbn.zst: bought for $0.090937 · session $67.6341
[2026-10-03 10:54:04 PDT] TN range=2021-08-01_2021-09-01.dbn.zst: bought for $0.088575 · session $68.0954
[2026-10-03 10:54:16 PDT] TN range=2021-09-01_2021-10-01.dbn.zst: bought for $0.089758 · session $68.4199
[2026-10-03 10:54:30 PDT] TN range=2021-10-01_2021-11-01.dbn.zst: bought for $0.094384 · session $68.7476
[2026-10-03 10:54:38 PDT] TN range=2021-11-01_2021-12-01.dbn.zst: bought for $0.095351 · session $69.0380
[2026-10-03 10:54:47 PDT] TN range=2021-12-01_2022-01-01.dbn.zst: bought for $0.094668 · session $69.1823
[2026-10-03 10:55:00 PDT] TN range=2022-01-01_2022-02-01.dbn.zst: bought for $0.095238 · session $69.4303
[2026-10-03 10:55:09 PDT] TN range=2022-02-01_2022-03-01.dbn.zst: bought for $0.091912 · session $69.7061
[2026-10-03 10:55:17 PDT] TN range=2022-03-01_2022-04-01.dbn.zst: bought for $0.110356 · session $69.8739
[2026-10-03 10:55:32 PDT] TN range=2022-04-01_2022-05-01.dbn.zst: bought for $0.095647 · session $70.1286
[2026-10-03 10:55:44 PDT] TN range=2022-05-01_2022-06-01.dbn.zst: bought for $0.102868 · session $70.5095
[2026-10-03 10:55:55 PDT] TN range=2022-06-01_2022-07-01.dbn.zst: bought for $0.103018 · session $70.6597
[2026-10-03 10:56:08 PDT] TN range=2022-07-01_2022-08-01.dbn.zst: bought for $0.098060 · session $70.9820
[2026-10-03 10:56:19 PDT] TN range=2022-08-01_2022-09-01.dbn.zst: bought for $0.105497 · session $71.3207
[2026-10-03 10:56:35 PDT] TN range=2022-09-01_2022-10-01.dbn.zst: bought for $0.099918 · session $71.7497
[2026-10-03 10:56:45 PDT] TN range=2022-10-01_2022-11-01.dbn.zst: bought for $0.098615 · session $71.9216
[2026-10-03 10:57:12 PDT] TN range=2022-11-01_2022-12-01.dbn.zst: bought for $0.096775 · session $72.4636
[2026-10-03 10:57:31 PDT] TN range=2022-12-01_2023-01-01.dbn.zst: bought for $0.094920 · session $72.7852
[2026-10-03 10:57:41 PDT] TN range=2023-01-01_2023-02-01.dbn.zst: bought for $0.094679 · session $72.9876
[2026-10-03 10:57:57 PDT] TN range=2023-02-01_2023-03-01.dbn.zst: bought for $0.086710 · session $73.2139
[2026-10-03 10:58:20 PDT] TN range=2023-03-01_2023-04-01.dbn.zst: bought for $0.109042 · session $73.4619
[2026-10-03 10:58:29 PDT] TN range=2023-04-01_2023-05-01.dbn.zst: bought for $0.087155 · session $73.6086
[2026-10-03 10:58:43 PDT] TN range=2023-05-01_2023-06-01.dbn.zst: bought for $0.096392 · session $73.9246
[2026-10-03 10:58:55 PDT] TN range=2023-06-01_2023-07-01.dbn.zst: bought for $0.093668 · session $74.1487
[2026-10-03 11:00:34 PDT] TN range=2023-07-01_2023-08-01.dbn.zst: bought for $0.091080 · session $75.4777
[2026-10-03 11:00:58 PDT] TN range=2023-08-01_2023-09-01.dbn.zst: bought for $0.098462 · session $75.9736
[2026-10-03 11:01:06 PDT] TN range=2023-09-01_2023-10-01.dbn.zst: bought for $0.090021 · session $76.2433
[2026-10-03 11:01:15 PDT] TN range=2023-10-01_2023-11-01.dbn.zst: bought for $0.102280 · session $76.4101
[2026-10-03 11:01:29 PDT] TN range=2023-11-01_2023-12-01.dbn.zst: bought for $0.098045 · session $76.6737
[2026-10-03 11:01:41 PDT] TN range=2023-12-01_2024-01-01.dbn.zst: bought for $0.089174 · session $77.0528
[2026-10-03 11:02:01 PDT] TN range=2024-01-01_2024-02-01.dbn.zst: bought for $0.098465 · session $77.2792
[2026-10-03 11:02:09 PDT] TN range=2024-02-01_2024-03-01.dbn.zst: bought for $0.088911 · session $77.6075
[2026-10-03 11:02:20 PDT] ZF range=2019-05-01_2019-06-01.dbn.zst: bought for $0.102521 · session $77.8078
[2026-10-03 11:02:32 PDT] ZF range=2019-06-01_2019-07-01.dbn.zst: bought for $0.093701 · session $78.1339
[2026-10-03 11:02:51 PDT] ZF range=2019-07-01_2019-08-01.dbn.zst: bought for $0.100035 · session $78.4676
[2026-10-03 11:03:07 PDT] ZF range=2019-08-01_2019-09-01.dbn.zst: bought for $0.102134 · session $78.8629
[2026-10-03 11:03:23 PDT] ZF range=2019-09-01_2019-10-01.dbn.zst: bought for $0.097118 · session $79.1416
[2026-10-03 11:03:32 PDT] ZF range=2019-10-01_2019-11-01.dbn.zst: bought for $0.105778 · session $79.3681
[2026-10-03 11:03:41 PDT] ZF range=2019-11-01_2019-12-01.dbn.zst: bought for $0.091310 · session $79.6311
[2026-10-03 11:03:59 PDT] ZF range=2019-12-01_2020-01-01.dbn.zst: bought for $0.093124 · session $80.0255
[2026-10-03 11:04:09 PDT] ZF range=2020-01-01_2020-02-01.dbn.zst: bought for $0.099137 · session $80.2885
[2026-10-03 11:04:23 PDT] ZF range=2020-02-01_2020-03-01.dbn.zst: bought for $0.089652 · session $80.6855
[2026-10-03 11:04:35 PDT] ZF range=2020-03-01_2020-04-01.dbn.zst: bought for $0.109553 · session $80.9305
[2026-10-03 11:04:44 PDT] ZF range=2020-04-01_2020-05-01.dbn.zst: bought for $0.094438 · session $81.1861
[2026-10-03 11:04:55 PDT] ZF range=2020-05-01_2020-06-01.dbn.zst: bought for $0.088294 · session $81.3391
[2026-10-03 11:05:07 PDT] ZF range=2020-06-01_2020-07-01.dbn.zst: bought for $0.097184 · session $81.6153
[2026-10-03 11:05:17 PDT] ZF range=2020-07-01_2020-08-01.dbn.zst: bought for $0.097607 · session $81.8098
[2026-10-03 11:05:31 PDT] ZF range=2020-08-01_2020-09-01.dbn.zst: bought for $0.089944 · session $82.2433
[2026-10-03 11:05:47 PDT] ZF range=2020-09-01_2020-10-01.dbn.zst: bought for $0.093161 · session $82.6136
[2026-10-03 11:06:03 PDT] ZF range=2020-10-01_2020-11-01.dbn.zst: bought for $0.096651 · session $83.0941
[2026-10-03 11:06:13 PDT] ZF range=2020-11-01_2020-12-01.dbn.zst: bought for $0.089287 · session $83.2895
[2026-10-03 11:06:22 PDT] ZF range=2020-12-01_2021-01-01.dbn.zst: bought for $0.097082 · session $83.4435
[2026-10-03 11:06:42 PDT] ZF range=2021-01-01_2021-02-01.dbn.zst: bought for $0.088911 · session $83.8789
[2026-10-03 11:06:50 PDT] ZF range=2021-02-01_2021-03-01.dbn.zst: bought for $0.089652 · session $83.9685
[2026-10-03 11:07:12 PDT] ZF range=2021-03-01_2021-04-01.dbn.zst: bought for $0.110571 · session $84.5541
[2026-10-03 11:07:33 PDT] ZF range=2021-04-01_2021-05-01.dbn.zst: bought for $0.100769 · session $85.0072
[2026-10-03 11:07:42 PDT] ZF range=2021-05-01_2021-06-01.dbn.zst: bought for $0.090985 · session $85.0982
[2026-10-03 11:07:57 PDT] ZF range=2021-06-01_2021-07-01.dbn.zst: bought for $0.103445 · session $85.4387
[2026-10-03 11:08:11 PDT] ZF range=2021-07-01_2021-08-01.dbn.zst: bought for $0.101426 · session $85.8406
[2026-10-03 11:08:21 PDT] ZF range=2021-08-01_2021-09-01.dbn.zst: bought for $0.097826 · session $86.0512
[2026-10-03 11:08:31 PDT] ZF range=2021-09-01_2021-10-01.dbn.zst: bought for $0.096059 · session $86.2108
[2026-10-03 11:08:39 PDT] ZF range=2021-10-01_2021-11-01.dbn.zst: bought for $0.097031 · session $86.4813
[2026-10-03 11:08:54 PDT] ZF range=2021-11-01_2021-12-01.dbn.zst: bought for $0.100013 · session $86.8132
[2026-10-03 11:09:12 PDT] ZF range=2021-12-01_2022-01-01.dbn.zst: bought for $0.099415 · session $87.2074
[2026-10-03 11:09:37 PDT] ZF range=2022-01-01_2022-02-01.dbn.zst: bought for $0.098757 · session $87.7048
[2026-10-03 11:09:51 PDT] ZF range=2022-02-01_2022-03-01.dbn.zst: bought for $0.094223 · session $88.0991
[2026-10-03 11:10:11 PDT] ZF range=2022-03-01_2022-04-01.dbn.zst: bought for $0.112700 · session $88.4408
[2026-10-03 11:10:41 PDT] ZF range=2022-04-01_2022-05-01.dbn.zst: bought for $0.097699 · session $88.9594
[2026-10-03 11:10:54 PDT] ZF range=2022-05-01_2022-06-01.dbn.zst: bought for $0.106694 · session $89.2784
[2026-10-03 11:11:07 PDT] ZF range=2022-06-01_2022-07-01.dbn.zst: bought for $0.105993 · session $89.6862
[2026-10-03 11:11:31 PDT] ZF range=2022-07-01_2022-08-01.dbn.zst: bought for $0.101422 · session $90.2450
[2026-10-03 11:11:41 PDT] ZF range=2022-08-01_2022-09-01.dbn.zst: bought for $0.109746 · session $90.5674
[2026-10-03 11:11:56 PDT] ZF range=2022-09-01_2022-10-01.dbn.zst: bought for $0.103000 · session $90.8770
[2026-10-03 11:12:05 PDT] ZF range=2022-10-01_2022-11-01.dbn.zst: bought for $0.101145 · session $91.2085
[2026-10-03 11:12:12 PDT] ZF range=2022-11-01_2022-12-01.dbn.zst: bought for $0.101579 · session $91.5237
[2026-10-03 11:12:30 PDT] ZF range=2022-12-01_2023-01-01.dbn.zst: bought for $0.098403 · session $91.9092
[2026-10-03 11:12:40 PDT] ZF range=2023-01-01_2023-02-01.dbn.zst: bought for $0.097556 · session $92.2436
[2026-10-03 11:12:49 PDT] ZF range=2023-02-01_2023-03-01.dbn.zst: bought for $0.090339 · session $92.4786
[2026-10-03 11:13:08 PDT] ZF range=2023-03-01_2023-04-01.dbn.zst: bought for $0.112075 · session $92.9780
[2026-10-03 11:13:20 PDT] ZF range=2023-04-01_2023-05-01.dbn.zst: bought for $0.092814 · session $93.2859
[2026-10-03 11:13:46 PDT] ZF range=2023-05-01_2023-06-01.dbn.zst: bought for $0.103646 · session $93.8765
[2026-10-03 11:14:10 PDT] ZF range=2023-06-01_2023-07-01.dbn.zst: bought for $0.100156 · session $94.2583
[2026-10-03 11:14:17 PDT] ZF range=2023-07-01_2023-08-01.dbn.zst: bought for $0.096330 · session $94.4773
[2026-10-03 11:14:30 PDT] ZF range=2023-08-01_2023-09-01.dbn.zst: bought for $0.105223 · session $94.6026
[2026-10-03 11:14:40 PDT] ZF range=2023-09-01_2023-10-01.dbn.zst: bought for $0.094665 · session $94.7868
[2026-10-03 11:14:50 PDT] ZF range=2023-10-01_2023-11-01.dbn.zst: bought for $0.105263 · session $95.0123
[2026-10-03 11:15:03 PDT] ZF range=2023-11-01_2023-12-01.dbn.zst: bought for $0.100484 · session $95.3139
[2026-10-03 11:15:34 PDT] ZF range=2023-12-01_2024-01-01.dbn.zst: bought for $0.094369 · session $95.6115
[2026-10-03 11:15:47 PDT] ZF range=2024-01-01_2024-02-01.dbn.zst: bought for $0.102445 · session $95.8928
[2026-10-03 11:15:57 PDT] ZF range=2024-02-01_2024-03-01.dbn.zst: bought for $0.092993 · session $96.1029
[2026-10-03 11:16:10 PDT] ZB range=2019-05-01_2019-06-01.dbn.zst: bought for $0.094092 · session $96.3868
[2026-10-03 11:16:23 PDT] ZB range=2019-06-01_2019-07-01.dbn.zst: bought for $0.089539 · session $96.6509
[2026-10-03 11:16:38 PDT] ZB range=2019-07-01_2019-08-01.dbn.zst: bought for $0.094271 · session $96.8746
[2026-10-03 11:16:47 PDT] ZB range=2019-08-01_2019-09-01.dbn.zst: bought for $0.102098 · session $97.1455
[2026-10-03 11:17:05 PDT] ZB range=2019-09-01_2019-10-01.dbn.zst: bought for $0.096899 · session $97.5998
[2026-10-03 11:17:14 PDT] ZB range=2019-10-01_2019-11-01.dbn.zst: bought for $0.103890 · session $97.7255
[2026-10-03 11:18:17 PDT] ZB range=2019-11-01_2019-12-01.dbn.zst: bought for $0.086659 · session $98.5202
[2026-10-03 11:18:43 PDT] ZB range=2019-12-01_2020-01-01.dbn.zst: bought for $0.091065 · session $98.9462
[2026-10-03 11:18:53 PDT] ZB range=2020-01-01_2020-02-01.dbn.zst: bought for $0.097848 · session $99.2361
[2026-10-03 11:19:12 PDT] ZB range=2020-02-01_2020-03-01.dbn.zst: bought for $0.087889 · session $99.6406
[2026-10-03 11:19:50 PDT] ZB range=2020-03-01_2020-04-01.dbn.zst: bought for $0.109604 · session $100.2503
[2026-10-03 11:19:59 PDT] ZB range=2020-04-01_2020-05-01.dbn.zst: bought for $0.096906 · session $100.5325
[2026-10-03 11:20:13 PDT] ZB range=2020-05-01_2020-06-01.dbn.zst: bought for $0.090415 · session $100.7506
[2026-10-03 11:20:25 PDT] ZB range=2020-06-01_2020-07-01.dbn.zst: bought for $0.101663 · session $101.0336
[2026-10-03 11:20:42 PDT] ZB range=2020-07-01_2020-08-01.dbn.zst: bought for $0.099944 · session $101.3804
[2026-10-03 11:21:01 PDT] ZB range=2020-08-01_2020-09-01.dbn.zst: bought for $0.094537 · session $101.6759
[2026-10-03 11:21:12 PDT] ZB range=2020-09-01_2020-10-01.dbn.zst: bought for $0.095216 · session $101.9681
[2026-10-03 11:21:19 PDT] ZB range=2020-10-01_2020-11-01.dbn.zst: bought for $0.098038 · session $102.0661
[2026-10-03 11:21:28 PDT] ZB range=2020-11-01_2020-12-01.dbn.zst: bought for $0.091992 · session $102.3497
[2026-10-03 11:21:39 PDT] ZB range=2020-12-01_2021-01-01.dbn.zst: bought for $0.096717 · session $102.6279
[2026-10-03 11:21:48 PDT] ZB range=2021-01-01_2021-02-01.dbn.zst: bought for $0.090813 · session $102.7188
[2026-10-03 11:22:06 PDT] ZB range=2021-02-01_2021-03-01.dbn.zst: bought for $0.091197 · session $103.0387
[2026-10-03 11:22:18 PDT] ZB range=2021-03-01_2021-04-01.dbn.zst: bought for $0.109757 · session $103.3253
[2026-10-03 11:22:30 PDT] ZB range=2021-04-01_2021-05-01.dbn.zst: bought for $0.099002 · session $103.7231
[2026-10-03 11:22:43 PDT] ZB range=2021-05-01_2021-06-01.dbn.zst: bought for $0.089700 · session $103.9353
[2026-10-03 11:23:13 PDT] ZB range=2021-06-01_2021-07-01.dbn.zst: bought for $0.099856 · session $104.4828
[2026-10-03 11:23:33 PDT] ZB range=2021-07-01_2021-08-01.dbn.zst: bought for $0.100747 · session $104.8667
[2026-10-03 11:23:46 PDT] ZB range=2021-08-01_2021-09-01.dbn.zst: bought for $0.097125 · session $105.1704
[2026-10-03 11:24:08 PDT] ZB range=2021-09-01_2021-10-01.dbn.zst: bought for $0.096425 · session $105.3702
[2026-10-03 11:24:14 PDT] ZB range=2021-10-01_2021-11-01.dbn.zst: bought for $0.098038 · session $105.5578
[2026-10-03 11:24:25 PDT] ZB range=2021-11-01_2021-12-01.dbn.zst: bought for $0.098108 · session $105.8513
[2026-10-03 11:24:37 PDT] ZB range=2021-12-01_2022-01-01.dbn.zst: bought for $0.098425 · session $106.1848
[2026-10-03 11:24:49 PDT] ZB range=2022-01-01_2022-02-01.dbn.zst: bought for $0.097330 · session $106.3021
[2026-10-03 11:24:58 PDT] ZB range=2022-02-01_2022-03-01.dbn.zst: bought for $0.092248 · session $106.4133
[2026-10-03 11:25:37 PDT] ZB range=2022-03-01_2022-04-01.dbn.zst: bought for $0.110663 · session $107.2373
[2026-10-03 11:25:47 PDT] ZB range=2022-04-01_2022-05-01.dbn.zst: bought for $0.096122 · session $107.4335
[2026-10-03 11:26:00 PDT] ZB range=2022-05-01_2022-06-01.dbn.zst: bought for $0.103821 · session $107.6682
[2026-10-03 11:26:10 PDT] ZB range=2022-06-01_2022-07-01.dbn.zst: bought for $0.103715 · session $107.7719
[2026-10-03 11:26:25 PDT] ZB range=2022-07-01_2022-08-01.dbn.zst: bought for $0.097929 · session $108.3000
[2026-10-03 11:26:44 PDT] ZB range=2022-08-01_2022-09-01.dbn.zst: bought for $0.102700 · session $108.8353
[2026-10-03 11:27:06 PDT] ZB range=2022-09-01_2022-10-01.dbn.zst: bought for $0.099845 · session $109.1658
[2026-10-03 11:27:23 PDT] ZB range=2022-10-01_2022-11-01.dbn.zst: bought for $0.097772 · session $109.3626
[2026-10-03 11:27:32 PDT] ZB range=2022-11-01_2022-12-01.dbn.zst: bought for $0.094877 · session $109.5800
[2026-10-03 11:27:43 PDT] ZB range=2022-12-01_2023-01-01.dbn.zst: bought for $0.093924 · session $109.8936
[2026-10-03 11:27:51 PDT] ZB range=2023-01-01_2023-02-01.dbn.zst: bought for $0.093701 · session $110.0944
[2026-10-03 11:28:11 PDT] ZB range=2023-02-01_2023-03-01.dbn.zst: bought for $0.084957 · session $110.6036
[2026-10-03 11:28:25 PDT] ZB range=2023-03-01_2023-04-01.dbn.zst: bought for $0.108421 · session $111.0003
[2026-10-03 11:28:39 PDT] ZB range=2023-04-01_2023-05-01.dbn.zst: bought for $0.088364 · session $111.3075
[2026-10-03 11:28:55 PDT] ZB range=2023-05-01_2023-06-01.dbn.zst: bought for $0.097297 · session $111.6165
[2026-10-03 11:29:09 PDT] ZB range=2023-06-01_2023-07-01.dbn.zst: bought for $0.094563 · session $112.0441
[2026-10-03 11:29:21 PDT] ZB range=2023-07-01_2023-08-01.dbn.zst: bought for $0.092171 · session $112.4069
[2026-10-03 11:29:34 PDT] ZB range=2023-08-01_2023-09-01.dbn.zst: bought for $0.101831 · session $112.6314
[2026-10-03 11:29:49 PDT] ZB range=2023-09-01_2023-10-01.dbn.zst: bought for $0.090430 · session $113.0261
[2026-10-03 11:30:50 PDT] ZB range=2023-10-01_2023-11-01.dbn.zst: bought for $0.102470 · session $114.0893
[2026-10-03 11:31:06 PDT] ZB range=2023-11-01_2023-12-01.dbn.zst: bought for $0.094198 · session $114.4938
[2026-10-03 11:31:24 PDT] ZB range=2023-12-01_2024-01-01.dbn.zst: bought for $0.090777 · session $114.8921
[2026-10-03 11:32:01 PDT] ZB range=2024-01-01_2024-02-01.dbn.zst: bought for $0.098626 · session $115.4126
[2026-10-03 11:32:09 PDT] ZB range=2024-02-01_2024-03-01.dbn.zst: bought for $0.088031 · session $115.6061
[2026-10-03 11:32:35 PDT] ZN range=2019-05-01_2019-06-01.dbn.zst: bought for $0.102897 · session $116.0493
[2026-10-03 11:32:50 PDT] ZN range=2019-06-01_2019-07-01.dbn.zst: bought for $0.094453 · session $116.4538
[2026-10-03 11:33:10 PDT] ZN range=2019-07-01_2019-08-01.dbn.zst: bought for $0.104836 · session $116.8557
[2026-10-03 11:33:22 PDT] ZN range=2019-08-01_2019-09-01.dbn.zst: bought for $0.104237 · session $117.1662
[2026-10-03 11:33:32 PDT] ZN range=2019-09-01_2019-10-01.dbn.zst: bought for $0.100024 · session $117.4438
[2026-10-03 11:33:41 PDT] ZN range=2019-10-01_2019-11-01.dbn.zst: bought for $0.107676 · session $117.7630
[2026-10-03 11:33:55 PDT] ZN range=2019-11-01_2019-12-01.dbn.zst: bought for $0.094490 · session $118.0327
[2026-10-03 11:34:02 PDT] ZN range=2019-12-01_2020-01-01.dbn.zst: bought for $0.096092 · session $118.1287
[2026-10-03 11:34:09 PDT] ZN range=2020-01-01_2020-02-01.dbn.zst: bought for $0.103887 · session $118.4194
[2026-10-03 11:34:30 PDT] ZN range=2020-02-01_2020-03-01.dbn.zst: bought for $0.092241 · session $118.6142
[2026-10-03 11:34:56 PDT] ZN range=2020-03-01_2020-04-01.dbn.zst: bought for $0.110615 · session $119.2594
[2026-10-03 11:35:05 PDT] ZN range=2020-04-01_2020-05-01.dbn.zst: bought for $0.099838 · session $119.4366
[2026-10-03 11:35:19 PDT] ZN range=2020-05-01_2020-06-01.dbn.zst: bought for $0.093007 · session $119.7246
[2026-10-03 11:35:31 PDT] ZN range=2020-06-01_2020-07-01.dbn.zst: bought for $0.102470 · session $120.0290
[2026-10-03 11:36:03 PDT] ZN range=2020-07-01_2020-08-01.dbn.zst: bought for $0.106176 · session $120.4780
[2026-10-03 11:36:21 PDT] ZN range=2020-08-01_2020-09-01.dbn.zst: bought for $0.098283 · session $120.8934
[2026-10-03 11:36:30 PDT] ZN range=2020-09-01_2020-10-01.dbn.zst: bought for $0.100663 · session $121.0898
[2026-10-03 11:36:45 PDT] ZN range=2020-10-01_2020-11-01.dbn.zst: bought for $0.101667 · session $121.3066
[2026-10-03 11:37:00 PDT] ZN range=2020-11-01_2020-12-01.dbn.zst: bought for $0.094950 · session $121.5333
[2026-10-03 11:37:09 PDT] ZN range=2020-12-01_2021-01-01.dbn.zst: bought for $0.102153 · session $121.6585
[2026-10-03 11:37:17 PDT] ZN range=2021-01-01_2021-02-01.dbn.zst: bought for $0.094679 · session $121.8494
[2026-10-03 11:37:28 PDT] ZN range=2021-02-01_2021-03-01.dbn.zst: bought for $0.095526 · session $122.0588
[2026-10-03 11:38:11 PDT] ZN range=2021-03-01_2021-04-01.dbn.zst: bought for $0.112784 · session $122.4966
[2026-10-03 11:38:21 PDT] ZN range=2021-04-01_2021-05-01.dbn.zst: bought for $0.105570 · session $122.6221
[2026-10-03 11:38:34 PDT] ZN range=2021-05-01_2021-06-01.dbn.zst: bought for $0.096096 · session $122.8035
[2026-10-03 11:38:44 PDT] ZN range=2021-06-01_2021-07-01.dbn.zst: bought for $0.107037 · session $122.9896
[2026-10-03 11:38:57 PDT] ZN range=2021-07-01_2021-08-01.dbn.zst: bought for $0.105789 · session $123.2068
[2026-10-03 11:39:26 PDT] ZN range=2021-08-01_2021-09-01.dbn.zst: bought for $0.103547 · session $123.4331
[2026-10-03 11:39:36 PDT] ZN range=2021-09-01_2021-10-01.dbn.zst: bought for $0.103087 · session $123.5362
[2026-10-03 11:39:53 PDT] ZN range=2021-10-01_2021-11-01.dbn.zst: bought for $0.101477 · session $123.6594
[2026-10-03 11:40:05 PDT] ZN range=2021-11-01_2021-12-01.dbn.zst: bought for $0.101547 · session $123.7609
[2026-10-03 11:40:15 PDT] ZN range=2021-12-01_2022-01-01.dbn.zst: bought for $0.103711 · session $123.8646
[2026-10-03 11:40:25 PDT] ZN range=2022-01-01_2022-02-01.dbn.zst: bought for $0.101087 · session $124.0784
[2026-10-03 11:40:34 PDT] ZN range=2022-02-01_2022-03-01.dbn.zst: bought for $0.095928 · session $124.2789
[2026-10-03 11:40:45 PDT] ZN range=2022-03-01_2022-04-01.dbn.zst: bought for $0.113481 · session $124.5041
[2026-10-03 11:41:00 PDT] ZN range=2022-04-01_2022-05-01.dbn.zst: bought for $0.098703 · session $124.7162
[2026-10-03 11:41:21 PDT] ZN range=2022-05-01_2022-06-01.dbn.zst: bought for $0.107534 · session $124.9512
[2026-10-03 11:41:52 PDT] ZN range=2022-06-01_2022-07-01.dbn.zst: bought for $0.107589 · session $125.3889
[2026-10-03 11:42:10 PDT] ZN range=2022-07-01_2022-08-01.dbn.zst: bought for $0.102565 · session $125.6740
[2026-10-03 11:42:19 PDT] ZN range=2022-08-01_2022-09-01.dbn.zst: bought for $0.111360 · session $125.8969
[2026-10-03 11:42:28 PDT] ZN range=2022-09-01_2022-10-01.dbn.zst: bought for $0.105811 · session $126.0027
[2026-10-03 11:42:39 PDT] ZN range=2022-10-01_2022-11-01.dbn.zst: bought for $0.103343 · session $126.2039
[2026-10-03 11:42:59 PDT] ZN range=2022-11-01_2022-12-01.dbn.zst: bought for $0.104522 · session $126.5295
[2026-10-03 11:43:09 PDT] ZN range=2022-12-01_2023-01-01.dbn.zst: bought for $0.101707 · session $126.6312
[2026-10-03 11:43:21 PDT] ZN range=2023-01-01_2023-02-01.dbn.zst: bought for $0.101025 · session $126.7322
[2026-10-03 11:44:09 PDT] ZN range=2023-02-01_2023-03-01.dbn.zst: bought for $0.093051 · session $127.1404
[2026-10-03 11:44:20 PDT] ZN range=2023-03-01_2023-04-01.dbn.zst: bought for $0.113554 · session $127.3519
[2026-10-03 11:44:27 PDT] ZN range=2023-04-01_2023-05-01.dbn.zst: bought for $0.095231 · session $127.4472
[2026-10-03 11:44:36 PDT] ZN range=2023-05-01_2023-06-01.dbn.zst: bought for $0.105599 · session $127.5528
[2026-10-03 11:44:46 PDT] ZN range=2023-06-01_2023-07-01.dbn.zst: bought for $0.103361 · session $127.7625
[2026-10-03 11:45:00 PDT] ZN range=2023-07-01_2023-08-01.dbn.zst: bought for $0.099440 · session $127.9592
[2026-10-03 11:45:10 PDT] ZN range=2023-08-01_2023-09-01.dbn.zst: bought for $0.108972 · session $128.1786
[2026-10-03 11:45:29 PDT] ZN range=2023-09-01_2023-10-01.dbn.zst: bought for $0.098418 · session $128.4833
[2026-10-03 11:46:01 PDT] ZN range=2023-10-01_2023-11-01.dbn.zst: bought for $0.107643 · session $128.8088
[2026-10-03 11:46:14 PDT] ZN range=2023-11-01_2023-12-01.dbn.zst: bought for $0.103792 · session $129.0161
[2026-10-03 11:46:25 PDT] ZN range=2023-12-01_2024-01-01.dbn.zst: bought for $0.095523 · session $129.2151
[2026-10-03 11:47:17 PDT] ZN range=2024-01-01_2024-02-01.dbn.zst: bought for $0.105854 · session $129.6323
[2026-10-03 11:47:35 PDT] ZN range=2024-02-01_2024-03-01.dbn.zst: bought for $0.098334 · session $129.8280
[2026-10-03 11:47:36 PDT] buy finished: 406 chunks · harness 452c4a51ebfae33f6f18822c9b754634f1ce3ab879b88abe416633c75965a426 · stage-E.12-2026-10-03: account acct-2 (cap $249.67, spent $227.7040) · session cap $137.73 (spent $129.8280) · request cap $3.00
rc 0
