[2026-10-03 10:03:52 PDT] stage-E.12-2026-10-03: account acct-2 (cap $249.67, spent $124.6738) · session cap $137.73 (spent $0.0000) · request cap $3.00
[2026-10-03 10:03:52 PDT] plan: 406 chunks over 7 contracts (training-window)
[2026-10-03 10:03:53 PDT] harness preflight passed: 452c4a51ebfae33f6f18822c9b754634f1ce3ab879b88abe416633c75965a426
[2026-10-03 10:04:07 PDT] ZT range=2019-05-01_2019-06-01.dbn.zst: bought for $0.082497 · session $0.3926
[2026-10-03 10:04:46 PDT] ZT range=2019-06-01_2019-07-01.dbn.zst: bought for $0.078025 · session $1.1513
[2026-10-03 10:05:09 PDT] ZT range=2019-07-01_2019-08-01.dbn.zst: bought for $0.081555 · session $1.7301
[2026-10-03 10:05:28 PDT] ZT range=2019-08-01_2019-09-01.dbn.zst: bought for $0.090258 · session $2.1166
[2026-10-03 10:05:52 PDT] ZT range=2019-09-01_2019-10-01.dbn.zst: bought for $0.083577 · session $2.7850
[2026-10-03 10:05:59 PDT] ZT range=2019-10-01_2019-11-01.dbn.zst: bought for $0.086571 · session $2.9706
[2026-10-03 10:06:34 PDT] ZT range=2019-11-01_2019-12-01.dbn.zst: bought for $0.071997 · session $3.6459
[2026-10-03 10:07:01 PDT] ZT range=2019-12-01_2020-01-01.dbn.zst: bought for $0.073516 · session $4.2055
[2026-10-03 10:07:11 PDT] ZT range=2020-01-01_2020-02-01.dbn.zst: bought for $0.076838 · session $4.5943
/home/kiros-li/Documents/GitHub/PropExperiment/data/pull_universe.py:590: BentoWarning: The streaming request contained one or more days which have reduced quality: 2020-02-27 (degraded), 2020-02-28 (degraded). See: https://databento.com/docs/api-reference-historical/metadata/metadata-get-dataset-condition
  client.timeseries.get_range(**params.as_kwargs(), path=partial)
[2026-10-03 10:07:20 PDT] ZT range=2020-02-01_2020-03-01.dbn.zst: bought for $0.075053 · session $4.7740
[2026-10-03 10:07:56 PDT] ZT range=2020-03-01_2020-04-01.dbn.zst: bought for $0.103544 · session $5.2792
[2026-10-03 10:08:48 PDT] ZT range=2020-04-01_2020-05-01.dbn.zst: bought for $0.076385 · session $6.0802
/home/kiros-li/Documents/GitHub/PropExperiment/data/pull_universe.py:590: BentoWarning: The streaming request contained one or more days which have reduced quality: 2020-05-05 (degraded). See: https://databento.com/docs/api-reference-historical/metadata/metadata-get-dataset-condition
  client.timeseries.get_range(**params.as_kwargs(), path=partial)
[2026-10-03 10:08:58 PDT] ZT range=2020-05-01_2020-06-01.dbn.zst: bought for $0.065013 · session $6.3457
/home/kiros-li/Documents/GitHub/PropExperiment/data/pull_universe.py:590: BentoWarning: The streaming request contained one or more days which have reduced quality: 2020-06-30 (degraded). See: https://databento.com/docs/api-reference-historical/metadata/metadata-get-dataset-condition
  client.timeseries.get_range(**params.as_kwargs(), path=partial)
[2026-10-03 10:09:27 PDT] ZT range=2020-06-01_2020-07-01.dbn.zst: bought for $0.074545 · session $7.1385
/home/kiros-li/Documents/GitHub/PropExperiment/data/pull_universe.py:590: BentoWarning: The streaming request contained one or more days which have reduced quality: 2020-07-01 (degraded). See: https://databento.com/docs/api-reference-historical/metadata/metadata-get-dataset-condition
  client.timeseries.get_range(**params.as_kwargs(), path=partial)
[2026-10-03 10:10:10 PDT] ZT range=2020-07-01_2020-08-01.dbn.zst: bought for $0.072348 · session $8.1373
[2026-10-03 10:10:26 PDT] ZT range=2020-08-01_2020-09-01.dbn.zst: bought for $0.071566 · session $8.6176
[2026-10-03 10:11:37 PDT] ZT range=2020-09-01_2020-10-01.dbn.zst: bought for $0.069712 · session $9.6232
[2026-10-03 10:11:46 PDT] ZT range=2020-10-01_2020-11-01.dbn.zst: bought for $0.070278 · session $9.7972
[2026-10-03 10:11:54 PDT] ZT range=2020-11-01_2020-12-01.dbn.zst: bought for $0.068379 · session $9.9698
[2026-10-03 10:12:11 PDT] ZT range=2020-12-01_2021-01-01.dbn.zst: bought for $0.071621 · session $10.2493
[2026-10-03 10:12:41 PDT] ZT range=2021-01-01_2021-02-01.dbn.zst: bought for $0.067554 · session $11.0482
[2026-10-03 10:12:47 PDT] ZT range=2021-02-01_2021-03-01.dbn.zst: bought for $0.063776 · session $11.2218
[2026-10-03 10:12:59 PDT] ZT range=2021-03-01_2021-04-01.dbn.zst: bought for $0.082562 · session $11.6135
[2026-10-03 10:13:25 PDT] ZT range=2021-04-01_2021-05-01.dbn.zst: bought for $0.074549 · session $12.4136
[2026-10-03 10:13:45 PDT] ZT range=2021-05-01_2021-06-01.dbn.zst: bought for $0.066043 · session $12.6936
[2026-10-03 10:13:59 PDT] ZT range=2021-06-01_2021-07-01.dbn.zst: bought for $0.075498 · session $13.0841
[2026-10-03 10:14:14 PDT] ZT range=2021-07-01_2021-08-01.dbn.zst: bought for $0.073125 · session $13.3712
[2026-10-03 10:14:24 PDT] ZT range=2021-08-01_2021-09-01.dbn.zst: bought for $0.065459 · session $13.6507
[2026-10-03 10:14:40 PDT] ZT range=2021-09-01_2021-10-01.dbn.zst: bought for $0.067616 · session $14.1374
[2026-10-03 10:14:55 PDT] ZT range=2021-10-01_2021-11-01.dbn.zst: bought for $0.074450 · session $14.4158
[2026-10-03 10:15:06 PDT] ZT range=2021-11-01_2021-12-01.dbn.zst: bought for $0.075772 · session $14.8058
/home/kiros-li/Documents/GitHub/PropExperiment/data/pull_universe.py:590: BentoWarning: The streaming request contained one or more days which have reduced quality: 2021-12-05 (degraded). See: https://databento.com/docs/api-reference-historical/metadata/metadata-get-dataset-condition
  client.timeseries.get_range(**params.as_kwargs(), path=partial)
[2026-10-03 10:15:29 PDT] ZT range=2021-12-01_2022-01-01.dbn.zst: bought for $0.077784 · session $15.1989
/home/kiros-li/Documents/GitHub/PropExperiment/data/pull_universe.py:590: BentoWarning: The streaming request contained one or more days which have reduced quality: 2022-01-02 (degraded). See: https://databento.com/docs/api-reference-historical/metadata/metadata-get-dataset-condition
  client.timeseries.get_range(**params.as_kwargs(), path=partial)
[2026-10-03 10:15:58 PDT] ZT range=2022-01-01_2022-02-01.dbn.zst: bought for $0.081774 · session $15.7890
[2026-10-03 10:16:12 PDT] ZT range=2022-02-01_2022-03-01.dbn.zst: bought for $0.084085 · session $16.0985
[2026-10-03 10:16:20 PDT] ZT range=2022-03-01_2022-04-01.dbn.zst: bought for $0.104562 · session $16.3156
[2026-10-03 10:16:41 PDT] ZT range=2022-04-01_2022-05-01.dbn.zst: bought for $0.092285 · session $16.9208
[2026-10-03 10:16:49 PDT] ZT range=2022-05-01_2022-06-01.dbn.zst: bought for $0.098743 · session $17.0195
[2026-10-03 10:17:07 PDT] ZT range=2022-06-01_2022-07-01.dbn.zst: bought for $0.098896 · session $17.4155
[2026-10-03 10:17:15 PDT] ZT range=2022-07-01_2022-08-01.dbn.zst: bought for $0.094964 · session $17.6161
[2026-10-03 10:17:37 PDT] ZT range=2022-08-01_2022-09-01.dbn.zst: bought for $0.102879 · session $17.9052
[2026-10-03 10:18:02 PDT] ZT range=2022-09-01_2022-10-01.dbn.zst: bought for $0.099550 · session $18.1952
[2026-10-03 10:18:08 PDT] ZT range=2022-10-01_2022-11-01.dbn.zst: bought for $0.097534 · session $18.5009
[2026-10-03 10:18:22 PDT] ZT range=2022-11-01_2022-12-01.dbn.zst: bought for $0.096362 · session $18.8001
[2026-10-03 10:18:49 PDT] ZT range=2022-12-01_2023-01-01.dbn.zst: bought for $0.091489 · session $19.4056
[2026-10-03 10:19:02 PDT] ZT range=2023-01-01_2023-02-01.dbn.zst: bought for $0.091825 · session $19.7033
[2026-10-03 10:19:22 PDT] ZT range=2023-02-01_2023-03-01.dbn.zst: bought for $0.084910 · session $19.9026
[2026-10-03 10:19:38 PDT] ZT range=2023-03-01_2023-04-01.dbn.zst: bought for $0.108943 · session $20.3258
[2026-10-03 10:19:49 PDT] ZT range=2023-04-01_2023-05-01.dbn.zst: bought for $0.087571 · session $20.5284
[2026-10-03 10:20:05 PDT] ZT range=2023-05-01_2023-06-01.dbn.zst: bought for $0.100393 · session $20.8485
[2026-10-03 10:20:20 PDT] ZT range=2023-06-01_2023-07-01.dbn.zst: bought for $0.093037 · session $21.1501
[2026-10-03 10:20:50 PDT] ZT range=2023-07-01_2023-08-01.dbn.zst: bought for $0.088867 · session $21.9930
[2026-10-03 10:21:03 PDT] ZT range=2023-08-01_2023-09-01.dbn.zst: bought for $0.096629 · session $22.3079
[2026-10-03 10:22:23 PDT] ZT range=2023-09-01_2023-10-01.dbn.zst: bought for $0.086491 · session $23.8727
[2026-10-03 10:22:37 PDT] ZT range=2023-10-01_2023-11-01.dbn.zst: bought for $0.097677 · session $24.1879
[2026-10-03 10:22:50 PDT] ZT range=2023-11-01_2023-12-01.dbn.zst: bought for $0.093606 · session $24.5856
[2026-10-03 10:23:14 PDT] ZT range=2023-12-01_2024-01-01.dbn.zst: bought for $0.086421 · session $25.0932
[2026-10-03 10:23:32 PDT] ZT range=2024-01-01_2024-02-01.dbn.zst: bought for $0.093679 · session $25.5125
[2026-10-03 10:23:45 PDT] ZT range=2024-02-01_2024-03-01.dbn.zst: bought for $0.088331 · session $26.0109
[2026-10-03 10:23:54 PDT] ZC range=2019-05-01_2019-06-01.dbn.zst: bought for $0.068368 · session $26.1821
[2026-10-03 10:24:09 PDT] ZC range=2019-06-01_2019-07-01.dbn.zst: bought for $0.062093 · session $26.5647
[2026-10-03 10:25:31 PDT] ZC range=2019-07-01_2019-08-01.dbn.zst: bought for $0.063140 · session $27.7617
[2026-10-03 10:25:43 PDT] ZC range=2019-08-01_2019-09-01.dbn.zst: bought for $0.066189 · session $28.1415
[2026-10-03 10:26:08 PDT] ZC range=2019-09-01_2019-10-01.dbn.zst: bought for $0.057482 · session $28.5255
[2026-10-03 10:26:28 PDT] ZC range=2019-10-01_2019-11-01.dbn.zst: bought for $0.065973 · session $28.8109
[2026-10-03 10:26:40 PDT] ZC range=2019-11-01_2019-12-01.dbn.zst: bought for $0.056405 · session $29.0689
[2026-10-03 10:26:51 PDT] ZC range=2019-12-01_2020-01-01.dbn.zst: bought for $0.058015 · session $29.3422
[2026-10-03 10:27:15 PDT] ZC range=2020-01-01_2020-02-01.dbn.zst: bought for $0.062483 · session $29.7106
[2026-10-03 10:27:30 PDT] ZC range=2020-02-01_2020-03-01.dbn.zst: bought for $0.049976 · session $30.0765
[2026-10-03 10:30:36 PDT] ZC range=2020-03-01_2020-04-01.dbn.zst: bought for $0.067291 · session $33.9116
[2026-10-03 10:31:39 PDT] ZC range=2020-04-01_2020-05-01.dbn.zst: bought for $0.059584 · session $35.2978
[2026-10-03 10:31:57 PDT] ZC range=2020-05-01_2020-06-01.dbn.zst: bought for $0.060643 · session $35.5829
[2026-10-03 10:32:20 PDT] ZC range=2020-06-01_2020-07-01.dbn.zst: bought for $0.060924 · session $36.0458
[2026-10-03 10:32:35 PDT] ZC range=2020-07-01_2020-08-01.dbn.zst: bought for $0.064619 · session $36.4354
[2026-10-03 10:32:42 PDT] ZC range=2020-08-01_2020-09-01.dbn.zst: bought for $0.064082 · session $36.6092
[2026-10-03 10:33:10 PDT] ZC range=2020-09-01_2020-10-01.dbn.zst: bought for $0.066492 · session $37.3069
[2026-10-03 10:33:19 PDT] ZC range=2020-10-01_2020-11-01.dbn.zst: bought for $0.071993 · session $37.7021
[2026-10-03 10:33:25 PDT] ZC range=2020-11-01_2020-12-01.dbn.zst: bought for $0.063984 · session $37.8715
[2026-10-03 10:33:45 PDT] ZC range=2020-12-01_2021-01-01.dbn.zst: bought for $0.072388 · session $38.1389
[2026-10-03 10:33:58 PDT] ZC range=2021-01-01_2021-02-01.dbn.zst: bought for $0.070332 · session $38.5228
[2026-10-03 10:34:13 PDT] ZC range=2021-02-01_2021-03-01.dbn.zst: bought for $0.066579 · session $38.9045
[2026-10-03 10:34:24 PDT] ZC range=2021-03-01_2021-04-01.dbn.zst: bought for $0.080179 · session $39.0806
[2026-10-03 10:34:40 PDT] ZC range=2021-04-01_2021-05-01.dbn.zst: bought for $0.076053 · session $39.4744
[2026-10-03 10:34:55 PDT] ZC range=2021-05-01_2021-06-01.dbn.zst: bought for $0.075316 · session $39.9756
[2026-10-03 10:35:42 PDT] ZC range=2021-06-01_2021-07-01.dbn.zst: bought for $0.080244 · session $40.5625
[2026-10-03 10:35:51 PDT] ZC range=2021-07-01_2021-08-01.dbn.zst: bought for $0.070712 · session $40.7327
[2026-10-03 10:36:01 PDT] ZC range=2021-08-01_2021-09-01.dbn.zst: bought for $0.074220 · session $40.9707
[2026-10-03 10:36:15 PDT] ZC range=2021-09-01_2021-10-01.dbn.zst: bought for $0.071011 · session $41.2109
[2026-10-03 10:36:34 PDT] ZC range=2021-10-01_2021-11-01.dbn.zst: bought for $0.070369 · session $41.7731
[2026-10-03 10:36:58 PDT] ZC range=2021-11-01_2021-12-01.dbn.zst: bought for $0.064385 · session $42.1632
[2026-10-03 10:37:22 PDT] ZC range=2021-12-01_2022-01-01.dbn.zst: bought for $0.074867 · session $42.5775
[2026-10-03 10:37:31 PDT] ZC range=2022-01-01_2022-02-01.dbn.zst: bought for $0.070029 · session $42.9171
[2026-10-03 10:37:52 PDT] ZC range=2022-02-01_2022-03-01.dbn.zst: bought for $0.065207 · session $43.2163
[2026-10-03 10:38:01 PDT] ZC range=2022-03-01_2022-04-01.dbn.zst: bought for $0.082891 · session $43.6796
[2026-10-03 10:38:16 PDT] ZC range=2022-04-01_2022-05-01.dbn.zst: bought for $0.068500 · session $44.1942
[2026-10-03 10:38:26 PDT] ZC range=2022-05-01_2022-06-01.dbn.zst: bought for $0.074312 · session $44.4790
[2026-10-03 10:38:47 PDT] ZC range=2022-06-01_2022-07-01.dbn.zst: bought for $0.069584 · session $44.8896
[2026-10-03 10:38:57 PDT] ZC range=2022-07-01_2022-08-01.dbn.zst: bought for $0.067693 · session $45.2493
[2026-10-03 10:39:08 PDT] ZC range=2022-08-01_2022-09-01.dbn.zst: bought for $0.078996 · session $45.6029
[2026-10-03 10:40:50 PDT] ZC range=2022-09-01_2022-10-01.dbn.zst: bought for $0.071826 · session $47.2362
[2026-10-03 10:40:58 PDT] ZC range=2022-10-01_2022-11-01.dbn.zst: bought for $0.069526 · session $47.4569
[2026-10-03 10:41:06 PDT] ZC range=2022-11-01_2022-12-01.dbn.zst: bought for $0.064002 · session $47.5209
[2026-10-03 10:41:20 PDT] ZC range=2022-12-01_2023-01-01.dbn.zst: bought for $0.064247 · session $47.9297
[2026-10-03 10:41:28 PDT] ZC range=2023-01-01_2023-02-01.dbn.zst: bought for $0.060048 · session $48.0639
[2026-10-03 10:41:49 PDT] ZC range=2023-02-01_2023-03-01.dbn.zst: bought for $0.057200 · session $48.7783
[2026-10-03 10:41:58 PDT] ZC range=2023-03-01_2023-04-01.dbn.zst: bought for $0.074224 · session $49.1227
[2026-10-03 10:42:06 PDT] ZC range=2023-04-01_2023-05-01.dbn.zst: bought for $0.059099 · session $49.3444
[2026-10-03 10:42:21 PDT] ZC range=2023-05-01_2023-06-01.dbn.zst: bought for $0.070270 · session $49.7990
[2026-10-03 10:42:45 PDT] ZC range=2023-06-01_2023-07-01.dbn.zst: bought for $0.071318 · session $50.2324
[2026-10-03 10:42:59 PDT] ZC range=2023-07-01_2023-08-01.dbn.zst: bought for $0.067518 · session $50.5576
[2026-10-03 10:43:06 PDT] ZC range=2023-08-01_2023-09-01.dbn.zst: bought for $0.074743 · session $50.8298
[2026-10-03 10:43:18 PDT] ZC range=2023-09-01_2023-10-01.dbn.zst: bought for $0.062348 · session $51.2465
[2026-10-03 10:43:29 PDT] ZC range=2023-10-01_2023-11-01.dbn.zst: bought for $0.069197 · session $51.5851
[2026-10-03 10:43:50 PDT] ZC range=2023-11-01_2023-12-01.dbn.zst: bought for $0.058387 · session $52.2829
[2026-10-03 10:43:59 PDT] ZC range=2023-12-01_2024-01-01.dbn.zst: bought for $0.055061 · session $52.3380
[2026-10-03 10:44:14 PDT] ZC range=2024-01-01_2024-02-01.dbn.zst: bought for $0.058007 · session $52.6779
[2026-10-03 10:44:25 PDT] ZC range=2024-02-01_2024-03-01.dbn.zst: bought for $0.056160 · session $52.8104
[2026-10-03 10:44:55 PDT] YM range=2019-05-01_2019-06-01.dbn.zst: bought for $0.113120 · session $53.5371
[2026-10-03 10:45:09 PDT] YM range=2019-06-01_2019-07-01.dbn.zst: bought for $0.099674 · session $53.8098
[2026-10-03 10:45:20 PDT] YM range=2019-07-01_2019-08-01.dbn.zst: bought for $0.112419 · session $53.9879
[2026-10-03 10:45:35 PDT] YM range=2019-08-01_2019-09-01.dbn.zst: bought for $0.109104 · session $54.3319
[2026-10-03 10:45:43 PDT] YM range=2019-09-01_2019-10-01.dbn.zst: bought for $0.103675 · session $54.6172
[2026-10-03 10:45:56 PDT] YM range=2019-10-01_2019-11-01.dbn.zst: bought for $0.114251 · session $55.0007
[2026-10-03 10:46:20 PDT] YM range=2019-11-01_2019-12-01.dbn.zst: bought for $0.102317 · session $55.5609
[2026-10-03 10:46:32 PDT] YM range=2019-12-01_2020-01-01.dbn.zst: bought for $0.103040 · session $55.8579
[2026-10-03 10:46:43 PDT] YM range=2020-01-01_2020-02-01.dbn.zst: bought for $0.108658 · session $56.2419
[2026-10-03 10:46:49 PDT] YM range=2020-02-01_2020-03-01.dbn.zst: bought for $0.094501 · session $56.4446
[2026-10-03 10:47:01 PDT] YM range=2020-03-01_2020-04-01.dbn.zst: bought for $0.103569 · session $56.8039
[2026-10-03 10:47:08 PDT] YM range=2020-04-01_2020-05-01.dbn.zst: bought for $0.104639 · session $57.0133
[2026-10-03 10:47:21 PDT] YM range=2020-05-01_2020-06-01.dbn.zst: bought for $0.103817 · session $57.3426
[2026-10-03 10:47:41 PDT] YM range=2020-06-01_2020-07-01.dbn.zst: bought for $0.107731 · session $57.6186
[2026-10-03 10:48:00 PDT] YM range=2020-07-01_2020-08-01.dbn.zst: bought for $0.113295 · session $57.8809
[2026-10-03 10:48:10 PDT] YM range=2020-08-01_2020-09-01.dbn.zst: bought for $0.104869 · session $58.1541
[2026-10-03 10:48:20 PDT] YM range=2020-09-01_2020-10-01.dbn.zst: bought for $0.108658 · session $58.4471
[2026-10-03 10:48:33 PDT] YM range=2020-10-01_2020-11-01.dbn.zst: bought for $0.109126 · session $58.7484
[2026-10-03 10:48:50 PDT] YM range=2020-11-01_2020-12-01.dbn.zst: bought for $0.103233 · session $59.1625
[2026-10-03 10:49:04 PDT] YM range=2020-12-01_2021-01-01.dbn.zst: bought for $0.108425 · session $59.6746
[2026-10-03 10:49:13 PDT] YM range=2021-01-01_2021-02-01.dbn.zst: bought for $0.099017 · session $59.8748
[2026-10-03 10:49:20 PDT] YM range=2021-02-01_2021-03-01.dbn.zst: bought for $0.098714 · session $60.0827
[2026-10-03 10:49:53 PDT] YM range=2021-03-01_2021-04-01.dbn.zst: bought for $0.114751 · session $61.0453
[2026-10-03 10:50:04 PDT] YM range=2021-04-01_2021-05-01.dbn.zst: bought for $0.107023 · session $61.4659
[2026-10-03 10:50:17 PDT] YM range=2021-05-01_2021-06-01.dbn.zst: bought for $0.104007 · session $61.8553
[2026-10-03 10:50:25 PDT] YM range=2021-06-01_2021-07-01.dbn.zst: bought for $0.109038 · session $62.1387
[2026-10-03 10:50:36 PDT] YM range=2021-07-01_2021-08-01.dbn.zst: bought for $0.109144 · session $62.4643
[2026-10-03 10:50:56 PDT] YM range=2021-08-01_2021-09-01.dbn.zst: bought for $0.110896 · session $63.0550
[2026-10-03 10:51:09 PDT] YM range=2021-09-01_2021-10-01.dbn.zst: bought for $0.109513 · session $63.4670
[2026-10-03 10:51:19 PDT] YM range=2021-10-01_2021-11-01.dbn.zst: bought for $0.105650 · session $63.6605
[2026-10-03 10:51:29 PDT] YM range=2021-11-01_2021-12-01.dbn.zst: bought for $0.108549 · session $63.9593
[2026-10-03 10:51:45 PDT] YM range=2021-12-01_2022-01-01.dbn.zst: bought for $0.109688 · session $64.5600
[2026-10-03 10:52:05 PDT] YM range=2022-01-01_2022-02-01.dbn.zst: bought for $0.105018 · session $65.0655
[2026-10-03 10:52:12 PDT] YM range=2022-02-01_2022-03-01.dbn.zst: bought for $0.099736 · session $65.4479
[2026-10-03 10:52:25 PDT] YM range=2022-03-01_2022-04-01.dbn.zst: bought for $0.115748 · session $65.5637
[2026-10-03 10:52:39 PDT] YM range=2022-04-01_2022-05-01.dbn.zst: bought for $0.100112 · session $65.9233
[2026-10-03 10:52:50 PDT] YM range=2022-05-01_2022-06-01.dbn.zst: bought for $0.110203 · session $66.2288
[2026-10-03 10:52:58 PDT] YM range=2022-06-01_2022-07-01.dbn.zst: bought for $0.109739 · session $66.4220
[2026-10-03 10:53:07 PDT] YM range=2022-07-01_2022-08-01.dbn.zst: bought for $0.104686 · session $66.5772
[2026-10-03 10:53:16 PDT] YM range=2022-08-01_2022-09-01.dbn.zst: bought for $0.115252 · session $66.8415
[2026-10-03 10:53:32 PDT] YM range=2022-09-01_2022-10-01.dbn.zst: bought for $0.108804 · session $67.1176
[2026-10-03 10:53:42 PDT] YM range=2022-10-01_2022-11-01.dbn.zst: bought for $0.106022 · session $67.5654
[2026-10-03 10:53:58 PDT] YM range=2022-11-01_2022-12-01.dbn.zst: bought for $0.108724 · session $67.8930
[2026-10-03 10:54:10 PDT] YM range=2022-12-01_2023-01-01.dbn.zst: bought for $0.104734 · session $68.2514
[2026-10-03 10:54:23 PDT] YM range=2023-01-01_2023-02-01.dbn.zst: bought for $0.104814 · session $68.5856
[2026-10-03 10:54:33 PDT] YM range=2023-02-01_2023-03-01.dbn.zst: bought for $0.099418 · session $68.8430
[2026-10-03 10:54:49 PDT] YM range=2023-03-01_2023-04-01.dbn.zst: bought for $0.115117 · session $69.1823
[2026-10-03 10:55:03 PDT] YM range=2023-04-01_2023-05-01.dbn.zst: bought for $0.098955 · session $69.4303
[2026-10-03 10:55:18 PDT] YM range=2023-05-01_2023-06-01.dbn.zst: bought for $0.114284 · session $69.8739
[2026-10-03 10:55:31 PDT] YM range=2023-06-01_2023-07-01.dbn.zst: bought for $0.107775 · session $70.1286
[2026-10-03 10:55:40 PDT] YM range=2023-07-01_2023-08-01.dbn.zst: bought for $0.103774 · session $70.3944
[2026-10-03 10:55:54 PDT] YM range=2023-08-01_2023-09-01.dbn.zst: bought for $0.115113 · session $70.6597
[2026-10-03 10:56:10 PDT] YM range=2023-09-01_2023-10-01.dbn.zst: bought for $0.102452 · session $70.9820
[2026-10-03 10:56:18 PDT] YM range=2023-10-01_2023-11-01.dbn.zst: bought for $0.110951 · session $71.3207
[2026-10-03 10:56:29 PDT] YM range=2023-11-01_2023-12-01.dbn.zst: bought for $0.108238 · session $71.5041
[2026-10-03 10:56:59 PDT] YM range=2023-12-01_2024-01-01.dbn.zst: bought for $0.098447 · session $72.2991
[2026-10-03 10:57:13 PDT] YM range=2024-01-01_2024-02-01.dbn.zst: bought for $0.109294 · session $72.4636
[2026-10-03 10:57:27 PDT] YM range=2024-02-01_2024-03-01.dbn.zst: bought for $0.103766 · session $72.7852
[2026-10-03 11:00:00 PDT] RTY range=2019-05-01_2019-06-01.dbn.zst: bought for $0.107778 · session $74.9385
[2026-10-03 11:00:13 PDT] RTY range=2019-06-01_2019-07-01.dbn.zst: bought for $0.093635 · session $75.2338
[2026-10-03 11:00:37 PDT] RTY range=2019-07-01_2019-08-01.dbn.zst: bought for $0.103989 · session $75.6411
[2026-10-03 11:00:47 PDT] RTY range=2019-08-01_2019-09-01.dbn.zst: bought for $0.106216 · session $75.7474
[2026-10-03 11:00:56 PDT] RTY range=2019-09-01_2019-10-01.dbn.zst: bought for $0.098016 · session $75.9736
[2026-10-03 11:01:17 PDT] RTY range=2019-10-01_2019-11-01.dbn.zst: bought for $0.105562 · session $76.4101
[2026-10-03 11:01:29 PDT] RTY range=2019-11-01_2019-12-01.dbn.zst: bought for $0.097658 · session $76.6737
[2026-10-03 11:02:00 PDT] RTY range=2019-12-01_2020-01-01.dbn.zst: bought for $0.096315 · session $77.2792
[2026-10-03 11:02:15 PDT] RTY range=2020-01-01_2020-02-01.dbn.zst: bought for $0.106282 · session $77.7100
[2026-10-03 11:02:24 PDT] RTY range=2020-02-01_2020-03-01.dbn.zst: bought for $0.097783 · session $77.9711
[2026-10-03 11:02:35 PDT] RTY range=2020-03-01_2020-04-01.dbn.zst: bought for $0.098100 · session $78.1978
[2026-10-03 11:02:51 PDT] RTY range=2020-04-01_2020-05-01.dbn.zst: bought for $0.100543 · session $78.4676
[2026-10-03 11:03:12 PDT] RTY range=2020-05-01_2020-06-01.dbn.zst: bought for $0.101766 · session $79.0338
[2026-10-03 11:03:33 PDT] RTY range=2020-06-01_2020-07-01.dbn.zst: bought for $0.107764 · session $79.3681
[2026-10-03 11:03:40 PDT] RTY range=2020-07-01_2020-08-01.dbn.zst: bought for $0.111444 · session $79.6311
[2026-10-03 11:03:57 PDT] RTY range=2020-08-01_2020-09-01.dbn.zst: bought for $0.100199 · session $80.0255
[2026-10-03 11:04:15 PDT] RTY range=2020-09-01_2020-10-01.dbn.zst: bought for $0.103858 · session $80.4364
[2026-10-03 11:04:33 PDT] RTY range=2020-10-01_2020-11-01.dbn.zst: bought for $0.105391 · session $80.9305
[2026-10-03 11:04:52 PDT] RTY range=2020-11-01_2020-12-01.dbn.zst: bought for $0.099889 · session $81.3391
[2026-10-03 11:05:03 PDT] RTY range=2020-12-01_2021-01-01.dbn.zst: bought for $0.103974 · session $81.6153
[2026-10-03 11:05:17 PDT] RTY range=2021-01-01_2021-02-01.dbn.zst: bought for $0.096895 · session $81.8098
[2026-10-03 11:05:24 PDT] RTY range=2021-02-01_2021-03-01.dbn.zst: bought for $0.095428 · session $82.0604
[2026-10-03 11:05:33 PDT] RTY range=2021-03-01_2021-04-01.dbn.zst: bought for $0.110403 · session $82.2433
[2026-10-03 11:05:47 PDT] RTY range=2021-04-01_2021-05-01.dbn.zst: bought for $0.101035 · session $82.6136
[2026-10-03 11:05:55 PDT] RTY range=2021-05-01_2021-06-01.dbn.zst: bought for $0.099378 · session $82.8686
[2026-10-03 11:06:06 PDT] RTY range=2021-06-01_2021-07-01.dbn.zst: bought for $0.102784 · session $83.0941
[2026-10-03 11:06:18 PDT] RTY range=2021-07-01_2021-08-01.dbn.zst: bought for $0.106019 · session $83.4435
[2026-10-03 11:06:30 PDT] RTY range=2021-08-01_2021-09-01.dbn.zst: bought for $0.107096 · session $83.7737
[2026-10-03 11:06:52 PDT] RTY range=2021-09-01_2021-10-01.dbn.zst: bought for $0.105227 · session $84.0252
[2026-10-03 11:07:01 PDT] RTY range=2021-10-01_2021-11-01.dbn.zst: bought for $0.103613 · session $84.3794
[2026-10-03 11:07:18 PDT] RTY range=2021-11-01_2021-12-01.dbn.zst: bought for $0.106256 · session $84.6549
[2026-10-03 11:07:39 PDT] RTY range=2021-12-01_2022-01-01.dbn.zst: bought for $0.106749 · session $85.0982
[2026-10-03 11:08:01 PDT] RTY range=2022-01-01_2022-02-01.dbn.zst: bought for $0.103777 · session $85.5991
[2026-10-03 11:08:11 PDT] RTY range=2022-02-01_2022-03-01.dbn.zst: bought for $0.097801 · session $85.8406
[2026-10-03 11:08:35 PDT] RTY range=2022-03-01_2022-04-01.dbn.zst: bought for $0.112718 · session $86.3847
[2026-10-03 11:08:45 PDT] RTY range=2022-04-01_2022-05-01.dbn.zst: bought for $0.096687 · session $86.6052
[2026-10-03 11:08:53 PDT] RTY range=2022-05-01_2022-06-01.dbn.zst: bought for $0.107910 · session $86.8132
[2026-10-03 11:09:13 PDT] RTY range=2022-06-01_2022-07-01.dbn.zst: bought for $0.106994 · session $87.2074
[2026-10-03 11:09:25 PDT] RTY range=2022-07-01_2022-08-01.dbn.zst: bought for $0.102094 · session $87.4782
[2026-10-03 11:09:36 PDT] RTY range=2022-08-01_2022-09-01.dbn.zst: bought for $0.111433 · session $87.7048
[2026-10-03 11:09:56 PDT] RTY range=2022-09-01_2022-10-01.dbn.zst: bought for $0.107881 · session $88.0991
[2026-10-03 11:10:11 PDT] RTY range=2022-10-01_2022-11-01.dbn.zst: bought for $0.105541 · session $88.4408
[2026-10-03 11:10:24 PDT] RTY range=2022-11-01_2022-12-01.dbn.zst: bought for $0.106504 · session $88.8108
[2026-10-03 11:10:39 PDT] RTY range=2022-12-01_2023-01-01.dbn.zst: bought for $0.100773 · session $88.9594
[2026-10-03 11:10:54 PDT] RTY range=2023-01-01_2023-02-01.dbn.zst: bought for $0.101700 · session $89.2784
[2026-10-03 11:11:02 PDT] RTY range=2023-02-01_2023-03-01.dbn.zst: bought for $0.097056 · session $89.5735
[2026-10-03 11:11:13 PDT] RTY range=2023-03-01_2023-04-01.dbn.zst: bought for $0.112714 · session $89.8442
[2026-10-03 11:11:21 PDT] RTY range=2023-04-01_2023-05-01.dbn.zst: bought for $0.095077 · session $90.0495
[2026-10-03 11:11:31 PDT] RTY range=2023-05-01_2023-06-01.dbn.zst: bought for $0.111415 · session $90.2450
[2026-10-03 11:11:45 PDT] RTY range=2023-06-01_2023-07-01.dbn.zst: bought for $0.105172 · session $90.6102
[2026-10-03 11:11:54 PDT] RTY range=2023-07-01_2023-08-01.dbn.zst: bought for $0.101134 · session $90.8770
[2026-10-03 11:12:04 PDT] RTY range=2023-08-01_2023-09-01.dbn.zst: bought for $0.112765 · session $91.2085
[2026-10-03 11:12:12 PDT] RTY range=2023-09-01_2023-10-01.dbn.zst: bought for $0.100265 · session $91.5237
[2026-10-03 11:12:23 PDT] RTY range=2023-10-01_2023-11-01.dbn.zst: bought for $0.109648 · session $91.8573
[2026-10-03 11:12:40 PDT] RTY range=2023-11-01_2023-12-01.dbn.zst: bought for $0.106066 · session $92.1777
[2026-10-03 11:12:48 PDT] RTY range=2023-12-01_2024-01-01.dbn.zst: bought for $0.097147 · session $92.4786
[2026-10-03 11:12:56 PDT] RTY range=2024-01-01_2024-02-01.dbn.zst: bought for $0.108907 · session $92.6999
[2026-10-03 11:13:07 PDT] RTY range=2024-02-01_2024-03-01.dbn.zst: bought for $0.102938 · session $92.9780
[2026-10-03 11:13:20 PDT] HG range=2019-05-01_2019-06-01.dbn.zst: bought for $0.109743 · session $93.2859
[2026-10-03 11:13:32 PDT] HG range=2019-06-01_2019-07-01.dbn.zst: bought for $0.092880 · session $93.5941
[2026-10-03 11:14:08 PDT] HG range=2019-07-01_2019-08-01.dbn.zst: bought for $0.107866 · session $94.1905
[2026-10-03 11:14:39 PDT] HG range=2019-08-01_2019-09-01.dbn.zst: bought for $0.100619 · session $94.7868
[2026-10-03 11:14:53 PDT] HG range=2019-09-01_2019-10-01.dbn.zst: bought for $0.099009 · session $95.0123
[2026-10-03 11:15:36 PDT] HG range=2019-10-01_2019-11-01.dbn.zst: bought for $0.108450 · session $95.6115
[2026-10-03 11:15:45 PDT] HG range=2019-11-01_2019-12-01.dbn.zst: bought for $0.092328 · session $95.8271
[2026-10-03 11:15:55 PDT] HG range=2019-12-01_2020-01-01.dbn.zst: bought for $0.098447 · session $96.1029
[2026-10-03 11:16:12 PDT] HG range=2020-01-01_2020-02-01.dbn.zst: bought for $0.105059 · session $96.3868
[2026-10-03 11:16:21 PDT] HG range=2020-02-01_2020-03-01.dbn.zst: bought for $0.090956 · session $96.6509
[2026-10-03 11:16:38 PDT] HG range=2020-03-01_2020-04-01.dbn.zst: bought for $0.109984 · session $96.8746
[2026-10-03 11:16:46 PDT] HG range=2020-04-01_2020-05-01.dbn.zst: bought for $0.098513 · session $97.1455
[2026-10-03 11:16:55 PDT] HG range=2020-05-01_2020-06-01.dbn.zst: bought for $0.101598 · session $97.3659
[2026-10-03 11:17:20 PDT] HG range=2020-06-01_2020-07-01.dbn.zst: bought for $0.105771 · session $97.7255
[2026-10-03 11:17:38 PDT] HG range=2020-07-01_2020-08-01.dbn.zst: bought for $0.112050 · session $97.8796
[2026-10-03 11:17:58 PDT] HG range=2020-08-01_2020-09-01.dbn.zst: bought for $0.101171 · session $98.0028
[2026-10-03 11:18:07 PDT] HG range=2020-09-01_2020-10-01.dbn.zst: bought for $0.108045 · session $98.2646
[2026-10-03 11:18:20 PDT] HG range=2020-10-01_2020-11-01.dbn.zst: bought for $0.107136 · session $98.5202
[2026-10-03 11:18:32 PDT] HG range=2020-11-01_2020-12-01.dbn.zst: bought for $0.098626 · session $98.7099
[2026-10-03 11:18:47 PDT] HG range=2020-12-01_2021-01-01.dbn.zst: bought for $0.107088 · session $99.0658
[2026-10-03 11:18:59 PDT] HG range=2021-01-01_2021-02-01.dbn.zst: bought for $0.098403 · session $99.3240
[2026-10-03 11:19:05 PDT] HG range=2021-02-01_2021-03-01.dbn.zst: bought for $0.096425 · session $99.4394
[2026-10-03 11:19:11 PDT] HG range=2021-03-01_2021-04-01.dbn.zst: bought for $0.114781 · session $99.6406
[2026-10-03 11:19:27 PDT] HG range=2021-04-01_2021-05-01.dbn.zst: bought for $0.100689 · session $99.9400
[2026-10-03 11:19:37 PDT] HG range=2021-05-01_2021-06-01.dbn.zst: bought for $0.104113 · session $100.1257
[2026-10-03 11:19:48 PDT] HG range=2021-06-01_2021-07-01.dbn.zst: bought for $0.104683 · session $100.2503
[2026-10-03 11:20:03 PDT] HG range=2021-07-01_2021-08-01.dbn.zst: bought for $0.106837 · session $100.5535
[2026-10-03 11:20:12 PDT] HG range=2021-08-01_2021-09-01.dbn.zst: bought for $0.106771 · session $100.7506
[2026-10-03 11:20:33 PDT] HG range=2021-09-01_2021-10-01.dbn.zst: bought for $0.105468 · session $101.1878
[2026-10-03 11:20:48 PDT] HG range=2021-10-01_2021-11-01.dbn.zst: bought for $0.102660 · session $101.4959
[2026-10-03 11:20:59 PDT] HG range=2021-11-01_2021-12-01.dbn.zst: bought for $0.102675 · session $101.6759
[2026-10-03 11:21:18 PDT] HG range=2021-12-01_2022-01-01.dbn.zst: bought for $0.107030 · session $102.0661
[2026-10-03 11:21:31 PDT] HG range=2022-01-01_2022-02-01.dbn.zst: bought for $0.103438 · session $102.4164
[2026-10-03 11:21:57 PDT] HG range=2022-02-01_2022-03-01.dbn.zst: bought for $0.095866 · session $102.9270
[2026-10-03 11:22:08 PDT] HG range=2022-03-01_2022-04-01.dbn.zst: bought for $0.111729 · session $103.0387
[2026-10-03 11:22:18 PDT] HG range=2022-04-01_2022-05-01.dbn.zst: bought for $0.095742 · session $103.3253
[2026-10-03 11:22:26 PDT] HG range=2022-05-01_2022-06-01.dbn.zst: bought for $0.106585 · session $103.6176
[2026-10-03 11:22:39 PDT] HG range=2022-06-01_2022-07-01.dbn.zst: bought for $0.105508 · session $103.8327
[2026-10-03 11:22:50 PDT] HG range=2022-07-01_2022-08-01.dbn.zst: bought for $0.102613 · session $104.1150
[2026-10-03 11:23:00 PDT] HG range=2022-08-01_2022-09-01.dbn.zst: bought for $0.106753 · session $104.2773
[2026-10-03 11:23:10 PDT] HG range=2022-09-01_2022-10-01.dbn.zst: bought for $0.106632 · session $104.4828
[2026-10-03 11:23:22 PDT] HG range=2022-10-01_2022-11-01.dbn.zst: bought for $0.103230 · session $104.7645
[2026-10-03 11:23:34 PDT] HG range=2022-11-01_2022-12-01.dbn.zst: bought for $0.102251 · session $104.8667
[2026-10-03 11:23:47 PDT] HG range=2022-12-01_2023-01-01.dbn.zst: bought for $0.102708 · session $105.1704
[2026-10-03 11:24:11 PDT] HG range=2023-01-01_2023-02-01.dbn.zst: bought for $0.103335 · session $105.3702
[2026-10-03 11:24:33 PDT] HG range=2023-02-01_2023-03-01.dbn.zst: bought for $0.094563 · session $105.9707
[2026-10-03 11:24:55 PDT] HG range=2023-03-01_2023-04-01.dbn.zst: bought for $0.113017 · session $106.4133
[2026-10-03 11:25:12 PDT] HG range=2023-04-01_2023-05-01.dbn.zst: bought for $0.091171 · session $106.8069
[2026-10-03 11:25:26 PDT] HG range=2023-05-01_2023-06-01.dbn.zst: bought for $0.110312 · session $107.0286
[2026-10-03 11:25:33 PDT] HG range=2023-06-01_2023-07-01.dbn.zst: bought for $0.104569 · session $107.2373
[2026-10-03 11:25:47 PDT] HG range=2023-07-01_2023-08-01.dbn.zst: bought for $0.100061 · session $107.4335
[2026-10-03 11:26:04 PDT] HG range=2023-08-01_2023-09-01.dbn.zst: bought for $0.108877 · session $107.7719
[2026-10-03 11:26:19 PDT] HG range=2023-09-01_2023-10-01.dbn.zst: bought for $0.099641 · session $108.0842
[2026-10-03 11:26:41 PDT] HG range=2023-10-01_2023-11-01.dbn.zst: bought for $0.106979 · session $108.6322
[2026-10-03 11:27:32 PDT] HG range=2023-11-01_2023-12-01.dbn.zst: bought for $0.104482 · session $109.5800
[2026-10-03 11:27:45 PDT] HG range=2023-12-01_2024-01-01.dbn.zst: bought for $0.096735 · session $109.8936
[2026-10-03 11:27:55 PDT] HG range=2024-01-01_2024-02-01.dbn.zst: bought for $0.107063 · session $110.2133
[2026-10-03 11:28:04 PDT] HG range=2024-02-01_2024-03-01.dbn.zst: bought for $0.099703 · session $110.4985
[2026-10-03 11:28:17 PDT] 6S range=2019-05-01_2019-06-01.dbn.zst: bought for $0.084019 · session $110.7190
[2026-10-03 11:28:26 PDT] 6S range=2019-06-01_2019-07-01.dbn.zst: bought for $0.077714 · session $111.0003
[2026-10-03 11:28:32 PDT] 6S range=2019-07-01_2019-08-01.dbn.zst: bought for $0.086144 · session $111.1957
[2026-10-03 11:28:40 PDT] 6S range=2019-08-01_2019-09-01.dbn.zst: bought for $0.092219 · session $111.3075
[2026-10-03 11:28:53 PDT] 6S range=2019-09-01_2019-10-01.dbn.zst: bought for $0.080693 · session $111.6165
[2026-10-03 11:29:03 PDT] 6S range=2019-10-01_2019-11-01.dbn.zst: bought for $0.089882 · session $111.9258
[2026-10-03 11:29:16 PDT] 6S range=2019-11-01_2019-12-01.dbn.zst: bought for $0.075856 · session $112.2122
[2026-10-03 11:29:29 PDT] 6S range=2019-12-01_2020-01-01.dbn.zst: bought for $0.071822 · session $112.6115
[2026-10-03 11:29:43 PDT] 6S range=2020-01-01_2020-02-01.dbn.zst: bought for $0.081226 · session $112.9259
[2026-10-03 11:29:55 PDT] 6S range=2020-02-01_2020-03-01.dbn.zst: bought for $0.079514 · session $113.2289
[2026-10-03 11:30:20 PDT] 6S range=2020-03-01_2020-04-01.dbn.zst: bought for $0.098597 · session $113.6676
[2026-10-03 11:30:35 PDT] 6S range=2020-04-01_2020-05-01.dbn.zst: bought for $0.085677 · session $113.8896
[2026-10-03 11:30:52 PDT] 6S range=2020-05-01_2020-06-01.dbn.zst: bought for $0.082113 · session $114.0893
[2026-10-03 11:31:08 PDT] 6S range=2020-06-01_2020-07-01.dbn.zst: bought for $0.085512 · session $114.4938
[2026-10-03 11:31:19 PDT] 6S range=2020-07-01_2020-08-01.dbn.zst: bought for $0.091649 · session $114.6762
[2026-10-03 11:31:30 PDT] 6S range=2020-08-01_2020-09-01.dbn.zst: bought for $0.088166 · session $114.9908
[2026-10-03 11:31:42 PDT] 6S range=2020-09-01_2020-10-01.dbn.zst: bought for $0.086509 · session $115.0975
[2026-10-03 11:31:58 PDT] 6S range=2020-10-01_2020-11-01.dbn.zst: bought for $0.086462 · session $115.3109
[2026-10-03 11:32:08 PDT] 6S range=2020-11-01_2020-12-01.dbn.zst: bought for $0.085746 · session $115.6061
[2026-10-03 11:32:37 PDT] 6S range=2020-12-01_2021-01-01.dbn.zst: bought for $0.086370 · session $116.0493
[2026-10-03 11:32:52 PDT] 6S range=2021-01-01_2021-02-01.dbn.zst: bought for $0.082048 · session $116.4538
[2026-10-03 11:33:03 PDT] 6S range=2021-02-01_2021-03-01.dbn.zst: bought for $0.082723 · session $116.7629
[2026-10-03 11:33:15 PDT] 6S range=2021-03-01_2021-04-01.dbn.zst: bought for $0.092723 · session $116.9599
[2026-10-03 11:33:22 PDT] 6S range=2021-04-01_2021-05-01.dbn.zst: bought for $0.085651 · session $117.1662
[2026-10-03 11:33:30 PDT] 6S range=2021-05-01_2021-06-01.dbn.zst: bought for $0.083439 · session $117.4438
[2026-10-03 11:33:44 PDT] 6S range=2021-06-01_2021-07-01.dbn.zst: bought for $0.083212 · session $117.8575
[2026-10-03 11:33:59 PDT] 6S range=2021-07-01_2021-08-01.dbn.zst: bought for $0.084147 · session $118.1287
[2026-10-03 11:34:14 PDT] 6S range=2021-08-01_2021-09-01.dbn.zst: bought for $0.081241 · session $118.4194
[2026-10-03 11:34:33 PDT] 6S range=2021-09-01_2021-10-01.dbn.zst: bought for $0.081445 · session $118.7342
[2026-10-03 11:34:53 PDT] 6S range=2021-10-01_2021-11-01.dbn.zst: bought for $0.082975 · session $119.1715
[2026-10-03 11:34:59 PDT] 6S range=2021-11-01_2021-12-01.dbn.zst: bought for $0.087929 · session $119.3593
[2026-10-03 11:35:08 PDT] 6S range=2021-12-01_2022-01-01.dbn.zst: bought for $0.077356 · session $119.4574
[2026-10-03 11:35:22 PDT] 6S range=2022-01-01_2022-02-01.dbn.zst: bought for $0.080569 · session $119.7246
[2026-10-03 11:35:29 PDT] 6S range=2022-02-01_2022-03-01.dbn.zst: bought for $0.078715 · session $119.9264
[2026-10-03 11:36:06 PDT] 6S range=2022-03-01_2022-04-01.dbn.zst: bought for $0.091930 · session $120.5991
[2026-10-03 11:36:22 PDT] 6S range=2022-04-01_2022-05-01.dbn.zst: bought for $0.080682 · session $120.8934
[2026-10-03 11:36:36 PDT] 6S range=2022-05-01_2022-06-01.dbn.zst: bought for $0.095720 · session $121.2124
[2026-10-03 11:36:51 PDT] 6S range=2022-06-01_2022-07-01.dbn.zst: bought for $0.094179 · session $121.4224
[2026-10-03 11:37:05 PDT] 6S range=2022-07-01_2022-08-01.dbn.zst: bought for $0.091025 · session $121.6355
[2026-10-03 11:37:15 PDT] 6S range=2022-08-01_2022-09-01.dbn.zst: bought for $0.096249 · session $121.8494
[2026-10-03 11:37:23 PDT] 6S range=2022-09-01_2022-10-01.dbn.zst: bought for $0.092887 · session $122.0378
[2026-10-03 11:37:42 PDT] 6S range=2022-10-01_2022-11-01.dbn.zst: bought for $0.089908 · session $122.2824
[2026-10-03 11:37:53 PDT] 6S range=2022-11-01_2022-12-01.dbn.zst: bought for $0.091982 · session $122.3949
[2026-10-03 11:38:21 PDT] 6S range=2022-12-01_2023-01-01.dbn.zst: bought for $0.080763 · session $122.6221
[2026-10-03 11:38:33 PDT] 6S range=2023-01-01_2023-02-01.dbn.zst: bought for $0.085260 · session $122.8035
[2026-10-03 11:38:50 PDT] 6S range=2023-02-01_2023-03-01.dbn.zst: bought for $0.079072 · session $123.0954
[2026-10-03 11:39:03 PDT] 6S range=2023-03-01_2023-04-01.dbn.zst: bought for $0.092452 · session $123.2068
[2026-10-03 11:40:13 PDT] 6S range=2023-04-01_2023-05-01.dbn.zst: bought for $0.080770 · session $123.8646
[2026-10-03 11:40:25 PDT] 6S range=2023-05-01_2023-06-01.dbn.zst: bought for $0.091624 · session $124.0784
[2026-10-03 11:40:32 PDT] 6S range=2023-06-01_2023-07-01.dbn.zst: bought for $0.084662 · session $124.2789
[2026-10-03 11:40:47 PDT] 6S range=2023-07-01_2023-08-01.dbn.zst: bought for $0.088714 · session $124.5041
[2026-10-03 11:40:59 PDT] 6S range=2023-08-01_2023-09-01.dbn.zst: bought for $0.093694 · session $124.7162
[2026-10-03 11:41:23 PDT] 6S range=2023-09-01_2023-10-01.dbn.zst: bought for $0.084749 · session $124.9512
[2026-10-03 11:41:33 PDT] 6S range=2023-10-01_2023-11-01.dbn.zst: bought for $0.096874 · session $125.0680
[2026-10-03 11:41:42 PDT] 6S range=2023-11-01_2023-12-01.dbn.zst: bought for $0.090656 · session $125.1797
[2026-10-03 11:41:51 PDT] 6S range=2023-12-01_2024-01-01.dbn.zst: bought for $0.081566 · session $125.3889
[2026-10-03 11:41:59 PDT] 6S range=2024-01-01_2024-02-01.dbn.zst: bought for $0.092244 · session $125.5837
[2026-10-03 11:42:07 PDT] 6S range=2024-02-01_2024-03-01.dbn.zst: bought for $0.090291 · session $125.6740
[2026-10-03 11:42:33 PDT] 6J range=2019-05-01_2019-06-01.dbn.zst: bought for $0.111608 · session $126.1061
[2026-10-03 11:42:41 PDT] 6J range=2019-06-01_2019-07-01.dbn.zst: bought for $0.097801 · session $126.2039
[2026-10-03 11:42:52 PDT] 6J range=2019-07-01_2019-08-01.dbn.zst: bought for $0.111751 · session $126.4202
[2026-10-03 11:43:28 PDT] 6J range=2019-08-01_2019-09-01.dbn.zst: bought for $0.109334 · session $126.8253
[2026-10-03 11:43:40 PDT] 6J range=2019-09-01_2019-10-01.dbn.zst: bought for $0.102098 · session $126.9274
[2026-10-03 11:44:01 PDT] 6J range=2019-10-01_2019-11-01.dbn.zst: bought for $0.112944 · session $127.0403
[2026-10-03 11:44:11 PDT] 6J range=2019-11-01_2019-12-01.dbn.zst: bought for $0.100115 · session $127.1404
[2026-10-03 11:44:32 PDT] 6J range=2019-12-01_2020-01-01.dbn.zst: bought for $0.097940 · session $127.5528
[2026-10-03 11:44:44 PDT] 6J range=2020-01-01_2020-02-01.dbn.zst: bought for $0.106340 · session $127.7625
[2026-10-03 11:44:53 PDT] 6J range=2020-02-01_2020-03-01.dbn.zst: bought for $0.097337 · session $127.9592
[2026-10-03 11:45:06 PDT] 6J range=2020-03-01_2020-04-01.dbn.zst: bought for $0.110396 · session $128.1786
[2026-10-03 11:45:21 PDT] 6J range=2020-04-01_2020-05-01.dbn.zst: bought for $0.104237 · session $128.3813
[2026-10-03 11:45:33 PDT] 6J range=2020-05-01_2020-06-01.dbn.zst: bought for $0.102003 · session $128.5909
[2026-10-03 11:45:51 PDT] 6J range=2020-06-01_2020-07-01.dbn.zst: bought for $0.107019 · session $128.6979
[2026-10-03 11:46:01 PDT] 6J range=2020-07-01_2020-08-01.dbn.zst: bought for $0.110831 · session $128.8088
[2026-10-03 11:46:10 PDT] 6J range=2020-08-01_2020-09-01.dbn.zst: bought for $0.103547 · session $129.0161
[2026-10-03 11:46:22 PDT] 6J range=2020-09-01_2020-10-01.dbn.zst: bought for $0.103452 · session $129.2151
[2026-10-03 11:46:47 PDT] 6J range=2020-10-01_2020-11-01.dbn.zst: bought for $0.105416 · session $129.4263
[2026-10-03 11:47:06 PDT] 6J range=2020-11-01_2020-12-01.dbn.zst: bought for $0.101751 · session $129.5281
[2026-10-03 11:47:15 PDT] 6J range=2020-12-01_2021-01-01.dbn.zst: bought for $0.104223 · session $129.6323
[2026-10-03 11:48:01 PDT] 6J range=2021-01-01_2021-02-01.dbn.zst: bought for $0.097370 · session $129.8280
[2026-10-03 11:48:11 PDT] 6J range=2021-02-01_2021-03-01.dbn.zst: bought for $0.097074 · session $129.9251
[2026-10-03 11:48:20 PDT] 6J range=2021-03-01_2021-04-01.dbn.zst: bought for $0.111521 · session $130.0366
[2026-10-03 11:48:30 PDT] 6J range=2021-04-01_2021-05-01.dbn.zst: bought for $0.105285 · session $130.1419
[2026-10-03 11:48:48 PDT] 6J range=2021-05-01_2021-06-01.dbn.zst: bought for $0.101700 · session $130.2436
[2026-10-03 11:49:04 PDT] 6J range=2021-06-01_2021-07-01.dbn.zst: bought for $0.103452 · session $130.3470
[2026-10-03 11:49:13 PDT] 6J range=2021-07-01_2021-08-01.dbn.zst: bought for $0.104347 · session $130.4514
[2026-10-03 11:49:20 PDT] 6J range=2021-08-01_2021-09-01.dbn.zst: bought for $0.104438 · session $130.5558
[2026-10-03 11:49:50 PDT] 6J range=2021-09-01_2021-10-01.dbn.zst: bought for $0.101864 · session $130.6577
[2026-10-03 11:50:01 PDT] 6J range=2021-10-01_2021-11-01.dbn.zst: bought for $0.103226 · session $130.7609
[2026-10-03 11:50:13 PDT] 6J range=2021-11-01_2021-12-01.dbn.zst: bought for $0.106201 · session $130.8671
[2026-10-03 11:50:24 PDT] 6J range=2021-12-01_2022-01-01.dbn.zst: bought for $0.104266 · session $130.9714
[2026-10-03 11:51:03 PDT] 6J range=2022-01-01_2022-02-01.dbn.zst: bought for $0.103222 · session $131.0746
[2026-10-03 11:51:14 PDT] 6J range=2022-02-01_2022-03-01.dbn.zst: bought for $0.098199 · session $131.1728
[2026-10-03 11:51:37 PDT] 6J range=2022-03-01_2022-04-01.dbn.zst: bought for $0.111721 · session $131.2845
[2026-10-03 11:51:51 PDT] 6J range=2022-04-01_2022-05-01.dbn.zst: bought for $0.099272 · session $131.3838
[2026-10-03 11:52:17 PDT] 6J range=2022-05-01_2022-06-01.dbn.zst: bought for $0.109356 · session $131.4932
[2026-10-03 11:52:34 PDT] 6J range=2022-06-01_2022-07-01.dbn.zst: bought for $0.108228 · session $131.6014
[2026-10-03 11:52:53 PDT] 6J range=2022-07-01_2022-08-01.dbn.zst: bought for $0.104077 · session $131.7055
[2026-10-03 11:53:04 PDT] 6J range=2022-08-01_2022-09-01.dbn.zst: bought for $0.114605 · session $131.8201
[2026-10-03 11:53:13 PDT] 6J range=2022-09-01_2022-10-01.dbn.zst: bought for $0.107457 · session $131.9275
[2026-10-03 11:53:28 PDT] 6J range=2022-10-01_2022-11-01.dbn.zst: bought for $0.104464 · session $132.0320
[2026-10-03 11:53:52 PDT] 6J range=2022-11-01_2022-12-01.dbn.zst: bought for $0.108658 · session $132.1406
[2026-10-03 11:54:03 PDT] 6J range=2022-12-01_2023-01-01.dbn.zst: bought for $0.103478 · session $132.2441
[2026-10-03 11:54:20 PDT] 6J range=2023-01-01_2023-02-01.dbn.zst: bought for $0.105091 · session $132.3492
[2026-10-03 11:54:27 PDT] 6J range=2023-02-01_2023-03-01.dbn.zst: bought for $0.099188 · session $132.4484
[2026-10-03 11:54:50 PDT] 6J range=2023-03-01_2023-04-01.dbn.zst: bought for $0.113514 · session $132.5619
[2026-10-03 11:55:05 PDT] 6J range=2023-04-01_2023-05-01.dbn.zst: bought for $0.098425 · session $132.6603
[2026-10-03 11:55:15 PDT] 6J range=2023-05-01_2023-06-01.dbn.zst: bought for $0.113992 · session $132.7743
[2026-10-03 11:55:49 PDT] 6J range=2023-06-01_2023-07-01.dbn.zst: bought for $0.104299 · session $132.8786
[2026-10-03 11:56:01 PDT] 6J range=2023-07-01_2023-08-01.dbn.zst: bought for $0.104558 · session $132.9832
[2026-10-03 11:56:23 PDT] 6J range=2023-08-01_2023-09-01.dbn.zst: bought for $0.113653 · session $133.0968
[2026-10-03 11:56:34 PDT] 6J range=2023-09-01_2023-10-01.dbn.zst: bought for $0.100521 · session $133.1974
[2026-10-03 11:56:41 PDT] 6J range=2023-10-01_2023-11-01.dbn.zst: bought for $0.107903 · session $133.3053
[2026-10-03 11:56:52 PDT] 6J range=2023-11-01_2023-12-01.dbn.zst: bought for $0.106928 · session $133.4122
[2026-10-03 11:57:06 PDT] 6J range=2023-12-01_2024-01-01.dbn.zst: bought for $0.098838 · session $133.5110
[2026-10-03 11:57:25 PDT] 6J range=2024-01-01_2024-02-01.dbn.zst: bought for $0.109633 · session $133.6207
[2026-10-03 11:57:32 PDT] 6J range=2024-02-01_2024-03-01.dbn.zst: bought for $0.103073 · session $133.7237
[2026-10-03 11:57:32 PDT] buy finished: 406 chunks · harness 452c4a51ebfae33f6f18822c9b754634f1ce3ab879b88abe416633c75965a426 · stage-E.12-2026-10-03: account acct-2 (cap $249.67, spent $231.5997) · session cap $137.73 (spent $133.7237) · request cap $3.00
rc 0
