[2026-10-03 10:03:48 PDT] stage-E.12-2026-10-03: account acct-1 (cap $120.00, spent $91.5922) · session cap $137.73 (spent $0.0000) · request cap $3.00
[2026-10-03 10:03:48 PDT] plan: 383 chunks over 7 contracts (training-window)
[2026-10-03 10:03:49 PDT] harness preflight passed: 452c4a51ebfae33f6f18822c9b754634f1ce3ab879b88abe416633c75965a426
[2026-10-03 10:04:07 PDT] NQ range=2019-05-01_2019-06-01.dbn.zst: bought for $0.113328 · session $0.3926
[2026-10-03 10:04:27 PDT] NQ range=2019-06-01_2019-07-01.dbn.zst: bought for $0.099984 · session $0.8377
[2026-10-03 10:04:51 PDT] NQ range=2019-07-01_2019-08-01.dbn.zst: bought for $0.112952 · session $1.2460
[2026-10-03 10:05:02 PDT] NQ range=2019-08-01_2019-09-01.dbn.zst: bought for $0.109188 · session $1.5382
[2026-10-03 10:05:25 PDT] NQ range=2019-09-01_2019-10-01.dbn.zst: bought for $0.104248 · session $2.1166
[2026-10-03 10:05:37 PDT] NQ range=2019-10-01_2019-11-01.dbn.zst: bought for $0.114573 · session $2.4961
[2026-10-03 10:06:18 PDT] NQ range=2019-11-01_2019-12-01.dbn.zst: bought for $0.102594 · session $3.2234
[2026-10-03 10:06:29 PDT] NQ range=2019-12-01_2020-01-01.dbn.zst: bought for $0.103752 · session $3.4288
[2026-10-03 10:06:41 PDT] NQ range=2020-01-01_2020-02-01.dbn.zst: bought for $0.108779 · session $3.7194
/home/kiros-li/Documents/GitHub/PropExperiment/data/pull_universe.py:590: BentoWarning: The streaming request contained one or more days which have reduced quality: 2020-02-27 (degraded), 2020-02-28 (degraded). See: https://databento.com/docs/api-reference-historical/metadata/metadata-get-dataset-condition
  client.timeseries.get_range(**params.as_kwargs(), path=partial)
[2026-10-03 10:07:00 PDT] NQ range=2020-02-01_2020-03-01.dbn.zst: bought for $0.098841 · session $4.2055
[2026-10-03 10:07:09 PDT] NQ range=2020-03-01_2020-04-01.dbn.zst: bought for $0.102967 · session $4.4874
[2026-10-03 10:07:26 PDT] NQ range=2020-04-01_2020-05-01.dbn.zst: bought for $0.104653 · session $4.9796
/home/kiros-li/Documents/GitHub/PropExperiment/data/pull_universe.py:590: BentoWarning: The streaming request contained one or more days which have reduced quality: 2020-05-05 (degraded). See: https://databento.com/docs/api-reference-historical/metadata/metadata-get-dataset-condition
  client.timeseries.get_range(**params.as_kwargs(), path=partial)
[2026-10-03 10:08:22 PDT] NQ range=2020-05-01_2020-06-01.dbn.zst: bought for $0.103825 · session $5.6679
/home/kiros-li/Documents/GitHub/PropExperiment/data/pull_universe.py:590: BentoWarning: The streaming request contained one or more days which have reduced quality: 2020-06-30 (degraded). See: https://databento.com/docs/api-reference-historical/metadata/metadata-get-dataset-condition
  client.timeseries.get_range(**params.as_kwargs(), path=partial)
[2026-10-03 10:08:53 PDT] NQ range=2020-06-01_2020-07-01.dbn.zst: bought for $0.109191 · session $6.2438
/home/kiros-li/Documents/GitHub/PropExperiment/data/pull_universe.py:590: BentoWarning: The streaming request contained one or more days which have reduced quality: 2020-07-01 (degraded). See: https://databento.com/docs/api-reference-historical/metadata/metadata-get-dataset-condition
  client.timeseries.get_range(**params.as_kwargs(), path=partial)
[2026-10-03 10:09:04 PDT] NQ range=2020-07-01_2020-08-01.dbn.zst: bought for $0.113357 · session $6.6258
[2026-10-03 10:09:35 PDT] NQ range=2020-08-01_2020-09-01.dbn.zst: bought for $0.105066 · session $7.2109
[2026-10-03 10:09:50 PDT] NQ range=2020-09-01_2020-10-01.dbn.zst: bought for $0.108797 · session $7.6303
[2026-10-03 10:09:58 PDT] NQ range=2020-10-01_2020-11-01.dbn.zst: bought for $0.109191 · session $7.9355
[2026-10-03 10:10:13 PDT] NQ range=2020-11-01_2020-12-01.dbn.zst: bought for $0.103273 · session $8.2402
[2026-10-03 10:10:20 PDT] NQ range=2020-12-01_2021-01-01.dbn.zst: bought for $0.108636 · session $8.4204
[2026-10-03 10:10:48 PDT] NQ range=2021-01-01_2021-02-01.dbn.zst: bought for $0.099060 · session $8.9834
[2026-10-03 10:11:13 PDT] NQ range=2021-02-01_2021-03-01.dbn.zst: bought for $0.098838 · session $9.2961
[2026-10-03 10:11:24 PDT] NQ range=2021-03-01_2021-04-01.dbn.zst: bought for $0.114803 · session $9.4109
[2026-10-03 10:11:44 PDT] NQ range=2021-04-01_2021-05-01.dbn.zst: bought for $0.107534 · session $9.7972
[2026-10-03 10:11:54 PDT] NQ range=2021-05-01_2021-06-01.dbn.zst: bought for $0.104245 · session $9.9698
[2026-10-03 10:12:06 PDT] NQ range=2021-06-01_2021-07-01.dbn.zst: bought for $0.109681 · session $10.2493
[2026-10-03 10:12:19 PDT] NQ range=2021-07-01_2021-08-01.dbn.zst: bought for $0.109509 · session $10.6319
[2026-10-03 10:12:30 PDT] NQ range=2021-08-01_2021-09-01.dbn.zst: bought for $0.111272 · session $10.8432
[2026-10-03 10:13:06 PDT] NQ range=2021-09-01_2021-10-01.dbn.zst: bought for $0.109907 · session $11.7131
[2026-10-03 10:13:15 PDT] NQ range=2021-10-01_2021-11-01.dbn.zst: bought for $0.105796 · session $12.1021
[2026-10-03 10:13:33 PDT] NQ range=2021-11-01_2021-12-01.dbn.zst: bought for $0.108914 · session $12.5170
/home/kiros-li/Documents/GitHub/PropExperiment/data/pull_universe.py:590: BentoWarning: The streaming request contained one or more days which have reduced quality: 2021-12-05 (degraded). See: https://databento.com/docs/api-reference-historical/metadata/metadata-get-dataset-condition
  client.timeseries.get_range(**params.as_kwargs(), path=partial)
[2026-10-03 10:13:44 PDT] NQ range=2021-12-01_2022-01-01.dbn.zst: bought for $0.110604 · session $12.6936
/home/kiros-li/Documents/GitHub/PropExperiment/data/pull_universe.py:590: BentoWarning: The streaming request contained one or more days which have reduced quality: 2022-01-02 (degraded). See: https://databento.com/docs/api-reference-historical/metadata/metadata-get-dataset-condition
  client.timeseries.get_range(**params.as_kwargs(), path=partial)
[2026-10-03 10:13:50 PDT] NQ range=2022-01-01_2022-02-01.dbn.zst: bought for $0.105135 · session $12.7987
[2026-10-03 10:13:58 PDT] NQ range=2022-02-01_2022-03-01.dbn.zst: bought for $0.099882 · session $12.9741
[2026-10-03 10:14:29 PDT] NQ range=2022-03-01_2022-04-01.dbn.zst: bought for $0.116084 · session $13.9230
[2026-10-03 10:14:57 PDT] NQ range=2022-04-01_2022-05-01.dbn.zst: bought for $0.100320 · session $14.4158
[2026-10-03 10:15:14 PDT] NQ range=2022-05-01_2022-06-01.dbn.zst: bought for $0.110396 · session $15.0890
[2026-10-03 10:15:34 PDT] NQ range=2022-06-01_2022-07-01.dbn.zst: bought for $0.109954 · session $15.3022
[2026-10-03 10:15:56 PDT] NQ range=2022-07-01_2022-08-01.dbn.zst: bought for $0.104920 · session $15.6895
[2026-10-03 10:16:03 PDT] NQ range=2022-08-01_2022-09-01.dbn.zst: bought for $0.115869 · session $15.9049
[2026-10-03 10:16:12 PDT] NQ range=2022-09-01_2022-10-01.dbn.zst: bought for $0.109524 · session $16.0985
[2026-10-03 10:16:46 PDT] NQ range=2022-10-01_2022-11-01.dbn.zst: bought for $0.106234 · session $17.0195
[2026-10-03 10:17:03 PDT] NQ range=2022-11-01_2022-12-01.dbn.zst: bought for $0.108907 · session $17.4155
[2026-10-03 10:17:18 PDT] NQ range=2022-12-01_2023-01-01.dbn.zst: bought for $0.105562 · session $17.7107
[2026-10-03 10:18:16 PDT] NQ range=2023-01-01_2023-02-01.dbn.zst: bought for $0.105128 · session $18.5972
[2026-10-03 10:18:30 PDT] NQ range=2023-02-01_2023-03-01.dbn.zst: bought for $0.099871 · session $18.9000
[2026-10-03 10:18:46 PDT] NQ range=2023-03-01_2023-04-01.dbn.zst: bought for $0.115639 · session $19.4056
[2026-10-03 10:19:35 PDT] NQ range=2023-04-01_2023-05-01.dbn.zst: bought for $0.099480 · session $20.2113
[2026-10-03 10:19:54 PDT] NQ range=2023-05-01_2023-06-01.dbn.zst: bought for $0.114989 · session $20.6288
[2026-10-03 10:20:06 PDT] NQ range=2023-06-01_2023-07-01.dbn.zst: bought for $0.109440 · session $20.8485
[2026-10-03 10:20:17 PDT] NQ range=2023-07-01_2023-08-01.dbn.zst: bought for $0.104518 · session $21.0460
[2026-10-03 10:20:29 PDT] NQ range=2023-08-01_2023-09-01.dbn.zst: bought for $0.115869 · session $21.5709
[2026-10-03 10:20:42 PDT] NQ range=2023-09-01_2023-10-01.dbn.zst: bought for $0.104383 · session $21.6752
[2026-10-03 10:20:55 PDT] NQ range=2023-10-01_2023-11-01.dbn.zst: bought for $0.111276 · session $22.0896
[2026-10-03 10:21:07 PDT] NQ range=2023-11-01_2023-12-01.dbn.zst: bought for $0.108918 · session $22.3079
[2026-10-03 10:21:14 PDT] NQ range=2023-12-01_2024-01-01.dbn.zst: bought for $0.100524 · session $22.5185
[2026-10-03 10:21:30 PDT] NQ range=2024-01-01_2024-02-01.dbn.zst: bought for $0.110173 · session $22.9183
[2026-10-03 10:21:55 PDT] NQ range=2024-02-01_2024-03-01.dbn.zst: bought for $0.104894 · session $23.3366
[2026-10-03 10:22:11 PDT] GC range=2019-05-01_2019-06-01.dbn.zst: bought for $0.112174 · session $23.6632
[2026-10-03 10:22:25 PDT] GC range=2019-06-01_2019-07-01.dbn.zst: bought for $0.101050 · session $23.8727
[2026-10-03 10:22:47 PDT] GC range=2019-07-01_2019-08-01.dbn.zst: bought for $0.110184 · session $24.4965
[2026-10-03 10:22:59 PDT] GC range=2019-08-01_2019-09-01.dbn.zst: bought for $0.110378 · session $24.7824
[2026-10-03 10:23:13 PDT] GC range=2019-09-01_2019-10-01.dbn.zst: bought for $0.105343 · session $25.0932
[2026-10-03 10:23:38 PDT] GC range=2019-10-01_2019-11-01.dbn.zst: bought for $0.115814 · session $25.5125
[2026-10-03 10:23:42 PDT] GC range=2019-11-01_2019-12-01.dbn.zst: bought for $0.101046 · session $25.9060
[2026-10-03 10:23:52 PDT] GC range=2019-12-01_2020-01-01.dbn.zst: bought for $0.104898 · session $26.1821
[2026-10-03 10:24:06 PDT] GC range=2020-01-01_2020-02-01.dbn.zst: bought for $0.104945 · session $26.5647
[2026-10-03 10:24:15 PDT] GC range=2020-02-01_2020-03-01.dbn.zst: bought for $0.095468 · session $26.8232
[2026-10-03 10:24:26 PDT] GC range=2020-03-01_2020-04-01.dbn.zst: bought for $0.111064 · session $26.9343
[2026-10-03 10:24:52 PDT] GC range=2020-04-01_2020-05-01.dbn.zst: bought for $0.105738 · session $27.1397
[2026-10-03 10:25:02 PDT] GC range=2020-05-01_2020-06-01.dbn.zst: bought for $0.103084 · session $27.3584
[2026-10-03 10:25:36 PDT] GC range=2020-06-01_2020-07-01.dbn.zst: bought for $0.108819 · session $28.0318
[2026-10-03 10:25:56 PDT] GC range=2020-07-01_2020-08-01.dbn.zst: bought for $0.109684 · session $28.3094
[2026-10-03 10:26:05 PDT] GC range=2020-08-01_2020-09-01.dbn.zst: bought for $0.106223 · session $28.4156
[2026-10-03 10:26:17 PDT] GC range=2020-09-01_2020-10-01.dbn.zst: bought for $0.109914 · session $28.7005
[2026-10-03 10:26:47 PDT] GC range=2020-10-01_2020-11-01.dbn.zst: bought for $0.110352 · session $29.3422
[2026-10-03 10:27:20 PDT] GC range=2020-11-01_2020-12-01.dbn.zst: bought for $0.102938 · session $29.7605
[2026-10-03 10:27:39 PDT] GC range=2020-12-01_2021-01-01.dbn.zst: bought for $0.109848 · session $30.2536
[2026-10-03 10:27:55 PDT] GC range=2021-01-01_2021-02-01.dbn.zst: bought for $0.094340 · session $30.5572
[2026-10-03 10:28:08 PDT] GC range=2021-02-01_2021-03-01.dbn.zst: bought for $0.099867 · session $30.7657
[2026-10-03 10:28:26 PDT] GC range=2021-03-01_2021-04-01.dbn.zst: bought for $0.114065 · session $31.4009
[2026-10-03 10:28:42 PDT] GC range=2021-04-01_2021-05-01.dbn.zst: bought for $0.105219 · session $31.7030
[2026-10-03 10:28:50 PDT] GC range=2021-05-01_2021-06-01.dbn.zst: bought for $0.103843 · session $31.8069
[2026-10-03 10:28:59 PDT] GC range=2021-06-01_2021-07-01.dbn.zst: bought for $0.110717 · session $31.9176
[2026-10-03 10:29:09 PDT] GC range=2021-07-01_2021-08-01.dbn.zst: bought for $0.104066 · session $32.2338
[2026-10-03 10:29:37 PDT] GC range=2021-08-01_2021-09-01.dbn.zst: bought for $0.110911 · session $32.6533
[2026-10-03 10:29:48 PDT] GC range=2021-09-01_2021-10-01.dbn.zst: bought for $0.109644 · session $32.9716
[2026-10-03 10:29:57 PDT] GC range=2021-10-01_2021-11-01.dbn.zst: bought for $0.105453 · session $33.1841
[2026-10-03 10:30:12 PDT] GC range=2021-11-01_2021-12-01.dbn.zst: bought for $0.103310 · session $33.4972
[2026-10-03 10:30:24 PDT] GC range=2021-12-01_2022-01-01.dbn.zst: bought for $0.110341 · session $33.8118
[2026-10-03 10:30:53 PDT] GC range=2022-01-01_2022-02-01.dbn.zst: bought for $0.103788 · session $34.2845
[2026-10-03 10:31:05 PDT] GC range=2022-02-01_2022-03-01.dbn.zst: bought for $0.100086 · session $34.4824
[2026-10-03 10:31:21 PDT] GC range=2022-03-01_2022-04-01.dbn.zst: bought for $0.113444 · session $34.9012
[2026-10-03 10:31:38 PDT] GC range=2022-04-01_2022-05-01.dbn.zst: bought for $0.100207 · session $35.2978
[2026-10-03 10:31:57 PDT] GC range=2022-05-01_2022-06-01.dbn.zst: bought for $0.109363 · session $35.5829
[2026-10-03 10:32:08 PDT] GC range=2022-06-01_2022-07-01.dbn.zst: bought for $0.110038 · session $35.7539
[2026-10-03 10:32:20 PDT] GC range=2022-07-01_2022-08-01.dbn.zst: bought for $0.100203 · session $36.0458
[2026-10-03 10:32:36 PDT] GC range=2022-08-01_2022-09-01.dbn.zst: bought for $0.115598 · session $36.4354
[2026-10-03 10:32:41 PDT] GC range=2022-09-01_2022-10-01.dbn.zst: bought for $0.109673 · session $36.6092
[2026-10-03 10:32:54 PDT] GC range=2022-10-01_2022-11-01.dbn.zst: bought for $0.106081 · session $36.9944
[2026-10-03 10:33:19 PDT] GC range=2022-11-01_2022-12-01.dbn.zst: bought for $0.102912 · session $37.7021
[2026-10-03 10:33:34 PDT] GC range=2022-12-01_2023-01-01.dbn.zst: bought for $0.105402 · session $38.0393
[2026-10-03 10:33:55 PDT] GC range=2023-01-01_2023-02-01.dbn.zst: bought for $0.099564 · session $38.3163
[2026-10-03 10:34:05 PDT] GC range=2023-02-01_2023-03-01.dbn.zst: bought for $0.100061 · session $38.5894
[2026-10-03 10:34:16 PDT] GC range=2023-03-01_2023-04-01.dbn.zst: bought for $0.112353 · session $38.9045
[2026-10-03 10:34:28 PDT] GC range=2023-04-01_2023-05-01.dbn.zst: bought for $0.095975 · session $39.0806
[2026-10-03 10:34:39 PDT] GC range=2023-05-01_2023-06-01.dbn.zst: bought for $0.107264 · session $39.4744
[2026-10-03 10:34:52 PDT] GC range=2023-06-01_2023-07-01.dbn.zst: bought for $0.109553 · session $39.8722
[2026-10-03 10:35:00 PDT] GC range=2023-07-01_2023-08-01.dbn.zst: bought for $0.103361 · session $39.9756
[2026-10-03 10:35:54 PDT] GC range=2023-08-01_2023-09-01.dbn.zst: bought for $0.115179 · session $40.8668
[2026-10-03 10:36:19 PDT] GC range=2023-09-01_2023-10-01.dbn.zst: bought for $0.103978 · session $41.2819
[2026-10-03 10:36:27 PDT] GC range=2023-10-01_2023-11-01.dbn.zst: bought for $0.110944 · session $41.5576
[2026-10-03 10:36:41 PDT] GC range=2023-11-01_2023-12-01.dbn.zst: bought for $0.106975 · session $41.9276
[2026-10-03 10:36:59 PDT] GC range=2023-12-01_2024-01-01.dbn.zst: bought for $0.100426 · session $42.1632
[2026-10-03 10:37:13 PDT] GC range=2024-01-01_2024-02-01.dbn.zst: bought for $0.107603 · session $42.4090
[2026-10-03 10:37:49 PDT] GC range=2024-02-01_2024-03-01.dbn.zst: bought for $0.104934 · session $43.2163
[2026-10-03 10:38:00 PDT] 6E range=2019-05-01_2019-06-01.dbn.zst: bought for $0.111367 · session $43.5862
[2026-10-03 10:38:10 PDT] 6E range=2019-06-01_2019-07-01.dbn.zst: bought for $0.097746 · session $44.0167
[2026-10-03 10:38:19 PDT] 6E range=2019-07-01_2019-08-01.dbn.zst: bought for $0.111440 · session $44.2966
[2026-10-03 10:38:28 PDT] 6E range=2019-08-01_2019-09-01.dbn.zst: bought for $0.108125 · session $44.4790
[2026-10-03 10:38:47 PDT] 6E range=2019-09-01_2019-10-01.dbn.zst: bought for $0.101554 · session $44.8896
[2026-10-03 10:38:56 PDT] 6E range=2019-10-01_2019-11-01.dbn.zst: bought for $0.112010 · session $45.2493
[2026-10-03 10:39:12 PDT] 6E range=2019-11-01_2019-12-01.dbn.zst: bought for $0.098900 · session $45.6747
[2026-10-03 10:39:26 PDT] 6E range=2019-12-01_2020-01-01.dbn.zst: bought for $0.099232 · session $45.9278
[2026-10-03 10:39:42 PDT] 6E range=2020-01-01_2020-02-01.dbn.zst: bought for $0.105307 · session $46.1042
[2026-10-03 10:39:58 PDT] 6E range=2020-02-01_2020-03-01.dbn.zst: bought for $0.096786 · session $46.4508
[2026-10-03 10:40:07 PDT] 6E range=2020-03-01_2020-04-01.dbn.zst: bought for $0.109808 · session $46.7088
[2026-10-03 10:40:29 PDT] 6E range=2020-04-01_2020-05-01.dbn.zst: bought for $0.104449 · session $46.9706
[2026-10-03 10:41:17 PDT] 6E range=2020-05-01_2020-06-01.dbn.zst: bought for $0.102813 · session $47.7410
[2026-10-03 10:41:27 PDT] 6E range=2020-06-01_2020-07-01.dbn.zst: bought for $0.108494 · session $48.0639
[2026-10-03 10:41:35 PDT] 6E range=2020-07-01_2020-08-01.dbn.zst: bought for $0.113313 · session $48.3935
[2026-10-03 10:41:44 PDT] 6E range=2020-08-01_2020-09-01.dbn.zst: bought for $0.105449 · session $48.5981
[2026-10-03 10:41:51 PDT] 6E range=2020-09-01_2020-10-01.dbn.zst: bought for $0.107523 · session $48.7783
[2026-10-03 10:42:09 PDT] 6E range=2020-10-01_2020-11-01.dbn.zst: bought for $0.108885 · session $49.4147
[2026-10-03 10:42:18 PDT] 6E range=2020-11-01_2020-12-01.dbn.zst: bought for $0.103157 · session $49.6914
[2026-10-03 10:42:26 PDT] 6E range=2020-12-01_2021-01-01.dbn.zst: bought for $0.107581 · session $49.9696
[2026-10-03 10:42:48 PDT] 6E range=2021-01-01_2021-02-01.dbn.zst: bought for $0.099247 · session $50.3228
[2026-10-03 10:42:57 PDT] 6E range=2021-02-01_2021-03-01.dbn.zst: bought for $0.098746 · session $50.5576
[2026-10-03 10:43:07 PDT] 6E range=2021-03-01_2021-04-01.dbn.zst: bought for $0.113145 · session $50.8298
[2026-10-03 10:43:16 PDT] 6E range=2021-04-01_2021-05-01.dbn.zst: bought for $0.106614 · session $51.1770
[2026-10-03 10:43:27 PDT] 6E range=2021-05-01_2021-06-01.dbn.zst: bought for $0.102857 · session $51.5090
[2026-10-03 10:43:38 PDT] 6E range=2021-06-01_2021-07-01.dbn.zst: bought for $0.106121 · session $51.9149
[2026-10-03 10:43:50 PDT] 6E range=2021-07-01_2021-08-01.dbn.zst: bought for $0.106705 · session $52.2829
[2026-10-03 10:44:19 PDT] 6E range=2021-08-01_2021-09-01.dbn.zst: bought for $0.106935 · session $52.8104
[2026-10-03 10:44:35 PDT] 6E range=2021-09-01_2021-10-01.dbn.zst: bought for $0.104529 · session $53.0995
[2026-10-03 10:44:47 PDT] 6E range=2021-10-01_2021-11-01.dbn.zst: bought for $0.102930 · session $53.3623
[2026-10-03 10:44:56 PDT] 6E range=2021-11-01_2021-12-01.dbn.zst: bought for $0.106807 · session $53.5371
[2026-10-03 10:45:39 PDT] 6E range=2021-12-01_2022-01-01.dbn.zst: bought for $0.105672 · session $54.4356
[2026-10-03 10:45:46 PDT] 6E range=2022-01-01_2022-02-01.dbn.zst: bought for $0.103328 · session $54.6172
[2026-10-03 10:46:13 PDT] 6E range=2022-02-01_2022-03-01.dbn.zst: bought for $0.099071 · session $55.3634
[2026-10-03 10:46:23 PDT] 6E range=2022-03-01_2022-04-01.dbn.zst: bought for $0.113747 · session $55.6639
[2026-10-03 10:46:34 PDT] 6E range=2022-04-01_2022-05-01.dbn.zst: bought for $0.099028 · session $55.9285
[2026-10-03 10:46:43 PDT] 6E range=2022-05-01_2022-06-01.dbn.zst: bought for $0.109618 · session $56.2419
[2026-10-03 10:46:56 PDT] 6E range=2022-06-01_2022-07-01.dbn.zst: bought for $0.108129 · session $56.7124
[2026-10-03 10:48:35 PDT] 6E range=2022-07-01_2022-08-01.dbn.zst: bought for $0.104715 · session $58.7484
[2026-10-03 10:48:43 PDT] 6E range=2022-08-01_2022-09-01.dbn.zst: bought for $0.114609 · session $59.0540
[2026-10-03 10:48:53 PDT] 6E range=2022-09-01_2022-10-01.dbn.zst: bought for $0.108505 · session $59.2583
[2026-10-03 10:49:13 PDT] 6E range=2022-10-01_2022-11-01.dbn.zst: bought for $0.105610 · session $59.8748
[2026-10-03 10:49:27 PDT] 6E range=2022-11-01_2022-12-01.dbn.zst: bought for $0.109162 · session $60.3800
[2026-10-03 10:49:39 PDT] 6E range=2022-12-01_2023-01-01.dbn.zst: bought for $0.103949 · session $60.6679
[2026-10-03 10:49:46 PDT] 6E range=2023-01-01_2023-02-01.dbn.zst: bought for $0.105172 · session $60.8627
[2026-10-03 10:49:56 PDT] 6E range=2023-02-01_2023-03-01.dbn.zst: bought for $0.099458 · session $61.2451
[2026-10-03 10:50:13 PDT] 6E range=2023-03-01_2023-04-01.dbn.zst: bought for $0.113368 · session $61.6649
[2026-10-03 10:50:25 PDT] 6E range=2023-04-01_2023-05-01.dbn.zst: bought for $0.097337 · session $62.1387
[2026-10-03 10:50:32 PDT] 6E range=2023-05-01_2023-06-01.dbn.zst: bought for $0.113266 · session $62.3611
[2026-10-03 10:50:41 PDT] 6E range=2023-06-01_2023-07-01.dbn.zst: bought for $0.103175 · session $62.6612
[2026-10-03 10:51:03 PDT] 6E range=2023-07-01_2023-08-01.dbn.zst: bought for $0.104376 · session $63.2508
[2026-10-03 10:51:14 PDT] 6E range=2023-08-01_2023-09-01.dbn.zst: bought for $0.113580 · session $63.5548
[2026-10-03 10:51:29 PDT] 6E range=2023-09-01_2023-10-01.dbn.zst: bought for $0.101138 · session $63.9593
[2026-10-03 10:51:41 PDT] 6E range=2023-10-01_2023-11-01.dbn.zst: bought for $0.109702 · session $64.3543
[2026-10-03 10:51:50 PDT] 6E range=2023-11-01_2023-12-01.dbn.zst: bought for $0.108001 · session $64.6650
[2026-10-03 10:51:59 PDT] 6E range=2023-12-01_2024-01-01.dbn.zst: bought for $0.098224 · session $64.9560
[2026-10-03 10:52:09 PDT] 6E range=2024-01-01_2024-02-01.dbn.zst: bought for $0.109505 · session $65.2510
[2026-10-03 10:52:30 PDT] 6E range=2024-02-01_2024-03-01.dbn.zst: bought for $0.103514 · session $65.7498
[2026-10-03 10:52:57 PDT] ZL range=2019-05-01_2019-06-01.dbn.zst: bought for $0.066747 · session $66.4220
[2026-10-03 10:53:10 PDT] ZL range=2019-06-01_2019-07-01.dbn.zst: bought for $0.050585 · session $66.6925
[2026-10-03 10:53:18 PDT] ZL range=2019-07-01_2019-08-01.dbn.zst: bought for $0.059460 · session $66.9416
[2026-10-03 10:53:33 PDT] ZL range=2019-08-01_2019-09-01.dbn.zst: bought for $0.067222 · session $67.2081
[2026-10-03 10:53:41 PDT] ZL range=2019-09-01_2019-10-01.dbn.zst: bought for $0.060139 · session $67.5654
[2026-10-03 10:53:47 PDT] ZL range=2019-10-01_2019-11-01.dbn.zst: bought for $0.068741 · session $67.7428
[2026-10-03 10:54:02 PDT] ZL range=2019-11-01_2019-12-01.dbn.zst: bought for $0.061596 · session $68.0954
[2026-10-03 10:54:13 PDT] ZL range=2019-12-01_2020-01-01.dbn.zst: bought for $0.066302 · session $68.3150
[2026-10-03 10:54:22 PDT] ZL range=2020-01-01_2020-02-01.dbn.zst: bought for $0.071395 · session $68.5856
[2026-10-03 10:54:32 PDT] ZL range=2020-02-01_2020-03-01.dbn.zst: bought for $0.062589 · session $68.7476
[2026-10-03 10:55:04 PDT] ZL range=2020-03-01_2020-04-01.dbn.zst: bought for $0.079868 · session $69.4303
[2026-10-03 10:55:56 PDT] ZL range=2020-04-01_2020-05-01.dbn.zst: bought for $0.069602 · session $70.6597
[2026-10-03 10:56:09 PDT] ZL range=2020-05-01_2020-06-01.dbn.zst: bought for $0.068690 · session $70.9820
[2026-10-03 10:56:19 PDT] ZL range=2020-06-01_2020-07-01.dbn.zst: bought for $0.065882 · session $71.3207
[2026-10-03 10:56:31 PDT] ZL range=2020-07-01_2020-08-01.dbn.zst: bought for $0.075126 · session $71.6040
[2026-10-03 10:56:44 PDT] ZL range=2020-08-01_2020-09-01.dbn.zst: bought for $0.073381 · session $71.9216
[2026-10-03 10:56:53 PDT] ZL range=2020-09-01_2020-10-01.dbn.zst: bought for $0.076254 · session $72.1631
[2026-10-03 10:57:18 PDT] ZL range=2020-10-01_2020-11-01.dbn.zst: bought for $0.080131 · session $72.6623
[2026-10-03 10:57:46 PDT] ZL range=2020-11-01_2020-12-01.dbn.zst: bought for $0.069387 · session $72.9876
[2026-10-03 10:58:00 PDT] ZL range=2020-12-01_2021-01-01.dbn.zst: bought for $0.079039 · session $73.2139
[2026-10-03 10:58:12 PDT] ZL range=2021-01-01_2021-02-01.dbn.zst: bought for $0.071409 · session $73.3943
[2026-10-03 10:58:27 PDT] ZL range=2021-02-01_2021-03-01.dbn.zst: bought for $0.067550 · session $73.6086
[2026-10-03 10:58:40 PDT] ZL range=2021-03-01_2021-04-01.dbn.zst: bought for $0.083559 · session $73.9246
[2026-10-03 10:59:01 PDT] ZL range=2021-04-01_2021-05-01.dbn.zst: bought for $0.072519 · session $74.1487
[2026-10-03 10:59:20 PDT] ZL range=2021-05-01_2021-06-01.dbn.zst: bought for $0.072081 · session $74.4456
[2026-10-03 10:59:31 PDT] ZL range=2021-06-01_2021-07-01.dbn.zst: bought for $0.078185 · session $74.5238
[2026-10-03 10:59:41 PDT] ZL range=2021-07-01_2021-08-01.dbn.zst: bought for $0.071460 · session $74.6534
[2026-10-03 10:59:51 PDT] ZL range=2021-08-01_2021-09-01.dbn.zst: bought for $0.075546 · session $74.8023
[2026-10-03 10:59:58 PDT] ZL range=2021-09-01_2021-10-01.dbn.zst: bought for $0.068763 · session $74.9385
[2026-10-03 11:00:06 PDT] ZL range=2021-10-01_2021-11-01.dbn.zst: bought for $0.069146 · session $75.1012
[2026-10-03 11:00:19 PDT] ZL range=2021-11-01_2021-12-01.dbn.zst: bought for $0.065659 · session $75.2338
[2026-10-03 11:00:30 PDT] ZL range=2021-12-01_2022-01-01.dbn.zst: bought for $0.070701 · session $75.4777
[2026-10-03 11:00:48 PDT] ZL range=2022-01-01_2022-02-01.dbn.zst: bought for $0.064951 · session $75.7474
[2026-10-03 11:00:58 PDT] ZL range=2022-02-01_2022-03-01.dbn.zst: bought for $0.062629 · session $75.9736
[2026-10-03 11:01:08 PDT] ZL range=2022-03-01_2022-04-01.dbn.zst: bought for $0.074115 · session $76.2433
[2026-10-03 11:01:23 PDT] ZL range=2022-04-01_2022-05-01.dbn.zst: bought for $0.064542 · session $76.6737
[2026-10-03 11:01:35 PDT] ZL range=2022-05-01_2022-06-01.dbn.zst: bought for $0.066996 · session $76.8923
[2026-10-03 11:01:50 PDT] ZL range=2022-06-01_2022-07-01.dbn.zst: bought for $0.064228 · session $77.0528
[2026-10-03 11:01:58 PDT] ZL range=2022-07-01_2022-08-01.dbn.zst: bought for $0.065448 · session $77.2792
[2026-10-03 11:02:19 PDT] ZL range=2022-08-01_2022-09-01.dbn.zst: bought for $0.073582 · session $77.7100
[2026-10-03 11:02:41 PDT] ZL range=2022-09-01_2022-10-01.dbn.zst: bought for $0.069617 · session $78.3984
[2026-10-03 11:02:51 PDT] ZL range=2022-10-01_2022-11-01.dbn.zst: bought for $0.069219 · session $78.4676
[2026-10-03 11:03:02 PDT] ZL range=2022-11-01_2022-12-01.dbn.zst: bought for $0.065597 · session $78.7991
[2026-10-03 11:03:17 PDT] ZL range=2022-12-01_2023-01-01.dbn.zst: bought for $0.063849 · session $79.0338
[2026-10-03 11:03:33 PDT] ZL range=2023-01-01_2023-02-01.dbn.zst: bought for $0.059946 · session $79.3681
[2026-10-03 11:03:45 PDT] ZL range=2023-02-01_2023-03-01.dbn.zst: bought for $0.060260 · session $79.6311
[2026-10-03 11:04:01 PDT] ZL range=2023-03-01_2023-04-01.dbn.zst: bought for $0.076900 · session $80.0255
[2026-10-03 11:04:17 PDT] ZL range=2023-04-01_2023-05-01.dbn.zst: bought for $0.060001 · session $80.4364
[2026-10-03 11:04:29 PDT] ZL range=2023-05-01_2023-06-01.dbn.zst: bought for $0.073505 · session $80.7951
[2026-10-03 11:04:41 PDT] ZL range=2023-06-01_2023-07-01.dbn.zst: bought for $0.070340 · session $81.1249
[2026-10-03 11:04:56 PDT] ZL range=2023-07-01_2023-08-01.dbn.zst: bought for $0.064758 · session $81.4431
[2026-10-03 11:05:11 PDT] ZL range=2023-08-01_2023-09-01.dbn.zst: bought for $0.075035 · session $81.8098
[2026-10-03 11:05:22 PDT] ZL range=2023-09-01_2023-10-01.dbn.zst: bought for $0.065148 · session $81.9704
[2026-10-03 11:05:29 PDT] ZL range=2023-10-01_2023-11-01.dbn.zst: bought for $0.072570 · session $82.2433
[2026-10-03 11:05:48 PDT] ZL range=2023-11-01_2023-12-01.dbn.zst: bought for $0.064619 · session $82.6136
[2026-10-03 11:05:55 PDT] ZL range=2023-12-01_2024-01-01.dbn.zst: bought for $0.058978 · session $82.8686
[2026-10-03 11:06:27 PDT] ZL range=2024-01-01_2024-02-01.dbn.zst: bought for $0.063987 · session $83.6230
[2026-10-03 11:06:48 PDT] ZL range=2024-02-01_2024-03-01.dbn.zst: bought for $0.061753 · session $83.9685
/home/kiros-li/Documents/GitHub/PropExperiment/data/pull_universe.py:590: BentoWarning: No data found for the request you submitted.
  client.timeseries.get_range(**params.as_kwargs(), path=partial)
[2026-10-03 11:06:56 PDT] MBT range=2021-04-01_2021-05-01.dbn.zst: bought for $0.000000 · session $84.2393
[2026-10-03 11:07:04 PDT] MBT range=2021-05-01_2021-06-01.dbn.zst: bought for $0.071329 · session $84.3794
[2026-10-03 11:07:16 PDT] MBT range=2021-06-01_2021-07-01.dbn.zst: bought for $0.068496 · session $84.6549
[2026-10-03 11:07:29 PDT] MBT range=2021-07-01_2021-08-01.dbn.zst: bought for $0.057953 · session $84.9469
[2026-10-03 11:07:51 PDT] MBT range=2021-08-01_2021-09-01.dbn.zst: bought for $0.060307 · session $85.3760
[2026-10-03 11:08:00 PDT] MBT range=2021-09-01_2021-10-01.dbn.zst: bought for $0.062699 · session $85.4977
[2026-10-03 11:08:25 PDT] MBT range=2021-10-01_2021-11-01.dbn.zst: bought for $0.074184 · session $86.2108
[2026-10-03 11:08:41 PDT] MBT range=2021-11-01_2021-12-01.dbn.zst: bought for $0.076772 · session $86.4813
[2026-10-03 11:08:51 PDT] MBT range=2021-12-01_2022-01-01.dbn.zst: bought for $0.068211 · session $86.8132
[2026-10-03 11:08:59 PDT] MBT range=2022-01-01_2022-02-01.dbn.zst: bought for $0.064108 · session $87.0381
[2026-10-03 11:09:14 PDT] MBT range=2022-02-01_2022-03-01.dbn.zst: bought for $0.062231 · session $87.2074
[2026-10-03 11:09:26 PDT] MBT range=2022-03-01_2022-04-01.dbn.zst: bought for $0.069942 · session $87.4782
[2026-10-03 11:09:41 PDT] MBT range=2022-04-01_2022-05-01.dbn.zst: bought for $0.055649 · session $87.9742
[2026-10-03 11:10:04 PDT] MBT range=2022-05-01_2022-06-01.dbn.zst: bought for $0.064761 · session $88.2757
[2026-10-03 11:10:14 PDT] MBT range=2022-06-01_2022-07-01.dbn.zst: bought for $0.059574 · session $88.4408
[2026-10-03 11:10:30 PDT] MBT range=2022-07-01_2022-08-01.dbn.zst: bought for $0.049315 · session $88.9116
[2026-10-03 11:10:43 PDT] MBT range=2022-08-01_2022-09-01.dbn.zst: bought for $0.047807 · session $88.9594
[2026-10-03 11:10:54 PDT] MBT range=2022-09-01_2022-10-01.dbn.zst: bought for $0.047551 · session $89.2784
[2026-10-03 11:11:07 PDT] MBT range=2022-10-01_2022-11-01.dbn.zst: bought for $0.042353 · session $89.6862
[2026-10-03 11:11:19 PDT] MBT range=2022-11-01_2022-12-01.dbn.zst: bought for $0.051363 · session $90.0495
[2026-10-03 11:11:31 PDT] MBT range=2022-12-01_2023-01-01.dbn.zst: bought for $0.031243 · session $90.2450
[2026-10-03 11:11:38 PDT] MBT range=2023-01-01_2023-02-01.dbn.zst: bought for $0.037921 · session $90.4979
[2026-10-03 11:11:52 PDT] MBT range=2023-02-01_2023-03-01.dbn.zst: bought for $0.042787 · session $90.8770
[2026-10-03 11:12:03 PDT] MBT range=2023-03-01_2023-04-01.dbn.zst: bought for $0.057865 · session $91.2085
[2026-10-03 11:12:10 PDT] MBT range=2023-04-01_2023-05-01.dbn.zst: bought for $0.049286 · session $91.5237
[2026-10-03 11:12:25 PDT] MBT range=2023-05-01_2023-06-01.dbn.zst: bought for $0.057807 · session $91.8573
[2026-10-03 11:12:35 PDT] MBT range=2023-06-01_2023-07-01.dbn.zst: bought for $0.051856 · session $92.1777
[2026-10-03 11:12:48 PDT] MBT range=2023-07-01_2023-08-01.dbn.zst: bought for $0.047584 · session $92.4786
[2026-10-03 11:13:08 PDT] MBT range=2023-08-01_2023-09-01.dbn.zst: bought for $0.037994 · session $92.9780
[2026-10-03 11:13:20 PDT] MBT range=2023-09-01_2023-10-01.dbn.zst: bought for $0.031933 · session $93.2859
[2026-10-03 11:13:30 PDT] MBT range=2023-10-01_2023-11-01.dbn.zst: bought for $0.043660 · session $93.5261
[2026-10-03 11:13:41 PDT] MBT range=2023-11-01_2023-12-01.dbn.zst: bought for $0.052736 · session $93.7547
[2026-10-03 11:13:52 PDT] MBT range=2023-12-01_2024-01-01.dbn.zst: bought for $0.059285 · session $93.9766
[2026-10-03 11:14:05 PDT] MBT range=2024-01-01_2024-02-01.dbn.zst: bought for $0.069540 · session $94.1199
[2026-10-03 11:14:13 PDT] MBT range=2024-02-01_2024-03-01.dbn.zst: bought for $0.070606 · session $94.3546
[2026-10-03 11:14:20 PDT] LE range=2019-05-01_2019-06-01.dbn.zst: bought for $0.022047 · session $94.4773
[2026-10-03 11:14:31 PDT] LE range=2019-06-01_2019-07-01.dbn.zst: bought for $0.020054 · session $94.6026
[2026-10-03 11:14:38 PDT] LE range=2019-07-01_2019-08-01.dbn.zst: bought for $0.021719 · session $94.7868
[2026-10-03 11:14:49 PDT] LE range=2019-08-01_2019-09-01.dbn.zst: bought for $0.021233 · session $95.0123
[2026-10-03 11:15:01 PDT] LE range=2019-09-01_2019-10-01.dbn.zst: bought for $0.019984 · session $95.2054
[2026-10-03 11:15:11 PDT] LE range=2019-10-01_2019-11-01.dbn.zst: bought for $0.023022 · session $95.4313
[2026-10-03 11:15:24 PDT] LE range=2019-11-01_2019-12-01.dbn.zst: bought for $0.019798 · session $95.5196
[2026-10-03 11:15:35 PDT] LE range=2019-12-01_2020-01-01.dbn.zst: bought for $0.020696 · session $95.6115
[2026-10-03 11:15:45 PDT] LE range=2020-01-01_2020-02-01.dbn.zst: bought for $0.020817 · session $95.8271
[2026-10-03 11:15:54 PDT] LE range=2020-02-01_2020-03-01.dbn.zst: bought for $0.018630 · session $96.1029
[2026-10-03 11:16:07 PDT] LE range=2020-03-01_2020-04-01.dbn.zst: bought for $0.019145 · session $96.3868
[2026-10-03 11:16:26 PDT] LE range=2020-04-01_2020-05-01.dbn.zst: bought for $0.019251 · session $96.6509
[2026-10-03 11:16:45 PDT] LE range=2020-05-01_2020-06-01.dbn.zst: bought for $0.019375 · session $97.0752
[2026-10-03 11:17:05 PDT] LE range=2020-06-01_2020-07-01.dbn.zst: bought for $0.021945 · session $97.5998
[2026-10-03 11:17:19 PDT] LE range=2020-07-01_2020-08-01.dbn.zst: bought for $0.021821 · session $97.7255
[2026-10-03 11:17:27 PDT] LE range=2020-08-01_2020-09-01.dbn.zst: bought for $0.020999 · session $97.8586
[2026-10-03 11:17:39 PDT] LE range=2020-09-01_2020-10-01.dbn.zst: bought for $0.021010 · session $97.8796
[2026-10-03 11:18:02 PDT] LE range=2020-10-01_2020-11-01.dbn.zst: bought for $0.022051 · session $98.2646
[2026-10-03 11:18:41 PDT] LE range=2020-11-01_2020-12-01.dbn.zst: bought for $0.019816 · session $98.8822
[2026-10-03 11:18:56 PDT] LE range=2020-12-01_2021-01-01.dbn.zst: bought for $0.021708 · session $99.3240
[2026-10-03 11:19:06 PDT] LE range=2021-01-01_2021-02-01.dbn.zst: bought for $0.018999 · session $99.4394
[2026-10-03 11:19:17 PDT] LE range=2021-02-01_2021-03-01.dbn.zst: bought for $0.019010 · session $99.8509
[2026-10-03 11:19:32 PDT] LE range=2021-03-01_2021-04-01.dbn.zst: bought for $0.023007 · session $100.0005
[2026-10-03 11:19:39 PDT] LE range=2021-04-01_2021-05-01.dbn.zst: bought for $0.021047 · session $100.1257
[2026-10-03 11:19:50 PDT] LE range=2021-05-01_2021-06-01.dbn.zst: bought for $0.019970 · session $100.2503
[2026-10-03 11:19:57 PDT] LE range=2021-06-01_2021-07-01.dbn.zst: bought for $0.021996 · session $100.5325
[2026-10-03 11:20:09 PDT] LE range=2021-07-01_2021-08-01.dbn.zst: bought for $0.020970 · session $100.7506
[2026-10-03 11:20:34 PDT] LE range=2021-08-01_2021-09-01.dbn.zst: bought for $0.022007 · session $101.2568
[2026-10-03 11:20:41 PDT] LE range=2021-09-01_2021-10-01.dbn.zst: bought for $0.020985 · session $101.3804
[2026-10-03 11:20:54 PDT] LE range=2021-10-01_2021-11-01.dbn.zst: bought for $0.020945 · session $101.6552
[2026-10-03 11:21:03 PDT] LE range=2021-11-01_2021-12-01.dbn.zst: bought for $0.020674 · session $101.7829
[2026-10-03 11:21:21 PDT] LE range=2021-12-01_2022-01-01.dbn.zst: bought for $0.021854 · session $102.0661
[2026-10-03 11:21:30 PDT] LE range=2022-01-01_2022-02-01.dbn.zst: bought for $0.019948 · session $102.4164
[2026-10-03 11:21:40 PDT] LE range=2022-02-01_2022-03-01.dbn.zst: bought for $0.018973 · session $102.6279
[2026-10-03 11:21:54 PDT] LE range=2022-03-01_2022-04-01.dbn.zst: bought for $0.022956 · session $102.9070
[2026-10-03 11:22:06 PDT] LE range=2022-04-01_2022-05-01.dbn.zst: bought for $0.020006 · session $103.0387
[2026-10-03 11:22:19 PDT] LE range=2022-05-01_2022-06-01.dbn.zst: bought for $0.021003 · session $103.3253
[2026-10-03 11:22:29 PDT] LE range=2022-06-01_2022-07-01.dbn.zst: bought for $0.021036 · session $103.7231
[2026-10-03 11:22:40 PDT] LE range=2022-07-01_2022-08-01.dbn.zst: bought for $0.019864 · session $103.8327
[2026-10-03 11:22:55 PDT] LE range=2022-08-01_2022-09-01.dbn.zst: bought for $0.022909 · session $104.2217
[2026-10-03 11:23:06 PDT] LE range=2022-09-01_2022-10-01.dbn.zst: bought for $0.020857 · session $104.4618
[2026-10-03 11:23:17 PDT] LE range=2022-10-01_2022-11-01.dbn.zst: bought for $0.020908 · session $104.7437
[2026-10-03 11:24:31 PDT] LE range=2022-11-01_2022-12-01.dbn.zst: bought for $0.020729 · session $105.9498
[2026-10-03 11:24:39 PDT] LE range=2022-12-01_2023-01-01.dbn.zst: bought for $0.020952 · session $106.1848
[2026-10-03 11:24:48 PDT] LE range=2023-01-01_2023-02-01.dbn.zst: bought for $0.019941 · session $106.3021
[2026-10-03 11:25:09 PDT] LE range=2023-02-01_2023-03-01.dbn.zst: bought for $0.018977 · session $106.8069
[2026-10-03 11:25:24 PDT] LE range=2023-03-01_2023-04-01.dbn.zst: bought for $0.022945 · session $107.0286
[2026-10-03 11:25:51 PDT] LE range=2023-04-01_2023-05-01.dbn.zst: bought for $0.018999 · session $107.4335
[2026-10-03 11:26:01 PDT] LE range=2023-05-01_2023-06-01.dbn.zst: bought for $0.021959 · session $107.6682
[2026-10-03 11:26:20 PDT] LE range=2023-06-01_2023-07-01.dbn.zst: bought for $0.021058 · session $108.1730
[2026-10-03 11:26:32 PDT] LE range=2023-07-01_2023-08-01.dbn.zst: bought for $0.020021 · session $108.5080
[2026-10-03 11:26:43 PDT] LE range=2023-08-01_2023-09-01.dbn.zst: bought for $0.022996 · session $108.7367
[2026-10-03 11:27:27 PDT] LE range=2023-09-01_2023-10-01.dbn.zst: bought for $0.019995 · session $109.4575
[2026-10-03 11:27:35 PDT] LE range=2023-10-01_2023-11-01.dbn.zst: bought for $0.022058 · session $109.5800
[2026-10-03 11:27:46 PDT] LE range=2023-11-01_2023-12-01.dbn.zst: bought for $0.020857 · session $109.8936
[2026-10-03 11:27:58 PDT] LE range=2023-12-01_2024-01-01.dbn.zst: bought for $0.020054 · session $110.2133
[2026-10-03 11:28:13 PDT] LE range=2024-01-01_2024-02-01.dbn.zst: bought for $0.021036 · session $110.6990
[2026-10-03 11:28:24 PDT] LE range=2024-02-01_2024-03-01.dbn.zst: bought for $0.020050 · session $111.0003
[2026-10-03 11:28:33 PDT] HE range=2019-05-01_2019-06-01.dbn.zst: bought for $0.020872 · session $111.1957
[2026-10-03 11:28:45 PDT] HE range=2019-06-01_2019-07-01.dbn.zst: bought for $0.019565 · session $111.4978
[2026-10-03 11:28:53 PDT] HE range=2019-07-01_2019-08-01.dbn.zst: bought for $0.021357 · session $111.6165
[2026-10-03 11:29:02 PDT] HE range=2019-08-01_2019-09-01.dbn.zst: bought for $0.021912 · session $111.9258
[2026-10-03 11:29:09 PDT] HE range=2019-09-01_2019-10-01.dbn.zst: bought for $0.019258 · session $112.0441
[2026-10-03 11:29:25 PDT] HE range=2019-10-01_2019-11-01.dbn.zst: bought for $0.022905 · session $112.5087
[2026-10-03 11:29:36 PDT] HE range=2019-11-01_2019-12-01.dbn.zst: bought for $0.019849 · session $112.6314
[2026-10-03 11:29:44 PDT] HE range=2019-12-01_2020-01-01.dbn.zst: bought for $0.020755 · session $112.9259
[2026-10-03 11:30:03 PDT] HE range=2020-01-01_2020-02-01.dbn.zst: bought for $0.020674 · session $113.4272
[2026-10-03 11:30:11 PDT] HE range=2020-02-01_2020-03-01.dbn.zst: bought for $0.018579 · session $113.5475
[2026-10-03 11:30:18 PDT] HE range=2020-03-01_2020-04-01.dbn.zst: bought for $0.020225 · session $113.5677
[2026-10-03 11:30:30 PDT] HE range=2020-04-01_2020-05-01.dbn.zst: bought for $0.016929 · session $113.8700
[2026-10-03 11:30:43 PDT] HE range=2020-05-01_2020-06-01.dbn.zst: bought for $0.019565 · session $113.9717
[2026-10-03 11:30:52 PDT] HE range=2020-06-01_2020-07-01.dbn.zst: bought for $0.021802 · session $114.0893
[2026-10-03 11:31:15 PDT] HE range=2020-07-01_2020-08-01.dbn.zst: bought for $0.021536 · session $114.5855
[2026-10-03 11:31:25 PDT] HE range=2020-08-01_2020-09-01.dbn.zst: bought for $0.020839 · session $114.8921
[2026-10-03 11:31:50 PDT] HE range=2020-09-01_2020-10-01.dbn.zst: bought for $0.020207 · session $115.2890
[2026-10-03 11:32:01 PDT] HE range=2020-10-01_2020-11-01.dbn.zst: bought for $0.021952 · session $115.4126
[2026-10-03 11:32:09 PDT] HE range=2020-11-01_2020-12-01.dbn.zst: bought for $0.019703 · session $115.6061
[2026-10-03 11:32:17 PDT] HE range=2020-12-01_2021-01-01.dbn.zst: bought for $0.021602 · session $115.9264
[2026-10-03 11:32:43 PDT] HE range=2021-01-01_2021-02-01.dbn.zst: bought for $0.018893 · session $116.3290
[2026-10-03 11:32:57 PDT] HE range=2021-02-01_2021-03-01.dbn.zst: bought for $0.018875 · session $116.6413
[2026-10-03 11:33:16 PDT] HE range=2021-03-01_2021-04-01.dbn.zst: bought for $0.022909 · session $116.9599
[2026-10-03 11:33:34 PDT] HE range=2021-04-01_2021-05-01.dbn.zst: bought for $0.020426 · session $117.5270
[2026-10-03 11:34:18 PDT] HE range=2021-05-01_2021-06-01.dbn.zst: bought for $0.019879 · session $118.5116
[2026-10-03 11:34:27 PDT] HE range=2021-06-01_2021-07-01.dbn.zst: bought for $0.021142 · session $118.6142
[2026-10-03 11:34:38 PDT] HE range=2021-07-01_2021-08-01.dbn.zst: bought for $0.020861 · session $118.8448
[2026-10-03 11:34:49 PDT] HE range=2021-08-01_2021-09-01.dbn.zst: bought for $0.021222 · session $119.0447
[2026-10-03 11:35:03 PDT] HE range=2021-09-01_2021-10-01.dbn.zst: bought for $0.020671 · session $119.3593
[2026-10-03 11:35:16 PDT] HE range=2021-10-01_2021-11-01.dbn.zst: bought for $0.020773 · session $119.7246
[2026-10-03 11:35:32 PDT] HE range=2021-11-01_2021-12-01.dbn.zst: bought for $0.020590 · session $120.0290
[2026-10-03 11:35:41 PDT] HE range=2021-12-01_2022-01-01.dbn.zst: bought for $0.021876 · session $120.2490
[2026-10-03 11:35:52 PDT] HE range=2022-01-01_2022-02-01.dbn.zst: bought for $0.019897 · session $120.3691
[2026-10-03 11:36:01 PDT] HE range=2022-02-01_2022-03-01.dbn.zst: bought for $0.018995 · session $120.4780
[2026-10-03 11:36:13 PDT] HE range=2022-03-01_2022-04-01.dbn.zst: bought for $0.022858 · session $120.7802
[2026-10-03 11:36:28 PDT] HE range=2022-04-01_2022-05-01.dbn.zst: bought for $0.019638 · session $121.0898
[2026-10-03 11:36:40 PDT] HE range=2022-05-01_2022-06-01.dbn.zst: bought for $0.020948 · session $121.2124
[2026-10-03 11:36:51 PDT] HE range=2022-06-01_2022-07-01.dbn.zst: bought for $0.020846 · session $121.4224
[2026-10-03 11:37:03 PDT] HE range=2022-07-01_2022-08-01.dbn.zst: bought for $0.019922 · session $121.5333
[2026-10-03 11:37:21 PDT] HE range=2022-08-01_2022-09-01.dbn.zst: bought for $0.022978 · session $121.9423
[2026-10-03 11:37:35 PDT] HE range=2022-09-01_2022-10-01.dbn.zst: bought for $0.020963 · session $122.2615
[2026-10-03 11:37:42 PDT] HE range=2022-10-01_2022-11-01.dbn.zst: bought for $0.020908 · session $122.2824
[2026-10-03 11:37:56 PDT] HE range=2022-11-01_2022-12-01.dbn.zst: bought for $0.020510 · session $122.3949
[2026-10-03 11:38:11 PDT] HE range=2022-12-01_2023-01-01.dbn.zst: bought for $0.020934 · session $122.4966
[2026-10-03 11:38:51 PDT] HE range=2023-01-01_2023-02-01.dbn.zst: bought for $0.020003 · session $123.0954
[2026-10-03 11:39:14 PDT] HE range=2023-02-01_2023-03-01.dbn.zst: bought for $0.018991 · session $123.3104
[2026-10-03 11:39:22 PDT] HE range=2023-03-01_2023-04-01.dbn.zst: bought for $0.023036 · session $123.4142
[2026-10-03 11:39:32 PDT] HE range=2023-04-01_2023-05-01.dbn.zst: bought for $0.018940 · session $123.5362
[2026-10-03 11:40:13 PDT] HE range=2023-05-01_2023-06-01.dbn.zst: bought for $0.021697 · session $123.8646
[2026-10-03 11:40:23 PDT] HE range=2023-06-01_2023-07-01.dbn.zst: bought for $0.021029 · session $124.0784
[2026-10-03 11:40:34 PDT] HE range=2023-07-01_2023-08-01.dbn.zst: bought for $0.019948 · session $124.2789
[2026-10-03 11:40:45 PDT] HE range=2023-08-01_2023-09-01.dbn.zst: bought for $0.023004 · session $124.5041
[2026-10-03 11:40:56 PDT] HE range=2023-09-01_2023-10-01.dbn.zst: bought for $0.019670 · session $124.7162
[2026-10-03 11:41:13 PDT] HE range=2023-10-01_2023-11-01.dbn.zst: bought for $0.022000 · session $124.9305
[2026-10-03 11:41:20 PDT] HE range=2023-11-01_2023-12-01.dbn.zst: bought for $0.020766 · session $124.9512
[2026-10-03 11:41:37 PDT] HE range=2023-12-01_2024-01-01.dbn.zst: bought for $0.019915 · session $125.1587
[2026-10-03 11:41:45 PDT] HE range=2024-01-01_2024-02-01.dbn.zst: bought for $0.021025 · session $125.3689
[2026-10-03 11:42:03 PDT] HE range=2024-02-01_2024-03-01.dbn.zst: bought for $0.020003 · session $125.5837
[2026-10-03 11:42:04 PDT] buy finished: 383 chunks · harness 452c4a51ebfae33f6f18822c9b754634f1ce3ab879b88abe416633c75965a426 · stage-E.12-2026-10-03: account acct-1 (cap $120.00, spent $118.3900) · session cap $137.73 (spent $125.5837) · request cap $3.00
rc 0
