Gate 0 verdict FAIL (0 passing pairs; |A| 192, |B| 81)
report /home/kiros-li/Documents/GitHub/PropExperiment/reports/stage_e12_gate0.json sha256 c0af61c2f7c94ac188d4eaedcfb9d8b224947fa299e82aeea058769d99414806
markdown /home/kiros-li/Documents/GitHub/PropExperiment/reports/stage_e12_gate0.md sha256 363c56765290b5941eb5fba255a7f1485130b0427958c21b6cab536789c0fea9
ledger unchanged by the run: True
	Command being timed: "nice -n 10 uv run python -m ml_route_v2.phase1 run --harness-sha256 7fd757f6d7c3990c2d20756c501f68b0541aa89851dcca9236badabd4f4a9bd9 --freeze-sha256 a647cd06c8f71f9549c0afa1c740bc32bad05e8f83ed57c87642a1586a0cad5b --expected-list-sha256 53e7ef576feba9959360b52a633b793175bce98d62a839fefa0f41baf19fa8ea"
	User time (seconds): 33.64
	System time (seconds): 0.91
	Percent of CPU this job got: 267%
	Elapsed (wall clock) time (h:mm:ss or m:ss): 0:12.91
	Average shared text size (kbytes): 0
	Average unshared data size (kbytes): 0
	Average stack size (kbytes): 0
	Average total size (kbytes): 0
	Maximum resident set size (kbytes): 827004
	Average resident set size (kbytes): 0
	Major (requiring I/O) page faults: 0
	Minor (reclaiming a frame) page faults: 141689
	Voluntary context switches: 268
	Involuntary context switches: 265
	Swaps: 0
	File system inputs: 72
	File system outputs: 16232
	Socket messages sent: 0
	Socket messages received: 0
	Signals delivered: 0
	Page size (bytes): 4096
	Exit status: 0
rc 0
