vehicles 28 (ranking subset 28, no step 2 store [], empty window [])
MES store: refused, every signal reading MES excluded (MES store refused: TradeDateMismatch: step2 bars ohlcv-1m_MES_v_0_2019-05-01_2024-02-29_confirmation.parquet: 3 MES rows labelled with a trade date other than their equity-calendar booking (first: label 2020-03-30, booked 2020-03-31))
  6A: S_X 2019-05-06, 1248 trade dates, 1647045 bars, 57 roll-blackout dates, 5 degraded dates
  6B: S_X 2019-05-06, 1248 trade dates, 1591016 bars, 57 roll-blackout dates, 5 degraded dates
  6C: S_X 2019-05-06, 1248 trade dates, 1580511 bars, 57 roll-blackout dates, 5 degraded dates
  6E: S_X 2019-05-06, 1248 trade dates, 1676118 bars, 57 roll-blackout dates, 5 degraded dates
  6J: S_X 2019-05-06, 1248 trade dates, 1665215 bars, 57 roll-blackout dates, 5 degraded dates
  6N: S_X 2019-05-06, 1248 trade dates, 1467135 bars, 57 roll-blackout dates, 5 degraded dates
  6S: S_X 2019-05-06, 1248 trade dates, 1366088 bars, 57 roll-blackout dates, 5 degraded dates
  CL: S_X 2019-05-06, 1246 trade dates, 1693070 bars, 174 roll-blackout dates, 5 degraded dates
  GC: S_X 2019-05-06, 1246 trade dates, 1684809 bars, 72 roll-blackout dates, 5 degraded dates
  HE: S_X 2019-05-06, 1214 trade dates, 327282 bars, 110 roll-blackout dates, 5 degraded dates
  HG: S_X 2019-05-06, 1246 trade dates, 1636682 bars, 72 roll-blackout dates, 5 degraded dates
  LE: S_X 2019-05-06, 1214 trade dates, 329973 bars, 105 roll-blackout dates, 5 degraded dates
  MBT: S_X 2024-01-02, 41 trade dates, 38334 bars, 7 roll-blackout dates, 0 degraded dates
  NG: S_X 2019-05-06, 1246 trade dates, 1535207 bars, 176 roll-blackout dates, 5 degraded dates
  NQ: S_X 2019-05-06, 1248 trade dates, 1701147 bars, 57 roll-blackout dates, 5 degraded dates
  RTY: S_X 2019-05-06, 1248 trade dates, 1642312 bars, 57 roll-blackout dates, 5 degraded dates
  TN: S_X 2019-05-06, 1248 trade dates, 1471550 bars, 57 roll-blackout dates, 5 degraded dates
  UB: S_X 2019-05-06, 1248 trade dates, 1537341 bars, 57 roll-blackout dates, 5 degraded dates
  YM: S_X 2019-05-06, 1248 trade dates, 1692965 bars, 57 roll-blackout dates, 5 degraded dates
  ZB: S_X 2019-05-06, 1248 trade dates, 1532346 bars, 57 roll-blackout dates, 5 degraded dates
  ZC: S_X 2019-05-06, 1214 trade dates, 1059947 bars, 84 roll-blackout dates, 5 degraded dates
  ZF: S_X 2020-10-01, 883 trade dates, 1117354 bars, 39 roll-blackout dates, 0 degraded dates
  ZL: S_X 2019-05-06, 1214 trade dates, 1085571 bars, 85 roll-blackout dates, 5 degraded dates
  ZM: S_X 2019-05-06, 1214 trade dates, 975302 bars, 108 roll-blackout dates, 5 degraded dates
  ZN: S_X 2019-05-06, 1248 trade dates, 1619405 bars, 60 roll-blackout dates, 5 degraded dates
  ZS: S_X 2019-05-06, 1214 trade dates, 1143451 bars, 78 roll-blackout dates, 5 degraded dates
  ZT: S_X 2021-10-01, 624 trade dates, 731211 bars, 30 roll-blackout dates, 0 degraded dates
  ZW: S_X 2019-05-06, 1214 trade dates, 1014165 bars, 85 roll-blackout dates, 5 degraded dates
  MNQ: 3444 decision rows, 2620 panel rows (ok {'h60': 2620, 'h120': 2620, 'hF': 2620})
  MGC: 3420 decision rows, 2907 panel rows (ok {'h60': 2907, 'h120': 2906, 'hF': 2885})
  NG: 3108 decision rows, 2594 panel rows (ok {'h60': 2590, 'h120': 2590, 'hF': 2473})
  6E: 3453 decision rows, 2981 panel rows (ok {'h60': 2974, 'h120': 2975, 'hF': 2847})
  ZL: 3360 decision rows, 2787 panel rows (ok {'h60': 2784, 'h120': 2781, 'hF': 2784})
  UB: 3471 decision rows, 2526 panel rows (ok {'h60': 2508, 'h120': 2495, 'hF': 2467})
  MBT: 102 decision rows, 0 panel rows (ok {'h60': 0, 'h120': 0, 'hF': 0})
  MCL: 3120 decision rows, 2625 panel rows (ok {'h60': 2624, 'h120': 2623, 'hF': 2617})
  ZS: 3384 decision rows, 2852 panel rows (ok {'h60': 2852, 'h120': 2851, 'hF': 2849})
  TN: 3471 decision rows, 2361 panel rows (ok {'h60': 2320, 'h120': 2315, 'hF': 2210})
  ZF: 2457 decision rows, 1902 panel rows (ok {'h60': 1897, 'h120': 1898, 'hF': 1871})
  ZB: 3471 decision rows, 2325 panel rows (ok {'h60': 2292, 'h120': 2282, 'hF': 2221})
  ZN: 3462 decision rows, 2892 panel rows (ok {'h60': 2890, 'h120': 2889, 'hF': 2859})
  ZT: 1728 decision rows, 1165 panel rows (ok {'h60': 1154, 'h120': 1151, 'hF': 1106})
  ZC: 3372 decision rows, 2795 panel rows (ok {'h60': 2792, 'h120': 2790, 'hF': 2791})
  MYM: 3444 decision rows, 2940 panel rows (ok {'h60': 2939, 'h120': 2938, 'hF': 2938})
  M2K: 3444 decision rows, 3041 panel rows (ok {'h60': 3041, 'h120': 3041, 'hF': 3041})
  LE: 3300 decision rows, 2617 panel rows (ok {'h60': 2604, 'h120': 2602, 'hF': 2612})
  MHG: 3420 decision rows, 2727 panel rows (ok {'h60': 2699, 'h120': 2679, 'hF': 2363})
  6S: 3453 decision rows, 1572 panel rows (ok {'h60': 1520, 'h120': 1500, 'hF': 1013})
  HE: 3285 decision rows, 2404 panel rows (ok {'h60': 2392, 'h120': 2387, 'hF': 2393})
  6J: 3453 decision rows, 2659 panel rows (ok {'h60': 2650, 'h120': 2629, 'hF': 2452})
  6A: 3453 decision rows, 2719 panel rows (ok {'h60': 2707, 'h120': 2702, 'hF': 2397})
  6B: 3453 decision rows, 2677 panel rows (ok {'h60': 2660, 'h120': 2640, 'hF': 2197})
  6N: 3453 decision rows, 1315 panel rows (ok {'h60': 1274, 'h120': 1262, 'hF': 850})
  ZM: 3294 decision rows, 2736 panel rows (ok {'h60': 2729, 'h120': 2728, 'hF': 2731})
  ZW: 3360 decision rows, 2727 panel rows (ok {'h60': 2716, 'h120': 2715, 'hF': 2719})
  6C: 3453 decision rows, 2672 panel rows (ok {'h60': 2662, 'h120': 2657, 'hF': 2389})
calendar 1248 trade dates (180 without a panel row)
signals covered 64, uncovered 3
c/sigma pairs 81, admissible 81, dropped 0
stage phase1_panel: computed, 266.2 s, peak RSS 2894 MB
stage phase1_filter: computed, 0.2 s, peak RSS 1647 MB
bars report /home/kiros-li/Documents/GitHub/PropExperiment/reports/stage_e12_phase1_bars.json
c/sigma report /home/kiros-li/Documents/GitHub/PropExperiment/reports/stage_e12_c_sigma.json
constants 013fa5a4e4ab40b36a45085ce07fae9c59a298d431615c12a0121975c557d0c4
inputs 969d3b7e9773756ca9ce469579a7ef0dff6e65943fbaa0f6356c854c04f87283
	Command being timed: "nice -n 10 uv run python -m ml_route_v2.phase1 build --harness-sha256 7fd757f6d7c3990c2d20756c501f68b0541aa89851dcca9236badabd4f4a9bd9 --freeze-sha256 a647cd06c8f71f9549c0afa1c740bc32bad05e8f83ed57c87642a1586a0cad5b"
	User time (seconds): 263.36
	System time (seconds): 11.34
	Percent of CPU this job got: 102%
	Elapsed (wall clock) time (h:mm:ss or m:ss): 4:28.45
	Average shared text size (kbytes): 0
	Average unshared data size (kbytes): 0
	Average stack size (kbytes): 0
	Average total size (kbytes): 0
	Maximum resident set size (kbytes): 1685020
	Average resident set size (kbytes): 0
	Major (requiring I/O) page faults: 0
	Minor (reclaiming a frame) page faults: 5541324
	Voluntary context switches: 4205
	Involuntary context switches: 3144
	Swaps: 0
	File system inputs: 328328
	File system outputs: 202408
	Socket messages sent: 0
	Socket messages received: 0
	Signals delivered: 0
	Page size (bytes): 4096
	Exit status: 0
rc 0
