NQ: held_for_lead 0 bars
CL: built 1693070 bars
ZT: built 1325484 bars
6A: held_for_lead 0 bars
GC: built 1684809 bars
6B: held_for_lead 0 bars
6E: held_for_lead 0 bars
ZS: built 1143451 bars
ZC: built 1059947 bars
6N: held_for_lead 0 bars
ZL: built 1085571 bars
TN: built 1471550 bars
YM: held_for_lead 0 bars
MBT: built 519480 bars
ZF: built 1564154 bars
RTY: held_for_lead 0 bars
ZM: built 975302 bars
ZW: built 1014165 bars
LE: held_for_lead 0 bars
ZB: built 1532346 bars
HG: built 1636682 bars
6C: held_for_lead 0 bars
HE: held_for_lead 0 bars
ZN: built 1619405 bars
6S: held_for_lead 0 bars
6J: held_for_lead 0 bars
