UB: built 1537341 bars
	Command being timed: "nice -n 10 uv run python -m data.step2_store --products UB --harness-sha256 452c4a51ebfae33f6f18822c9b754634f1ce3ab879b88abe416633c75965a426"
	User time (seconds): 25.75
	System time (seconds): 1.00
	Percent of CPU this job got: 95%
	Elapsed (wall clock) time (h:mm:ss or m:ss): 0:27.88
	Average shared text size (kbytes): 0
	Average unshared data size (kbytes): 0
	Average stack size (kbytes): 0
	Average total size (kbytes): 0
	Maximum resident set size (kbytes): 872744
	Average resident set size (kbytes): 0
	Major (requiring I/O) page faults: 0
	Minor (reclaiming a frame) page faults: 400047
	Voluntary context switches: 83
	Involuntary context switches: 446
	Swaps: 0
	File system inputs: 0
	File system outputs: 41344
	Socket messages sent: 0
	Socket messages received: 0
	Signals delivered: 0
	Page size (bytes): 4096
	Exit status: 0
