C1 q/M1: reproduced NG h60 and hF rows (n_trades, mean, t_B) within 1e-09 absolute
  h60: n_trades 518, mean 5.5694980694980805, t_B 2.5143449337178385; q 0.033735277284776724; M1 payload sha256 9c2d9986ec788a0abcd08186cf249061f91ed0794d3519532ef779de4ccfb9d8
  hF: n_trades 494, mean 13.92105263157894, t_B 2.329878707167312; q 0.0831931045522869; M1 payload sha256 153c2bdc25087e0b2f2f236d46fa186e78bb85fa2d50d8702d4c7e5ac4dfbe99
  feature_cols 150 sha256 af7d43d63b1af935559a745d9708e4657486ef01bc9100e3ddea37aa934ffd1b; follow from the covered signals by the panel rule: True
  ML ledger unchanged: True; written reports/stage_e14_c1_model.json sha256 c6075306ddfd70cb22a2b32f8017ae41ba6050778e6cb66568d00b94585421e6
	Command being timed: "uv run python -m c1_replication.q_m1 --state /home/kiros-li/.cache/propexp_e14_c1/e12_state_copy --state-manifest reports/stage_e14_c1_e12_state_manifest.json --state-manifest-sha256 8a38eeb150ba7c063e1f7b4292b00efb0bd10549c61e8202fcb926bc8dab1ad9 --out reports/stage_e14_c1_model.json --model-dir /home/kiros-li/.cache/propexp_e14_c1/m1"
	User time (seconds): 7.32
	System time (seconds): 0.32
	Percent of CPU this job got: 179%
	Elapsed (wall clock) time (h:mm:ss or m:ss): 0:04.26
	Average shared text size (kbytes): 0
	Average unshared data size (kbytes): 0
	Average stack size (kbytes): 0
	Average total size (kbytes): 0
	Maximum resident set size (kbytes): 641052
	Average resident set size (kbytes): 0
	Major (requiring I/O) page faults: 1
	Minor (reclaiming a frame) page faults: 89169
	Voluntary context switches: 785
	Involuntary context switches: 324
	Swaps: 0
	File system inputs: 213864
	File system outputs: 56
	Socket messages sent: 0
	Socket messages received: 0
	Signals delivered: 0
	Page size (bytes): 4096
	Exit status: 0
