AUD null comparison sample standard: 24s
  AUD standard|T32|p0.45|R1.5: 61.9s net/day -247.98 robust_c80=fail fail (pass impossible after 1550 runs), 1550 failures
  AUD standard|T32|p0.4|R2.0: 62.9s net/day -208.21 robust_c80=fail fail (pass impossible after 1550 runs), 1550 failures
  AUD standard|T32|p0.475|R1.5: 57.4s net/day -196.42 robust_c80=fail fail (pass impossible after 1550 runs), 1550 failures
AUD null comparison sample consistency: 25s
  AUD consistency|T4|p0.4|R0.75: 10.3s net/day -172.30 robust_c80=fail fail (pass impossible after 1550 runs), 1550 failures
  AUD standard|T4|p0.4|R0.75: 10.5s net/day -172.30 robust_c80=fail fail (pass impossible after 1550 runs), 1550 failures
  AUD standard|T32|p0.425|R2.0: 64.9s net/day -154.63 robust_c80=fail fail (pass impossible after 1550 runs), 1550 failures
  AUD consistency|T4|p0.45|R0.75: 10.4s net/day -134.90 robust_c80=fail fail (pass impossible after 1550 runs), 1550 failures
  AUD standard|T4|p0.45|R0.75: 11.0s net/day -134.90 robust_c80=fail fail (pass impossible after 1550 runs), 1550 failures
  AUD consistency|T4|p0.4|R1.0: 10.4s net/day -118.10 robust_c80=fail fail (pass impossible after 1550 runs), 1550 failures
  AUD standard|T4|p0.4|R1.0: 11.7s net/day -118.10 robust_c80=fail fail (pass impossible after 1550 runs), 1550 failures
  AUD consistency|T2|p0.4|R0.75: 5.9s net/day -110.54 robust_c80=fail fail (pass impossible after 1550 runs), 1550 failures
  AUD standard|T2|p0.4|R0.75: 9.2s net/day -110.54 robust_c80=fail fail (pass impossible after 1550 runs), 1550 failures
  AUD consistency|T16|p0.55|R1.0: 34.0s net/day -104.46 robust_c80=fail fail (pass impossible after 1550 runs), 1550 failures
  AUD standard|T16|p0.55|R1.0: 33.6s net/day -104.46 robust_c80=fail fail (pass impossible after 1550 runs), 1550 failures
  AUD consistency|T16|p0.45|R1.5: 34.3s net/day -102.98 robust_c80=fail fail (pass impossible after 1550 runs), 1550 failures
  AUD standard|T16|p0.45|R1.5: 35.1s net/day -102.98 robust_c80=fail fail (pass impossible after 1550 runs), 1550 failures
  AUD consistency|T4|p0.5|R0.75: 9.9s net/day -97.50 robust_c80=fail fail (pass impossible after 1550 runs), 1550 failures
  AUD standard|T4|p0.5|R0.75: 9.7s net/day -97.50 robust_c80=fail fail (pass impossible after 1550 runs), 1550 failures
  AUD consistency|T2|p0.45|R0.75: 6.8s net/day -84.73 robust_c80=fail fail (pass impossible after 1550 runs), 1550 failures
  AUD standard|T2|p0.45|R0.75: 7.2s net/day -84.73 robust_c80=fail fail (pass impossible after 1550 runs), 1550 failures
  AUD consistency|T4|p0.45|R1.0: 11.2s net/day -81.08 robust_c80=fail fail (pass impossible after 1550 runs), 1550 failures
  AUD standard|T4|p0.45|R1.0: 11.5s net/day -81.08 robust_c80=fail fail (pass impossible after 1550 runs), 1550 failures
  AUD consistency|T16|p0.4|R2.0: 35.6s net/day -74.89 robust_c80=fail fail (pass impossible after 1550 runs), 1550 failures
  AUD standard|T16|p0.4|R2.0: 31.2s net/day -74.89 robust_c80=fail fail (pass impossible after 1550 runs), 1550 failures
  AUD consistency|T1|p0.4|R0.75: 5.3s net/day -74.61 robust_c80=fail fail (pass impossible after 1550 runs), 1550 failures
  AUD standard|T1|p0.4|R0.75: 4.5s net/day -74.61 robust_c80=fail fail (pass impossible after 1550 runs), 1550 failures
  AUD consistency|T2|p0.4|R1.0: 7.6s net/day -73.14 robust_c80=fail fail (pass impossible after 1550 runs), 1550 failures
  AUD standard|T2|p0.4|R1.0: 5.9s net/day -73.14 robust_c80=fail fail (pass impossible after 1550 runs), 1550 failures
  AUD consistency|T16|p0.475|R1.5: 28.4s net/day -66.56 robust_c80=fail fail (pass impossible after 1550 runs), 1550 failures
  AUD standard|T16|p0.475|R1.5: 28.0s net/day -66.56 robust_c80=fail fail (pass impossible after 1550 runs), 1550 failures
  AUD consistency|T4|p0.55|R0.75: 8.5s net/day -60.09 robust_c80=fail fail (pass impossible after 1550 runs), 1550 failures
  AUD standard|T4|p0.55|R0.75: 9.0s net/day -60.09 robust_c80=fail fail (pass impossible after 1550 runs), 1550 failures
  AUD consistency|T2|p0.5|R0.75: 5.9s net/day -58.93 robust_c80=fail fail (pass impossible after 1550 runs), 1550 failures
  AUD standard|T2|p0.5|R0.75: 6.1s net/day -58.93 robust_c80=fail fail (pass impossible after 1550 runs), 1550 failures
  AUD consistency|T1|p0.45|R0.75: 4.6s net/day -56.05 robust_c80=fail fail (pass impossible after 1550 runs), 1549 failures
  AUD standard|T1|p0.45|R0.75: 4.4s net/day -56.05 robust_c80=fail fail (pass impossible after 1550 runs), 1550 failures
  AUD consistency|T1|p0.4|R1.0: 4.8s net/day -47.72 robust_c80=fail fail (pass impossible after 1550 runs), 1550 failures
  AUD standard|T1|p0.4|R1.0: 4.9s net/day -47.72 robust_c80=fail fail (pass impossible after 1550 runs), 1550 failures
  AUD consistency|T2|p0.45|R1.0: 6.7s net/day -47.60 robust_c80=fail fail (pass impossible after 1550 runs), 1550 failures
  AUD standard|T2|p0.45|R1.0: 7.0s net/day -47.60 robust_c80=fail fail (pass impossible after 1550 runs), 1550 failures
  AUD consistency|T4|p0.4|R1.5: 8.7s net/day -44.06 robust_c80=fail fail (pass impossible after 1550 runs), 1550 failures
  AUD standard|T4|p0.4|R1.5: 8.7s net/day -44.06 robust_c80=fail fail (pass impossible after 1550 runs), 1550 failures
  AUD consistency|T4|p0.5|R1.0: 8.8s net/day -44.06 robust_c80=fail fail (pass impossible after 1550 runs), 1550 failures
  AUD standard|T4|p0.5|R1.0: 8.3s net/day -44.06 robust_c80=fail fail (pass impossible after 1550 runs), 1550 failures
  AUD consistency|T1|p0.5|R0.75: 3.6s net/day -37.50 robust_c80=fail fail (pass impossible after 1550 runs), 1549 failures
  AUD standard|T1|p0.5|R0.75: 4.8s net/day -37.50 robust_c80=fail fail (pass impossible after 1550 runs), 1550 failures
  AUD consistency|T16|p0.425|R2.0: 27.5s net/day -37.03 robust_c80=fail fail (pass impossible after 1550 runs), 1546 failures
  AUD standard|T16|p0.425|R2.0: 27.2s net/day -37.03 robust_c80=fail fail (pass impossible after 1550 runs), 1550 failures
  AUD consistency|T8|p0.55|R1.0: 16.5s net/day -36.05 robust_c80=fail fail (pass impossible after 1550 runs), 1548 failures
  AUD standard|T8|p0.55|R1.0: 18.7s net/day -36.05 robust_c80=fail fail (pass impossible after 1550 runs), 1550 failures
  AUD consistency|T8|p0.45|R1.5: 17.1s net/day -34.98 robust_c80=fail fail (pass impossible after 1550 runs), 1547 failures
  AUD standard|T8|p0.45|R1.5: 15.7s net/day -34.98 robust_c80=fail fail (pass impossible after 1550 runs), 1550 failures
  AUD consistency|T2|p0.55|R0.75: 5.4s net/day -33.12 robust_c80=fail fail (pass impossible after 1550 runs), 1550 failures
  AUD standard|T2|p0.55|R0.75: 3.8s net/day -33.12 robust_c80=fail fail (pass impossible after 1550 runs), 1550 failures
  AUD consistency|T16|p0.6|R1.0: 24.0s net/day -33.08 robust_c80=fail fail (pass impossible after 1550 runs), 1547 failures
  AUD standard|T16|p0.6|R1.0: 28.5s net/day -33.08 robust_c80=fail fail (pass impossible after 1550 runs), 1549 failures
  AUD consistency|T1|p0.45|R1.0: 5.4s net/day -29.35 robust_c80=fail fail (pass impossible after 1550 runs), 1548 failures
  AUD standard|T1|p0.45|R1.0: 5.8s net/day -29.35 robust_c80=fail fail (pass impossible after 1550 runs), 1549 failures
  AUD consistency|T4|p0.6|R0.75: 9.3s net/day -22.69 robust_c80=fail fail (pass impossible after 1550 runs), 1547 failures
  AUD standard|T4|p0.6|R0.75: 8.2s net/day -22.69 robust_c80=fail fail (pass impossible after 1550 runs), 1550 failures
  AUD consistency|T2|p0.4|R1.5: 6.4s net/day -22.06 robust_c80=fail fail (pass impossible after 1550 runs), 1548 failures
  AUD standard|T2|p0.4|R1.5: 7.1s net/day -22.06 robust_c80=fail fail (pass impossible after 1550 runs), 1550 failures
  AUD consistency|T2|p0.5|R1.0: 6.7s net/day -22.06 robust_c80=fail fail (pass impossible after 1550 runs), 1549 failures
  AUD standard|T2|p0.5|R1.0: 6.7s net/day -22.06 robust_c80=fail fail (pass impossible after 1550 runs), 1550 failures
  AUD consistency|T1|p0.55|R0.75: 5.2s net/day -18.94 robust_c80=fail fail (pass impossible after 1550 runs), 1541 failures
  AUD standard|T1|p0.55|R0.75: 4.9s net/day -18.94 robust_c80=fail fail (pass impossible after 1550 runs), 1547 failures
  AUD consistency|T8|p0.4|R2.0: 16.3s net/day -14.58 robust_c80=fail fail (pass impossible after 1550 runs), 1533 failures
  AUD standard|T8|p0.4|R2.0: 17.3s net/day -14.58 robust_c80=fail fail (pass impossible after 1550 runs), 1542 failures
  AUD consistency|T1|p0.4|R1.5: 5.2s net/day -10.99 robust_c80=fail fail (pass impossible after 1550 runs), 1535 failures
  AUD standard|T1|p0.4|R1.5: 4.8s net/day -10.99 robust_c80=fail fail (pass impossible after 1550 runs), 1546 failures
  AUD consistency|T1|p0.5|R1.0: 5.2s net/day -10.99 robust_c80=fail fail (pass impossible after 1550 runs), 1537 failures
  AUD standard|T1|p0.5|R1.0: 4.5s net/day -10.99 robust_c80=fail fail (pass impossible after 1550 runs), 1548 failures
  AUD consistency|T8|p0.575|R1.0: 15.3s net/day -10.13 robust_c80=fail fail (pass impossible after 1600 runs), 1579 failures
  AUD standard|T8|p0.575|R1.0: 22.4s net/day -10.13 robust_c80=fail fail (pass impossible after 1550 runs), 1543 failures
  AUD consistency|T8|p0.475|R1.5: 18.7s net/day -8.53 robust_c80=fail fail (pass impossible after 1600 runs), 1567 failures
  AUD standard|T8|p0.475|R1.5: 16.5s net/day -8.53 robust_c80=fail fail (pass impossible after 1550 runs), 1541 failures
  AUD consistency|T2|p0.6|R0.75: 6.2s net/day -7.32 robust_c80=fail fail (pass impossible after 1550 runs), 1533 failures
  AUD standard|T2|p0.6|R0.75: 6.6s net/day -7.32 robust_c80=fail fail (pass impossible after 1550 runs), 1549 failures
  AUD consistency|T4|p0.55|R1.0: 9.0s net/day -7.04 robust_c80=fail fail (pass impossible after 1550 runs), 1532 failures
  AUD standard|T4|p0.55|R1.0: 9.4s net/day -7.04 robust_c80=fail fail (pass impossible after 1550 runs), 1544 failures
  AUD consistency|T4|p0.45|R1.5: 9.6s net/day -6.28 robust_c80=fail fail (pass impossible after 1600 runs), 1570 failures
  AUD standard|T4|p0.45|R1.5: 9.8s net/day -6.28 robust_c80=fail fail (pass impossible after 1550 runs), 1543 failures
  AUD consistency|T1|p0.6|R0.75: 5.3s net/day -0.39 robust_c80=fail fail (pass impossible after 1600 runs), 1560 failures
  AUD standard|T1|p0.6|R0.75: 6.1s net/day -0.39 robust_c80=fail fail (pass impossible after 1550 runs), 1541 failures
  AUD consistency|T2|p0.55|R1.0: 7.7s net/day 3.48 robust_c80=fail fail (pass impossible after 1600 runs), 1547 failures
  AUD standard|T2|p0.55|R1.0: 6.5s net/day 3.48 robust_c80=fail fail (pass impossible after 1550 runs), 1539 failures
  AUD consistency|T2|p0.45|R1.5: 6.9s net/day 4.01 robust_c80=fail fail (pass impossible after 1600 runs), 1538 failures
  AUD standard|T2|p0.45|R1.5: 7.2s net/day 4.01 robust_c80=fail fail (pass impossible after 1550 runs), 1540 failures
  AUD consistency|T1|p0.55|R1.0: 6.6s net/day 7.38 robust_c80=fail fail (pass impossible after 1650 runs), 1549 failures
  AUD standard|T1|p0.55|R1.0: 5.2s net/day 7.38 robust_c80=fail fail (pass impossible after 1600 runs), 1576 failures
  AUD consistency|T1|p0.45|R1.5: 5.3s net/day 7.75 robust_c80=fail fail (pass impossible after 1650 runs), 1543 failures
  AUD standard|T1|p0.45|R1.5: 8.1s net/day 7.75 robust_c80=fail fail (pass impossible after 1600 runs), 1572 failures
  AUD consistency|T4|p0.4|R2.0: 12.0s net/day 8.29 robust_c80=fail fail (pass impossible after 1650 runs), 1536 failures
  AUD standard|T4|p0.4|R2.0: 9.2s net/day 8.29 robust_c80=fail fail (pass impossible after 1600 runs), 1568 failures
  AUD consistency|T8|p0.425|R2.0: 23.8s net/day 12.92 robust_c80=fail fail (pass impossible after 1750 runs), 1575 failures
  AUD standard|T8|p0.425|R2.0: 20.3s net/day 12.92 robust_c80=fail fail (pass impossible after 1600 runs), 1541 failures
  AUD consistency|T2|p0.4|R2.0: 8.8s net/day 14.06 robust_c80=fail fail (pass impossible after 1700 runs), 1538 failures
  AUD standard|T2|p0.4|R2.0: 7.3s net/day 14.06 robust_c80=fail fail (pass impossible after 1600 runs), 1561 failures
  AUD consistency|T1|p0.4|R2.0: 5.6s net/day 14.98 robust_c80=fail fail (pass impossible after 1750 runs), 1571 failures
  AUD standard|T1|p0.4|R2.0: 6.0s net/day 14.98 robust_c80=fail fail (pass impossible after 1600 runs), 1555 failures
  AUD consistency|T4|p0.58|R1.0: 14.8s net/day 15.17 robust_c80=fail fail (pass impossible after 1750 runs), 1565 failures
  AUD standard|T4|p0.58|R1.0: 10.2s net/day 15.17 robust_c80=fail fail (pass impossible after 1600 runs), 1550 failures
  AUD consistency|T8|p0.6|R1.0: 23.2s net/day 15.79 robust_c80=fail fail (pass impossible after 1800 runs), 1552 failures
  AUD standard|T8|p0.6|R1.0: 21.9s net/day 15.79 robust_c80=fail fail (pass impossible after 1650 runs), 1577 failures
  AUD consistency|T4|p0.48|R1.5: 14.8s net/day 16.39 robust_c80=fail fail (pass impossible after 1800 runs), 1562 failures
  AUD standard|T4|p0.48|R1.5: 11.5s net/day 16.39 robust_c80=fail fail (pass impossible after 1600 runs), 1545 failures
  AUD consistency|T8|p0.5|R1.5: 26.4s net/day 17.93 robust_c80=fail fail (pass impossible after 1850 runs), 1546 failures
  AUD standard|T8|p0.5|R1.5: 18.5s net/day 17.93 robust_c80=fail fail (pass impossible after 1650 runs), 1557 failures
  AUD consistency|T4|p0.66|R0.75: 14.3s net/day 22.20 robust_c80=fail fail (pass impossible after 1950 runs), 1554 failures
  AUD standard|T4|p0.66|R0.75: 11.2s net/day 22.20 robust_c80=fail fail (pass impossible after 1650 runs), 1561 failures
  AUD consistency|T4|p0.59|R1.0: 16.9s net/day 22.58 robust_c80=fail fail (pass impossible after 1900 runs), 1545 failures
  AUD standard|T4|p0.59|R1.0: 15.5s net/day 22.58 robust_c80=fail fail (pass impossible after 1650 runs), 1549 failures
  AUD consistency|T4|p0.49|R1.5: 14.2s net/day 23.95 robust_c80=fail fail (pass impossible after 2000 runs), 1536 failures
  AUD standard|T4|p0.49|R1.5: 13.5s net/day 23.95 robust_c80=fail fail (pass impossible after 1650 runs), 1552 failures
  AUD consistency|T4|p0.42|R2.0: 15.5s net/day 24.00 robust_c80=fail fail (pass impossible after 1950 runs), 1532 failures
  AUD standard|T4|p0.42|R2.0: 13.1s net/day 24.00 robust_c80=fail fail (pass impossible after 1650 runs), 1540 failures
  AUD consistency|T1|p0.6|R1.0: 7.5s net/day 25.74 robust_c80=fail fail (pass impossible after 2150 runs), 1571 failures
  AUD standard|T1|p0.6|R1.0: 6.7s net/day 25.74 robust_c80=fail fail (pass impossible after 1700 runs), 1534 failures
  AUD consistency|T1|p0.5|R1.5: 8.8s net/day 26.50 robust_c80=fail fail (pass impossible after 2050 runs), 1538 failures
  AUD standard|T1|p0.5|R1.5: 6.5s net/day 26.50 robust_c80=fail fail (pass impossible after 1700 runs), 1536 failures
  AUD consistency|T2|p0.6|R1.0: 13.0s net/day 29.02 robust_c80=fail fail (pass impossible after 2250 runs), 1546 failures
  AUD standard|T2|p0.6|R1.0: 8.3s net/day 29.02 robust_c80=fail fail (pass impossible after 1750 runs), 1544 failures
  AUD consistency|T4|p0.6|R1.0: 17.4s net/day 29.98 robust_c80=fail fail (pass impossible after 2250 runs), 1535 failures
  AUD standard|T4|p0.6|R1.0: 12.2s net/day 29.98 robust_c80=fail fail (pass impossible after 1750 runs), 1552 failures
  AUD consistency|T2|p0.5|R1.5: 14.0s net/day 30.07 robust_c80=fail fail (pass impossible after 2250 runs), 1539 failures
  AUD standard|T2|p0.5|R1.5: 8.5s net/day 30.07 robust_c80=fail fail (pass impossible after 1750 runs), 1549 failures
  AUD consistency|T4|p0.46|R1.75: 20.4s net/day 30.10 robust_c80=fail fail (pass impossible after 2250 runs), 1548 failures
  AUD standard|T4|p0.46|R1.75: 13.2s net/day 30.10 robust_c80=fail fail (pass impossible after 1750 runs), 1545 failures
  AUD consistency|T4|p0.5|R1.5: 20.5s net/day 31.51 robust_c80=fail fail (pass impossible after 2350 runs), 1558 failures
  AUD standard|T4|p0.5|R1.5: 14.5s net/day 31.51 robust_c80=fail fail (pass impossible after 1800 runs), 1560 failures
  AUD consistency|T4|p0.43|R2.0: 20.3s net/day 31.85 robust_c80=fail fail (pass impossible after 2300 runs), 1540 failures
  AUD standard|T4|p0.43|R2.0: 13.5s net/day 31.85 robust_c80=fail fail (pass impossible after 1800 runs), 1561 failures
  AUD consistency|T1|p0.45|R2.0: 10.3s net/day 34.46 robust_c80=fail fail (pass impossible after 2550 runs), 1542 failures
  AUD standard|T1|p0.45|R2.0: 7.7s net/day 34.46 robust_c80=fail fail (pass impossible after 1850 runs), 1567 failures
  AUD consistency|T4|p0.68|R0.75: 23.4s net/day 37.16 robust_c80=fail fail (pass impossible after 2950 runs), 1552 failures
  AUD standard|T4|p0.68|R0.75: 12.5s net/day 37.16 robust_c80=fail fail (pass impossible after 1950 runs), 1549 failures
  AUD consistency|T2|p0.62|R1.0: 19.1s net/day 39.24 robust_c80=fail fail (pass impossible after 3150 runs), 1533 failures
  AUD standard|T2|p0.62|R1.0: 12.1s net/day 39.24 robust_c80=fail fail (pass impossible after 2050 runs), 1545 failures
  AUD consistency|T4|p0.44|R2.0: 25.7s net/day 39.71 robust_c80=fail fail (pass impossible after 3000 runs), 1533 failures
  AUD standard|T4|p0.44|R2.0: 15.4s net/day 39.71 robust_c80=fail fail (pass impossible after 2000 runs), 1566 failures
  AUD consistency|T8|p0.45|R2.0: 48.0s net/day 40.41 robust_c80=fail fail (pass impossible after 3000 runs), 1551 failures
  AUD standard|T8|p0.45|R2.0: 28.9s net/day 40.41 robust_c80=fail fail (pass impossible after 2050 runs), 1557 failures
  AUD consistency|T2|p0.52|R1.5: 19.4s net/day 40.50 robust_c80=fail fail (pass impossible after 3300 runs), 1546 failures
  AUD standard|T2|p0.52|R1.5: 10.3s net/day 40.50 robust_c80=fail fail (pass impossible after 2050 runs), 1532 failures
  AUD consistency|T2|p0.45|R2.0: 22.2s net/day 41.15 robust_c80=fail fail (pass impossible after 3200 runs), 1535 failures
  AUD standard|T2|p0.45|R2.0: 11.1s net/day 41.15 robust_c80=fail fail (pass impossible after 2050 runs), 1564 failures
  AUD consistency|T1|p0.47|R2.0: 15.4s net/day 42.25 robust_c80=fail fail (pass impossible after 3450 runs), 1549 failures
  AUD standard|T1|p0.47|R2.0: 9.6s net/day 42.25 robust_c80=fail fail (pass impossible after 2150 runs), 1570 failures
  AUD consistency|T1|p0.65|R1.0: 21.9s net/day 44.11 robust_c80=fail fail (pass impossible after 4050 runs), 1542 failures
  AUD standard|T1|p0.65|R1.0: 10.5s net/day 44.11 robust_c80=fail fail (pass impossible after 2300 runs), 1533 failures
  AUD consistency|T1|p0.55|R1.5: 23.5s net/day 45.24 robust_c80=fail fail (pass impossible after 4200 runs), 1533 failures
  AUD standard|T1|p0.55|R1.5: 11.9s net/day 45.24 robust_c80=fail fail (pass impossible after 2350 runs), 1547 failures
  AUD consistency|T4|p0.48|R1.75: 53.6s net/day 45.49 robust_c80=fail fail (pass impossible after 3950 runs), 1544 failures
  AUD standard|T4|p0.48|R1.75: 18.7s net/day 45.49 robust_c80=fail fail (pass impossible after 2200 runs), 1541 failures
  AUD consistency|T2|p0.53|R1.5: 36.9s net/day 45.71 robust_c80=fail fail (pass impossible after 4300 runs), 1548 failures
  AUD standard|T2|p0.53|R1.5: 19.1s net/day 45.71 robust_c80=fail fail (pass impossible after 2300 runs), 1546 failures
  AUD consistency|T1|p0.48|R2.0: 23.9s net/day 46.15 robust_c80=fail fail (pass impossible after 4050 runs), 1540 failures
  AUD standard|T1|p0.48|R2.0: 10.9s net/day 46.15 robust_c80=fail fail (pass impossible after 2250 runs), 1537 failures
  AUD consistency|T4|p0.45|R2.0: 55.7s net/day 47.56 robust_c80=fail fail (pass impossible after 4300 runs), 1538 failures
  AUD standard|T4|p0.45|R2.0: 22.3s net/day 47.56 robust_c80=fail fail (pass impossible after 2250 runs), 1535 failures
  AUD consistency|T1|p0.52|R1.75: 28.4s net/day 48.71 robust_c80=fail fail (pass impossible after 4700 runs), 1541 failures
  AUD standard|T1|p0.52|R1.75: 15.8s net/day 48.71 robust_c80=fail fail (pass impossible after 2550 runs), 1555 failures
  AUD consistency|T1|p0.56|R1.5: 35.5s net/day 48.99 robust_c80=fail fail (pass impossible after 5150 runs), 1539 failures
  AUD standard|T1|p0.56|R1.5: 16.6s net/day 48.99 robust_c80=fail fail (pass impossible after 2600 runs), 1540 failures
  AUD consistency|T1|p0.49|R2.0: 35.9s net/day 50.05 robust_c80=fail fail (pass impossible after 4950 runs), 1532 failures
  AUD standard|T1|p0.49|R2.0: 15.6s net/day 50.05 robust_c80=fail fail (pass impossible after 2550 runs), 1550 failures
  AUD consistency|T2|p0.5|R1.75: 46.7s net/day 50.34 robust_c80=fail fail (pass impossible after 5300 runs), 1540 failures
  AUD standard|T2|p0.5|R1.75: 16.2s net/day 50.34 robust_c80=fail fail (pass impossible after 2600 runs), 1551 failures
  AUD consistency|T2|p0.54|R1.5: 43.4s net/day 50.93 robust_c80=fail fail (pass impossible after 5650 runs), 1538 failures
  AUD standard|T2|p0.54|R1.5: 17.1s net/day 50.93 robust_c80=fail fail (pass impossible after 2700 runs), 1532 failures
  AUD consistency|T2|p0.47|R2.0: 53.9s net/day 51.99 robust_c80=fail fail (pass impossible after 5750 runs), 1546 failures
  AUD standard|T2|p0.47|R2.0: 22.1s net/day 51.99 robust_c80=fail fail (pass impossible after 2700 runs), 1551 failures
  AUD consistency|T1|p0.57|R1.5: 43.6s net/day 52.74 robust_c80=fail fail (pass impossible after 6350 runs), 1538 failures
  AUD standard|T1|p0.57|R1.5: 17.4s net/day 52.74 robust_c80=fail fail (pass impossible after 2900 runs), 1535 failures
  AUD consistency|T1|p0.5|R2.0: 40.7s net/day 53.94 robust_c80=fail fail (pass impossible after 6200 runs), 1538 failures
  AUD standard|T1|p0.5|R2.0: 13.3s net/day 53.94 robust_c80=fail fail (pass impossible after 2850 runs), 1555 failures
  AUD consistency|T2|p0.65|R1.0: 68.2s net/day 54.56 robust_c80=fail fail (pass impossible after 7600 runs), 1536 failures
  AUD standard|T2|p0.65|R1.0: 27.5s net/day 54.56 robust_c80=fail fail (pass impossible after 3300 runs), 1539 failures
  AUD consistency|T1|p0.45|R2.5: 45.0s net/day 55.80 robust_c80=fail fail (pass impossible after 6550 runs), 1538 failures
  AUD standard|T1|p0.45|R2.5: 17.9s net/day 55.80 robust_c80=fail fail (pass impossible after 2950 runs), 1549 failures
  AUD consistency|T2|p0.55|R1.5: 75.4s net/day 56.14 robust_c80=pass (0.8125)
  AUD standard|T2|p0.55|R1.5: 27.1s net/day 56.14 robust_c80=fail fail (pass impossible after 3300 runs), 1534 failures
