GBP null comparison sample standard: 17s
  GBP standard|T32|p0.45|R1.5: 47.4s net/day -281.44 robust_c80=fail fail (pass impossible after 1550 runs), 1550 failures
  GBP standard|T32|p0.4|R2.0: 46.2s net/day -242.16 robust_c80=fail fail (pass impossible after 1550 runs), 1550 failures
  GBP standard|T32|p0.475|R1.5: 49.9s net/day -230.52 robust_c80=fail fail (pass impossible after 1550 runs), 1550 failures
  GBP standard|T32|p0.425|R2.0: 40.5s net/day -189.24 robust_c80=fail fail (pass impossible after 1550 runs), 1550 failures
GBP null comparison sample consistency: 17s
  GBP consistency|T4|p0.4|R0.75: 9.2s net/day -168.73 robust_c80=fail fail (pass impossible after 1550 runs), 1550 failures
  GBP standard|T4|p0.4|R0.75: 9.7s net/day -168.73 robust_c80=fail fail (pass impossible after 1550 runs), 1550 failures
  GBP consistency|T4|p0.45|R0.75: 8.6s net/day -133.47 robust_c80=fail fail (pass impossible after 1550 runs), 1550 failures
  GBP standard|T4|p0.45|R0.75: 9.0s net/day -133.47 robust_c80=fail fail (pass impossible after 1550 runs), 1550 failures
  GBP consistency|T16|p0.55|R1.0: 26.5s net/day -121.20 robust_c80=fail fail (pass impossible after 1550 runs), 1550 failures
  GBP standard|T16|p0.55|R1.0: 26.8s net/day -121.20 robust_c80=fail fail (pass impossible after 1550 runs), 1550 failures
  GBP consistency|T16|p0.45|R1.5: 26.5s net/day -119.75 robust_c80=fail fail (pass impossible after 1550 runs), 1550 failures
  GBP standard|T16|p0.45|R1.5: 25.2s net/day -119.75 robust_c80=fail fail (pass impossible after 1550 runs), 1550 failures
  GBP consistency|T4|p0.4|R1.0: 8.7s net/day -117.63 robust_c80=fail fail (pass impossible after 1550 runs), 1550 failures
  GBP standard|T4|p0.4|R1.0: 8.0s net/day -117.63 robust_c80=fail fail (pass impossible after 1550 runs), 1550 failures
  GBP consistency|T2|p0.4|R0.75: 6.1s net/day -110.21 robust_c80=fail fail (pass impossible after 1550 runs), 1550 failures
  GBP standard|T2|p0.4|R0.75: 6.3s net/day -110.21 robust_c80=fail fail (pass impossible after 1550 runs), 1550 failures
  GBP consistency|T4|p0.5|R0.75: 6.9s net/day -98.20 robust_c80=fail fail (pass impossible after 1550 runs), 1550 failures
  GBP standard|T4|p0.5|R0.75: 8.1s net/day -98.20 robust_c80=fail fail (pass impossible after 1550 runs), 1550 failures
  GBP consistency|T16|p0.4|R2.0: 25.4s net/day -92.05 robust_c80=fail fail (pass impossible after 1550 runs), 1550 failures
  GBP standard|T16|p0.4|R2.0: 26.6s net/day -92.05 robust_c80=fail fail (pass impossible after 1550 runs), 1550 failures
  GBP consistency|T2|p0.45|R0.75: 6.6s net/day -85.03 robust_c80=fail fail (pass impossible after 1550 runs), 1550 failures
  GBP standard|T2|p0.45|R0.75: 5.0s net/day -85.03 robust_c80=fail fail (pass impossible after 1550 runs), 1550 failures
  GBP consistency|T16|p0.475|R1.5: 26.4s net/day -83.84 robust_c80=fail fail (pass impossible after 1550 runs), 1550 failures
  GBP standard|T16|p0.475|R1.5: 26.1s net/day -83.84 robust_c80=fail fail (pass impossible after 1550 runs), 1550 failures
  GBP consistency|T4|p0.45|R1.0: 8.4s net/day -82.73 robust_c80=fail fail (pass impossible after 1550 runs), 1550 failures
  GBP standard|T4|p0.45|R1.0: 8.1s net/day -82.73 robust_c80=fail fail (pass impossible after 1550 runs), 1550 failures
  GBP consistency|T1|p0.4|R0.75: 3.7s net/day -76.47 robust_c80=fail fail (pass impossible after 1550 runs), 1550 failures
  GBP standard|T1|p0.4|R0.75: 3.7s net/day -76.47 robust_c80=fail fail (pass impossible after 1550 runs), 1550 failures
  GBP consistency|T2|p0.4|R1.0: 5.8s net/day -73.72 robust_c80=fail fail (pass impossible after 1550 runs), 1550 failures
  GBP standard|T2|p0.4|R1.0: 6.3s net/day -73.72 robust_c80=fail fail (pass impossible after 1550 runs), 1550 failures
  GBP consistency|T4|p0.55|R0.75: 8.4s net/day -62.94 robust_c80=fail fail (pass impossible after 1550 runs), 1550 failures
  GBP standard|T4|p0.55|R0.75: 9.0s net/day -62.94 robust_c80=fail fail (pass impossible after 1550 runs), 1550 failures
  GBP consistency|T2|p0.5|R0.75: 6.2s net/day -59.84 robust_c80=fail fail (pass impossible after 1550 runs), 1550 failures
  GBP standard|T2|p0.5|R0.75: 5.7s net/day -59.84 robust_c80=fail fail (pass impossible after 1550 runs), 1550 failures
  GBP consistency|T1|p0.45|R0.75: 4.5s net/day -57.65 robust_c80=fail fail (pass impossible after 1550 runs), 1550 failures
  GBP standard|T1|p0.45|R0.75: 5.4s net/day -57.65 robust_c80=fail fail (pass impossible after 1550 runs), 1550 failures
  GBP consistency|T16|p0.425|R2.0: 26.2s net/day -54.73 robust_c80=fail fail (pass impossible after 1550 runs), 1550 failures
  GBP standard|T16|p0.425|R2.0: 24.1s net/day -54.73 robust_c80=fail fail (pass impossible after 1550 runs), 1550 failures
  GBP consistency|T16|p0.6|R1.0: 27.5s net/day -50.83 robust_c80=fail fail (pass impossible after 1550 runs), 1550 failures
  GBP standard|T16|p0.6|R1.0: 26.2s net/day -50.83 robust_c80=fail fail (pass impossible after 1550 runs), 1550 failures
  GBP consistency|T1|p0.4|R1.0: 5.4s net/day -49.20 robust_c80=fail fail (pass impossible after 1550 runs), 1550 failures
  GBP standard|T1|p0.4|R1.0: 4.4s net/day -49.20 robust_c80=fail fail (pass impossible after 1550 runs), 1550 failures
  GBP consistency|T2|p0.45|R1.0: 5.6s net/day -48.79 robust_c80=fail fail (pass impossible after 1550 runs), 1550 failures
  GBP standard|T2|p0.45|R1.0: 6.2s net/day -48.79 robust_c80=fail fail (pass impossible after 1550 runs), 1550 failures
  GBP consistency|T4|p0.4|R1.5: 8.8s net/day -47.82 robust_c80=fail fail (pass impossible after 1550 runs), 1550 failures
  GBP standard|T4|p0.4|R1.5: 8.7s net/day -47.82 robust_c80=fail fail (pass impossible after 1550 runs), 1550 failures
  GBP consistency|T4|p0.5|R1.0: 9.1s net/day -47.82 robust_c80=fail fail (pass impossible after 1550 runs), 1550 failures
  GBP standard|T4|p0.5|R1.0: 9.3s net/day -47.82 robust_c80=fail fail (pass impossible after 1550 runs), 1550 failures
  GBP consistency|T8|p0.55|R1.0: 15.9s net/day -45.98 robust_c80=fail fail (pass impossible after 1550 runs), 1550 failures
  GBP standard|T8|p0.55|R1.0: 17.9s net/day -45.98 robust_c80=fail fail (pass impossible after 1550 runs), 1550 failures
  GBP consistency|T8|p0.45|R1.5: 15.3s net/day -44.95 robust_c80=fail fail (pass impossible after 1550 runs), 1550 failures
  GBP standard|T8|p0.45|R1.5: 15.8s net/day -44.95 robust_c80=fail fail (pass impossible after 1550 runs), 1550 failures
  GBP consistency|T1|p0.5|R0.75: 4.7s net/day -38.84 robust_c80=fail fail (pass impossible after 1550 runs), 1550 failures
  GBP standard|T1|p0.5|R0.75: 4.8s net/day -38.84 robust_c80=fail fail (pass impossible after 1550 runs), 1550 failures
  GBP consistency|T2|p0.55|R0.75: 6.2s net/day -34.65 robust_c80=fail fail (pass impossible after 1550 runs), 1550 failures
  GBP standard|T2|p0.55|R0.75: 6.1s net/day -34.65 robust_c80=fail fail (pass impossible after 1550 runs), 1550 failures
  GBP consistency|T1|p0.45|R1.0: 4.9s net/day -30.58 robust_c80=fail fail (pass impossible after 1550 runs), 1550 failures
  GBP standard|T1|p0.45|R1.0: 4.4s net/day -30.58 robust_c80=fail fail (pass impossible after 1550 runs), 1550 failures
  GBP consistency|T4|p0.6|R0.75: 9.2s net/day -27.67 robust_c80=fail fail (pass impossible after 1550 runs), 1549 failures
  GBP standard|T4|p0.6|R0.75: 9.5s net/day -27.67 robust_c80=fail fail (pass impossible after 1550 runs), 1550 failures
  GBP consistency|T8|p0.4|R2.0: 15.7s net/day -25.35 robust_c80=fail fail (pass impossible after 1550 runs), 1549 failures
  GBP standard|T8|p0.4|R2.0: 16.6s net/day -25.35 robust_c80=fail fail (pass impossible after 1550 runs), 1550 failures
  GBP consistency|T2|p0.4|R1.5: 6.8s net/day -23.86 robust_c80=fail fail (pass impossible after 1550 runs), 1548 failures
  GBP standard|T2|p0.4|R1.5: 5.9s net/day -23.86 robust_c80=fail fail (pass impossible after 1550 runs), 1550 failures
  GBP consistency|T2|p0.5|R1.0: 6.5s net/day -23.86 robust_c80=fail fail (pass impossible after 1550 runs), 1550 failures
  GBP standard|T2|p0.5|R1.0: 6.1s net/day -23.86 robust_c80=fail fail (pass impossible after 1550 runs), 1550 failures
  GBP consistency|T8|p0.575|R1.0: 18.6s net/day -21.08 robust_c80=fail fail (pass impossible after 1550 runs), 1549 failures
  GBP standard|T8|p0.575|R1.0: 16.6s net/day -21.08 robust_c80=fail fail (pass impossible after 1550 runs), 1550 failures
  GBP consistency|T1|p0.55|R0.75: 4.8s net/day -20.02 robust_c80=fail fail (pass impossible after 1550 runs), 1546 failures
  GBP standard|T1|p0.55|R0.75: 4.1s net/day -20.02 robust_c80=fail fail (pass impossible after 1550 runs), 1550 failures
  GBP consistency|T8|p0.475|R1.5: 15.8s net/day -19.53 robust_c80=fail fail (pass impossible after 1550 runs), 1547 failures
  GBP standard|T8|p0.475|R1.5: 18.4s net/day -19.53 robust_c80=fail fail (pass impossible after 1550 runs), 1550 failures
  GBP consistency|T4|p0.55|R1.0: 9.3s net/day -12.92 robust_c80=fail fail (pass impossible after 1550 runs), 1543 failures
  GBP standard|T4|p0.55|R1.0: 10.0s net/day -12.92 robust_c80=fail fail (pass impossible after 1550 runs), 1550 failures
  GBP consistency|T4|p0.45|R1.5: 8.4s net/day -12.20 robust_c80=fail fail (pass impossible after 1550 runs), 1544 failures
  GBP standard|T4|p0.45|R1.5: 9.9s net/day -12.20 robust_c80=fail fail (pass impossible after 1550 runs), 1550 failures
  GBP consistency|T1|p0.4|R1.5: 5.7s net/day -11.96 robust_c80=fail fail (pass impossible after 1550 runs), 1543 failures
  GBP standard|T1|p0.4|R1.5: 5.0s net/day -11.96 robust_c80=fail fail (pass impossible after 1550 runs), 1550 failures
  GBP consistency|T1|p0.5|R1.0: 5.1s net/day -11.96 robust_c80=fail fail (pass impossible after 1550 runs), 1539 failures
  GBP standard|T1|p0.5|R1.0: 5.6s net/day -11.96 robust_c80=fail fail (pass impossible after 1550 runs), 1550 failures
  GBP consistency|T2|p0.6|R0.75: 6.2s net/day -9.47 robust_c80=fail fail (pass impossible after 1550 runs), 1539 failures
  GBP standard|T2|p0.6|R0.75: 5.3s net/day -9.47 robust_c80=fail fail (pass impossible after 1550 runs), 1549 failures
  GBP consistency|T1|p0.6|R0.75: 6.1s net/day -1.21 robust_c80=fail fail (pass impossible after 1600 runs), 1570 failures
  GBP standard|T1|p0.6|R0.75: 6.0s net/day -1.21 robust_c80=fail fail (pass impossible after 1550 runs), 1546 failures
  GBP consistency|T2|p0.55|R1.0: 7.1s net/day 1.07 robust_c80=fail fail (pass impossible after 1600 runs), 1572 failures
  GBP standard|T2|p0.55|R1.0: 6.2s net/day 1.07 robust_c80=fail fail (pass impossible after 1550 runs), 1541 failures
  GBP consistency|T8|p0.425|R2.0: 19.4s net/day 1.07 robust_c80=fail fail (pass impossible after 1600 runs), 1549 failures
  GBP standard|T8|p0.425|R2.0: 19.5s net/day 1.07 robust_c80=fail fail (pass impossible after 1550 runs), 1536 failures
  GBP consistency|T4|p0.4|R2.0: 11.5s net/day 1.54 robust_c80=fail fail (pass impossible after 1600 runs), 1552 failures
  GBP standard|T4|p0.4|R2.0: 10.0s net/day 1.54 robust_c80=fail fail (pass impossible after 1550 runs), 1542 failures
  GBP consistency|T2|p0.45|R1.5: 7.3s net/day 1.58 robust_c80=fail fail (pass impossible after 1600 runs), 1563 failures
  GBP standard|T2|p0.45|R1.5: 7.1s net/day 1.58 robust_c80=fail fail (pass impossible after 1550 runs), 1540 failures
  GBP consistency|T8|p0.6|R1.0: 23.8s net/day 3.83 robust_c80=fail fail (pass impossible after 1650 runs), 1579 failures
  GBP standard|T8|p0.6|R1.0: 22.7s net/day 3.83 robust_c80=fail fail (pass impossible after 1550 runs), 1534 failures
  GBP consistency|T8|p0.5|R1.5: 25.1s net/day 5.89 robust_c80=fail fail (pass impossible after 1650 runs), 1558 failures
  GBP standard|T8|p0.5|R1.5: 25.8s net/day 5.89 robust_c80=fail fail (pass impossible after 1600 runs), 1576 failures
  GBP consistency|T1|p0.55|R1.0: 9.2s net/day 6.66 robust_c80=fail fail (pass impossible after 1650 runs), 1559 failures
  GBP standard|T1|p0.55|R1.0: 7.8s net/day 6.66 robust_c80=fail fail (pass impossible after 1600 runs), 1579 failures
  GBP consistency|T1|p0.45|R1.5: 8.0s net/day 7.05 robust_c80=fail fail (pass impossible after 1650 runs), 1557 failures
  GBP standard|T1|p0.45|R1.5: 7.6s net/day 7.05 robust_c80=fail fail (pass impossible after 1600 runs), 1579 failures
  GBP consistency|T4|p0.58|R1.0: 14.0s net/day 8.02 robust_c80=fail fail (pass impossible after 1650 runs), 1572 failures
  GBP standard|T4|p0.58|R1.0: 11.5s net/day 8.02 robust_c80=fail fail (pass impossible after 1550 runs), 1537 failures
  GBP consistency|T4|p0.48|R1.5: 16.5s net/day 9.17 robust_c80=fail fail (pass impossible after 1650 runs), 1552 failures
  GBP standard|T4|p0.48|R1.5: 14.1s net/day 9.17 robust_c80=fail fail (pass impossible after 1600 runs), 1572 failures
  GBP consistency|T2|p0.4|R2.0: 12.6s net/day 11.39 robust_c80=fail fail (pass impossible after 1700 runs), 1550 failures
  GBP standard|T2|p0.4|R2.0: 10.3s net/day 11.39 robust_c80=fail fail (pass impossible after 1600 runs), 1572 failures
  GBP consistency|T1|p0.4|R2.0: 9.2s net/day 14.38 robust_c80=fail fail (pass impossible after 1750 runs), 1555 failures
  GBP standard|T1|p0.4|R2.0: 7.7s net/day 14.38 robust_c80=fail fail (pass impossible after 1600 runs), 1555 failures
  GBP consistency|T4|p0.66|R0.75: 16.0s net/day 14.65 robust_c80=fail fail (pass impossible after 1700 runs), 1537 failures
  GBP standard|T4|p0.66|R0.75: 15.5s net/day 14.65 robust_c80=fail fail (pass impossible after 1600 runs), 1562 failures
  GBP consistency|T4|p0.59|R1.0: 18.5s net/day 15.00 robust_c80=fail fail (pass impossible after 1750 runs), 1572 failures
  GBP standard|T4|p0.59|R1.0: 13.8s net/day 15.00 robust_c80=fail fail (pass impossible after 1600 runs), 1558 failures
  GBP consistency|T4|p0.49|R1.5: 17.5s net/day 16.30 robust_c80=fail fail (pass impossible after 1800 runs), 1572 failures
  GBP standard|T4|p0.49|R1.5: 13.7s net/day 16.30 robust_c80=fail fail (pass impossible after 1600 runs), 1549 failures
  GBP consistency|T4|p0.42|R2.0: 14.6s net/day 16.35 robust_c80=fail fail (pass impossible after 1800 runs), 1571 failures
  GBP standard|T4|p0.42|R2.0: 13.4s net/day 16.35 robust_c80=fail fail (pass impossible after 1600 runs), 1552 failures
  GBP consistency|T4|p0.6|R1.0: 22.4s net/day 21.98 robust_c80=fail fail (pass impossible after 1950 runs), 1562 failures
  GBP standard|T4|p0.6|R1.0: 19.2s net/day 21.98 robust_c80=fail fail (pass impossible after 1650 runs), 1553 failures
  GBP consistency|T4|p0.46|R1.75: 22.5s net/day 22.10 robust_c80=fail fail (pass impossible after 1950 runs), 1549 failures
  GBP standard|T4|p0.46|R1.75: 19.1s net/day 22.10 robust_c80=fail fail (pass impossible after 1650 runs), 1550 failures
  GBP consistency|T4|p0.5|R1.5: 24.0s net/day 23.42 robust_c80=fail fail (pass impossible after 2000 runs), 1545 failures
  GBP standard|T4|p0.5|R1.5: 17.7s net/day 23.42 robust_c80=fail fail (pass impossible after 1650 runs), 1550 failures
  GBP consistency|T4|p0.43|R2.0: 24.9s net/day 23.75 robust_c80=fail fail (pass impossible after 2000 runs), 1558 failures
  GBP standard|T4|p0.43|R2.0: 16.6s net/day 23.75 robust_c80=fail fail (pass impossible after 1650 runs), 1552 failures
  GBP consistency|T1|p0.6|R1.0: 8.5s net/day 25.28 robust_c80=fail fail (pass impossible after 2100 runs), 1534 failures
  GBP standard|T1|p0.6|R1.0: 7.1s net/day 25.28 robust_c80=fail fail (pass impossible after 1700 runs), 1538 failures
  GBP consistency|T2|p0.6|R1.0: 14.1s net/day 25.99 robust_c80=fail fail (pass impossible after 2150 runs), 1556 failures
  GBP standard|T2|p0.6|R1.0: 10.1s net/day 25.99 robust_c80=fail fail (pass impossible after 1700 runs), 1553 failures
  GBP consistency|T1|p0.5|R1.5: 10.6s net/day 26.05 robust_c80=fail fail (pass impossible after 2200 runs), 1558 failures
  GBP standard|T1|p0.5|R1.5: 7.8s net/day 26.05 robust_c80=fail fail (pass impossible after 1700 runs), 1543 failures
  GBP consistency|T2|p0.5|R1.5: 13.9s net/day 27.02 robust_c80=fail fail (pass impossible after 2200 runs), 1537 failures
  GBP standard|T2|p0.5|R1.5: 9.9s net/day 27.02 robust_c80=fail fail (pass impossible after 1700 runs), 1533 failures
  GBP consistency|T8|p0.45|R2.0: 45.9s net/day 27.49 robust_c80=fail fail (pass impossible after 2200 runs), 1542 failures
  GBP standard|T8|p0.45|R2.0: 34.2s net/day 27.49 robust_c80=fail fail (pass impossible after 1700 runs), 1551 failures
  GBP consistency|T4|p0.68|R0.75: 24.4s net/day 28.75 robust_c80=fail fail (pass impossible after 2250 runs), 1536 failures
  GBP standard|T4|p0.68|R0.75: 19.5s net/day 28.75 robust_c80=fail fail (pass impossible after 1750 runs), 1577 failures
  GBP consistency|T4|p0.44|R2.0: 29.8s net/day 31.16 robust_c80=fail fail (pass impossible after 2450 runs), 1542 failures
  GBP standard|T4|p0.44|R2.0: 17.2s net/day 31.16 robust_c80=fail fail (pass impossible after 1750 runs), 1542 failures
  GBP consistency|T1|p0.45|R2.0: 17.6s net/day 34.13 robust_c80=fail fail (pass impossible after 2750 runs), 1543 failures
  GBP standard|T1|p0.45|R2.0: 8.3s net/day 34.13 robust_c80=fail fail (pass impossible after 1900 runs), 1570 failures
  GBP consistency|T2|p0.62|R1.0: 22.7s net/day 35.97 robust_c80=fail fail (pass impossible after 2900 runs), 1542 failures
  GBP standard|T2|p0.62|R1.0: 14.7s net/day 35.97 robust_c80=fail fail (pass impossible after 1950 runs), 1561 failures
  GBP consistency|T4|p0.48|R1.75: 41.0s net/day 36.61 robust_c80=fail fail (pass impossible after 3000 runs), 1545 failures
  GBP standard|T4|p0.48|R1.75: 20.3s net/day 36.61 robust_c80=fail fail (pass impossible after 1900 runs), 1553 failures
  GBP consistency|T2|p0.52|R1.5: 30.3s net/day 37.20 robust_c80=fail fail (pass impossible after 3150 runs), 1538 failures
  GBP standard|T2|p0.52|R1.5: 14.3s net/day 37.20 robust_c80=fail fail (pass impossible after 2000 runs), 1569 failures
  GBP consistency|T2|p0.45|R2.0: 26.6s net/day 37.83 robust_c80=fail fail (pass impossible after 3250 runs), 1548 failures
  GBP standard|T2|p0.45|R2.0: 15.9s net/day 37.83 robust_c80=fail fail (pass impossible after 2000 runs), 1563 failures
  GBP consistency|T4|p0.45|R2.0: 43.3s net/day 38.56 robust_c80=fail fail (pass impossible after 3300 runs), 1532 failures
  GBP standard|T4|p0.45|R2.0: 22.9s net/day 38.56 robust_c80=fail fail (pass impossible after 1950 runs), 1539 failures
  GBP consistency|T1|p0.47|R2.0: 21.5s net/day 42.03 robust_c80=fail fail (pass impossible after 3900 runs), 1545 failures
  GBP standard|T1|p0.47|R2.0: 9.4s net/day 42.03 robust_c80=fail fail (pass impossible after 2150 runs), 1532 failures
  GBP consistency|T2|p0.53|R1.5: 37.4s net/day 42.29 robust_c80=fail fail (pass impossible after 4150 runs), 1543 failures
  GBP standard|T2|p0.53|R1.5: 19.9s net/day 42.29 robust_c80=fail fail (pass impossible after 2250 runs), 1555 failures
  GBP consistency|T1|p0.65|R1.0: 28.2s net/day 43.91 robust_c80=fail fail (pass impossible after 4300 runs), 1540 failures
  GBP standard|T1|p0.65|R1.0: 13.9s net/day 43.91 robust_c80=fail fail (pass impossible after 2400 runs), 1550 failures
  GBP consistency|T1|p0.55|R1.5: 35.0s net/day 45.06 robust_c80=fail fail (pass impossible after 4800 runs), 1534 failures
  GBP standard|T1|p0.55|R1.5: 14.8s net/day 45.06 robust_c80=fail fail (pass impossible after 2400 runs), 1540 failures
  GBP consistency|T1|p0.48|R2.0: 36.8s net/day 45.98 robust_c80=fail fail (pass impossible after 4900 runs), 1545 failures
  GBP standard|T1|p0.48|R2.0: 15.3s net/day 45.98 robust_c80=fail fail (pass impossible after 2400 runs), 1535 failures
  GBP consistency|T2|p0.5|R1.75: 51.7s net/day 46.80 robust_c80=fail fail (pass impossible after 5300 runs), 1533 failures
  GBP standard|T2|p0.5|R1.75: 21.1s net/day 46.80 robust_c80=fail fail (pass impossible after 2500 runs), 1559 failures
  GBP consistency|T2|p0.54|R1.5: 51.7s net/day 47.38 robust_c80=fail fail (pass impossible after 5500 runs), 1532 failures
  GBP standard|T2|p0.54|R1.5: 23.2s net/day 47.38 robust_c80=fail fail (pass impossible after 2600 runs), 1557 failures
  GBP consistency|T2|p0.47|R2.0: 47.8s net/day 48.41 robust_c80=fail fail (pass impossible after 5600 runs), 1537 failures
  GBP standard|T2|p0.47|R2.0: 18.1s net/day 48.41 robust_c80=fail fail (pass impossible after 2600 runs), 1557 failures
  GBP consistency|T1|p0.52|R1.75: 35.4s net/day 48.57 robust_c80=fail fail (pass impossible after 5800 runs), 1544 failures
  GBP standard|T1|p0.52|R1.75: 17.7s net/day 48.57 robust_c80=fail fail (pass impossible after 2600 runs), 1546 failures
  GBP consistency|T1|p0.56|R1.5: 38.0s net/day 48.86 robust_c80=fail fail (pass impossible after 6000 runs), 1541 failures
  GBP standard|T1|p0.56|R1.5: 12.9s net/day 48.86 robust_c80=fail fail (pass impossible after 2700 runs), 1549 failures
  GBP consistency|T1|p0.49|R2.0: 48.4s net/day 49.93 robust_c80=fail fail (pass impossible after 6050 runs), 1532 failures
  GBP standard|T1|p0.49|R2.0: 16.0s net/day 49.93 robust_c80=fail fail (pass impossible after 2700 runs), 1545 failures
  GBP consistency|T2|p0.65|R1.0: 71.1s net/day 50.92 robust_c80=fail fail (pass impossible after 7200 runs), 1536 failures
  GBP standard|T2|p0.65|R1.0: 25.3s net/day 50.92 robust_c80=fail fail (pass impossible after 3100 runs), 1552 failures
  GBP consistency|T2|p0.55|R1.5: 73.3s net/day 52.46 robust_c80=pass (0.8111)
  GBP standard|T2|p0.55|R1.5: 27.2s net/day 52.46 robust_c80=fail fail (pass impossible after 3100 runs), 1536 failures
