CAD null comparison sample standard: 31s
  CAD standard|T32|p0.45|R1.5: 71.9s net/day -256.40 robust_c80=fail fail (pass impossible after 1550 runs), 1550 failures
  CAD standard|T32|p0.4|R2.0: 70.8s net/day -230.04 robust_c80=fail fail (pass impossible after 1550 runs), 1550 failures
  CAD standard|T32|p0.475|R1.5: 73.2s net/day -222.22 robust_c80=fail fail (pass impossible after 1550 runs), 1550 failures
  CAD standard|T32|p0.425|R2.0: 71.3s net/day -194.52 robust_c80=fail fail (pass impossible after 1550 runs), 1550 failures
CAD null comparison sample consistency: 27s
  CAD consistency|T4|p0.4|R0.75: 13.2s net/day -123.95 robust_c80=fail fail (pass impossible after 1550 runs), 1550 failures
  CAD standard|T4|p0.4|R0.75: 10.2s net/day -123.95 robust_c80=fail fail (pass impossible after 1550 runs), 1550 failures
  CAD consistency|T16|p0.55|R1.0: 38.8s net/day -116.58 robust_c80=fail fail (pass impossible after 1550 runs), 1550 failures
  CAD standard|T16|p0.55|R1.0: 34.8s net/day -116.58 robust_c80=fail fail (pass impossible after 1550 runs), 1550 failures
  CAD consistency|T16|p0.45|R1.5: 37.2s net/day -115.64 robust_c80=fail fail (pass impossible after 1550 runs), 1550 failures
  CAD standard|T16|p0.45|R1.5: 37.0s net/day -115.64 robust_c80=fail fail (pass impossible after 1550 runs), 1550 failures
  CAD consistency|T4|p0.45|R0.75: 10.6s net/day -99.56 robust_c80=fail fail (pass impossible after 1550 runs), 1550 failures
  CAD standard|T4|p0.45|R0.75: 13.9s net/day -99.56 robust_c80=fail fail (pass impossible after 1550 runs), 1550 failures
  CAD consistency|T16|p0.4|R2.0: 42.9s net/day -97.66 robust_c80=fail fail (pass impossible after 1550 runs), 1550 failures
  CAD standard|T16|p0.4|R2.0: 42.1s net/day -97.66 robust_c80=fail fail (pass impossible after 1550 runs), 1550 failures
  CAD consistency|T16|p0.475|R1.5: 43.8s net/day -92.33 robust_c80=fail fail (pass impossible after 1550 runs), 1550 failures
  CAD standard|T16|p0.475|R1.5: 38.1s net/day -92.33 robust_c80=fail fail (pass impossible after 1550 runs), 1550 failures
  CAD consistency|T4|p0.4|R1.0: 12.0s net/day -88.61 robust_c80=fail fail (pass impossible after 1550 runs), 1550 failures
  CAD standard|T4|p0.4|R1.0: 10.7s net/day -88.61 robust_c80=fail fail (pass impossible after 1550 runs), 1550 failures
  CAD consistency|T2|p0.4|R0.75: 8.4s net/day -77.87 robust_c80=fail fail (pass impossible after 1550 runs), 1550 failures
  CAD standard|T2|p0.4|R0.75: 9.8s net/day -77.87 robust_c80=fail fail (pass impossible after 1550 runs), 1550 failures
  CAD consistency|T4|p0.5|R0.75: 13.2s net/day -75.18 robust_c80=fail fail (pass impossible after 1550 runs), 1550 failures
  CAD standard|T4|p0.5|R0.75: 13.6s net/day -75.18 robust_c80=fail fail (pass impossible after 1550 runs), 1550 failures
  CAD consistency|T16|p0.425|R2.0: 29.8s net/day -73.44 robust_c80=fail fail (pass impossible after 1550 runs), 1550 failures
  CAD standard|T16|p0.425|R2.0: 36.7s net/day -73.44 robust_c80=fail fail (pass impossible after 1550 runs), 1550 failures
  CAD consistency|T16|p0.6|R1.0: 38.6s net/day -70.91 robust_c80=fail fail (pass impossible after 1550 runs), 1550 failures
  CAD standard|T16|p0.6|R1.0: 38.3s net/day -70.91 robust_c80=fail fail (pass impossible after 1550 runs), 1550 failures
  CAD consistency|T4|p0.45|R1.0: 12.6s net/day -64.48 robust_c80=fail fail (pass impossible after 1550 runs), 1550 failures
  CAD standard|T4|p0.45|R1.0: 12.6s net/day -64.48 robust_c80=fail fail (pass impossible after 1550 runs), 1550 failures
  CAD consistency|T2|p0.45|R0.75: 8.6s net/day -61.07 robust_c80=fail fail (pass impossible after 1550 runs), 1550 failures
  CAD standard|T2|p0.45|R0.75: 8.7s net/day -61.07 robust_c80=fail fail (pass impossible after 1550 runs), 1550 failures
  CAD consistency|T2|p0.4|R1.0: 7.9s net/day -53.52 robust_c80=fail fail (pass impossible after 1550 runs), 1550 failures
  CAD standard|T2|p0.4|R1.0: 6.9s net/day -53.52 robust_c80=fail fail (pass impossible after 1550 runs), 1550 failures
  CAD consistency|T1|p0.4|R0.75: 5.8s net/day -51.67 robust_c80=fail fail (pass impossible after 1550 runs), 1550 failures
  CAD standard|T1|p0.4|R0.75: 7.1s net/day -51.67 robust_c80=fail fail (pass impossible after 1550 runs), 1550 failures
  CAD consistency|T4|p0.55|R0.75: 12.7s net/day -50.79 robust_c80=fail fail (pass impossible after 1550 runs), 1550 failures
  CAD standard|T4|p0.55|R0.75: 13.6s net/day -50.79 robust_c80=fail fail (pass impossible after 1550 runs), 1550 failures
  CAD consistency|T8|p0.55|R1.0: 22.5s net/day -47.88 robust_c80=fail fail (pass impossible after 1550 runs), 1550 failures
  CAD standard|T8|p0.55|R1.0: 23.4s net/day -47.88 robust_c80=fail fail (pass impossible after 1550 runs), 1550 failures
  CAD consistency|T8|p0.45|R1.5: 23.1s net/day -47.20 robust_c80=fail fail (pass impossible after 1550 runs), 1550 failures
  CAD standard|T8|p0.45|R1.5: 22.2s net/day -47.20 robust_c80=fail fail (pass impossible after 1550 runs), 1550 failures
  CAD consistency|T2|p0.5|R0.75: 8.1s net/day -44.26 robust_c80=fail fail (pass impossible after 1550 runs), 1550 failures
  CAD standard|T2|p0.5|R0.75: 10.1s net/day -44.26 robust_c80=fail fail (pass impossible after 1550 runs), 1550 failures
  CAD consistency|T4|p0.4|R1.5: 12.5s net/day -40.34 robust_c80=fail fail (pass impossible after 1550 runs), 1550 failures
  CAD standard|T4|p0.4|R1.5: 11.7s net/day -40.34 robust_c80=fail fail (pass impossible after 1550 runs), 1550 failures
  CAD consistency|T4|p0.5|R1.0: 13.2s net/day -40.34 robust_c80=fail fail (pass impossible after 1550 runs), 1550 failures
  CAD standard|T4|p0.5|R1.0: 14.2s net/day -40.34 robust_c80=fail fail (pass impossible after 1550 runs), 1550 failures
  CAD consistency|T1|p0.45|R0.75: 6.7s net/day -39.52 robust_c80=fail fail (pass impossible after 1550 runs), 1550 failures
  CAD standard|T1|p0.45|R0.75: 6.3s net/day -39.52 robust_c80=fail fail (pass impossible after 1550 runs), 1550 failures
  CAD consistency|T2|p0.45|R1.0: 8.9s net/day -36.89 robust_c80=fail fail (pass impossible after 1550 runs), 1550 failures
  CAD standard|T2|p0.45|R1.0: 7.8s net/day -36.89 robust_c80=fail fail (pass impossible after 1550 runs), 1550 failures
  CAD consistency|T8|p0.4|R2.0: 23.4s net/day -34.14 robust_c80=fail fail (pass impossible after 1550 runs), 1550 failures
  CAD standard|T8|p0.4|R2.0: 22.8s net/day -34.14 robust_c80=fail fail (pass impossible after 1550 runs), 1550 failures
  CAD consistency|T1|p0.4|R1.0: 5.9s net/day -34.06 robust_c80=fail fail (pass impossible after 1550 runs), 1550 failures
  CAD standard|T1|p0.4|R1.0: 7.2s net/day -34.06 robust_c80=fail fail (pass impossible after 1550 runs), 1550 failures
  CAD consistency|T8|p0.575|R1.0: 23.6s net/day -31.29 robust_c80=fail fail (pass impossible after 1550 runs), 1550 failures
  CAD standard|T8|p0.575|R1.0: 22.3s net/day -31.29 robust_c80=fail fail (pass impossible after 1550 runs), 1550 failures
  CAD consistency|T8|p0.475|R1.5: 24.9s net/day -30.26 robust_c80=fail fail (pass impossible after 1550 runs), 1550 failures
  CAD standard|T8|p0.475|R1.5: 21.9s net/day -30.26 robust_c80=fail fail (pass impossible after 1550 runs), 1550 failures
  CAD consistency|T2|p0.55|R0.75: 9.2s net/day -27.46 robust_c80=fail fail (pass impossible after 1550 runs), 1550 failures
  CAD standard|T2|p0.55|R0.75: 8.9s net/day -27.46 robust_c80=fail fail (pass impossible after 1550 runs), 1550 failures
  CAD consistency|T1|p0.5|R0.75: 5.9s net/day -27.36 robust_c80=fail fail (pass impossible after 1550 runs), 1550 failures
  CAD standard|T1|p0.5|R0.75: 6.6s net/day -27.36 robust_c80=fail fail (pass impossible after 1550 runs), 1550 failures
  CAD consistency|T4|p0.6|R0.75: 13.0s net/day -26.41 robust_c80=fail fail (pass impossible after 1550 runs), 1550 failures
  CAD standard|T4|p0.6|R0.75: 12.6s net/day -26.41 robust_c80=fail fail (pass impossible after 1550 runs), 1550 failures
  CAD consistency|T1|p0.45|R1.0: 6.8s net/day -22.03 robust_c80=fail fail (pass impossible after 1550 runs), 1550 failures
  CAD standard|T1|p0.45|R1.0: 6.7s net/day -22.03 robust_c80=fail fail (pass impossible after 1550 runs), 1550 failures
  CAD consistency|T2|p0.4|R1.5: 8.8s net/day -20.26 robust_c80=fail fail (pass impossible after 1550 runs), 1550 failures
  CAD standard|T2|p0.4|R1.5: 9.5s net/day -20.26 robust_c80=fail fail (pass impossible after 1550 runs), 1550 failures
  CAD consistency|T2|p0.5|R1.0: 9.4s net/day -20.26 robust_c80=fail fail (pass impossible after 1550 runs), 1550 failures
  CAD standard|T2|p0.5|R1.0: 8.8s net/day -20.26 robust_c80=fail fail (pass impossible after 1550 runs), 1550 failures
  CAD consistency|T8|p0.425|R2.0: 24.0s net/day -16.54 robust_c80=fail fail (pass impossible after 1550 runs), 1549 failures
  CAD standard|T8|p0.425|R2.0: 24.1s net/day -16.54 robust_c80=fail fail (pass impossible after 1550 runs), 1550 failures
  CAD consistency|T4|p0.55|R1.0: 13.6s net/day -16.21 robust_c80=fail fail (pass impossible after 1550 runs), 1550 failures
  CAD standard|T4|p0.55|R1.0: 13.4s net/day -16.21 robust_c80=fail fail (pass impossible after 1550 runs), 1550 failures
  CAD consistency|T4|p0.45|R1.5: 13.9s net/day -15.71 robust_c80=fail fail (pass impossible after 1550 runs), 1550 failures
  CAD standard|T4|p0.45|R1.5: 13.2s net/day -15.71 robust_c80=fail fail (pass impossible after 1550 runs), 1550 failures
  CAD consistency|T1|p0.55|R0.75: 6.6s net/day -15.21 robust_c80=fail fail (pass impossible after 1550 runs), 1550 failures
  CAD standard|T1|p0.55|R0.75: 5.7s net/day -15.21 robust_c80=fail fail (pass impossible after 1550 runs), 1550 failures
  CAD consistency|T8|p0.6|R1.0: 23.5s net/day -14.69 robust_c80=fail fail (pass impossible after 1550 runs), 1550 failures
  CAD standard|T8|p0.6|R1.0: 23.7s net/day -14.69 robust_c80=fail fail (pass impossible after 1550 runs), 1550 failures
  CAD consistency|T8|p0.5|R1.5: 23.5s net/day -13.33 robust_c80=fail fail (pass impossible after 1550 runs), 1550 failures
  CAD standard|T8|p0.5|R1.5: 24.4s net/day -13.33 robust_c80=fail fail (pass impossible after 1550 runs), 1550 failures
  CAD consistency|T2|p0.6|R0.75: 8.6s net/day -10.66 robust_c80=fail fail (pass impossible after 1550 runs), 1550 failures
  CAD standard|T2|p0.6|R0.75: 9.7s net/day -10.66 robust_c80=fail fail (pass impossible after 1550 runs), 1550 failures
  CAD consistency|T1|p0.4|R1.5: 7.2s net/day -10.00 robust_c80=fail fail (pass impossible after 1550 runs), 1549 failures
  CAD standard|T1|p0.4|R1.5: 6.7s net/day -10.00 robust_c80=fail fail (pass impossible after 1550 runs), 1550 failures
  CAD consistency|T1|p0.5|R1.0: 6.8s net/day -10.00 robust_c80=fail fail (pass impossible after 1550 runs), 1549 failures
  CAD standard|T1|p0.5|R1.0: 6.4s net/day -10.00 robust_c80=fail fail (pass impossible after 1550 runs), 1550 failures
  CAD consistency|T4|p0.4|R2.0: 12.7s net/day -6.21 robust_c80=fail fail (pass impossible after 1550 runs), 1548 failures
  CAD standard|T4|p0.4|R2.0: 13.3s net/day -6.21 robust_c80=fail fail (pass impossible after 1550 runs), 1550 failures
  CAD consistency|T2|p0.55|R1.0: 9.7s net/day -3.63 robust_c80=fail fail (pass impossible after 1550 runs), 1550 failures
  CAD standard|T2|p0.55|R1.0: 8.4s net/day -3.63 robust_c80=fail fail (pass impossible after 1550 runs), 1550 failures
  CAD consistency|T2|p0.45|R1.5: 10.0s net/day -3.28 robust_c80=fail fail (pass impossible after 1550 runs), 1549 failures
  CAD standard|T2|p0.45|R1.5: 9.7s net/day -3.28 robust_c80=fail fail (pass impossible after 1550 runs), 1550 failures
  CAD consistency|T1|p0.6|R0.75: 7.4s net/day -3.06 robust_c80=fail fail (pass impossible after 1550 runs), 1546 failures
  CAD standard|T1|p0.6|R0.75: 7.0s net/day -3.06 robust_c80=fail fail (pass impossible after 1550 runs), 1550 failures
  CAD consistency|T4|p0.58|R1.0: 12.4s net/day -1.73 robust_c80=fail fail (pass impossible after 1550 runs), 1545 failures
  CAD standard|T4|p0.58|R1.0: 13.8s net/day -1.73 robust_c80=fail fail (pass impossible after 1550 runs), 1549 failures
  CAD consistency|T4|p0.48|R1.5: 13.7s net/day -0.93 robust_c80=fail fail (pass impossible after 1550 runs), 1539 failures
  CAD standard|T4|p0.48|R1.5: 14.9s net/day -0.93 robust_c80=fail fail (pass impossible after 1550 runs), 1550 failures
  CAD consistency|T8|p0.45|R2.0: 26.3s net/day 1.07 robust_c80=fail fail (pass impossible after 1550 runs), 1543 failures
  CAD standard|T8|p0.45|R2.0: 23.4s net/day 1.07 robust_c80=fail fail (pass impossible after 1550 runs), 1549 failures
  CAD consistency|T1|p0.55|R1.0: 8.0s net/day 2.03 robust_c80=fail fail (pass impossible after 1550 runs), 1539 failures
  CAD standard|T1|p0.55|R1.0: 7.6s net/day 2.03 robust_c80=fail fail (pass impossible after 1550 runs), 1547 failures
  CAD consistency|T1|p0.45|R1.5: 6.6s net/day 2.28 robust_c80=fail fail (pass impossible after 1550 runs), 1532 failures
  CAD standard|T1|p0.45|R1.5: 6.9s net/day 2.28 robust_c80=fail fail (pass impossible after 1550 runs), 1547 failures
  CAD consistency|T4|p0.66|R0.75: 11.9s net/day 2.85 robust_c80=fail fail (pass impossible after 1550 runs), 1544 failures
  CAD standard|T4|p0.66|R0.75: 13.5s net/day 2.85 robust_c80=fail fail (pass impossible after 1550 runs), 1550 failures
  CAD consistency|T4|p0.59|R1.0: 13.1s net/day 3.10 robust_c80=fail fail (pass impossible after 1550 runs), 1538 failures
  CAD standard|T4|p0.59|R1.0: 14.1s net/day 3.10 robust_c80=fail fail (pass impossible after 1550 runs), 1549 failures
  CAD consistency|T2|p0.4|R2.0: 9.8s net/day 3.26 robust_c80=fail fail (pass impossible after 1550 runs), 1535 failures
  CAD standard|T2|p0.4|R2.0: 10.5s net/day 3.26 robust_c80=fail fail (pass impossible after 1550 runs), 1548 failures
  CAD consistency|T4|p0.49|R1.5: 13.8s net/day 4.00 robust_c80=fail fail (pass impossible after 1600 runs), 1578 failures
  CAD standard|T4|p0.49|R1.5: 14.4s net/day 4.00 robust_c80=fail fail (pass impossible after 1550 runs), 1546 failures
  CAD consistency|T4|p0.42|R2.0: 15.0s net/day 4.03 robust_c80=fail fail (pass impossible after 1550 runs), 1536 failures
  CAD standard|T4|p0.42|R2.0: 14.3s net/day 4.03 robust_c80=fail fail (pass impossible after 1550 runs), 1547 failures
  CAD consistency|T1|p0.4|R2.0: 8.7s net/day 7.01 robust_c80=fail fail (pass impossible after 1600 runs), 1560 failures
  CAD standard|T1|p0.4|R2.0: 8.6s net/day 7.01 robust_c80=fail fail (pass impossible after 1550 runs), 1545 failures
  CAD consistency|T4|p0.6|R1.0: 15.1s net/day 7.93 robust_c80=fail fail (pass impossible after 1600 runs), 1576 failures
  CAD standard|T4|p0.6|R1.0: 14.4s net/day 7.93 robust_c80=fail fail (pass impossible after 1550 runs), 1550 failures
  CAD consistency|T4|p0.46|R1.75: 15.3s net/day 8.01 robust_c80=fail fail (pass impossible after 1600 runs), 1567 failures
  CAD standard|T4|p0.46|R1.75: 16.4s net/day 8.01 robust_c80=fail fail (pass impossible after 1550 runs), 1546 failures
  CAD consistency|T4|p0.5|R1.5: 15.6s net/day 8.92 robust_c80=fail fail (pass impossible after 1600 runs), 1557 failures
  CAD standard|T4|p0.5|R1.5: 14.4s net/day 8.92 robust_c80=fail fail (pass impossible after 1550 runs), 1544 failures
  CAD consistency|T4|p0.43|R2.0: 16.1s net/day 9.15 robust_c80=fail fail (pass impossible after 1600 runs), 1554 failures
  CAD standard|T4|p0.43|R2.0: 14.0s net/day 9.15 robust_c80=fail fail (pass impossible after 1550 runs), 1542 failures
  CAD consistency|T4|p0.68|R0.75: 16.3s net/day 12.61 robust_c80=fail fail (pass impossible after 1600 runs), 1553 failures
  CAD standard|T4|p0.68|R0.75: 15.1s net/day 12.61 robust_c80=fail fail (pass impossible after 1550 runs), 1546 failures
  CAD consistency|T2|p0.6|R1.0: 9.4s net/day 13.00 robust_c80=fail fail (pass impossible after 1600 runs), 1536 failures
  CAD standard|T2|p0.6|R1.0: 10.7s net/day 13.00 robust_c80=fail fail (pass impossible after 1550 runs), 1539 failures
  CAD consistency|T2|p0.5|R1.5: 10.5s net/day 13.69 robust_c80=fail fail (pass impossible after 1650 runs), 1569 failures
  CAD standard|T2|p0.5|R1.5: 11.9s net/day 13.69 robust_c80=fail fail (pass impossible after 1550 runs), 1533 failures
  CAD consistency|T1|p0.6|R1.0: 9.0s net/day 14.06 robust_c80=fail fail (pass impossible after 1650 runs), 1557 failures
  CAD standard|T1|p0.6|R1.0: 6.6s net/day 14.06 robust_c80=fail fail (pass impossible after 1600 runs), 1574 failures
  CAD consistency|T4|p0.44|R2.0: 18.1s net/day 14.27 robust_c80=fail fail (pass impossible after 1650 runs), 1548 failures
  CAD standard|T4|p0.44|R2.0: 15.3s net/day 14.27 robust_c80=fail fail (pass impossible after 1600 runs), 1572 failures
  CAD consistency|T1|p0.5|R1.5: 8.7s net/day 14.55 robust_c80=fail fail (pass impossible after 1650 runs), 1542 failures
  CAD standard|T1|p0.5|R1.5: 8.0s net/day 14.55 robust_c80=fail fail (pass impossible after 1600 runs), 1577 failures
  CAD consistency|T4|p0.48|R1.75: 19.6s net/day 18.04 robust_c80=fail fail (pass impossible after 1750 runs), 1552 failures
  CAD standard|T4|p0.48|R1.75: 16.4s net/day 18.04 robust_c80=fail fail (pass impossible after 1600 runs), 1558 failures
  CAD consistency|T4|p0.45|R2.0: 22.1s net/day 19.39 robust_c80=fail fail (pass impossible after 1800 runs), 1556 failures
  CAD standard|T4|p0.45|R2.0: 17.1s net/day 19.39 robust_c80=fail fail (pass impossible after 1600 runs), 1537 failures
  CAD consistency|T2|p0.62|R1.0: 13.6s net/day 19.66 robust_c80=fail fail (pass impossible after 1750 runs), 1539 failures
  CAD standard|T2|p0.62|R1.0: 12.0s net/day 19.66 robust_c80=fail fail (pass impossible after 1600 runs), 1550 failures
  CAD consistency|T1|p0.45|R2.0: 11.6s net/day 19.77 robust_c80=fail fail (pass impossible after 1800 runs), 1551 failures
  CAD standard|T1|p0.45|R2.0: 9.5s net/day 19.77 robust_c80=fail fail (pass impossible after 1650 runs), 1577 failures
  CAD consistency|T2|p0.52|R1.5: 13.7s net/day 20.48 robust_c80=fail fail (pass impossible after 1800 runs), 1552 failures
  CAD standard|T2|p0.52|R1.5: 11.4s net/day 20.48 robust_c80=fail fail (pass impossible after 1600 runs), 1547 failures
  CAD consistency|T2|p0.45|R2.0: 15.0s net/day 20.90 robust_c80=fail fail (pass impossible after 1850 runs), 1572 failures
  CAD standard|T2|p0.45|R2.0: 10.5s net/day 20.90 robust_c80=fail fail (pass impossible after 1600 runs), 1535 failures
  CAD consistency|T2|p0.53|R1.5: 17.0s net/day 23.88 robust_c80=fail fail (pass impossible after 1950 runs), 1541 failures
  CAD standard|T2|p0.53|R1.5: 10.4s net/day 23.88 robust_c80=fail fail (pass impossible after 1650 runs), 1539 failures
  CAD consistency|T1|p0.47|R2.0: 12.6s net/day 24.87 robust_c80=fail fail (pass impossible after 2100 runs), 1543 failures
  CAD standard|T1|p0.47|R2.0: 9.9s net/day 24.87 robust_c80=fail fail (pass impossible after 1700 runs), 1555 failures
  CAD consistency|T1|p0.65|R1.0: 11.5s net/day 26.09 robust_c80=fail fail (pass impossible after 2100 runs), 1548 failures
  CAD standard|T1|p0.65|R1.0: 10.9s net/day 26.09 robust_c80=fail fail (pass impossible after 1700 runs), 1536 failures
  CAD consistency|T1|p0.55|R1.5: 13.7s net/day 26.83 robust_c80=fail fail (pass impossible after 2250 runs), 1539 failures
  CAD standard|T1|p0.55|R1.5: 10.7s net/day 26.83 robust_c80=fail fail (pass impossible after 1800 runs), 1571 failures
  CAD consistency|T2|p0.5|R1.75: 16.7s net/day 26.89 robust_c80=fail fail (pass impossible after 2200 runs), 1551 failures
  CAD standard|T2|p0.5|R1.75: 14.5s net/day 26.89 robust_c80=fail fail (pass impossible after 1750 runs), 1567 failures
  CAD consistency|T2|p0.54|R1.5: 18.9s net/day 27.27 robust_c80=fail fail (pass impossible after 2250 runs), 1561 failures
  CAD standard|T2|p0.54|R1.5: 12.8s net/day 27.27 robust_c80=fail fail (pass impossible after 1750 runs), 1548 failures
  CAD consistency|T1|p0.48|R2.0: 15.0s net/day 27.43 robust_c80=fail fail (pass impossible after 2300 runs), 1534 failures
  CAD standard|T1|p0.48|R2.0: 9.5s net/day 27.43 robust_c80=fail fail (pass impossible after 1750 runs), 1537 failures
  CAD consistency|T2|p0.47|R2.0: 20.2s net/day 27.96 robust_c80=fail fail (pass impossible after 2350 runs), 1563 failures
  CAD standard|T2|p0.47|R2.0: 14.0s net/day 27.96 robust_c80=fail fail (pass impossible after 1750 runs), 1538 failures
  CAD consistency|T1|p0.52|R1.75: 15.9s net/day 29.10 robust_c80=fail fail (pass impossible after 2500 runs), 1535 failures
  CAD standard|T1|p0.52|R1.75: 10.2s net/day 29.10 robust_c80=fail fail (pass impossible after 1850 runs), 1556 failures
  CAD consistency|T1|p0.56|R1.5: 13.7s net/day 29.29 robust_c80=fail fail (pass impossible after 2500 runs), 1557 failures
  CAD standard|T1|p0.56|R1.5: 9.6s net/day 29.29 robust_c80=fail fail (pass impossible after 1850 runs), 1543 failures
  CAD consistency|T2|p0.65|R1.0: 18.1s net/day 29.64 robust_c80=fail fail (pass impossible after 2450 runs), 1542 failures
  CAD standard|T2|p0.65|R1.0: 14.4s net/day 29.64 robust_c80=fail fail (pass impossible after 1850 runs), 1534 failures
  CAD consistency|T1|p0.49|R2.0: 15.4s net/day 29.98 robust_c80=fail fail (pass impossible after 2600 runs), 1547 failures
  CAD standard|T1|p0.49|R2.0: 13.1s net/day 29.98 robust_c80=fail fail (pass impossible after 1850 runs), 1540 failures
  CAD consistency|T2|p0.55|R1.5: 24.2s net/day 30.67 robust_c80=fail fail (pass impossible after 2600 runs), 1559 failures
  CAD standard|T2|p0.55|R1.5: 16.7s net/day 30.67 robust_c80=fail fail (pass impossible after 1900 runs), 1545 failures
  CAD consistency|T2|p0.48|R2.0: 21.2s net/day 31.49 robust_c80=fail fail (pass impossible after 2700 runs), 1539 failures
  CAD standard|T2|p0.48|R2.0: 13.2s net/day 31.49 robust_c80=fail fail (pass impossible after 1950 runs), 1562 failures
  CAD consistency|T1|p0.57|R1.5: 13.8s net/day 31.74 robust_c80=fail fail (pass impossible after 2800 runs), 1540 failures
  CAD standard|T1|p0.57|R1.5: 8.4s net/day 31.74 robust_c80=fail fail (pass impossible after 1950 runs), 1543 failures
  CAD consistency|T1|p0.5|R2.0: 17.3s net/day 32.53 robust_c80=fail fail (pass impossible after 3000 runs), 1538 failures
  CAD standard|T1|p0.5|R2.0: 11.2s net/day 32.53 robust_c80=fail fail (pass impossible after 2000 runs), 1562 failures
  CAD consistency|T4|p0.55|R1.5: 39.5s net/day 33.56 robust_c80=fail fail (pass impossible after 3000 runs), 1548 failures
  CAD standard|T4|p0.55|R1.5: 25.1s net/day 33.56 robust_c80=fail fail (pass impossible after 2050 runs), 1565 failures
  CAD consistency|T1|p0.45|R2.5: 20.5s net/day 33.74 robust_c80=fail fail (pass impossible after 3150 runs), 1544 failures
  CAD standard|T1|p0.45|R2.5: 11.6s net/day 33.74 robust_c80=fail fail (pass impossible after 2050 runs), 1561 failures
  CAD consistency|T2|p0.52|R1.75: 26.5s net/day 33.80 robust_c80=fail fail (pass impossible after 3150 runs), 1541 failures
  CAD standard|T2|p0.52|R1.75: 16.2s net/day 33.80 robust_c80=fail fail (pass impossible after 2100 runs), 1545 failures
  CAD consistency|T1|p0.54|R1.75: 22.5s net/day 34.10 robust_c80=fail fail (pass impossible after 3300 runs), 1547 failures
  CAD standard|T1|p0.54|R1.75: 13.4s net/day 34.10 robust_c80=fail fail (pass impossible after 2150 runs), 1569 failures
  CAD consistency|T1|p0.58|R1.5: 17.4s net/day 34.20 robust_c80=fail fail (pass impossible after 3300 runs), 1536 failures
  CAD standard|T1|p0.58|R1.5: 12.5s net/day 34.20 robust_c80=fail fail (pass impossible after 2100 runs), 1545 failures
  CAD consistency|T2|p0.49|R2.0: 22.2s net/day 35.01 robust_c80=fail fail (pass impossible after 3400 runs), 1533 failures
  CAD standard|T2|p0.49|R2.0: 14.5s net/day 35.01 robust_c80=fail fail (pass impossible after 2150 runs), 1542 failures
  CAD consistency|T1|p0.59|R1.5: 25.8s net/day 36.65 robust_c80=fail fail (pass impossible after 3900 runs), 1542 failures
  CAD standard|T1|p0.59|R1.5: 14.6s net/day 36.65 robust_c80=fail fail (pass impossible after 2350 runs), 1552 failures
  CAD consistency|T1|p0.7|R1.0: 18.2s net/day 38.12 robust_c80=fail fail (pass impossible after 4250 runs), 1538 failures
  CAD standard|T1|p0.7|R1.0: 9.8s net/day 38.12 robust_c80=fail fail (pass impossible after 2600 runs), 1550 failures
  CAD consistency|T2|p0.5|R2.0: 29.4s net/day 38.54 robust_c80=fail fail (pass impossible after 4500 runs), 1536 failures
  CAD standard|T2|p0.5|R2.0: 15.9s net/day 38.54 robust_c80=fail fail (pass impossible after 2600 runs), 1560 failures
  CAD consistency|T1|p0.6|R1.5: 22.6s net/day 39.11 robust_c80=fail fail (pass impossible after 4850 runs), 1544 failures
  CAD standard|T1|p0.6|R1.5: 13.0s net/day 39.11 robust_c80=fail fail (pass impossible after 2650 runs), 1548 failures
  CAD consistency|T4|p0.5|R2.0: 77.1s net/day 44.99 robust_c80=fail fail (pass impossible after 7400 runs), 1536 failures
  CAD standard|T4|p0.5|R2.0: 35.9s net/day 44.99 robust_c80=fail fail (pass impossible after 3450 runs), 1547 failures
  CAD consistency|T1|p0.55|R2.0: 40.2s net/day 45.29 robust_c80=pass (0.8261)
  CAD standard|T1|p0.55|R2.0: 20.6s net/day 45.29 robust_c80=fail fail (pass impossible after 3650 runs), 1542 failures
