EUR null comparison sample consistency: 21s
  EUR consistency|T4|p0.4|R0.75: 9.8s net/day -257.84 robust_c80=fail fail (pass impossible after 1550 runs), 1550 failures
EUR null comparison sample standard: 20s
  EUR standard|T4|p0.4|R0.75: 9.8s net/day -257.84 robust_c80=fail fail (pass impossible after 1550 runs), 1550 failures
  EUR standard|T32|p0.45|R1.5: 48.5s net/day -214.70 robust_c80=fail fail (pass impossible after 1550 runs), 1550 failures
  EUR consistency|T4|p0.45|R0.75: 9.3s net/day -196.81 robust_c80=fail fail (pass impossible after 1550 runs), 1550 failures
  EUR standard|T4|p0.45|R0.75: 8.5s net/day -196.81 robust_c80=fail fail (pass impossible after 1550 runs), 1550 failures
  EUR consistency|T2|p0.4|R0.75: 6.2s net/day -175.00 robust_c80=fail fail (pass impossible after 1550 runs), 1550 failures
  EUR standard|T2|p0.4|R0.75: 6.5s net/day -175.00 robust_c80=fail fail (pass impossible after 1550 runs), 1550 failures
  EUR consistency|T4|p0.4|R1.0: 9.4s net/day -169.40 robust_c80=fail fail (pass impossible after 1550 runs), 1550 failures
  EUR standard|T4|p0.4|R1.0: 8.7s net/day -169.40 robust_c80=fail fail (pass impossible after 1550 runs), 1550 failures
  EUR standard|T32|p0.4|R2.0: 53.2s net/day -148.10 robust_c80=fail fail (pass impossible after 1550 runs), 1550 failures
  EUR consistency|T4|p0.5|R0.75: 9.0s net/day -135.78 robust_c80=fail fail (pass impossible after 1550 runs), 1550 failures
  EUR standard|T4|p0.5|R0.75: 10.1s net/day -135.78 robust_c80=fail fail (pass impossible after 1550 runs), 1550 failures
  EUR consistency|T2|p0.45|R0.75: 6.7s net/day -131.05 robust_c80=fail fail (pass impossible after 1550 runs), 1550 failures
  EUR standard|T2|p0.45|R0.75: 6.7s net/day -131.05 robust_c80=fail fail (pass impossible after 1550 runs), 1550 failures
  EUR standard|T32|p0.475|R1.5: 55.0s net/day -128.35 robust_c80=fail fail (pass impossible after 1550 runs), 1549 failures
  EUR consistency|T1|p0.4|R0.75: 4.9s net/day -122.85 robust_c80=fail fail (pass impossible after 1550 runs), 1550 failures
  EUR standard|T1|p0.4|R0.75: 4.6s net/day -122.85 robust_c80=fail fail (pass impossible after 1550 runs), 1550 failures
  EUR consistency|T2|p0.4|R1.0: 6.3s net/day -111.31 robust_c80=fail fail (pass impossible after 1550 runs), 1550 failures
  EUR standard|T2|p0.4|R1.0: 6.3s net/day -111.31 robust_c80=fail fail (pass impossible after 1550 runs), 1550 failures
  EUR consistency|T4|p0.45|R1.0: 8.3s net/day -109.00 robust_c80=fail fail (pass impossible after 1550 runs), 1550 failures
  EUR standard|T4|p0.45|R1.0: 9.0s net/day -109.00 robust_c80=fail fail (pass impossible after 1550 runs), 1550 failures
  EUR consistency|T1|p0.45|R0.75: 5.8s net/day -90.58 robust_c80=fail fail (pass impossible after 1550 runs), 1548 failures
  EUR standard|T1|p0.45|R0.75: 4.6s net/day -90.58 robust_c80=fail fail (pass impossible after 1550 runs), 1550 failures
  EUR consistency|T2|p0.5|R0.75: 7.1s net/day -87.09 robust_c80=fail fail (pass impossible after 1550 runs), 1550 failures
  EUR standard|T2|p0.5|R0.75: 5.7s net/day -87.09 robust_c80=fail fail (pass impossible after 1550 runs), 1550 failures
  EUR consistency|T1|p0.4|R1.0: 3.9s net/day -76.08 robust_c80=fail fail (pass impossible after 1550 runs), 1550 failures
  EUR standard|T1|p0.4|R1.0: 4.9s net/day -76.08 robust_c80=fail fail (pass impossible after 1550 runs), 1550 failures
  EUR consistency|T4|p0.55|R0.75: 9.8s net/day -74.76 robust_c80=fail fail (pass impossible after 1550 runs), 1549 failures
  EUR standard|T4|p0.55|R0.75: 11.0s net/day -74.76 robust_c80=fail fail (pass impossible after 1550 runs), 1550 failures
  EUR consistency|T16|p0.55|R1.0: 28.7s net/day -73.73 robust_c80=fail fail (pass impossible after 1550 runs), 1546 failures
  EUR standard|T16|p0.55|R1.0: 29.2s net/day -73.73 robust_c80=fail fail (pass impossible after 1550 runs), 1549 failures
  EUR consistency|T16|p0.45|R1.5: 29.3s net/day -71.26 robust_c80=fail fail (pass impossible after 1550 runs), 1544 failures
  EUR standard|T16|p0.45|R1.5: 30.2s net/day -71.26 robust_c80=fail fail (pass impossible after 1550 runs), 1546 failures
  EUR consistency|T2|p0.45|R1.0: 6.4s net/day -67.81 robust_c80=fail fail (pass impossible after 1550 runs), 1545 failures
  EUR standard|T2|p0.45|R1.0: 6.6s net/day -67.81 robust_c80=fail fail (pass impossible after 1550 runs), 1550 failures
  EUR standard|T32|p0.425|R2.0: 52.9s net/day -58.37 robust_c80=fail fail (pass impossible after 1550 runs), 1532 failures
  EUR consistency|T1|p0.5|R0.75: 4.3s net/day -58.30 robust_c80=fail fail (pass impossible after 1550 runs), 1539 failures
  EUR standard|T1|p0.5|R0.75: 5.3s net/day -58.30 robust_c80=fail fail (pass impossible after 1550 runs), 1548 failures
  EUR consistency|T4|p0.4|R1.5: 10.1s net/day -48.60 robust_c80=fail fail (pass impossible after 1550 runs), 1547 failures
  EUR standard|T4|p0.4|R1.5: 9.0s net/day -48.60 robust_c80=fail fail (pass impossible after 1550 runs), 1549 failures
  EUR consistency|T4|p0.5|R1.0: 9.6s net/day -48.60 robust_c80=fail fail (pass impossible after 1550 runs), 1540 failures
  EUR standard|T4|p0.5|R1.0: 8.9s net/day -48.60 robust_c80=fail fail (pass impossible after 1550 runs), 1547 failures
  EUR consistency|T1|p0.45|R1.0: 5.8s net/day -44.14 robust_c80=fail fail (pass impossible after 1600 runs), 1579 failures
  EUR standard|T1|p0.45|R1.0: 4.9s net/day -44.14 robust_c80=fail fail (pass impossible after 1550 runs), 1543 failures
  EUR consistency|T2|p0.55|R0.75: 6.4s net/day -43.14 robust_c80=fail fail (pass impossible after 1600 runs), 1576 failures
  EUR standard|T2|p0.55|R0.75: 6.4s net/day -43.14 robust_c80=fail fail (pass impossible after 1550 runs), 1545 failures
  EUR consistency|T1|p0.55|R0.75: 5.6s net/day -26.02 robust_c80=fail fail (pass impossible after 1600 runs), 1534 failures
  EUR standard|T1|p0.55|R0.75: 4.8s net/day -26.02 robust_c80=fail fail (pass impossible after 1600 runs), 1580 failures
  EUR consistency|T2|p0.4|R1.5: 7.5s net/day -24.31 robust_c80=fail fail (pass impossible after 1600 runs), 1550 failures
  EUR standard|T2|p0.4|R1.5: 6.2s net/day -24.31 robust_c80=fail fail (pass impossible after 1600 runs), 1574 failures
  EUR consistency|T2|p0.5|R1.0: 6.9s net/day -24.31 robust_c80=fail fail (pass impossible after 1600 runs), 1542 failures
  EUR standard|T2|p0.5|R1.0: 7.3s net/day -24.31 robust_c80=fail fail (pass impossible after 1550 runs), 1533 failures
  EUR consistency|T16|p0.4|R2.0: 31.1s net/day -24.11 robust_c80=fail fail (pass impossible after 1600 runs), 1546 failures
  EUR standard|T16|p0.4|R2.0: 38.2s net/day -24.11 robust_c80=fail fail (pass impossible after 1600 runs), 1573 failures
  EUR consistency|T4|p0.6|R0.75: 13.4s net/day -13.73 robust_c80=fail fail (pass impossible after 1650 runs), 1545 failures
  EUR standard|T4|p0.6|R0.75: 15.0s net/day -13.73 robust_c80=fail fail (pass impossible after 1600 runs), 1575 failures
  EUR consistency|T1|p0.4|R1.5: 7.2s net/day -12.19 robust_c80=fail fail (pass impossible after 1650 runs), 1562 failures
  EUR standard|T1|p0.4|R1.5: 7.1s net/day -12.19 robust_c80=fail fail (pass impossible after 1600 runs), 1572 failures
  EUR consistency|T1|p0.5|R1.0: 6.9s net/day -12.19 robust_c80=fail fail (pass impossible after 1650 runs), 1541 failures
  EUR standard|T1|p0.5|R1.0: 5.9s net/day -12.19 robust_c80=fail fail (pass impossible after 1600 runs), 1568 failures
  EUR consistency|T8|p0.55|R1.0: 26.1s net/day -11.08 robust_c80=fail fail (pass impossible after 1650 runs), 1539 failures
/home/kiros-li/.local/share/uv/python/cpython-3.12.13-linux-x86_64-gnu/lib/python3.12/multiprocessing/resource_tracker.py:279: UserWarning: resource_tracker: There appear to be 5 leaked semaphore objects to clean up at shutdown
  warnings.warn('resource_tracker: There appear to be %d '
  EUR standard|T8|p0.55|R1.0: 26.5s net/day -11.08 robust_c80=fail fail (pass impossible after 1600 runs), 1551 failures
  EUR consistency|T16|p0.475|R1.5: 46.1s net/day -10.12 robust_c80=fail fail (pass impossible after 1650 runs), 1548 failures
  EUR standard|T16|p0.475|R1.5: 43.6s net/day -10.12 robust_c80=fail fail (pass impossible after 1600 runs), 1549 failures
  EUR consistency|T8|p0.45|R1.5: 23.0s net/day -9.30 robust_c80=fail fail (pass impossible after 1650 runs), 1564 failures
  EUR standard|T8|p0.45|R1.5: 23.6s net/day -9.30 robust_c80=fail fail (pass impossible after 1600 runs), 1569 failures
  EUR consistency|T2|p0.6|R0.75: 10.9s net/day 0.81 robust_c80=fail fail (pass impossible after 1800 runs), 1561 failures
  EUR standard|T2|p0.6|R0.75: 9.2s net/day 0.81 robust_c80=fail fail (pass impossible after 1650 runs), 1570 failures
  EUR consistency|T1|p0.6|R0.75: 8.4s net/day 6.25 robust_c80=fail fail (pass impossible after 1850 runs), 1549 failures
  EUR standard|T1|p0.6|R0.75: 6.7s net/day 6.25 robust_c80=fail fail (pass impossible after 1650 runs), 1537 failures
  EUR consistency|T4|p0.55|R1.0: 18.1s net/day 11.80 robust_c80=fail fail (pass impossible after 1900 runs), 1556 failures
  EUR standard|T4|p0.55|R1.0: 14.0s net/day 11.80 robust_c80=fail fail (pass impossible after 1700 runs), 1566 failures
  EUR consistency|T4|p0.45|R1.5: 17.1s net/day 13.05 robust_c80=fail fail (pass impossible after 1850 runs), 1549 failures
  EUR standard|T4|p0.45|R1.5: 15.1s net/day 13.05 robust_c80=fail fail (pass impossible after 1650 runs), 1544 failures
  EUR consistency|T2|p0.55|R1.0: 13.9s net/day 19.19 robust_c80=fail fail (pass impossible after 2100 runs), 1559 failures
  EUR standard|T2|p0.55|R1.0: 10.7s net/day 19.19 robust_c80=fail fail (pass impossible after 1750 runs), 1542 failures
  EUR consistency|T1|p0.55|R1.0: 9.1s net/day 19.76 robust_c80=fail fail (pass impossible after 2100 runs), 1546 failures
  EUR standard|T1|p0.55|R1.0: 7.5s net/day 19.76 robust_c80=fail fail (pass impossible after 1750 runs), 1545 failures
  EUR consistency|T2|p0.45|R1.5: 13.9s net/day 20.09 robust_c80=fail fail (pass impossible after 2000 runs), 1565 failures
  EUR standard|T2|p0.45|R1.5: 10.4s net/day 20.09 robust_c80=fail fail (pass impossible after 1750 runs), 1563 failures
  EUR consistency|T1|p0.45|R1.5: 10.8s net/day 20.41 robust_c80=fail fail (pass impossible after 2000 runs), 1556 failures
  EUR standard|T1|p0.45|R1.5: 6.7s net/day 20.41 robust_c80=fail fail (pass impossible after 1750 runs), 1573 failures
  EUR consistency|T8|p0.4|R2.0: 34.7s net/day 24.57 robust_c80=fail fail (pass impossible after 2000 runs), 1556 failures
  EUR standard|T8|p0.4|R2.0: 27.6s net/day 24.57 robust_c80=fail fail (pass impossible after 1750 runs), 1540 failures
  EUR consistency|T8|p0.575|R1.0: 40.4s net/day 31.96 robust_c80=fail fail (pass impossible after 2350 runs), 1533 failures
  EUR standard|T8|p0.575|R1.0: 30.3s net/day 31.96 robust_c80=fail fail (pass impossible after 1950 runs), 1574 failures
  EUR consistency|T1|p0.4|R2.0: 12.4s net/day 32.99 robust_c80=fail fail (pass impossible after 2250 runs), 1567 failures
  EUR standard|T1|p0.4|R2.0: 8.0s net/day 32.99 robust_c80=fail fail (pass impossible after 1850 runs), 1533 failures
  EUR consistency|T8|p0.475|R1.5: 44.9s net/day 34.62 robust_c80=fail fail (pass impossible after 2400 runs), 1550 failures
  EUR standard|T8|p0.475|R1.5: 30.9s net/day 34.62 robust_c80=fail fail (pass impossible after 1950 runs), 1546 failures
  EUR consistency|T4|p0.4|R2.0: 26.2s net/day 36.82 robust_c80=fail fail (pass impossible after 2350 runs), 1551 failures
  EUR standard|T4|p0.4|R2.0: 18.0s net/day 36.82 robust_c80=fail fail (pass impossible after 1900 runs), 1554 failures
  EUR consistency|T2|p0.4|R2.0: 19.0s net/day 37.21 robust_c80=fail fail (pass impossible after 2400 runs), 1556 failures
  EUR standard|T2|p0.4|R2.0: 11.0s net/day 37.21 robust_c80=fail fail (pass impossible after 1950 runs), 1550 failures
  EUR consistency|T16|p0.425|R2.0: 85.0s net/day 39.44 robust_c80=fail fail (pass impossible after 2450 runs), 1540 failures
  EUR standard|T16|p0.425|R2.0: 56.7s net/day 39.44 robust_c80=fail fail (pass impossible after 2050 runs), 1560 failures
  EUR consistency|T16|p0.6|R1.0: 108.9s net/day 46.08 robust_c80=fail fail (pass impossible after 3150 runs), 1555 failures
  EUR standard|T16|p0.6|R1.0: 63.4s net/day 46.08 robust_c80=fail fail (pass impossible after 2250 runs), 1560 failures
  EUR consistency|T4|p0.58|R1.0: 40.4s net/day 48.04 robust_c80=fail fail (pass impossible after 3400 runs), 1542 failures
  EUR standard|T4|p0.58|R1.0: 19.6s net/day 48.04 robust_c80=fail fail (pass impossible after 2200 runs), 1535 failures
  EUR consistency|T4|p0.48|R1.5: 35.7s net/day 50.03 robust_c80=fail fail (pass impossible after 3200 runs), 1541 failures
  EUR standard|T4|p0.48|R1.5: 21.7s net/day 50.03 robust_c80=fail fail (pass impossible after 2250 runs), 1555 failures
  EUR consistency|T1|p0.6|R1.0: 21.4s net/day 51.70 robust_c80=fail fail (pass impossible after 3900 runs), 1535 failures
  EUR standard|T1|p0.6|R1.0: 11.2s net/day 51.70 robust_c80=fail fail (pass impossible after 2450 runs), 1533 failures
  EUR consistency|T1|p0.5|R1.5: 22.5s net/day 53.02 robust_c80=fail fail (pass impossible after 3650 runs), 1550 failures
  EUR standard|T1|p0.5|R1.5: 10.4s net/day 53.02 robust_c80=fail fail (pass impossible after 2400 runs), 1542 failures
  EUR consistency|T4|p0.66|R0.75: 60.6s net/day 59.50 robust_c80=fail fail (pass impossible after 4950 runs), 1548 failures
  EUR standard|T4|p0.66|R0.75: 27.2s net/day 59.50 robust_c80=fail fail (pass impossible after 2750 runs), 1533 failures
  EUR consistency|T4|p0.59|R1.0: 54.2s net/day 60.12 robust_c80=fail fail (pass impossible after 4700 runs), 1533 failures
  EUR standard|T4|p0.59|R1.0: 29.1s net/day 60.12 robust_c80=fail fail (pass impossible after 2700 runs), 1553 failures
  EUR consistency|T4|p0.49|R1.5: 54.8s net/day 62.36 robust_c80=fail fail (pass impossible after 4600 runs), 1544 failures
  EUR standard|T4|p0.49|R1.5: 24.2s net/day 62.36 robust_c80=fail fail (pass impossible after 2650 runs), 1542 failures
  EUR consistency|T4|p0.42|R2.0: 50.1s net/day 62.45 robust_c80=fail fail (pass impossible after 4100 runs), 1534 failures
  EUR standard|T4|p0.42|R2.0: 24.7s net/day 62.45 robust_c80=fail fail (pass impossible after 2650 runs), 1560 failures
  EUR consistency|T2|p0.6|R1.0: 40.9s net/day 62.69 robust_c80=fail fail (pass impossible after 5550 runs), 1536 failures
  EUR standard|T2|p0.6|R1.0: 19.7s net/day 62.69 robust_c80=fail fail (pass impossible after 2950 runs), 1540 failures
  EUR consistency|T2|p0.5|R1.5: 41.4s net/day 64.49 robust_c80=fail fail (pass impossible after 5000 runs), 1540 failures
  EUR standard|T2|p0.5|R1.5: 19.0s net/day 64.49 robust_c80=fail fail (pass impossible after 2950 runs), 1542 failures
  EUR consistency|T1|p0.45|R2.0: 30.9s net/day 66.87 robust_c80=fail fail (pass impossible after 4950 runs), 1540 failures
  EUR standard|T1|p0.45|R2.0: 12.2s net/day 66.87 robust_c80=fail fail (pass impossible after 2950 runs), 1546 failures
  EUR consistency|T8|p0.425|R2.0: 114.0s net/day 70.22 robust_c80=fail fail (pass impossible after 5250 runs), 1545 failures
  EUR standard|T8|p0.425|R2.0: 43.4s net/day 70.22 robust_c80=fail fail (pass impossible after 3150 runs), 1550 failures
  EUR consistency|T4|p0.6|R1.0: 89.2s net/day 72.20 robust_c80=fail fail (pass impossible after 7300 runs), 1535 failures
  EUR standard|T4|p0.6|R1.0: 31.1s net/day 72.20 robust_c80=fail fail (pass impossible after 3500 runs), 1553 failures
  EUR consistency|T4|p0.46|R1.75: 73.4s net/day 72.40 robust_c80=fail fail (pass impossible after 5950 runs), 1544 failures
  EUR standard|T4|p0.46|R1.75: 29.9s net/day 72.40 robust_c80=fail fail (pass impossible after 3250 runs), 1534 failures
  EUR consistency|T4|p0.5|R1.5: 83.8s net/day 74.69 robust_c80=fail fail (pass impossible after 6850 runs), 1540 failures
  EUR standard|T4|p0.5|R1.5: 33.2s net/day 74.69 robust_c80=fail fail (pass impossible after 3500 runs), 1537 failures
  EUR consistency|T8|p0.6|R1.0: 161.7s net/day 75.00 robust_c80=fail fail (pass impossible after 7700 runs), 1542 failures
  EUR standard|T8|p0.6|R1.0: 67.6s net/day 75.00 robust_c80=fail fail (pass impossible after 3750 runs), 1545 failures
  EUR consistency|T4|p0.43|R2.0: 65.0s net/day 75.26 robust_c80=fail fail (pass impossible after 6200 runs), 1543 failures
  EUR standard|T4|p0.43|R2.0: 26.3s net/day 75.26 robust_c80=fail fail (pass impossible after 3400 runs), 1537 failures
  EUR consistency|T8|p0.5|R1.5: 130.4s net/day 78.55 robust_c80=fail fail (pass impossible after 7450 runs), 1533 failures
  EUR standard|T8|p0.5|R1.5: 57.4s net/day 78.55 robust_c80=fail fail (pass impossible after 3950 runs), 1543 failures
  EUR consistency|T2|p0.62|R1.0: 49.4s net/day 80.09 robust_c80=pass (0.8656)
  EUR standard|T2|p0.62|R1.0: 26.6s net/day 80.09 robust_c80=fail fail (pass impossible after 4750 runs), 1540 failures
