JPY null comparison sample standard: 30s
  JPY standard|T32|p0.45|R1.5: 68.2s net/day -275.22 robust_c80=fail fail (pass impossible after 1550 runs), 1550 failures
  JPY standard|T32|p0.4|R2.0: 69.7s net/day -235.56 robust_c80=fail fail (pass impossible after 1550 runs), 1550 failures
  JPY standard|T32|p0.475|R1.5: 66.8s net/day -223.80 robust_c80=fail fail (pass impossible after 1550 runs), 1550 failures
  JPY standard|T32|p0.425|R2.0: 69.6s net/day -182.12 robust_c80=fail fail (pass impossible after 1550 runs), 1550 failures
JPY null comparison sample consistency: 28s
  JPY consistency|T4|p0.4|R0.75: 13.3s net/day -173.28 robust_c80=fail fail (pass impossible after 1550 runs), 1550 failures
  JPY standard|T4|p0.4|R0.75: 12.6s net/day -173.28 robust_c80=fail fail (pass impossible after 1550 runs), 1550 failures
  JPY consistency|T4|p0.45|R0.75: 12.2s net/day -136.54 robust_c80=fail fail (pass impossible after 1550 runs), 1550 failures
  JPY standard|T4|p0.45|R0.75: 12.3s net/day -136.54 robust_c80=fail fail (pass impossible after 1550 runs), 1550 failures
  JPY consistency|T4|p0.4|R1.0: 12.9s net/day -120.05 robust_c80=fail fail (pass impossible after 1550 runs), 1550 failures
  JPY standard|T4|p0.4|R1.0: 11.9s net/day -120.05 robust_c80=fail fail (pass impossible after 1550 runs), 1550 failures
  JPY consistency|T16|p0.55|R1.0: 38.4s net/day -117.89 robust_c80=fail fail (pass impossible after 1550 runs), 1550 failures
  JPY standard|T16|p0.55|R1.0: 37.5s net/day -117.89 robust_c80=fail fail (pass impossible after 1550 runs), 1550 failures
  JPY consistency|T2|p0.4|R0.75: 8.0s net/day -117.52 robust_c80=fail fail (pass impossible after 1550 runs), 1550 failures
  JPY standard|T2|p0.4|R0.75: 8.7s net/day -117.52 robust_c80=fail fail (pass impossible after 1550 runs), 1550 failures
  JPY consistency|T16|p0.45|R1.5: 33.1s net/day -116.42 robust_c80=fail fail (pass impossible after 1550 runs), 1550 failures
  JPY standard|T16|p0.45|R1.5: 40.9s net/day -116.42 robust_c80=fail fail (pass impossible after 1550 runs), 1550 failures
  JPY consistency|T4|p0.5|R0.75: 13.1s net/day -99.81 robust_c80=fail fail (pass impossible after 1550 runs), 1550 failures
  JPY standard|T4|p0.5|R0.75: 13.5s net/day -99.81 robust_c80=fail fail (pass impossible after 1550 runs), 1550 failures
  JPY consistency|T2|p0.45|R0.75: 9.6s net/day -90.18 robust_c80=fail fail (pass impossible after 1550 runs), 1550 failures
  JPY standard|T2|p0.45|R0.75: 8.7s net/day -90.18 robust_c80=fail fail (pass impossible after 1550 runs), 1550 failures
  JPY consistency|T16|p0.4|R2.0: 39.6s net/day -88.42 robust_c80=fail fail (pass impossible after 1550 runs), 1550 failures
  JPY standard|T16|p0.4|R2.0: 36.5s net/day -88.42 robust_c80=fail fail (pass impossible after 1550 runs), 1550 failures
  JPY consistency|T4|p0.45|R1.0: 12.4s net/day -83.69 robust_c80=fail fail (pass impossible after 1550 runs), 1550 failures
  JPY standard|T4|p0.45|R1.0: 12.4s net/day -83.69 robust_c80=fail fail (pass impossible after 1550 runs), 1550 failures
  JPY consistency|T1|p0.4|R0.75: 6.3s net/day -82.87 robust_c80=fail fail (pass impossible after 1550 runs), 1550 failures
  JPY standard|T1|p0.4|R0.75: 6.2s net/day -82.87 robust_c80=fail fail (pass impossible after 1550 runs), 1550 failures
  JPY consistency|T16|p0.475|R1.5: 38.9s net/day -80.11 robust_c80=fail fail (pass impossible after 1550 runs), 1550 failures
  JPY standard|T16|p0.475|R1.5: 37.5s net/day -80.11 robust_c80=fail fail (pass impossible after 1550 runs), 1550 failures
  JPY consistency|T2|p0.4|R1.0: 8.7s net/day -77.91 robust_c80=fail fail (pass impossible after 1550 runs), 1550 failures
  JPY standard|T2|p0.4|R1.0: 7.5s net/day -77.91 robust_c80=fail fail (pass impossible after 1550 runs), 1550 failures
  JPY consistency|T4|p0.55|R0.75: 12.5s net/day -63.08 robust_c80=fail fail (pass impossible after 1550 runs), 1550 failures
  JPY standard|T4|p0.55|R0.75: 12.1s net/day -63.08 robust_c80=fail fail (pass impossible after 1550 runs), 1550 failures
  JPY consistency|T2|p0.5|R0.75: 9.2s net/day -62.85 robust_c80=fail fail (pass impossible after 1550 runs), 1550 failures
  JPY standard|T2|p0.5|R0.75: 8.6s net/day -62.85 robust_c80=fail fail (pass impossible after 1550 runs), 1550 failures
  JPY consistency|T1|p0.45|R0.75: 6.7s net/day -62.18 robust_c80=fail fail (pass impossible after 1550 runs), 1550 failures
  JPY standard|T1|p0.45|R0.75: 6.2s net/day -62.18 robust_c80=fail fail (pass impossible after 1550 runs), 1550 failures
  JPY consistency|T1|p0.4|R1.0: 5.7s net/day -52.88 robust_c80=fail fail (pass impossible after 1550 runs), 1550 failures
  JPY standard|T1|p0.4|R1.0: 6.9s net/day -52.88 robust_c80=fail fail (pass impossible after 1550 runs), 1550 failures
  JPY consistency|T2|p0.45|R1.0: 9.1s net/day -50.85 robust_c80=fail fail (pass impossible after 1550 runs), 1550 failures
  JPY standard|T2|p0.45|R1.0: 9.1s net/day -50.85 robust_c80=fail fail (pass impossible after 1550 runs), 1550 failures
  JPY consistency|T16|p0.425|R2.0: 40.7s net/day -50.68 robust_c80=fail fail (pass impossible after 1550 runs), 1549 failures
  JPY standard|T16|p0.425|R2.0: 41.8s net/day -50.68 robust_c80=fail fail (pass impossible after 1550 runs), 1550 failures
  JPY consistency|T4|p0.4|R1.5: 13.8s net/day -47.33 robust_c80=fail fail (pass impossible after 1550 runs), 1550 failures
  JPY standard|T4|p0.4|R1.5: 12.4s net/day -47.33 robust_c80=fail fail (pass impossible after 1550 runs), 1550 failures
  JPY consistency|T4|p0.5|R1.0: 14.1s net/day -47.33 robust_c80=fail fail (pass impossible after 1550 runs), 1550 failures
  JPY standard|T4|p0.5|R1.0: 11.8s net/day -47.33 robust_c80=fail fail (pass impossible after 1550 runs), 1550 failures
  JPY consistency|T16|p0.6|R1.0: 40.0s net/day -46.73 robust_c80=fail fail (pass impossible after 1550 runs), 1549 failures
  JPY standard|T16|p0.6|R1.0: 43.2s net/day -46.73 robust_c80=fail fail (pass impossible after 1550 runs), 1550 failures
  JPY consistency|T8|p0.55|R1.0: 25.6s net/day -43.12 robust_c80=fail fail (pass impossible after 1550 runs), 1549 failures
  JPY standard|T8|p0.55|R1.0: 24.1s net/day -43.12 robust_c80=fail fail (pass impossible after 1550 runs), 1550 failures
  JPY consistency|T8|p0.45|R1.5: 22.4s net/day -42.07 robust_c80=fail fail (pass impossible after 1550 runs), 1549 failures
  JPY standard|T8|p0.45|R1.5: 24.2s net/day -42.07 robust_c80=fail fail (pass impossible after 1550 runs), 1550 failures
  JPY consistency|T1|p0.5|R0.75: 6.8s net/day -41.48 robust_c80=fail fail (pass impossible after 1550 runs), 1549 failures
  JPY standard|T1|p0.5|R0.75: 6.7s net/day -41.48 robust_c80=fail fail (pass impossible after 1550 runs), 1550 failures
  JPY consistency|T2|p0.55|R0.75: 8.7s net/day -35.51 robust_c80=fail fail (pass impossible after 1550 runs), 1549 failures
  JPY standard|T2|p0.55|R0.75: 9.3s net/day -35.51 robust_c80=fail fail (pass impossible after 1550 runs), 1550 failures
  JPY consistency|T1|p0.45|R1.0: 6.4s net/day -32.40 robust_c80=fail fail (pass impossible after 1550 runs), 1544 failures
  JPY standard|T1|p0.45|R1.0: 6.9s net/day -32.40 robust_c80=fail fail (pass impossible after 1550 runs), 1550 failures
  JPY consistency|T4|p0.6|R0.75: 13.9s net/day -26.34 robust_c80=fail fail (pass impossible after 1550 runs), 1550 failures
  JPY standard|T4|p0.6|R0.75: 13.6s net/day -26.34 robust_c80=fail fail (pass impossible after 1550 runs), 1549 failures
  JPY consistency|T2|p0.4|R1.5: 8.9s net/day -23.79 robust_c80=fail fail (pass impossible after 1550 runs), 1548 failures
  JPY standard|T2|p0.4|R1.5: 9.1s net/day -23.79 robust_c80=fail fail (pass impossible after 1550 runs), 1550 failures
  JPY consistency|T2|p0.5|R1.0: 10.2s net/day -23.79 robust_c80=fail fail (pass impossible after 1550 runs), 1545 failures
  JPY standard|T2|p0.5|R1.0: 11.4s net/day -23.79 robust_c80=fail fail (pass impossible after 1550 runs), 1548 failures
  JPY consistency|T8|p0.4|R2.0: 24.8s net/day -21.86 robust_c80=fail fail (pass impossible after 1550 runs), 1544 failures
  JPY standard|T8|p0.4|R2.0: 25.4s net/day -21.86 robust_c80=fail fail (pass impossible after 1550 runs), 1544 failures
  JPY consistency|T1|p0.55|R0.75: 7.3s net/day -20.79 robust_c80=fail fail (pass impossible after 1550 runs), 1538 failures
  JPY standard|T1|p0.55|R0.75: 6.7s net/day -20.79 robust_c80=fail fail (pass impossible after 1550 runs), 1548 failures
  JPY consistency|T8|p0.575|R1.0: 25.8s net/day -17.46 robust_c80=fail fail (pass impossible after 1550 runs), 1538 failures
  JPY standard|T8|p0.575|R1.0: 25.3s net/day -17.46 robust_c80=fail fail (pass impossible after 1550 runs), 1546 failures
  JPY consistency|T8|p0.475|R1.5: 25.4s net/day -15.87 robust_c80=fail fail (pass impossible after 1550 runs), 1535 failures
  JPY standard|T8|p0.475|R1.5: 26.4s net/day -15.87 robust_c80=fail fail (pass impossible after 1550 runs), 1544 failures
  JPY consistency|T1|p0.4|R1.5: 7.1s net/day -11.92 robust_c80=fail fail (pass impossible after 1600 runs), 1580 failures
  JPY standard|T1|p0.4|R1.5: 6.5s net/day -11.92 robust_c80=fail fail (pass impossible after 1550 runs), 1540 failures
  JPY consistency|T1|p0.5|R1.0: 7.1s net/day -11.92 robust_c80=fail fail (pass impossible after 1600 runs), 1574 failures
  JPY standard|T1|p0.5|R1.0: 7.4s net/day -11.92 robust_c80=fail fail (pass impossible after 1550 runs), 1548 failures
  JPY consistency|T4|p0.55|R1.0: 16.3s net/day -10.98 robust_c80=fail fail (pass impossible after 1550 runs), 1535 failures
  JPY standard|T4|p0.55|R1.0: 14.5s net/day -10.98 robust_c80=fail fail (pass impossible after 1550 runs), 1545 failures
  JPY consistency|T4|p0.45|R1.5: 15.0s net/day -10.23 robust_c80=fail fail (pass impossible after 1600 runs), 1580 failures
  JPY standard|T4|p0.45|R1.5: 13.8s net/day -10.23 robust_c80=fail fail (pass impossible after 1550 runs), 1547 failures
  JPY consistency|T2|p0.6|R0.75: 10.3s net/day -8.17 robust_c80=fail fail (pass impossible after 1600 runs), 1573 failures
  JPY standard|T2|p0.6|R0.75: 8.7s net/day -8.17 robust_c80=fail fail (pass impossible after 1550 runs), 1546 failures
  JPY consistency|T1|p0.6|R0.75: 8.6s net/day -0.09 robust_c80=fail fail (pass impossible after 1650 runs), 1563 failures
  JPY standard|T1|p0.6|R0.75: 7.4s net/day -0.09 robust_c80=fail fail (pass impossible after 1550 runs), 1534 failures
  JPY consistency|T2|p0.55|R1.0: 11.0s net/day 3.26 robust_c80=fail fail (pass impossible after 1650 runs), 1574 failures
  JPY standard|T2|p0.55|R1.0: 10.2s net/day 3.26 robust_c80=fail fail (pass impossible after 1600 runs), 1571 failures
  JPY consistency|T2|p0.45|R1.5: 11.3s net/day 3.82 robust_c80=fail fail (pass impossible after 1650 runs), 1574 failures
  JPY standard|T2|p0.45|R1.5: 10.3s net/day 3.82 robust_c80=fail fail (pass impossible after 1600 runs), 1574 failures
  JPY consistency|T4|p0.4|R2.0: 16.6s net/day 4.08 robust_c80=fail fail (pass impossible after 1600 runs), 1541 failures
  JPY standard|T4|p0.4|R2.0: 14.9s net/day 4.08 robust_c80=fail fail (pass impossible after 1550 runs), 1534 failures
  JPY consistency|T8|p0.425|R2.0: 29.2s net/day 5.37 robust_c80=fail fail (pass impossible after 1650 runs), 1570 failures
  JPY standard|T8|p0.425|R2.0: 28.3s net/day 5.37 robust_c80=fail fail (pass impossible after 1600 runs), 1569 failures
  JPY consistency|T8|p0.6|R1.0: 29.7s net/day 8.21 robust_c80=fail fail (pass impossible after 1700 runs), 1554 failures
  JPY standard|T8|p0.6|R1.0: 30.3s net/day 8.21 robust_c80=fail fail (pass impossible after 1600 runs), 1552 failures
  JPY consistency|T1|p0.55|R1.0: 9.2s net/day 8.56 robust_c80=fail fail (pass impossible after 1700 runs), 1557 failures
  JPY standard|T1|p0.55|R1.0: 7.0s net/day 8.56 robust_c80=fail fail (pass impossible after 1600 runs), 1540 failures
  JPY consistency|T1|p0.45|R1.5: 8.9s net/day 8.98 robust_c80=fail fail (pass impossible after 1650 runs), 1545 failures
  JPY standard|T1|p0.45|R1.5: 8.1s net/day 8.98 robust_c80=fail fail (pass impossible after 1600 runs), 1558 failures
  JPY consistency|T8|p0.5|R1.5: 32.4s net/day 10.33 robust_c80=fail fail (pass impossible after 1700 runs), 1556 failures
  JPY standard|T8|p0.5|R1.5: 28.6s net/day 10.33 robust_c80=fail fail (pass impossible after 1600 runs), 1556 failures
  JPY consistency|T4|p0.58|R1.0: 18.7s net/day 10.84 robust_c80=fail fail (pass impossible after 1700 runs), 1560 failures
  JPY standard|T4|p0.58|R1.0: 14.1s net/day 10.84 robust_c80=fail fail (pass impossible after 1600 runs), 1559 failures
  JPY consistency|T4|p0.48|R1.5: 18.3s net/day 12.04 robust_c80=fail fail (pass impossible after 1700 runs), 1537 failures
  JPY standard|T4|p0.48|R1.5: 15.2s net/day 12.04 robust_c80=fail fail (pass impossible after 1600 runs), 1549 failures
  JPY consistency|T2|p0.4|R2.0: 12.1s net/day 14.47 robust_c80=fail fail (pass impossible after 1750 runs), 1574 failures
  JPY standard|T2|p0.4|R2.0: 10.7s net/day 14.47 robust_c80=fail fail (pass impossible after 1650 runs), 1570 failures
  JPY consistency|T1|p0.4|R2.0: 9.8s net/day 17.05 robust_c80=fail fail (pass impossible after 1750 runs), 1548 failures
  JPY standard|T1|p0.4|R2.0: 8.4s net/day 17.05 robust_c80=fail fail (pass impossible after 1650 runs), 1570 failures
  JPY consistency|T4|p0.66|R0.75: 25.3s net/day 17.74 robust_c80=fail fail (pass impossible after 1900 runs), 1559 failures
  JPY standard|T4|p0.66|R0.75: 16.3s net/day 17.74 robust_c80=fail fail (pass impossible after 1650 runs), 1556 failures
  JPY consistency|T4|p0.59|R1.0: 23.2s net/day 18.11 robust_c80=fail fail (pass impossible after 1850 runs), 1567 failures
  JPY standard|T4|p0.59|R1.0: 13.3s net/day 18.11 robust_c80=fail fail (pass impossible after 1650 runs), 1572 failures
  JPY consistency|T4|p0.49|R1.5: 16.5s net/day 19.46 robust_c80=fail fail (pass impossible after 1850 runs), 1542 failures
  JPY standard|T4|p0.49|R1.5: 13.8s net/day 19.46 robust_c80=fail fail (pass impossible after 1650 runs), 1559 failures
  JPY consistency|T4|p0.42|R2.0: 19.7s net/day 19.51 robust_c80=fail fail (pass impossible after 1850 runs), 1563 failures
  JPY standard|T4|p0.42|R2.0: 14.5s net/day 19.51 robust_c80=fail fail (pass impossible after 1650 runs), 1563 failures
  JPY consistency|T4|p0.6|R1.0: 22.8s net/day 25.38 robust_c80=fail fail (pass impossible after 2100 runs), 1541 failures
  JPY standard|T4|p0.6|R1.0: 16.8s net/day 25.38 robust_c80=fail fail (pass impossible after 1700 runs), 1559 failures
  JPY consistency|T4|p0.46|R1.75: 22.7s net/day 25.50 robust_c80=fail fail (pass impossible after 2000 runs), 1534 failures
  JPY standard|T4|p0.46|R1.75: 17.6s net/day 25.50 robust_c80=fail fail (pass impossible after 1700 runs), 1533 failures
  JPY consistency|T4|p0.5|R1.5: 23.1s net/day 26.88 robust_c80=fail fail (pass impossible after 2100 runs), 1544 failures
  JPY standard|T4|p0.5|R1.5: 17.1s net/day 26.88 robust_c80=fail fail (pass impossible after 1750 runs), 1571 failures
  JPY consistency|T4|p0.43|R2.0: 23.5s net/day 27.22 robust_c80=fail fail (pass impossible after 2050 runs), 1535 failures
  JPY standard|T4|p0.43|R2.0: 15.8s net/day 27.22 robust_c80=fail fail (pass impossible after 1750 runs), 1573 failures
  JPY consistency|T1|p0.6|R1.0: 11.9s net/day 29.04 robust_c80=fail fail (pass impossible after 2200 runs), 1543 failures
  JPY standard|T1|p0.6|R1.0: 8.8s net/day 29.04 robust_c80=fail fail (pass impossible after 1800 runs), 1539 failures
  JPY consistency|T1|p0.5|R1.5: 11.6s net/day 29.89 robust_c80=fail fail (pass impossible after 2200 runs), 1548 failures
  JPY standard|T1|p0.5|R1.5: 8.1s net/day 29.89 robust_c80=fail fail (pass impossible after 1800 runs), 1559 failures
  JPY consistency|T2|p0.6|R1.0: 17.0s net/day 30.32 robust_c80=fail fail (pass impossible after 2400 runs), 1561 failures
  JPY standard|T2|p0.6|R1.0: 11.6s net/day 30.32 robust_c80=fail fail (pass impossible after 1800 runs), 1541 failures
  JPY consistency|T2|p0.5|R1.5: 16.5s net/day 31.43 robust_c80=fail fail (pass impossible after 2300 runs), 1539 failures
  JPY standard|T2|p0.5|R1.5: 13.5s net/day 31.43 robust_c80=fail fail (pass impossible after 1850 runs), 1561 failures
  JPY consistency|T4|p0.68|R0.75: 28.6s net/day 32.43 robust_c80=fail fail (pass impossible after 2550 runs), 1552 failures
  JPY standard|T4|p0.68|R0.75: 16.3s net/day 32.43 robust_c80=fail fail (pass impossible after 1900 runs), 1569 failures
  JPY consistency|T8|p0.45|R2.0: 36.9s net/day 32.59 robust_c80=fail fail (pass impossible after 2250 runs), 1545 failures
  JPY standard|T8|p0.45|R2.0: 23.2s net/day 32.59 robust_c80=fail fail (pass impossible after 1800 runs), 1551 failures
  JPY consistency|T4|p0.44|R2.0: 22.5s net/day 34.93 robust_c80=fail fail (pass impossible after 2450 runs), 1533 failures
  JPY standard|T4|p0.44|R2.0: 14.3s net/day 34.93 robust_c80=fail fail (pass impossible after 1850 runs), 1533 failures
  JPY consistency|T1|p0.45|R2.0: 13.1s net/day 38.77 robust_c80=fail fail (pass impossible after 2600 runs), 1551 failures
  JPY standard|T1|p0.45|R2.0: 8.1s net/day 38.77 robust_c80=fail fail (pass impossible after 2000 runs), 1557 failures
  JPY consistency|T4|p0.48|R1.75: 29.9s net/day 40.61 robust_c80=fail fail (pass impossible after 3000 runs), 1547 failures
  JPY standard|T4|p0.48|R1.75: 15.0s net/day 40.61 robust_c80=fail fail (pass impossible after 2050 runs), 1539 failures
  JPY consistency|T2|p0.62|R1.0: 20.5s net/day 41.14 robust_c80=fail fail (pass impossible after 3350 runs), 1553 failures
  JPY standard|T2|p0.62|R1.0: 11.7s net/day 41.14 robust_c80=fail fail (pass impossible after 2150 runs), 1543 failures
  JPY consistency|T2|p0.52|R1.5: 23.2s net/day 42.48 robust_c80=fail fail (pass impossible after 3350 runs), 1553 failures
  JPY standard|T2|p0.52|R1.5: 11.8s net/day 42.48 robust_c80=fail fail (pass impossible after 2200 runs), 1550 failures
  JPY consistency|T4|p0.45|R2.0: 28.1s net/day 42.65 robust_c80=fail fail (pass impossible after 3150 runs), 1534 failures
  JPY standard|T4|p0.45|R2.0: 12.2s net/day 42.65 robust_c80=fail fail (pass impossible after 2100 runs), 1550 failures
  JPY consistency|T2|p0.45|R2.0: 19.9s net/day 43.17 robust_c80=fail fail (pass impossible after 3150 runs), 1542 failures
  JPY standard|T2|p0.45|R2.0: 11.7s net/day 43.17 robust_c80=fail fail (pass impossible after 2200 runs), 1556 failures
  JPY consistency|T1|p0.47|R2.0: 20.3s net/day 47.46 robust_c80=fail fail (pass impossible after 3500 runs), 1554 failures
  JPY standard|T1|p0.47|R2.0: 9.1s net/day 47.46 robust_c80=fail fail (pass impossible after 2350 runs), 1548 failures
  JPY consistency|T2|p0.53|R1.5: 30.8s net/day 48.00 robust_c80=fail fail (pass impossible after 4200 runs), 1536 failures
  JPY standard|T2|p0.53|R1.5: 13.8s net/day 48.00 robust_c80=fail fail (pass impossible after 2500 runs), 1555 failures
  JPY consistency|T1|p0.65|R1.0: 20.4s net/day 49.53 robust_c80=fail fail (pass impossible after 4550 runs), 1545 failures
  JPY standard|T1|p0.65|R1.0: 12.1s net/day 49.53 robust_c80=fail fail (pass impossible after 2650 runs), 1545 failures
  JPY consistency|T1|p0.55|R1.5: 26.2s net/day 50.79 robust_c80=fail fail (pass impossible after 4350 runs), 1539 failures
  JPY standard|T1|p0.55|R1.5: 10.7s net/day 50.79 robust_c80=fail fail (pass impossible after 2650 runs), 1533 failures
  JPY consistency|T1|p0.48|R2.0: 22.4s net/day 51.81 robust_c80=fail fail (pass impossible after 4200 runs), 1542 failures
  JPY standard|T1|p0.48|R2.0: 10.6s net/day 51.81 robust_c80=fail fail (pass impossible after 2650 runs), 1544 failures
  JPY consistency|T2|p0.5|R1.75: 36.7s net/day 52.90 robust_c80=fail fail (pass impossible after 4950 runs), 1547 failures
  JPY standard|T2|p0.5|R1.75: 15.5s net/day 52.90 robust_c80=fail fail (pass impossible after 2750 runs), 1542 failures
  JPY consistency|T2|p0.54|R1.5: 38.6s net/day 53.53 robust_c80=fail fail (pass impossible after 5450 runs), 1545 failures
  JPY standard|T2|p0.54|R1.5: 17.7s net/day 53.53 robust_c80=fail fail (pass impossible after 2950 runs), 1555 failures
  JPY consistency|T2|p0.47|R2.0: 39.2s net/day 54.65 robust_c80=fail fail (pass impossible after 5200 runs), 1541 failures
  JPY standard|T2|p0.47|R2.0: 15.8s net/day 54.65 robust_c80=fail fail (pass impossible after 2900 runs), 1557 failures
  JPY consistency|T1|p0.52|R1.75: 30.0s net/day 54.66 robust_c80=fail fail (pass impossible after 5100 runs), 1537 failures
  JPY standard|T1|p0.52|R1.75: 11.3s net/day 54.66 robust_c80=fail fail (pass impossible after 2850 runs), 1542 failures
  JPY consistency|T1|p0.56|R1.5: 26.7s net/day 54.97 robust_c80=fail fail (pass impossible after 5350 runs), 1533 failures
  JPY standard|T1|p0.56|R1.5: 15.0s net/day 54.97 robust_c80=fail fail (pass impossible after 3000 runs), 1552 failures
  JPY consistency|T1|p0.49|R2.0: 29.4s net/day 56.15 robust_c80=fail fail (pass impossible after 5100 runs), 1532 failures
  JPY standard|T1|p0.49|R2.0: 12.6s net/day 56.15 robust_c80=fail fail (pass impossible after 2950 runs), 1555 failures
  JPY consistency|T2|p0.65|R1.0: 50.2s net/day 57.37 robust_c80=fail fail (pass impossible after 7650 runs), 1538 failures
  JPY standard|T2|p0.65|R1.0: 22.6s net/day 57.37 robust_c80=fail fail (pass impossible after 3650 runs), 1553 failures
  JPY consistency|T2|p0.55|R1.5: 54.0s net/day 59.05 robust_c80=fail fail (pass impossible after 7400 runs), 1543 failures
  JPY standard|T2|p0.55|R1.5: 22.8s net/day 59.05 robust_c80=fail fail (pass impossible after 3600 runs), 1544 failures
  JPY consistency|T1|p0.57|R1.5: 33.5s net/day 59.16 robust_c80=fail fail (pass impossible after 6750 runs), 1537 failures
  JPY standard|T1|p0.57|R1.5: 14.6s net/day 59.16 robust_c80=fail fail (pass impossible after 3450 runs), 1541 failures
  JPY consistency|T2|p0.48|R2.0: 52.6s net/day 60.38 robust_c80=fail fail (pass impossible after 7200 runs), 1532 failures
  JPY standard|T2|p0.48|R2.0: 21.7s net/day 60.38 robust_c80=fail fail (pass impossible after 3500 runs), 1538 failures
  JPY consistency|T1|p0.5|R2.0: 32.6s net/day 60.50 robust_c80=fail fail (pass impossible after 6500 runs), 1532 failures
  JPY standard|T1|p0.5|R2.0: 15.0s net/day 60.50 robust_c80=fail fail (pass impossible after 3350 runs), 1548 failures
  JPY consistency|T1|p0.45|R2.5: 36.3s net/day 62.57 robust_c80=fail fail (pass impossible after 6450 runs), 1542 failures
  JPY standard|T1|p0.45|R2.5: 14.4s net/day 62.57 robust_c80=fail fail (pass impossible after 3400 runs), 1542 failures
  JPY consistency|T1|p0.54|R1.75: 44.0s net/day 63.17 robust_c80=pass (0.8086)
  JPY standard|T1|p0.54|R1.75: 18.1s net/day 63.17 robust_c80=fail fail (pass impossible after 3850 runs), 1547 failures
