NZD null comparison sample standard: 19s
  NZD standard|T32|p0.45|R1.5: 45.8s net/day -272.53 robust_c80=fail fail (pass impossible after 1550 runs), 1550 failures
  NZD standard|T32|p0.4|R2.0: 48.3s net/day -238.55 robust_c80=fail fail (pass impossible after 1550 runs), 1550 failures
  NZD standard|T32|p0.475|R1.5: 47.8s net/day -228.47 robust_c80=fail fail (pass impossible after 1550 runs), 1550 failures
  NZD standard|T32|p0.425|R2.0: 48.3s net/day -192.76 robust_c80=fail fail (pass impossible after 1550 runs), 1550 failures
NZD null comparison sample consistency: 19s
  NZD consistency|T4|p0.4|R0.75: 7.6s net/day -152.10 robust_c80=fail fail (pass impossible after 1550 runs), 1550 failures
  NZD standard|T4|p0.4|R0.75: 7.3s net/day -152.10 robust_c80=fail fail (pass impossible after 1550 runs), 1550 failures
  NZD consistency|T4|p0.45|R0.75: 8.0s net/day -120.95 robust_c80=fail fail (pass impossible after 1550 runs), 1550 failures
  NZD standard|T4|p0.45|R0.75: 9.0s net/day -120.95 robust_c80=fail fail (pass impossible after 1550 runs), 1550 failures
  NZD consistency|T16|p0.55|R1.0: 25.2s net/day -118.50 robust_c80=fail fail (pass impossible after 1550 runs), 1550 failures
  NZD standard|T16|p0.55|R1.0: 27.8s net/day -118.50 robust_c80=fail fail (pass impossible after 1550 runs), 1550 failures
  NZD consistency|T16|p0.45|R1.5: 27.4s net/day -117.22 robust_c80=fail fail (pass impossible after 1550 runs), 1550 failures
  NZD standard|T16|p0.45|R1.5: 27.5s net/day -117.22 robust_c80=fail fail (pass impossible after 1550 runs), 1550 failures
  NZD consistency|T4|p0.4|R1.0: 10.3s net/day -106.96 robust_c80=fail fail (pass impossible after 1550 runs), 1550 failures
  NZD standard|T4|p0.4|R1.0: 11.7s net/day -106.96 robust_c80=fail fail (pass impossible after 1550 runs), 1550 failures
  NZD consistency|T2|p0.4|R0.75: 6.2s net/day -98.19 robust_c80=fail fail (pass impossible after 1550 runs), 1550 failures
  NZD standard|T2|p0.4|R0.75: 5.0s net/day -98.19 robust_c80=fail fail (pass impossible after 1550 runs), 1550 failures
  NZD consistency|T16|p0.4|R2.0: 24.4s net/day -92.82 robust_c80=fail fail (pass impossible after 1550 runs), 1550 failures
  NZD standard|T16|p0.4|R2.0: 25.4s net/day -92.82 robust_c80=fail fail (pass impossible after 1550 runs), 1550 failures
  NZD consistency|T4|p0.5|R0.75: 9.6s net/day -89.80 robust_c80=fail fail (pass impossible after 1550 runs), 1550 failures
  NZD standard|T4|p0.5|R0.75: 8.4s net/day -89.80 robust_c80=fail fail (pass impossible after 1550 runs), 1550 failures
  NZD consistency|T16|p0.475|R1.5: 26.9s net/day -85.59 robust_c80=fail fail (pass impossible after 1550 runs), 1550 failures
  NZD standard|T16|p0.475|R1.5: 27.9s net/day -85.59 robust_c80=fail fail (pass impossible after 1550 runs), 1550 failures
  NZD consistency|T4|p0.45|R1.0: 8.9s net/day -76.13 robust_c80=fail fail (pass impossible after 1550 runs), 1550 failures
  NZD standard|T4|p0.45|R1.0: 9.0s net/day -76.13 robust_c80=fail fail (pass impossible after 1550 runs), 1550 failures
  NZD consistency|T2|p0.45|R0.75: 5.7s net/day -76.11 robust_c80=fail fail (pass impossible after 1550 runs), 1550 failures
  NZD standard|T2|p0.45|R0.75: 6.6s net/day -76.11 robust_c80=fail fail (pass impossible after 1550 runs), 1550 failures
  NZD consistency|T2|p0.4|R1.0: 6.5s net/day -66.20 robust_c80=fail fail (pass impossible after 1550 runs), 1550 failures
  NZD standard|T2|p0.4|R1.0: 5.6s net/day -66.20 robust_c80=fail fail (pass impossible after 1550 runs), 1550 failures
  NZD consistency|T1|p0.4|R0.75: 4.6s net/day -65.40 robust_c80=fail fail (pass impossible after 1550 runs), 1550 failures
  NZD standard|T1|p0.4|R0.75: 4.8s net/day -65.40 robust_c80=fail fail (pass impossible after 1550 runs), 1550 failures
  NZD consistency|T16|p0.425|R2.0: 26.7s net/day -59.96 robust_c80=fail fail (pass impossible after 1550 runs), 1550 failures
  NZD standard|T16|p0.425|R2.0: 27.9s net/day -59.96 robust_c80=fail fail (pass impossible after 1550 runs), 1550 failures
  NZD consistency|T4|p0.55|R0.75: 8.7s net/day -58.65 robust_c80=fail fail (pass impossible after 1550 runs), 1550 failures
  NZD standard|T4|p0.55|R0.75: 9.0s net/day -58.65 robust_c80=fail fail (pass impossible after 1550 runs), 1550 failures
  NZD consistency|T16|p0.6|R1.0: 29.2s net/day -56.52 robust_c80=fail fail (pass impossible after 1550 runs), 1550 failures
  NZD standard|T16|p0.6|R1.0: 25.7s net/day -56.52 robust_c80=fail fail (pass impossible after 1550 runs), 1550 failures
  NZD consistency|T2|p0.5|R0.75: 7.1s net/day -54.03 robust_c80=fail fail (pass impossible after 1550 runs), 1550 failures
  NZD standard|T2|p0.5|R0.75: 6.3s net/day -54.03 robust_c80=fail fail (pass impossible after 1550 runs), 1550 failures
  NZD consistency|T1|p0.45|R0.75: 4.5s net/day -49.59 robust_c80=fail fail (pass impossible after 1550 runs), 1550 failures
  NZD standard|T1|p0.45|R0.75: 5.5s net/day -49.59 robust_c80=fail fail (pass impossible after 1550 runs), 1550 failures
  NZD consistency|T4|p0.4|R1.5: 12.9s net/day -45.30 robust_c80=fail fail (pass impossible after 1550 runs), 1550 failures
  NZD standard|T4|p0.4|R1.5: 10.6s net/day -45.30 robust_c80=fail fail (pass impossible after 1550 runs), 1550 failures
  NZD consistency|T4|p0.5|R1.0: 12.5s net/day -45.30 robust_c80=fail fail (pass impossible after 1550 runs), 1550 failures
  NZD standard|T4|p0.5|R1.0: 10.6s net/day -45.30 robust_c80=fail fail (pass impossible after 1550 runs), 1550 failures
  NZD consistency|T8|p0.55|R1.0: 19.6s net/day -44.81 robust_c80=fail fail (pass impossible after 1550 runs), 1550 failures
  NZD standard|T8|p0.55|R1.0: 21.5s net/day -44.81 robust_c80=fail fail (pass impossible after 1550 runs), 1550 failures
  NZD consistency|T2|p0.45|R1.0: 8.6s net/day -44.34 robust_c80=fail fail (pass impossible after 1550 runs), 1550 failures
  NZD standard|T2|p0.45|R1.0: 7.6s net/day -44.34 robust_c80=fail fail (pass impossible after 1550 runs), 1550 failures
  NZD consistency|T8|p0.45|R1.5: 18.3s net/day -43.88 robust_c80=fail fail (pass impossible after 1550 runs), 1550 failures
  NZD standard|T8|p0.45|R1.5: 16.1s net/day -43.88 robust_c80=fail fail (pass impossible after 1550 runs), 1550 failures
  NZD consistency|T1|p0.4|R1.0: 4.4s net/day -42.49 robust_c80=fail fail (pass impossible after 1550 runs), 1550 failures
  NZD standard|T1|p0.4|R1.0: 5.0s net/day -42.49 robust_c80=fail fail (pass impossible after 1550 runs), 1550 failures
  NZD consistency|T1|p0.5|R0.75: 4.8s net/day -33.78 robust_c80=fail fail (pass impossible after 1550 runs), 1550 failures
  NZD standard|T1|p0.5|R0.75: 4.2s net/day -33.78 robust_c80=fail fail (pass impossible after 1550 runs), 1550 failures
  NZD consistency|T2|p0.55|R0.75: 6.9s net/day -31.95 robust_c80=fail fail (pass impossible after 1550 runs), 1550 failures
  NZD standard|T2|p0.55|R0.75: 6.7s net/day -31.95 robust_c80=fail fail (pass impossible after 1550 runs), 1550 failures
  NZD consistency|T4|p0.6|R0.75: 9.3s net/day -27.50 robust_c80=fail fail (pass impossible after 1550 runs), 1550 failures
  NZD standard|T4|p0.6|R0.75: 11.8s net/day -27.50 robust_c80=fail fail (pass impossible after 1550 runs), 1550 failures
  NZD consistency|T1|p0.45|R1.0: 4.9s net/day -26.84 robust_c80=fail fail (pass impossible after 1550 runs), 1549 failures
  NZD standard|T1|p0.45|R1.0: 5.4s net/day -26.84 robust_c80=fail fail (pass impossible after 1550 runs), 1550 failures
  NZD consistency|T8|p0.4|R2.0: 18.1s net/day -25.95 robust_c80=fail fail (pass impossible after 1550 runs), 1550 failures
  NZD standard|T8|p0.4|R2.0: 21.7s net/day -25.95 robust_c80=fail fail (pass impossible after 1550 runs), 1550 failures
  NZD consistency|T2|p0.4|R1.5: 7.0s net/day -22.49 robust_c80=fail fail (pass impossible after 1550 runs), 1550 failures
  NZD standard|T2|p0.4|R1.5: 7.1s net/day -22.49 robust_c80=fail fail (pass impossible after 1550 runs), 1550 failures
  NZD consistency|T2|p0.5|R1.0: 8.4s net/day -22.49 robust_c80=fail fail (pass impossible after 1550 runs), 1550 failures
  NZD standard|T2|p0.5|R1.0: 8.6s net/day -22.49 robust_c80=fail fail (pass impossible after 1550 runs), 1550 failures
  NZD consistency|T8|p0.575|R1.0: 24.2s net/day -22.04 robust_c80=fail fail (pass impossible after 1550 runs), 1550 failures
  NZD standard|T8|p0.575|R1.0: 22.0s net/day -22.04 robust_c80=fail fail (pass impossible after 1550 runs), 1550 failures
  NZD consistency|T8|p0.475|R1.5: 24.0s net/day -20.63 robust_c80=fail fail (pass impossible after 1550 runs), 1550 failures
  NZD standard|T8|p0.475|R1.5: 22.7s net/day -20.63 robust_c80=fail fail (pass impossible after 1550 runs), 1550 failures
  NZD consistency|T1|p0.55|R0.75: 6.0s net/day -17.96 robust_c80=fail fail (pass impossible after 1550 runs), 1545 failures
  NZD standard|T1|p0.55|R0.75: 6.5s net/day -17.96 robust_c80=fail fail (pass impossible after 1550 runs), 1550 failures
  NZD consistency|T4|p0.55|R1.0: 11.7s net/day -14.47 robust_c80=fail fail (pass impossible after 1550 runs), 1547 failures
  NZD standard|T4|p0.55|R1.0: 13.4s net/day -14.47 robust_c80=fail fail (pass impossible after 1550 runs), 1549 failures
  NZD consistency|T4|p0.45|R1.5: 12.5s net/day -13.83 robust_c80=fail fail (pass impossible after 1550 runs), 1545 failures
  NZD standard|T4|p0.45|R1.5: 11.4s net/day -13.83 robust_c80=fail fail (pass impossible after 1550 runs), 1548 failures
  NZD consistency|T1|p0.4|R1.5: 6.2s net/day -11.19 robust_c80=fail fail (pass impossible after 1550 runs), 1548 failures
  NZD standard|T1|p0.4|R1.5: 6.5s net/day -11.19 robust_c80=fail fail (pass impossible after 1550 runs), 1549 failures
  NZD consistency|T1|p0.5|R1.0: 7.5s net/day -11.19 robust_c80=fail fail (pass impossible after 1550 runs), 1545 failures
  NZD standard|T1|p0.5|R1.0: 6.7s net/day -11.19 robust_c80=fail fail (pass impossible after 1550 runs), 1549 failures
  NZD consistency|T2|p0.6|R0.75: 8.4s net/day -9.87 robust_c80=fail fail (pass impossible after 1550 runs), 1547 failures
  NZD standard|T2|p0.6|R0.75: 6.9s net/day -9.87 robust_c80=fail fail (pass impossible after 1550 runs), 1550 failures
  NZD consistency|T1|p0.6|R0.75: 7.0s net/day -2.15 robust_c80=fail fail (pass impossible after 1550 runs), 1535 failures
  NZD standard|T1|p0.6|R0.75: 7.4s net/day -2.15 robust_c80=fail fail (pass impossible after 1550 runs), 1548 failures
  NZD consistency|T8|p0.425|R2.0: 21.2s net/day -1.79 robust_c80=fail fail (pass impossible after 1600 runs), 1572 failures
  NZD standard|T8|p0.425|R2.0: 22.6s net/day -1.79 robust_c80=fail fail (pass impossible after 1550 runs), 1544 failures
  NZD consistency|T4|p0.4|R2.0: 15.5s net/day -1.70 robust_c80=fail fail (pass impossible after 1600 runs), 1580 failures
  NZD standard|T4|p0.4|R2.0: 10.5s net/day -1.70 robust_c80=fail fail (pass impossible after 1550 runs), 1549 failures
  NZD consistency|T2|p0.55|R1.0: 8.3s net/day -0.64 robust_c80=fail fail (pass impossible after 1550 runs), 1537 failures
  NZD standard|T2|p0.55|R1.0: 7.5s net/day -0.64 robust_c80=fail fail (pass impossible after 1550 runs), 1548 failures
  NZD consistency|T2|p0.45|R1.5: 9.0s net/day -0.19 robust_c80=fail fail (pass impossible after 1600 runs), 1574 failures
  NZD standard|T2|p0.45|R1.5: 9.6s net/day -0.19 robust_c80=fail fail (pass impossible after 1550 runs), 1550 failures
  NZD consistency|T8|p0.6|R1.0: 25.6s net/day 0.73 robust_c80=fail fail (pass impossible after 1600 runs), 1558 failures
  NZD standard|T8|p0.6|R1.0: 24.2s net/day 0.73 robust_c80=fail fail (pass impossible after 1550 runs), 1537 failures
  NZD consistency|T8|p0.5|R1.5: 28.4s net/day 2.61 robust_c80=fail fail (pass impossible after 1600 runs), 1541 failures
  NZD standard|T8|p0.5|R1.5: 21.4s net/day 2.61 robust_c80=fail fail (pass impossible after 1550 runs), 1538 failures
  NZD consistency|T4|p0.58|R1.0: 11.2s net/day 4.03 robust_c80=fail fail (pass impossible after 1600 runs), 1559 failures
  NZD standard|T4|p0.58|R1.0: 12.1s net/day 4.03 robust_c80=fail fail (pass impossible after 1550 runs), 1547 failures
  NZD consistency|T1|p0.55|R1.0: 6.3s net/day 4.46 robust_c80=fail fail (pass impossible after 1600 runs), 1556 failures
  NZD standard|T1|p0.55|R1.0: 5.8s net/day 4.46 robust_c80=fail fail (pass impossible after 1550 runs), 1541 failures
  NZD consistency|T1|p0.45|R1.5: 6.2s net/day 4.78 robust_c80=fail fail (pass impossible after 1600 runs), 1550 failures
  NZD standard|T1|p0.45|R1.5: 6.3s net/day 4.78 robust_c80=fail fail (pass impossible after 1550 runs), 1537 failures
  NZD consistency|T4|p0.48|R1.5: 12.2s net/day 5.05 robust_c80=fail fail (pass impossible after 1600 runs), 1554 failures
  NZD standard|T4|p0.48|R1.5: 11.5s net/day 5.05 robust_c80=fail fail (pass impossible after 1550 runs), 1543 failures
  NZD consistency|T2|p0.4|R2.0: 7.8s net/day 8.41 robust_c80=fail fail (pass impossible after 1650 runs), 1575 failures
  NZD standard|T2|p0.4|R2.0: 7.6s net/day 8.41 robust_c80=fail fail (pass impossible after 1550 runs), 1533 failures
  NZD consistency|T4|p0.66|R0.75: 12.3s net/day 9.88 robust_c80=fail fail (pass impossible after 1600 runs), 1532 failures
  NZD standard|T4|p0.66|R0.75: 10.8s net/day 9.88 robust_c80=fail fail (pass impossible after 1550 runs), 1538 failures
  NZD consistency|T4|p0.59|R1.0: 13.4s net/day 10.20 robust_c80=fail fail (pass impossible after 1650 runs), 1562 failures
  NZD standard|T4|p0.59|R1.0: 12.1s net/day 10.20 robust_c80=fail fail (pass impossible after 1550 runs), 1533 failures
  NZD consistency|T1|p0.4|R2.0: 7.2s net/day 10.94 robust_c80=fail fail (pass impossible after 1650 runs), 1538 failures
  NZD standard|T1|p0.4|R2.0: 6.0s net/day 10.94 robust_c80=fail fail (pass impossible after 1600 runs), 1566 failures
  NZD consistency|T4|p0.49|R1.5: 14.5s net/day 11.34 robust_c80=fail fail (pass impossible after 1700 runs), 1578 failures
  NZD standard|T4|p0.49|R1.5: 12.9s net/day 11.34 robust_c80=fail fail (pass impossible after 1600 runs), 1577 failures
  NZD consistency|T4|p0.42|R2.0: 17.0s net/day 11.38 robust_c80=fail fail (pass impossible after 1700 runs), 1579 failures
  NZD standard|T4|p0.42|R2.0: 11.6s net/day 11.38 robust_c80=fail fail (pass impossible after 1600 runs), 1574 failures
  NZD consistency|T4|p0.6|R1.0: 12.5s net/day 16.36 robust_c80=fail fail (pass impossible after 1750 runs), 1568 failures
  NZD standard|T4|p0.6|R1.0: 15.1s net/day 16.36 robust_c80=fail fail (pass impossible after 1600 runs), 1557 failures
  NZD consistency|T4|p0.46|R1.75: 15.2s net/day 16.46 robust_c80=fail fail (pass impossible after 1750 runs), 1546 failures
  NZD standard|T4|p0.46|R1.75: 14.9s net/day 16.46 robust_c80=fail fail (pass impossible after 1600 runs), 1551 failures
  NZD consistency|T4|p0.5|R1.5: 19.9s net/day 17.63 robust_c80=fail fail (pass impossible after 1800 runs), 1560 failures
  NZD standard|T4|p0.5|R1.5: 14.7s net/day 17.63 robust_c80=fail fail (pass impossible after 1600 runs), 1551 failures
  NZD consistency|T4|p0.43|R2.0: 17.9s net/day 17.92 robust_c80=fail fail (pass impossible after 1800 runs), 1558 failures
  NZD standard|T4|p0.43|R2.0: 15.1s net/day 17.92 robust_c80=fail fail (pass impossible after 1600 runs), 1545 failures
  NZD consistency|T1|p0.6|R1.0: 9.3s net/day 20.11 robust_c80=fail fail (pass impossible after 1850 runs), 1568 failures
  NZD standard|T1|p0.6|R1.0: 7.5s net/day 20.11 robust_c80=fail fail (pass impossible after 1650 runs), 1579 failures
  NZD consistency|T1|p0.5|R1.5: 7.9s net/day 20.75 robust_c80=fail fail (pass impossible after 1900 runs), 1562 failures
  NZD standard|T1|p0.5|R1.5: 7.2s net/day 20.75 robust_c80=fail fail (pass impossible after 1650 runs), 1571 failures
  NZD consistency|T2|p0.6|R1.0: 11.8s net/day 21.22 robust_c80=fail fail (pass impossible after 1900 runs), 1573 failures
  NZD standard|T2|p0.6|R1.0: 11.4s net/day 21.22 robust_c80=fail fail (pass impossible after 1600 runs), 1533 failures
  NZD consistency|T2|p0.5|R1.5: 10.8s net/day 22.12 robust_c80=fail fail (pass impossible after 1900 runs), 1556 failures
  NZD standard|T2|p0.5|R1.5: 8.8s net/day 22.12 robust_c80=fail fail (pass impossible after 1600 runs), 1532 failures
  NZD consistency|T4|p0.68|R0.75: 14.0s net/day 22.34 robust_c80=fail fail (pass impossible after 1850 runs), 1534 failures
  NZD standard|T4|p0.68|R0.75: 13.2s net/day 22.34 robust_c80=fail fail (pass impossible after 1650 runs), 1568 failures
  NZD consistency|T8|p0.45|R2.0: 29.7s net/day 22.36 robust_c80=fail fail (pass impossible after 1950 runs), 1562 failures
  NZD standard|T8|p0.45|R2.0: 23.0s net/day 22.36 robust_c80=fail fail (pass impossible after 1650 runs), 1546 failures
  NZD consistency|T4|p0.44|R2.0: 23.3s net/day 24.46 robust_c80=fail fail (pass impossible after 2050 runs), 1557 failures
  NZD standard|T4|p0.44|R2.0: 15.0s net/day 24.46 robust_c80=fail fail (pass impossible after 1700 runs), 1575 failures
  NZD consistency|T1|p0.45|R2.0: 11.6s net/day 27.54 robust_c80=fail fail (pass impossible after 2200 runs), 1537 failures
  NZD standard|T1|p0.45|R2.0: 8.0s net/day 27.54 robust_c80=fail fail (pass impossible after 1750 runs), 1566 failures
  NZD consistency|T4|p0.48|R1.75: 23.6s net/day 29.28 robust_c80=fail fail (pass impossible after 2300 runs), 1540 failures
  NZD standard|T4|p0.48|R1.75: 19.8s net/day 29.28 robust_c80=fail fail (pass impossible after 1750 runs), 1535 failures
  NZD consistency|T2|p0.62|R1.0: 16.2s net/day 29.96 robust_c80=fail fail (pass impossible after 2350 runs), 1538 failures
  NZD standard|T2|p0.62|R1.0: 11.2s net/day 29.96 robust_c80=fail fail (pass impossible after 1800 runs), 1555 failures
  NZD consistency|T4|p0.45|R2.0: 22.7s net/day 31.00 robust_c80=fail fail (pass impossible after 2450 runs), 1563 failures
  NZD standard|T4|p0.45|R2.0: 14.1s net/day 31.00 robust_c80=fail fail (pass impossible after 1800 runs), 1563 failures
  NZD consistency|T2|p0.52|R1.5: 13.4s net/day 31.04 robust_c80=fail fail (pass impossible after 2500 runs), 1549 failures
  NZD standard|T2|p0.52|R1.5: 10.6s net/day 31.04 robust_c80=fail fail (pass impossible after 1800 runs), 1570 failures
  NZD consistency|T2|p0.45|R2.0: 16.6s net/day 31.59 robust_c80=fail fail (pass impossible after 2600 runs), 1554 failures
  NZD standard|T2|p0.45|R2.0: 11.6s net/day 31.59 robust_c80=fail fail (pass impossible after 1800 runs), 1541 failures
  NZD consistency|T1|p0.47|R2.0: 13.7s net/day 34.18 robust_c80=fail fail (pass impossible after 2850 runs), 1542 failures
  NZD standard|T1|p0.47|R2.0: 8.1s net/day 34.18 robust_c80=fail fail (pass impossible after 1900 runs), 1558 failures
  NZD consistency|T2|p0.53|R1.5: 20.3s net/day 35.50 robust_c80=fail fail (pass impossible after 3050 runs), 1535 failures
  NZD standard|T2|p0.53|R1.5: 10.6s net/day 35.50 robust_c80=fail fail (pass impossible after 1950 runs), 1563 failures
  NZD consistency|T1|p0.65|R1.0: 14.0s net/day 35.76 robust_c80=fail fail (pass impossible after 3050 runs), 1548 failures
  NZD standard|T1|p0.65|R1.0: 8.3s net/day 35.76 robust_c80=fail fail (pass impossible after 2050 runs), 1552 failures
  NZD consistency|T1|p0.55|R1.5: 15.9s net/day 36.72 robust_c80=fail fail (pass impossible after 3250 runs), 1541 failures
  NZD standard|T1|p0.55|R1.5: 8.8s net/day 36.72 robust_c80=fail fail (pass impossible after 2000 runs), 1548 failures
  NZD consistency|T1|p0.48|R2.0: 18.0s net/day 37.50 robust_c80=fail fail (pass impossible after 3400 runs), 1548 failures
  NZD standard|T1|p0.48|R2.0: 9.0s net/day 37.50 robust_c80=fail fail (pass impossible after 2050 runs), 1570 failures
  NZD consistency|T2|p0.5|R1.75: 25.6s net/day 39.46 robust_c80=fail fail (pass impossible after 3800 runs), 1552 failures
  NZD standard|T2|p0.5|R1.75: 12.5s net/day 39.46 robust_c80=fail fail (pass impossible after 2150 runs), 1561 failures
  NZD consistency|T1|p0.52|R1.75: 19.7s net/day 39.68 robust_c80=fail fail (pass impossible after 3800 runs), 1534 failures
  NZD standard|T1|p0.52|R1.75: 9.0s net/day 39.68 robust_c80=fail fail (pass impossible after 2150 runs), 1535 failures
  NZD consistency|T1|p0.56|R1.5: 19.9s net/day 39.92 robust_c80=fail fail (pass impossible after 3900 runs), 1536 failures
  NZD standard|T1|p0.56|R1.5: 9.6s net/day 39.92 robust_c80=fail fail (pass impossible after 2150 runs), 1542 failures
  NZD consistency|T2|p0.54|R1.5: 25.8s net/day 39.96 robust_c80=fail fail (pass impossible after 3900 runs), 1537 failures
  NZD standard|T2|p0.54|R1.5: 14.4s net/day 39.96 robust_c80=fail fail (pass impossible after 2100 runs), 1532 failures
  NZD consistency|T1|p0.49|R2.0: 19.7s net/day 40.82 robust_c80=fail fail (pass impossible after 4100 runs), 1552 failures
  NZD standard|T1|p0.49|R2.0: 8.8s net/day 40.82 robust_c80=fail fail (pass impossible after 2200 runs), 1551 failures
  NZD consistency|T2|p0.47|R2.0: 27.9s net/day 40.86 robust_c80=fail fail (pass impossible after 4150 runs), 1550 failures
  NZD standard|T2|p0.47|R2.0: 14.6s net/day 40.86 robust_c80=fail fail (pass impossible after 2200 runs), 1569 failures
  NZD consistency|T2|p0.65|R1.0: 31.0s net/day 43.07 robust_c80=fail fail (pass impossible after 4700 runs), 1545 failures
  NZD standard|T2|p0.65|R1.0: 16.8s net/day 43.07 robust_c80=fail fail (pass impossible after 2500 runs), 1553 failures
  NZD consistency|T1|p0.57|R1.5: 24.2s net/day 43.11 robust_c80=fail fail (pass impossible after 4750 runs), 1535 failures
  NZD standard|T1|p0.57|R1.5: 11.0s net/day 43.11 robust_c80=fail fail (pass impossible after 2400 runs), 1551 failures
  NZD consistency|T1|p0.5|R2.0: 26.2s net/day 44.14 robust_c80=fail fail (pass impossible after 5150 runs), 1548 failures
  NZD standard|T1|p0.5|R2.0: 10.0s net/day 44.14 robust_c80=fail fail (pass impossible after 2450 runs), 1562 failures
  NZD consistency|T2|p0.55|R1.5: 36.6s net/day 44.42 robust_c80=fail fail (pass impossible after 5250 runs), 1539 failures
  NZD standard|T2|p0.55|R1.5: 14.7s net/day 44.42 robust_c80=fail fail (pass impossible after 2500 runs), 1548 failures
  NZD consistency|T2|p0.48|R2.0: 40.0s net/day 45.50 robust_c80=fail fail (pass impossible after 5500 runs), 1535 failures
  NZD standard|T2|p0.48|R2.0: 15.6s net/day 45.50 robust_c80=fail fail (pass impossible after 2550 runs), 1552 failures
  NZD consistency|T1|p0.45|R2.5: 31.7s net/day 45.72 robust_c80=fail fail (pass impossible after 5550 runs), 1537 failures
  NZD standard|T1|p0.45|R2.5: 10.8s net/day 45.72 robust_c80=fail fail (pass impossible after 2500 runs), 1553 failures
  NZD consistency|T1|p0.54|R1.75: 31.8s net/day 46.18 robust_c80=fail fail (pass impossible after 5800 runs), 1544 failures
  NZD standard|T1|p0.54|R1.75: 13.0s net/day 46.18 robust_c80=fail fail (pass impossible after 2650 runs), 1544 failures
  NZD consistency|T1|p0.58|R1.5: 30.4s net/day 46.31 robust_c80=fail fail (pass impossible after 5750 runs), 1541 failures
  NZD standard|T1|p0.58|R1.5: 12.5s net/day 46.31 robust_c80=fail fail (pass impossible after 2650 runs), 1539 failures
  NZD consistency|T2|p0.52|R1.75: 50.7s net/day 48.54 robust_c80=fail fail (pass impossible after 6800 runs), 1535 failures
  NZD standard|T2|p0.52|R1.75: 22.0s net/day 48.54 robust_c80=fail fail (pass impossible after 2950 runs), 1545 failures
/home/kiros-li/.local/share/uv/python/cpython-3.12.13-linux-x86_64-gnu/lib/python3.12/multiprocessing/resource_tracker.py:279: UserWarning: resource_tracker: There appear to be 5 leaked semaphore objects to clean up at shutdown
  warnings.warn('resource_tracker: There appear to be %d '
  NZD consistency|T4|p0.55|R1.5: 52.2s net/day 49.10 robust_c80=fail fail (pass impossible after 6600 runs), 1543 failures
  NZD standard|T4|p0.55|R1.5: 24.6s net/day 49.10 robust_c80=fail fail (pass impossible after 2900 runs), 1551 failures
  NZD consistency|T1|p0.59|R1.5: 38.1s net/day 49.50 robust_c80=fail fail (pass impossible after 7650 runs), 1535 failures
  NZD standard|T1|p0.59|R1.5: 13.5s net/day 49.50 robust_c80=fail fail (pass impossible after 3100 runs), 1538 failures
  NZD consistency|T2|p0.49|R2.0: 55.7s net/day 50.14 robust_c80=fail fail (pass impossible after 7900 runs), 1541 failures
  NZD standard|T2|p0.49|R2.0: 16.8s net/day 50.14 robust_c80=fail fail (pass impossible after 3000 runs), 1545 failures
  NZD consistency|T1|p0.7|R1.0: 35.0s net/day 51.41 robust_c80=pass (0.8186)
  NZD standard|T1|p0.7|R1.0: 18.9s net/day 51.41 robust_c80=fail fail (pass impossible after 4000 runs), 1536 failures
