CHF null comparison sample consistency: 23s
  CHF consistency|T4|p0.4|R0.75: 7.8s net/day -321.24 robust_c80=fail fail (pass impossible after 1550 runs), 1550 failures
CHF null comparison sample standard: 17s
  CHF standard|T4|p0.4|R0.75: 9.2s net/day -321.24 robust_c80=fail fail (pass impossible after 1550 runs), 1550 failures
  CHF standard|T32|p0.45|R1.5: 43.9s net/day -315.46 robust_c80=fail fail (pass impossible after 1550 runs), 1550 failures
  CHF consistency|T4|p0.45|R0.75: 8.9s net/day -246.99 robust_c80=fail fail (pass impossible after 1550 runs), 1550 failures
  CHF standard|T4|p0.45|R0.75: 9.4s net/day -246.99 robust_c80=fail fail (pass impossible after 1550 runs), 1550 failures
  CHF standard|T32|p0.4|R2.0: 44.5s net/day -232.89 robust_c80=fail fail (pass impossible after 1550 runs), 1549 failures
  CHF consistency|T2|p0.4|R0.75: 6.6s net/day -221.05 robust_c80=fail fail (pass impossible after 1550 runs), 1550 failures
  CHF standard|T2|p0.4|R0.75: 5.4s net/day -221.05 robust_c80=fail fail (pass impossible after 1550 runs), 1550 failures
  CHF consistency|T4|p0.4|R1.0: 8.3s net/day -213.64 robust_c80=fail fail (pass impossible after 1550 runs), 1550 failures
  CHF standard|T4|p0.4|R1.0: 9.0s net/day -213.64 robust_c80=fail fail (pass impossible after 1550 runs), 1550 failures
  CHF standard|T32|p0.475|R1.5: 48.4s net/day -208.41 robust_c80=fail fail (pass impossible after 1550 runs), 1549 failures
  CHF consistency|T4|p0.5|R0.75: 8.8s net/day -172.74 robust_c80=fail fail (pass impossible after 1550 runs), 1550 failures
  CHF standard|T4|p0.5|R0.75: 8.2s net/day -172.74 robust_c80=fail fail (pass impossible after 1550 runs), 1550 failures
  CHF consistency|T2|p0.45|R0.75: 5.5s net/day -166.11 robust_c80=fail fail (pass impossible after 1550 runs), 1550 failures
  CHF standard|T2|p0.45|R0.75: 6.2s net/day -166.11 robust_c80=fail fail (pass impossible after 1550 runs), 1550 failures
  CHF consistency|T1|p0.4|R0.75: 5.1s net/day -158.71 robust_c80=fail fail (pass impossible after 1550 runs), 1550 failures
  CHF standard|T1|p0.4|R0.75: 5.0s net/day -158.71 robust_c80=fail fail (pass impossible after 1550 runs), 1549 failures
  CHF consistency|T2|p0.4|R1.0: 5.8s net/day -141.43 robust_c80=fail fail (pass impossible after 1550 runs), 1550 failures
  CHF standard|T2|p0.4|R1.0: 5.5s net/day -141.43 robust_c80=fail fail (pass impossible after 1550 runs), 1549 failures
  CHF consistency|T4|p0.45|R1.0: 8.0s net/day -140.16 robust_c80=fail fail (pass impossible after 1550 runs), 1550 failures
  CHF standard|T4|p0.45|R1.0: 8.9s net/day -140.16 robust_c80=fail fail (pass impossible after 1550 runs), 1550 failures
  CHF standard|T32|p0.425|R2.0: 52.3s net/day -121.64 robust_c80=fail fail (pass impossible after 1550 runs), 1537 failures
  CHF consistency|T1|p0.45|R0.75: 5.3s net/day -117.21 robust_c80=fail fail (pass impossible after 1550 runs), 1546 failures
  CHF standard|T1|p0.45|R0.75: 4.6s net/day -117.21 robust_c80=fail fail (pass impossible after 1550 runs), 1548 failures
  CHF consistency|T16|p0.55|R1.0: 30.6s net/day -116.23 robust_c80=fail fail (pass impossible after 1550 runs), 1549 failures
  CHF standard|T16|p0.55|R1.0: 29.8s net/day -116.23 robust_c80=fail fail (pass impossible after 1550 runs), 1548 failures
  CHF consistency|T16|p0.45|R1.5: 27.6s net/day -113.16 robust_c80=fail fail (pass impossible after 1550 runs), 1545 failures
  CHF standard|T16|p0.45|R1.5: 26.7s net/day -113.16 robust_c80=fail fail (pass impossible after 1550 runs), 1549 failures
  CHF consistency|T2|p0.5|R0.75: 6.0s net/day -111.17 robust_c80=fail fail (pass impossible after 1550 runs), 1545 failures
  CHF standard|T2|p0.5|R0.75: 4.8s net/day -111.17 robust_c80=fail fail (pass impossible after 1550 runs), 1548 failures
  CHF consistency|T1|p0.4|R1.0: 4.9s net/day -98.57 robust_c80=fail fail (pass impossible after 1550 runs), 1546 failures
  CHF standard|T1|p0.4|R1.0: 4.9s net/day -98.57 robust_c80=fail fail (pass impossible after 1550 runs), 1549 failures
  CHF consistency|T4|p0.55|R0.75: 8.9s net/day -98.49 robust_c80=fail fail (pass impossible after 1550 runs), 1546 failures
  CHF standard|T4|p0.55|R0.75: 11.9s net/day -98.49 robust_c80=fail fail (pass impossible after 1550 runs), 1550 failures
  CHF consistency|T2|p0.45|R1.0: 6.3s net/day -87.06 robust_c80=fail fail (pass impossible after 1550 runs), 1544 failures
  CHF standard|T2|p0.45|R1.0: 7.2s net/day -87.06 robust_c80=fail fail (pass impossible after 1550 runs), 1543 failures
  CHF consistency|T1|p0.5|R0.75: 4.8s net/day -75.71 robust_c80=fail fail (pass impossible after 1600 runs), 1575 failures
  CHF standard|T1|p0.5|R0.75: 5.4s net/day -75.71 robust_c80=fail fail (pass impossible after 1550 runs), 1539 failures
  CHF consistency|T4|p0.4|R1.5: 10.2s net/day -66.67 robust_c80=fail fail (pass impossible after 1550 runs), 1545 failures
  CHF standard|T4|p0.4|R1.5: 9.1s net/day -66.67 robust_c80=fail fail (pass impossible after 1550 runs), 1549 failures
  CHF consistency|T4|p0.5|R1.0: 9.3s net/day -66.67 robust_c80=fail fail (pass impossible after 1550 runs), 1539 failures
  CHF standard|T4|p0.5|R1.0: 10.3s net/day -66.67 robust_c80=fail fail (pass impossible after 1550 runs), 1543 failures
  CHF consistency|T1|p0.45|R1.0: 5.0s net/day -57.49 robust_c80=fail fail (pass impossible after 1600 runs), 1562 failures
  CHF standard|T1|p0.45|R1.0: 5.4s net/day -57.49 robust_c80=fail fail (pass impossible after 1550 runs), 1532 failures
  CHF consistency|T2|p0.55|R0.75: 6.5s net/day -56.23 robust_c80=fail fail (pass impossible after 1600 runs), 1566 failures
  CHF standard|T2|p0.55|R0.75: 6.8s net/day -56.23 robust_c80=fail fail (pass impossible after 1550 runs), 1535 failures
  CHF consistency|T16|p0.4|R2.0: 31.2s net/day -54.57 robust_c80=fail fail (pass impossible after 1600 runs), 1572 failures
  CHF standard|T16|p0.4|R2.0: 32.5s net/day -54.57 robust_c80=fail fail (pass impossible after 1600 runs), 1577 failures
  CHF consistency|T16|p0.475|R1.5: 33.3s net/day -37.20 robust_c80=fail fail (pass impossible after 1600 runs), 1547 failures
  CHF standard|T16|p0.475|R1.5: 31.2s net/day -37.20 robust_c80=fail fail (pass impossible after 1600 runs), 1562 failures
  CHF consistency|T1|p0.55|R0.75: 5.6s net/day -34.21 robust_c80=fail fail (pass impossible after 1650 runs), 1542 failures
  CHF standard|T1|p0.55|R0.75: 5.5s net/day -34.21 robust_c80=fail fail (pass impossible after 1600 runs), 1552 failures
  CHF consistency|T2|p0.4|R1.5: 7.8s net/day -32.68 robust_c80=fail fail (pass impossible after 1650 runs), 1578 failures
  CHF standard|T2|p0.4|R1.5: 6.2s net/day -32.68 robust_c80=fail fail (pass impossible after 1600 runs), 1565 failures
  CHF consistency|T2|p0.5|R1.0: 7.9s net/day -32.68 robust_c80=fail fail (pass impossible after 1650 runs), 1573 failures
  CHF standard|T2|p0.5|R1.0: 7.0s net/day -32.68 robust_c80=fail fail (pass impossible after 1600 runs), 1562 failures
  CHF consistency|T8|p0.55|R1.0: 21.3s net/day -26.67 robust_c80=fail fail (pass impossible after 1650 runs), 1571 failures
  CHF standard|T8|p0.55|R1.0: 17.0s net/day -26.67 robust_c80=fail fail (pass impossible after 1600 runs), 1549 failures
  CHF consistency|T8|p0.45|R1.5: 21.2s net/day -24.49 robust_c80=fail fail (pass impossible after 1650 runs), 1575 failures
  CHF standard|T8|p0.45|R1.5: 18.5s net/day -24.49 robust_c80=fail fail (pass impossible after 1600 runs), 1549 failures
  CHF consistency|T4|p0.6|R0.75: 11.4s net/day -24.25 robust_c80=fail fail (pass impossible after 1700 runs), 1574 failures
  CHF standard|T4|p0.6|R0.75: 10.5s net/day -24.25 robust_c80=fail fail (pass impossible after 1600 runs), 1554 failures
  CHF consistency|T1|p0.4|R1.5: 5.7s net/day -16.42 robust_c80=fail fail (pass impossible after 1700 runs), 1574 failures
  CHF standard|T1|p0.4|R1.5: 5.5s net/day -16.42 robust_c80=fail fail (pass impossible after 1650 runs), 1575 failures
  CHF consistency|T1|p0.5|R1.0: 5.9s net/day -16.42 robust_c80=fail fail (pass impossible after 1750 runs), 1568 failures
  CHF standard|T1|p0.5|R1.0: 5.7s net/day -16.42 robust_c80=fail fail (pass impossible after 1650 runs), 1561 failures
  CHF consistency|T2|p0.6|R0.75: 8.2s net/day -1.29 robust_c80=fail fail (pass impossible after 1850 runs), 1537 failures
  CHF standard|T2|p0.6|R0.75: 8.0s net/day -1.29 robust_c80=fail fail (pass impossible after 1700 runs), 1558 failures
  CHF consistency|T4|p0.55|R1.0: 10.2s net/day 6.81 robust_c80=fail fail (pass impossible after 1900 runs), 1559 failures
  CHF standard|T4|p0.55|R1.0: 7.1s net/day 6.81 robust_c80=fail fail (pass impossible after 1700 runs), 1534 failures
  CHF consistency|T1|p0.6|R0.75: 6.3s net/day 7.30 robust_c80=fail fail (pass impossible after 2050 runs), 1557 failures
  CHF standard|T1|p0.6|R0.75: 5.3s net/day 7.30 robust_c80=fail fail (pass impossible after 1800 runs), 1567 failures
  CHF consistency|T4|p0.45|R1.5: 14.0s net/day 8.33 robust_c80=fail fail (pass impossible after 1850 runs), 1557 failures
  CHF standard|T4|p0.45|R1.5: 9.6s net/day 8.33 robust_c80=fail fail (pass impossible after 1700 runs), 1548 failures
  CHF consistency|T8|p0.4|R2.0: 28.4s net/day 17.21 robust_c80=fail fail (pass impossible after 1900 runs), 1553 failures
  CHF standard|T8|p0.4|R2.0: 20.7s net/day 17.21 robust_c80=fail fail (pass impossible after 1750 runs), 1555 failures
  CHF consistency|T2|p0.55|R1.0: 12.4s net/day 21.70 robust_c80=fail fail (pass impossible after 2200 runs), 1546 failures
  CHF standard|T2|p0.55|R1.0: 9.6s net/day 21.70 robust_c80=fail fail (pass impossible after 1900 runs), 1567 failures
  CHF consistency|T2|p0.45|R1.5: 11.3s net/day 22.82 robust_c80=fail fail (pass impossible after 2100 runs), 1538 failures
  CHF standard|T2|p0.45|R1.5: 7.4s net/day 22.82 robust_c80=fail fail (pass impossible after 1850 runs), 1550 failures
  CHF consistency|T16|p0.425|R2.0: 46.6s net/day 24.38 robust_c80=fail fail (pass impossible after 2100 runs), 1567 failures
  CHF standard|T16|p0.425|R2.0: 41.7s net/day 24.38 robust_c80=fail fail (pass impossible after 1900 runs), 1557 failures
  CHF consistency|T1|p0.55|R1.0: 8.3s net/day 24.66 robust_c80=fail fail (pass impossible after 2350 runs), 1557 failures
  CHF standard|T1|p0.55|R1.0: 7.9s net/day 24.66 robust_c80=fail fail (pass impossible after 1950 runs), 1568 failures
  CHF consistency|T1|p0.45|R1.5: 7.2s net/day 25.50 robust_c80=fail fail (pass impossible after 2100 runs), 1533 failures
  CHF standard|T1|p0.45|R1.5: 7.3s net/day 25.50 robust_c80=fail fail (pass impossible after 1850 runs), 1547 failures
  CHF consistency|T8|p0.575|R1.0: 31.3s net/day 26.30 robust_c80=fail fail (pass impossible after 2200 runs), 1546 failures
  CHF standard|T8|p0.575|R1.0: 24.1s net/day 26.30 robust_c80=fail fail (pass impossible after 1900 runs), 1548 failures
  CHF consistency|T8|p0.475|R1.5: 28.6s net/day 29.58 robust_c80=fail fail (pass impossible after 2200 runs), 1565 failures
  CHF standard|T8|p0.475|R1.5: 24.8s net/day 29.58 robust_c80=fail fail (pass impossible after 1900 runs), 1542 failures
  CHF consistency|T16|p0.6|R1.0: 55.9s net/day 32.63 robust_c80=fail fail (pass impossible after 2350 runs), 1542 failures
  CHF standard|T16|p0.6|R1.0: 43.9s net/day 32.63 robust_c80=fail fail (pass impossible after 2000 runs), 1549 failures
  CHF consistency|T4|p0.4|R2.0: 18.7s net/day 37.25 robust_c80=fail fail (pass impossible after 2300 runs), 1562 failures
  CHF standard|T4|p0.4|R2.0: 13.5s net/day 37.25 robust_c80=fail fail (pass impossible after 1950 runs), 1544 failures
  CHF consistency|T1|p0.4|R2.0: 10.4s net/day 41.67 robust_c80=fail fail (pass impossible after 2350 runs), 1542 failures
  CHF standard|T1|p0.4|R2.0: 7.2s net/day 41.67 robust_c80=fail fail (pass impossible after 2000 runs), 1547 failures
  CHF consistency|T2|p0.4|R2.0: 13.5s net/day 44.22 robust_c80=fail fail (pass impossible after 2500 runs), 1532 failures
  CHF standard|T2|p0.4|R2.0: 10.0s net/day 44.22 robust_c80=fail fail (pass impossible after 2100 runs), 1554 failures
  CHF consistency|T4|p0.58|R1.0: 30.1s net/day 50.90 robust_c80=fail fail (pass impossible after 3350 runs), 1548 failures
  CHF standard|T4|p0.58|R1.0: 17.4s net/day 50.90 robust_c80=fail fail (pass impossible after 2350 runs), 1537 failures
  CHF consistency|T4|p0.48|R1.5: 26.3s net/day 53.33 robust_c80=fail fail (pass impossible after 3100 runs), 1533 failures
  CHF standard|T4|p0.48|R1.5: 16.3s net/day 53.33 robust_c80=fail fail (pass impossible after 2350 runs), 1535 failures
  CHF consistency|T4|p0.66|R0.75: 45.7s net/day 64.85 robust_c80=fail fail (pass impossible after 4900 runs), 1532 failures
  CHF standard|T4|p0.66|R0.75: 23.6s net/day 64.85 robust_c80=fail fail (pass impossible after 3050 runs), 1536 failures
  CHF consistency|T4|p0.59|R1.0: 40.8s net/day 65.60 robust_c80=fail fail (pass impossible after 4550 runs), 1540 failures
  CHF standard|T4|p0.59|R1.0: 24.8s net/day 65.60 robust_c80=fail fail (pass impossible after 2950 runs), 1541 failures
  CHF consistency|T1|p0.6|R1.0: 26.6s net/day 65.73 robust_c80=fail fail (pass impossible after 4850 runs), 1540 failures
  CHF standard|T1|p0.6|R1.0: 13.1s net/day 65.73 robust_c80=fail fail (pass impossible after 3100 runs), 1551 failures
  CHF consistency|T1|p0.5|R1.5: 21.8s net/day 67.42 robust_c80=fail fail (pass impossible after 4200 runs), 1546 failures
  CHF standard|T1|p0.5|R1.5: 14.4s net/day 67.42 robust_c80=fail fail (pass impossible after 2950 runs), 1547 failures
  CHF consistency|T4|p0.49|R1.5: 39.0s net/day 68.33 robust_c80=fail fail (pass impossible after 4200 runs), 1532 failures
  CHF standard|T4|p0.49|R1.5: 23.1s net/day 68.33 robust_c80=fail fail (pass impossible after 2900 runs), 1539 failures
  CHF consistency|T4|p0.42|R2.0: 38.2s net/day 68.43 robust_c80=fail fail (pass impossible after 3750 runs), 1535 failures
  CHF standard|T4|p0.42|R2.0: 20.5s net/day 68.43 robust_c80=fail fail (pass impossible after 2750 runs), 1537 failures
  CHF consistency|T8|p0.425|R2.0: 84.3s net/day 73.41 robust_c80=fail fail (pass impossible after 4100 runs), 1536 failures
  CHF standard|T8|p0.425|R2.0: 47.6s net/day 73.41 robust_c80=fail fail (pass impossible after 2950 runs), 1538 failures
  CHF consistency|T2|p0.6|R1.0: 53.3s net/day 76.07 robust_c80=fail fail (pass impossible after 6550 runs), 1534 failures
  CHF standard|T2|p0.6|R1.0: 26.7s net/day 76.07 robust_c80=fail fail (pass impossible after 3700 runs), 1540 failures
  CHF consistency|T2|p0.5|R1.5: 48.7s net/day 78.32 robust_c80=fail fail (pass impossible after 5500 runs), 1532 failures
  CHF standard|T2|p0.5|R1.5: 22.1s net/day 78.32 robust_c80=fail fail (pass impossible after 3450 runs), 1537 failures
  CHF consistency|T8|p0.6|R1.0: 121.6s net/day 79.28 robust_c80=fail fail (pass impossible after 5900 runs), 1533 failures
  CHF standard|T8|p0.6|R1.0: 64.3s net/day 79.28 robust_c80=fail fail (pass impossible after 3600 runs), 1534 failures
  CHF consistency|T4|p0.6|R1.0: 70.9s net/day 80.30 robust_c80=fail fail (pass impossible after 6650 runs), 1534 failures
  CHF standard|T4|p0.6|R1.0: 35.4s net/day 80.30 robust_c80=fail fail (pass impossible after 3950 runs), 1548 failures
  CHF consistency|T4|p0.46|R1.75: 63.1s net/day 80.53 robust_c80=fail fail (pass impossible after 5350 runs), 1535 failures
  CHF standard|T4|p0.46|R1.75: 37.6s net/day 80.53 robust_c80=fail fail (pass impossible after 3400 runs), 1542 failures
