lean hogs null comparison sample standard: 20s
  lean hogs standard|T32|p0.45|R1.5: 46.8s net/day -423.13 robust_c80=fail fail (pass impossible after 1550 runs), 1550 failures
  lean hogs standard|T32|p0.4|R2.0: 45.9s net/day -356.87 robust_c80=fail fail (pass impossible after 1550 runs), 1550 failures
  lean hogs standard|T32|p0.475|R1.5: 49.1s net/day -337.21 robust_c80=fail fail (pass impossible after 1550 runs), 1550 failures
lean hogs null comparison sample consistency: 21s
  lean hogs consistency|T4|p0.4|R0.75: 8.1s net/day -290.64 robust_c80=fail fail (pass impossible after 1550 runs), 1550 failures
  lean hogs standard|T4|p0.4|R0.75: 8.4s net/day -290.64 robust_c80=fail fail (pass impossible after 1550 runs), 1550 failures
  lean hogs standard|T32|p0.425|R2.0: 44.3s net/day -267.58 robust_c80=fail fail (pass impossible after 1550 runs), 1550 failures
  lean hogs consistency|T4|p0.45|R0.75: 8.0s net/day -227.42 robust_c80=fail fail (pass impossible after 1550 runs), 1550 failures
  lean hogs standard|T4|p0.45|R0.75: 8.5s net/day -227.42 robust_c80=fail fail (pass impossible after 1550 runs), 1550 failures
  lean hogs consistency|T4|p0.4|R1.0: 7.9s net/day -199.03 robust_c80=fail fail (pass impossible after 1550 runs), 1550 failures
  lean hogs standard|T4|p0.4|R1.0: 7.6s net/day -199.03 robust_c80=fail fail (pass impossible after 1550 runs), 1550 failures
  lean hogs consistency|T2|p0.4|R0.75: 5.5s net/day -192.88 robust_c80=fail fail (pass impossible after 1550 runs), 1550 failures
  lean hogs standard|T2|p0.4|R0.75: 5.5s net/day -192.88 robust_c80=fail fail (pass impossible after 1550 runs), 1550 failures
  lean hogs consistency|T16|p0.55|R1.0: 27.0s net/day -175.31 robust_c80=fail fail (pass impossible after 1550 runs), 1550 failures
  lean hogs standard|T16|p0.55|R1.0: 25.1s net/day -175.31 robust_c80=fail fail (pass impossible after 1550 runs), 1550 failures
  lean hogs consistency|T16|p0.45|R1.5: 24.5s net/day -172.80 robust_c80=fail fail (pass impossible after 1550 runs), 1550 failures
  lean hogs standard|T16|p0.45|R1.5: 26.8s net/day -172.80 robust_c80=fail fail (pass impossible after 1550 runs), 1550 failures
  lean hogs consistency|T4|p0.5|R0.75: 9.3s net/day -164.21 robust_c80=fail fail (pass impossible after 1550 runs), 1550 failures
  lean hogs standard|T4|p0.5|R0.75: 9.9s net/day -164.21 robust_c80=fail fail (pass impossible after 1550 runs), 1550 failures
  lean hogs consistency|T2|p0.45|R0.75: 6.4s net/day -147.45 robust_c80=fail fail (pass impossible after 1550 runs), 1550 failures
  lean hogs standard|T2|p0.45|R0.75: 5.9s net/day -147.45 robust_c80=fail fail (pass impossible after 1550 runs), 1550 failures
  lean hogs consistency|T4|p0.45|R1.0: 10.2s net/day -136.47 robust_c80=fail fail (pass impossible after 1550 runs), 1550 failures
  lean hogs standard|T4|p0.45|R1.0: 8.1s net/day -136.47 robust_c80=fail fail (pass impossible after 1550 runs), 1550 failures
  lean hogs consistency|T1|p0.4|R0.75: 4.0s net/day -130.26 robust_c80=fail fail (pass impossible after 1550 runs), 1550 failures
  lean hogs standard|T1|p0.4|R0.75: 4.6s net/day -130.26 robust_c80=fail fail (pass impossible after 1550 runs), 1550 failures
  lean hogs consistency|T2|p0.4|R1.0: 6.0s net/day -127.05 robust_c80=fail fail (pass impossible after 1550 runs), 1550 failures
  lean hogs standard|T2|p0.4|R1.0: 5.0s net/day -127.05 robust_c80=fail fail (pass impossible after 1550 runs), 1550 failures
  lean hogs consistency|T16|p0.4|R2.0: 25.6s net/day -124.74 robust_c80=fail fail (pass impossible after 1550 runs), 1549 failures
  lean hogs standard|T16|p0.4|R2.0: 27.6s net/day -124.74 robust_c80=fail fail (pass impossible after 1550 runs), 1550 failures
  lean hogs consistency|T16|p0.475|R1.5: 26.6s net/day -110.49 robust_c80=fail fail (pass impossible after 1550 runs), 1550 failures
  lean hogs standard|T16|p0.475|R1.5: 29.6s net/day -110.49 robust_c80=fail fail (pass impossible after 1550 runs), 1550 failures
  lean hogs consistency|T2|p0.5|R0.75: 6.9s net/day -102.02 robust_c80=fail fail (pass impossible after 1550 runs), 1549 failures
  lean hogs standard|T2|p0.5|R0.75: 6.7s net/day -102.02 robust_c80=fail fail (pass impossible after 1550 runs), 1550 failures
  lean hogs consistency|T4|p0.55|R0.75: 8.7s net/day -100.99 robust_c80=fail fail (pass impossible after 1550 runs), 1550 failures
  lean hogs standard|T4|p0.55|R0.75: 9.4s net/day -100.99 robust_c80=fail fail (pass impossible after 1550 runs), 1550 failures
  lean hogs consistency|T1|p0.45|R0.75: 4.3s net/day -97.63 robust_c80=fail fail (pass impossible after 1550 runs), 1549 failures
  lean hogs standard|T1|p0.45|R0.75: 4.9s net/day -97.63 robust_c80=fail fail (pass impossible after 1550 runs), 1550 failures
  lean hogs consistency|T1|p0.4|R1.0: 5.0s net/day -82.97 robust_c80=fail fail (pass impossible after 1550 runs), 1550 failures
  lean hogs standard|T1|p0.4|R1.0: 4.8s net/day -82.97 robust_c80=fail fail (pass impossible after 1550 runs), 1550 failures
  lean hogs consistency|T2|p0.45|R1.0: 6.4s net/day -82.08 robust_c80=fail fail (pass impossible after 1550 runs), 1548 failures
  lean hogs standard|T2|p0.45|R1.0: 6.3s net/day -82.08 robust_c80=fail fail (pass impossible after 1550 runs), 1549 failures
  lean hogs consistency|T4|p0.4|R1.5: 8.8s net/day -73.90 robust_c80=fail fail (pass impossible after 1550 runs), 1548 failures
  lean hogs standard|T4|p0.4|R1.5: 9.5s net/day -73.90 robust_c80=fail fail (pass impossible after 1550 runs), 1550 failures
  lean hogs consistency|T4|p0.5|R1.0: 8.7s net/day -73.90 robust_c80=fail fail (pass impossible after 1550 runs), 1547 failures
  lean hogs standard|T4|p0.5|R1.0: 8.8s net/day -73.90 robust_c80=fail fail (pass impossible after 1550 runs), 1549 failures
  lean hogs consistency|T1|p0.5|R0.75: 4.3s net/day -65.00 robust_c80=fail fail (pass impossible after 1550 runs), 1547 failures
  lean hogs standard|T1|p0.5|R0.75: 4.7s net/day -65.00 robust_c80=fail fail (pass impossible after 1550 runs), 1550 failures
  lean hogs consistency|T8|p0.55|R1.0: 15.8s net/day -62.27 robust_c80=fail fail (pass impossible after 1550 runs), 1543 failures
  lean hogs standard|T8|p0.55|R1.0: 18.2s net/day -62.27 robust_c80=fail fail (pass impossible after 1550 runs), 1549 failures
  lean hogs consistency|T8|p0.45|R1.5: 18.0s net/day -60.48 robust_c80=fail fail (pass impossible after 1550 runs), 1543 failures
  lean hogs standard|T8|p0.45|R1.5: 16.9s net/day -60.48 robust_c80=fail fail (pass impossible after 1550 runs), 1549 failures
  lean hogs consistency|T16|p0.425|R2.0: 30.4s net/day -60.00 robust_c80=fail fail (pass impossible after 1550 runs), 1534 failures
  lean hogs standard|T16|p0.425|R2.0: 30.5s net/day -60.00 robust_c80=fail fail (pass impossible after 1550 runs), 1546 failures
  lean hogs consistency|T2|p0.55|R0.75: 6.3s net/day -56.59 robust_c80=fail fail (pass impossible after 1550 runs), 1541 failures
  lean hogs standard|T2|p0.55|R0.75: 5.8s net/day -56.59 robust_c80=fail fail (pass impossible after 1550 runs), 1548 failures
  lean hogs consistency|T16|p0.6|R1.0: 27.4s net/day -53.22 robust_c80=fail fail (pass impossible after 1550 runs), 1534 failures
  lean hogs standard|T16|p0.6|R1.0: 32.0s net/day -53.22 robust_c80=fail fail (pass impossible after 1550 runs), 1546 failures
  lean hogs consistency|T1|p0.45|R1.0: 4.7s net/day -50.68 robust_c80=fail fail (pass impossible after 1550 runs), 1544 failures
  lean hogs standard|T1|p0.45|R1.0: 4.3s net/day -50.68 robust_c80=fail fail (pass impossible after 1550 runs), 1548 failures
  lean hogs consistency|T4|p0.6|R0.75: 9.7s net/day -37.78 robust_c80=fail fail (pass impossible after 1600 runs), 1581 failures
  lean hogs standard|T4|p0.6|R0.75: 9.9s net/day -37.78 robust_c80=fail fail (pass impossible after 1550 runs), 1547 failures
  lean hogs consistency|T2|p0.4|R1.5: 5.2s net/day -37.12 robust_c80=fail fail (pass impossible after 1600 runs), 1575 failures
  lean hogs standard|T2|p0.4|R1.5: 7.1s net/day -37.12 robust_c80=fail fail (pass impossible after 1550 runs), 1544 failures
  lean hogs consistency|T2|p0.5|R1.0: 6.9s net/day -37.12 robust_c80=fail fail (pass impossible after 1600 runs), 1569 failures
  lean hogs standard|T2|p0.5|R1.0: 6.1s net/day -37.12 robust_c80=fail fail (pass impossible after 1550 runs), 1542 failures
  lean hogs consistency|T1|p0.55|R0.75: 5.0s net/day -32.36 robust_c80=fail fail (pass impossible after 1600 runs), 1572 failures
  lean hogs standard|T1|p0.55|R0.75: 4.9s net/day -32.36 robust_c80=fail fail (pass impossible after 1550 runs), 1545 failures
  lean hogs consistency|T8|p0.4|R2.0: 19.0s net/day -26.49 robust_c80=fail fail (pass impossible after 1600 runs), 1535 failures
  lean hogs standard|T8|p0.4|R2.0: 18.5s net/day -26.49 robust_c80=fail fail (pass impossible after 1600 runs), 1571 failures
  lean hogs consistency|T8|p0.575|R1.0: 19.9s net/day -19.08 robust_c80=fail fail (pass impossible after 1650 runs), 1552 failures
  lean hogs standard|T8|p0.575|R1.0: 18.4s net/day -19.08 robust_c80=fail fail (pass impossible after 1600 runs), 1577 failures
  lean hogs consistency|T1|p0.4|R1.5: 5.5s net/day -18.38 robust_c80=fail fail (pass impossible after 1600 runs), 1543 failures
  lean hogs standard|T1|p0.4|R1.5: 4.9s net/day -18.38 robust_c80=fail fail (pass impossible after 1550 runs), 1538 failures
  lean hogs consistency|T1|p0.5|R1.0: 5.2s net/day -18.38 robust_c80=fail fail (pass impossible after 1600 runs), 1541 failures
  lean hogs standard|T1|p0.5|R1.0: 4.7s net/day -18.38 robust_c80=fail fail (pass impossible after 1600 runs), 1579 failures
  lean hogs consistency|T8|p0.475|R1.5: 19.9s net/day -16.41 robust_c80=fail fail (pass impossible after 1650 runs), 1547 failures
  lean hogs standard|T8|p0.475|R1.5: 18.2s net/day -16.41 robust_c80=fail fail (pass impossible after 1600 runs), 1560 failures
  lean hogs consistency|T4|p0.55|R1.0: 10.5s net/day -11.33 robust_c80=fail fail (pass impossible after 1700 runs), 1575 failures
  lean hogs standard|T4|p0.55|R1.0: 11.3s net/day -11.33 robust_c80=fail fail (pass impossible after 1600 runs), 1566 failures
  lean hogs consistency|T2|p0.6|R0.75: 7.6s net/day -11.16 robust_c80=fail fail (pass impossible after 1700 runs), 1576 failures
  lean hogs standard|T2|p0.6|R0.75: 6.8s net/day -11.16 robust_c80=fail fail (pass impossible after 1600 runs), 1573 failures
  lean hogs consistency|T4|p0.45|R1.5: 8.3s net/day -10.04 robust_c80=fail fail (pass impossible after 1700 runs), 1556 failures
  lean hogs standard|T4|p0.45|R1.5: 6.3s net/day -10.04 robust_c80=fail fail (pass impossible after 1600 runs), 1567 failures
  lean hogs consistency|T1|p0.6|R0.75: 3.8s net/day 0.27 robust_c80=fail fail (pass impossible after 1750 runs), 1547 failures
  lean hogs standard|T1|p0.6|R0.75: 5.5s net/day 0.27 robust_c80=fail fail (pass impossible after 1600 runs), 1557 failures
  lean hogs consistency|T2|p0.55|R1.0: 10.1s net/day 7.84 robust_c80=fail fail (pass impossible after 1900 runs), 1557 failures
  lean hogs standard|T2|p0.55|R1.0: 6.5s net/day 7.84 robust_c80=fail fail (pass impossible after 1650 runs), 1561 failures
  lean hogs consistency|T2|p0.45|R1.5: 9.2s net/day 8.77 robust_c80=fail fail (pass impossible after 1900 runs), 1566 failures
  lean hogs standard|T2|p0.45|R1.5: 10.0s net/day 8.77 robust_c80=fail fail (pass impossible after 1650 runs), 1560 failures
  lean hogs consistency|T1|p0.55|R1.0: 7.0s net/day 13.92 robust_c80=fail fail (pass impossible after 1950 runs), 1551 failures
  lean hogs standard|T1|p0.55|R1.0: 5.2s net/day 13.92 robust_c80=fail fail (pass impossible after 1650 runs), 1541 failures
  lean hogs consistency|T1|p0.45|R1.5: 7.3s net/day 14.58 robust_c80=fail fail (pass impossible after 1900 runs), 1532 failures
  lean hogs standard|T1|p0.45|R1.5: 7.5s net/day 14.58 robust_c80=fail fail (pass impossible after 1650 runs), 1539 failures
  lean hogs consistency|T4|p0.4|R2.0: 15.8s net/day 14.58 robust_c80=fail fail (pass impossible after 2000 runs), 1561 failures
  lean hogs standard|T4|p0.4|R2.0: 11.6s net/day 14.58 robust_c80=fail fail (pass impossible after 1700 runs), 1536 failures
  lean hogs consistency|T8|p0.425|R2.0: 27.3s net/day 19.32 robust_c80=fail fail (pass impossible after 2050 runs), 1540 failures
  lean hogs standard|T8|p0.425|R2.0: 19.0s net/day 19.32 robust_c80=fail fail (pass impossible after 1750 runs), 1566 failures
  lean hogs consistency|T8|p0.6|R1.0: 36.0s net/day 24.11 robust_c80=fail fail (pass impossible after 2300 runs), 1564 failures
  lean hogs standard|T8|p0.6|R1.0: 21.9s net/day 24.11 robust_c80=fail fail (pass impossible after 1800 runs), 1550 failures
  lean hogs consistency|T4|p0.58|R1.0: 18.0s net/day 26.21 robust_c80=fail fail (pass impossible after 2350 runs), 1546 failures
  lean hogs standard|T4|p0.58|R1.0: 13.3s net/day 26.21 robust_c80=fail fail (pass impossible after 1800 runs), 1534 failures
  lean hogs consistency|T2|p0.4|R2.0: 11.7s net/day 26.47 robust_c80=fail fail (pass impossible after 2250 runs), 1542 failures
  lean hogs standard|T2|p0.4|R2.0: 7.4s net/day 26.47 robust_c80=fail fail (pass impossible after 1800 runs), 1557 failures
  lean hogs consistency|T1|p0.4|R2.0: 8.1s net/day 27.29 robust_c80=fail fail (pass impossible after 2250 runs), 1564 failures
  lean hogs standard|T1|p0.4|R2.0: 5.4s net/day 27.29 robust_c80=fail fail (pass impossible after 1800 runs), 1550 failures
  lean hogs consistency|T8|p0.5|R1.5: 30.5s net/day 27.67 robust_c80=fail fail (pass impossible after 2350 runs), 1552 failures
  lean hogs standard|T8|p0.5|R1.5: 22.1s net/day 27.67 robust_c80=fail fail (pass impossible after 1850 runs), 1554 failures
  lean hogs consistency|T4|p0.48|R1.5: 18.8s net/day 28.27 robust_c80=fail fail (pass impossible after 2400 runs), 1564 failures
  lean hogs standard|T4|p0.48|R1.5: 13.8s net/day 28.27 robust_c80=fail fail (pass impossible after 1850 runs), 1538 failures
  lean hogs consistency|T4|p0.66|R0.75: 23.8s net/day 38.08 robust_c80=fail fail (pass impossible after 3000 runs), 1554 failures
  lean hogs standard|T4|p0.66|R0.75: 12.6s net/day 38.08 robust_c80=fail fail (pass impossible after 2000 runs), 1539 failures
  lean hogs consistency|T4|p0.59|R1.0: 25.8s net/day 38.72 robust_c80=fail fail (pass impossible after 3000 runs), 1549 failures
  lean hogs standard|T4|p0.59|R1.0: 14.1s net/day 38.72 robust_c80=fail fail (pass impossible after 2050 runs), 1552 failures
  lean hogs consistency|T4|p0.49|R1.5: 25.5s net/day 41.04 robust_c80=fail fail (pass impossible after 3000 runs), 1552 failures
  lean hogs standard|T4|p0.49|R1.5: 16.5s net/day 41.04 robust_c80=fail fail (pass impossible after 2150 runs), 1571 failures
  lean hogs consistency|T4|p0.42|R2.0: 22.9s net/day 41.13 robust_c80=fail fail (pass impossible after 2900 runs), 1541 failures
  lean hogs standard|T4|p0.42|R2.0: 16.5s net/day 41.13 robust_c80=fail fail (pass impossible after 2150 runs), 1562 failures
  lean hogs consistency|T1|p0.6|R1.0: 16.6s net/day 46.21 robust_c80=fail fail (pass impossible after 3550 runs), 1536 failures
  lean hogs standard|T1|p0.6|R1.0: 6.1s net/day 46.21 robust_c80=fail fail (pass impossible after 2150 runs), 1536 failures
  lean hogs consistency|T1|p0.5|R1.5: 14.2s net/day 47.54 robust_c80=fail fail (pass impossible after 3400 runs), 1539 failures
  lean hogs standard|T1|p0.5|R1.5: 7.7s net/day 47.54 robust_c80=fail fail (pass impossible after 2200 runs), 1537 failures
  lean hogs consistency|T4|p0.6|R1.0: 35.4s net/day 51.23 robust_c80=fail fail (pass impossible after 4050 runs), 1534 failures
  lean hogs standard|T4|p0.6|R1.0: 16.6s net/day 51.23 robust_c80=fail fail (pass impossible after 2350 runs), 1534 failures
  lean hogs consistency|T4|p0.46|R1.75: 32.7s net/day 51.43 robust_c80=fail fail (pass impossible after 3800 runs), 1533 failures
  lean hogs standard|T4|p0.46|R1.75: 17.7s net/day 51.43 robust_c80=fail fail (pass impossible after 2400 runs), 1539 failures
  lean hogs consistency|T2|p0.6|R1.0: 23.2s net/day 52.81 robust_c80=fail fail (pass impossible after 4350 runs), 1543 failures
  lean hogs standard|T2|p0.6|R1.0: 12.3s net/day 52.81 robust_c80=fail fail (pass impossible after 2400 runs), 1558 failures
  lean hogs consistency|T4|p0.5|R1.5: 39.3s net/day 53.81 robust_c80=fail fail (pass impossible after 4250 runs), 1545 failures
  lean hogs standard|T4|p0.5|R1.5: 21.0s net/day 53.81 robust_c80=fail fail (pass impossible after 2550 runs), 1564 failures
  lean hogs consistency|T4|p0.43|R2.0: 36.3s net/day 54.40 robust_c80=fail fail (pass impossible after 3950 runs), 1535 failures
  lean hogs standard|T4|p0.43|R2.0: 18.3s net/day 54.40 robust_c80=fail fail (pass impossible after 2500 runs), 1537 failures
  lean hogs consistency|T2|p0.5|R1.5: 26.5s net/day 54.66 robust_c80=fail fail (pass impossible after 4350 runs), 1546 failures
  lean hogs standard|T2|p0.5|R1.5: 11.7s net/day 54.66 robust_c80=fail fail (pass impossible after 2500 runs), 1563 failures
  lean hogs consistency|T1|p0.45|R2.0: 25.3s net/day 61.55 robust_c80=fail fail (pass impossible after 5050 runs), 1544 failures
  lean hogs standard|T1|p0.45|R2.0: 10.5s net/day 61.55 robust_c80=fail fail (pass impossible after 2750 runs), 1557 failures
  lean hogs consistency|T4|p0.68|R0.75: 54.2s net/day 63.37 robust_c80=fail fail (pass impossible after 6350 runs), 1536 failures
  lean hogs standard|T4|p0.68|R0.75: 23.6s net/day 63.37 robust_c80=fail fail (pass impossible after 3100 runs), 1549 failures
  lean hogs consistency|T8|p0.45|R2.0: 88.5s net/day 65.12 robust_c80=fail fail (pass impossible after 5350 runs), 1545 failures
  lean hogs standard|T8|p0.45|R2.0: 41.2s net/day 65.12 robust_c80=fail fail (pass impossible after 2950 runs), 1532 failures
  lean hogs consistency|T4|p0.44|R2.0: 57.5s net/day 67.67 robust_c80=fail fail (pass impossible after 6100 runs), 1537 failures
  lean hogs standard|T4|p0.44|R2.0: 23.5s net/day 67.67 robust_c80=fail fail (pass impossible after 3250 runs), 1535 failures
  lean hogs consistency|T2|p0.62|R1.0: 47.8s net/day 70.79 robust_c80=pass (0.8225)
  lean hogs standard|T2|p0.62|R1.0: 19.4s net/day 70.79 robust_c80=fail fail (pass impossible after 3450 runs), 1537 failures
