live cattle null comparison sample consistency: 20s
  live cattle consistency|T4|p0.4|R0.75: 8.0s net/day -537.32 robust_c80=fail fail (pass impossible after 1550 runs), 1550 failures
live cattle null comparison sample standard: 16s
  live cattle standard|T4|p0.4|R0.75: 7.8s net/day -537.32 robust_c80=fail fail (pass impossible after 1550 runs), 1550 failures
  live cattle standard|T32|p0.45|R1.5: 41.5s net/day -415.56 robust_c80=fail fail (pass impossible after 1550 runs), 1550 failures
  live cattle consistency|T4|p0.45|R0.75: 6.6s net/day -408.50 robust_c80=fail fail (pass impossible after 1550 runs), 1550 failures
  live cattle standard|T4|p0.45|R0.75: 8.5s net/day -408.50 robust_c80=fail fail (pass impossible after 1550 runs), 1550 failures
  live cattle consistency|T2|p0.4|R0.75: 6.1s net/day -370.58 robust_c80=fail fail (pass impossible after 1550 runs), 1549 failures
  live cattle standard|T2|p0.4|R0.75: 5.8s net/day -370.58 robust_c80=fail fail (pass impossible after 1550 runs), 1550 failures
  live cattle consistency|T4|p0.4|R1.0: 5.8s net/day -350.65 robust_c80=fail fail (pass impossible after 1550 runs), 1548 failures
  live cattle standard|T4|p0.4|R1.0: 9.1s net/day -350.65 robust_c80=fail fail (pass impossible after 1550 runs), 1550 failures
  live cattle standard|T32|p0.4|R2.0: 43.9s net/day -280.67 robust_c80=fail fail (pass impossible after 1550 runs), 1550 failures
  live cattle consistency|T4|p0.5|R0.75: 8.3s net/day -279.68 robust_c80=fail fail (pass impossible after 1550 runs), 1548 failures
  live cattle standard|T4|p0.5|R0.75: 9.1s net/day -279.68 robust_c80=fail fail (pass impossible after 1550 runs), 1549 failures
  live cattle consistency|T2|p0.45|R0.75: 5.6s net/day -276.56 robust_c80=fail fail (pass impossible after 1550 runs), 1549 failures
  live cattle standard|T2|p0.45|R0.75: 6.1s net/day -276.56 robust_c80=fail fail (pass impossible after 1550 runs), 1548 failures
  live cattle consistency|T1|p0.4|R0.75: 4.5s net/day -268.26 robust_c80=fail fail (pass impossible after 1550 runs), 1548 failures
  live cattle standard|T1|p0.4|R0.75: 4.5s net/day -268.26 robust_c80=fail fail (pass impossible after 1550 runs), 1549 failures
  live cattle standard|T32|p0.475|R1.5: 47.8s net/day -240.67 robust_c80=fail fail (pass impossible after 1550 runs), 1548 failures
  live cattle consistency|T2|p0.4|R1.0: 6.0s net/day -234.34 robust_c80=fail fail (pass impossible after 1550 runs), 1547 failures
  live cattle standard|T2|p0.4|R1.0: 6.5s net/day -234.34 robust_c80=fail fail (pass impossible after 1550 runs), 1548 failures
  live cattle consistency|T4|p0.45|R1.0: 9.7s net/day -223.15 robust_c80=fail fail (pass impossible after 1550 runs), 1544 failures
  live cattle standard|T4|p0.45|R1.0: 7.9s net/day -223.15 robust_c80=fail fail (pass impossible after 1550 runs), 1549 failures
  live cattle consistency|T1|p0.45|R0.75: 4.8s net/day -196.81 robust_c80=fail fail (pass impossible after 1550 runs), 1533 failures
  live cattle standard|T1|p0.45|R0.75: 4.8s net/day -196.81 robust_c80=fail fail (pass impossible after 1550 runs), 1540 failures
  live cattle consistency|T2|p0.5|R0.75: 6.2s net/day -182.54 robust_c80=fail fail (pass impossible after 1550 runs), 1534 failures
  live cattle standard|T2|p0.5|R0.75: 6.4s net/day -182.54 robust_c80=fail fail (pass impossible after 1550 runs), 1541 failures
  live cattle consistency|T1|p0.4|R1.0: 4.1s net/day -164.72 robust_c80=fail fail (pass impossible after 1550 runs), 1533 failures
  live cattle standard|T1|p0.4|R1.0: 4.4s net/day -164.72 robust_c80=fail fail (pass impossible after 1550 runs), 1541 failures
  live cattle consistency|T4|p0.55|R0.75: 9.3s net/day -150.86 robust_c80=fail fail (pass impossible after 1600 runs), 1572 failures
  live cattle standard|T4|p0.55|R0.75: 8.7s net/day -150.86 robust_c80=fail fail (pass impossible after 1600 runs), 1577 failures
  live cattle consistency|T2|p0.45|R1.0: 6.2s net/day -141.28 robust_c80=fail fail (pass impossible after 1600 runs), 1576 failures
  live cattle standard|T2|p0.45|R1.0: 6.1s net/day -141.28 robust_c80=fail fail (pass impossible after 1600 runs), 1577 failures
  live cattle consistency|T16|p0.55|R1.0: 28.6s net/day -137.17 robust_c80=fail fail (pass impossible after 1600 runs), 1566 failures
  live cattle standard|T16|p0.55|R1.0: 26.1s net/day -137.17 robust_c80=fail fail (pass impossible after 1600 runs), 1579 failures
  live cattle consistency|T16|p0.45|R1.5: 27.5s net/day -132.13 robust_c80=fail fail (pass impossible after 1600 runs), 1567 failures
  live cattle standard|T16|p0.45|R1.5: 26.7s net/day -132.13 robust_c80=fail fail (pass impossible after 1600 runs), 1581 failures
  live cattle consistency|T1|p0.5|R0.75: 5.2s net/day -125.36 robust_c80=fail fail (pass impossible after 1600 runs), 1537 failures
  live cattle standard|T1|p0.5|R0.75: 5.1s net/day -125.36 robust_c80=fail fail (pass impossible after 1600 runs), 1568 failures
  live cattle standard|T32|p0.425|R2.0: 54.9s net/day -98.92 robust_c80=fail fail (pass impossible after 1600 runs), 1537 failures
  live cattle consistency|T4|p0.4|R1.5: 9.4s net/day -95.65 robust_c80=fail fail (pass impossible after 1600 runs), 1542 failures
  live cattle standard|T4|p0.4|R1.5: 9.6s net/day -95.65 robust_c80=fail fail (pass impossible after 1600 runs), 1561 failures
  live cattle consistency|T4|p0.5|R1.0: 11.0s net/day -95.65 robust_c80=fail fail (pass impossible after 1650 runs), 1560 failures
  live cattle standard|T4|p0.5|R1.0: 9.1s net/day -95.65 robust_c80=fail fail (pass impossible after 1600 runs), 1546 failures
  live cattle consistency|T1|p0.45|R1.0: 5.5s net/day -94.01 robust_c80=fail fail (pass impossible after 1650 runs), 1576 failures
  live cattle standard|T1|p0.45|R1.0: 4.8s net/day -94.01 robust_c80=fail fail (pass impossible after 1600 runs), 1542 failures
  live cattle consistency|T2|p0.55|R0.75: 6.9s net/day -88.52 robust_c80=fail fail (pass impossible after 1650 runs), 1535 failures
  live cattle standard|T2|p0.55|R0.75: 7.4s net/day -88.52 robust_c80=fail fail (pass impossible after 1650 runs), 1574 failures
  live cattle consistency|T1|p0.55|R0.75: 5.9s net/day -53.91 robust_c80=fail fail (pass impossible after 1850 runs), 1552 failures
  live cattle standard|T1|p0.55|R0.75: 5.8s net/day -53.91 robust_c80=fail fail (pass impossible after 1750 runs), 1548 failures
  live cattle consistency|T2|p0.4|R1.5: 7.5s net/day -48.23 robust_c80=fail fail (pass impossible after 1700 runs), 1565 failures
  live cattle standard|T2|p0.4|R1.5: 8.3s net/day -48.23 robust_c80=fail fail (pass impossible after 1650 runs), 1550 failures
  live cattle consistency|T2|p0.5|R1.0: 7.7s net/day -48.23 robust_c80=fail fail (pass impossible after 1750 runs), 1544 failures
  live cattle standard|T2|p0.5|R1.0: 6.7s net/day -48.23 robust_c80=fail fail (pass impossible after 1700 runs), 1550 failures
  live cattle consistency|T16|p0.4|R2.0: 36.9s net/day -35.94 robust_c80=fail fail (pass impossible after 1750 runs), 1573 failures
  live cattle standard|T16|p0.4|R2.0: 30.6s net/day -35.94 robust_c80=fail fail (pass impossible after 1700 runs), 1558 failures
  live cattle consistency|T1|p0.4|R1.5: 5.5s net/day -23.29 robust_c80=fail fail (pass impossible after 1750 runs), 1551 failures
  live cattle standard|T1|p0.4|R1.5: 5.9s net/day -23.29 robust_c80=fail fail (pass impossible after 1700 runs), 1544 failures
  live cattle consistency|T1|p0.5|R1.0: 6.4s net/day -23.29 robust_c80=fail fail (pass impossible after 1900 runs), 1532 failures
  live cattle standard|T1|p0.5|R1.0: 6.7s net/day -23.29 robust_c80=fail fail (pass impossible after 1800 runs), 1554 failures
  live cattle consistency|T4|p0.6|R0.75: 12.0s net/day -22.04 robust_c80=fail fail (pass impossible after 2000 runs), 1535 failures
  live cattle standard|T4|p0.6|R0.75: 11.7s net/day -22.04 robust_c80=fail fail (pass impossible after 1850 runs), 1532 failures
  live cattle consistency|T8|p0.55|R1.0: 23.8s net/day -16.36 robust_c80=fail fail (pass impossible after 1950 runs), 1554 failures
  live cattle standard|T8|p0.55|R1.0: 21.8s net/day -16.36 robust_c80=fail fail (pass impossible after 1850 runs), 1570 failures
  live cattle consistency|T8|p0.45|R1.5: 21.6s net/day -12.76 robust_c80=fail fail (pass impossible after 1900 runs), 1564 failures
  live cattle standard|T8|p0.45|R1.5: 20.4s net/day -12.76 robust_c80=fail fail (pass impossible after 1800 runs), 1547 failures
  live cattle consistency|T16|p0.475|R1.5: 39.4s net/day -7.41 robust_c80=fail fail (pass impossible after 1950 runs), 1560 failures
  live cattle standard|T16|p0.475|R1.5: 39.2s net/day -7.41 robust_c80=fail fail (pass impossible after 1850 runs), 1532 failures
  live cattle consistency|T2|p0.6|R0.75: 9.5s net/day 5.49 robust_c80=fail fail (pass impossible after 2300 runs), 1539 failures
  live cattle standard|T2|p0.6|R0.75: 9.4s net/day 5.49 robust_c80=fail fail (pass impossible after 2050 runs), 1539 failures
  live cattle consistency|T1|p0.6|R0.75: 10.3s net/day 17.54 robust_c80=fail fail (pass impossible after 2750 runs), 1546 failures
  live cattle standard|T1|p0.6|R0.75: 8.5s net/day 17.54 robust_c80=fail fail (pass impossible after 2400 runs), 1552 failures
  live cattle consistency|T4|p0.55|R1.0: 19.1s net/day 31.85 robust_c80=fail fail (pass impossible after 2650 runs), 1537 failures
  live cattle standard|T4|p0.55|R1.0: 15.7s net/day 31.85 robust_c80=fail fail (pass impossible after 2350 runs), 1561 failures
  live cattle consistency|T4|p0.45|R1.5: 19.8s net/day 34.48 robust_c80=fail fail (pass impossible after 2450 runs), 1542 failures
  live cattle standard|T4|p0.45|R1.5: 14.7s net/day 34.48 robust_c80=fail fail (pass impossible after 2200 runs), 1537 failures
  live cattle consistency|T2|p0.55|R1.0: 15.1s net/day 44.82 robust_c80=fail fail (pass impossible after 2850 runs), 1546 failures
  live cattle standard|T2|p0.55|R1.0: 8.6s net/day 44.82 robust_c80=fail fail (pass impossible after 2500 runs), 1561 failures
  live cattle consistency|T2|p0.45|R1.5: 13.0s net/day 46.74 robust_c80=fail fail (pass impossible after 2500 runs), 1553 failures
  live cattle standard|T2|p0.45|R1.5: 10.2s net/day 46.74 robust_c80=fail fail (pass impossible after 2250 runs), 1535 failures
  live cattle consistency|T1|p0.55|R1.0: 11.4s net/day 47.43 robust_c80=fail fail (pass impossible after 3050 runs), 1544 failures
  live cattle standard|T1|p0.55|R1.0: 8.7s net/day 47.43 robust_c80=fail fail (pass impossible after 2700 runs), 1548 failures
  live cattle consistency|T1|p0.45|R1.5: 11.0s net/day 48.88 robust_c80=fail fail (pass impossible after 2500 runs), 1555 failures
  live cattle standard|T1|p0.45|R1.5: 9.7s net/day 48.88 robust_c80=fail fail (pass impossible after 2300 runs), 1552 failures
  live cattle consistency|T8|p0.4|R2.0: 38.8s net/day 55.96 robust_c80=fail fail (pass impossible after 2600 runs), 1539 failures
  live cattle standard|T8|p0.4|R2.0: 29.7s net/day 55.96 robust_c80=fail fail (pass impossible after 2400 runs), 1546 failures
  live cattle consistency|T8|p0.575|R1.0: 53.8s net/day 70.94 robust_c80=fail fail (pass impossible after 3750 runs), 1549 failures
  live cattle standard|T8|p0.575|R1.0: 27.4s net/day 70.94 robust_c80=fail fail (pass impossible after 3150 runs), 1553 failures
  live cattle consistency|T8|p0.475|R1.5: 50.8s net/day 76.34 robust_c80=fail fail (pass impossible after 3500 runs), 1532 failures
  live cattle standard|T8|p0.475|R1.5: 40.2s net/day 76.34 robust_c80=fail fail (pass impossible after 3000 runs), 1540 failures
  live cattle consistency|T1|p0.4|R2.0: 9.6s net/day 76.72 robust_c80=fail fail (pass impossible after 2600 runs), 1541 failures
  live cattle standard|T1|p0.4|R2.0: 8.8s net/day 76.72 robust_c80=fail fail (pass impossible after 2400 runs), 1536 failures
