Russell 2000 null comparison sample consistency: 20s
  Russell 2000 consistency|T4|p0.4|R0.75: 6.2s net/day -225.41 robust_c80=fail fail (pass impossible after 1550 runs), 1550 failures
Russell 2000 null comparison sample standard: 20s
  Russell 2000 standard|T4|p0.4|R0.75: 8.9s net/day -225.41 robust_c80=fail fail (pass impossible after 1550 runs), 1550 failures
  Russell 2000 consistency|T4|p0.45|R0.75: 7.0s net/day -166.70 robust_c80=fail fail (pass impossible after 1550 runs), 1550 failures
  Russell 2000 standard|T4|p0.45|R0.75: 6.5s net/day -166.70 robust_c80=fail fail (pass impossible after 1550 runs), 1550 failures
  Russell 2000 consistency|T2|p0.4|R0.75: 5.9s net/day -163.89 robust_c80=fail fail (pass impossible after 1550 runs), 1550 failures
  Russell 2000 standard|T2|p0.4|R0.75: 6.8s net/day -163.89 robust_c80=fail fail (pass impossible after 1550 runs), 1550 failures
  Russell 2000 consistency|T4|p0.4|R1.0: 8.4s net/day -140.33 robust_c80=fail fail (pass impossible after 1550 runs), 1550 failures
  Russell 2000 standard|T4|p0.4|R1.0: 8.1s net/day -140.33 robust_c80=fail fail (pass impossible after 1550 runs), 1550 failures
  Russell 2000 consistency|T2|p0.45|R0.75: 5.7s net/day -119.67 robust_c80=fail fail (pass impossible after 1550 runs), 1549 failures
  Russell 2000 standard|T2|p0.45|R0.75: 6.0s net/day -119.67 robust_c80=fail fail (pass impossible after 1550 runs), 1550 failures
  Russell 2000 consistency|T1|p0.4|R0.75: 3.8s net/day -116.63 robust_c80=fail fail (pass impossible after 1550 runs), 1550 failures
  Russell 2000 standard|T1|p0.4|R0.75: 4.8s net/day -116.63 robust_c80=fail fail (pass impossible after 1550 runs), 1550 failures
  Russell 2000 consistency|T4|p0.5|R0.75: 8.5s net/day -107.98 robust_c80=fail fail (pass impossible after 1550 runs), 1550 failures
  Russell 2000 standard|T4|p0.5|R0.75: 8.9s net/day -107.98 robust_c80=fail fail (pass impossible after 1550 runs), 1550 failures
  Russell 2000 consistency|T2|p0.4|R1.0: 5.6s net/day -99.81 robust_c80=fail fail (pass impossible after 1550 runs), 1550 failures
  Russell 2000 standard|T2|p0.4|R1.0: 5.8s net/day -99.81 robust_c80=fail fail (pass impossible after 1550 runs), 1550 failures
  Russell 2000 consistency|T1|p0.45|R0.75: 4.3s net/day -84.46 robust_c80=fail fail (pass impossible after 1550 runs), 1546 failures
  Russell 2000 standard|T1|p0.45|R0.75: 4.4s net/day -84.46 robust_c80=fail fail (pass impossible after 1550 runs), 1548 failures
  Russell 2000 consistency|T4|p0.45|R1.0: 8.6s net/day -82.22 robust_c80=fail fail (pass impossible after 1550 runs), 1549 failures
  Russell 2000 standard|T4|p0.45|R1.0: 8.4s net/day -82.22 robust_c80=fail fail (pass impossible after 1550 runs), 1549 failures
  Russell 2000 consistency|T2|p0.5|R0.75: 5.9s net/day -75.45 robust_c80=fail fail (pass impossible after 1550 runs), 1546 failures
  Russell 2000 standard|T2|p0.5|R0.75: 6.1s net/day -75.45 robust_c80=fail fail (pass impossible after 1550 runs), 1549 failures
  Russell 2000 consistency|T1|p0.4|R1.0: 5.2s net/day -70.01 robust_c80=fail fail (pass impossible after 1550 runs), 1543 failures
  Russell 2000 standard|T1|p0.4|R1.0: 4.1s net/day -70.01 robust_c80=fail fail (pass impossible after 1550 runs), 1548 failures
  Russell 2000 consistency|T2|p0.45|R1.0: 6.3s net/day -56.04 robust_c80=fail fail (pass impossible after 1550 runs), 1539 failures
  Russell 2000 standard|T2|p0.45|R1.0: 6.1s net/day -56.04 robust_c80=fail fail (pass impossible after 1550 runs), 1545 failures
  Russell 2000 consistency|T1|p0.5|R0.75: 5.2s net/day -52.29 robust_c80=fail fail (pass impossible after 1550 runs), 1540 failures
  Russell 2000 standard|T1|p0.5|R0.75: 4.7s net/day -52.29 robust_c80=fail fail (pass impossible after 1550 runs), 1545 failures
  Russell 2000 consistency|T4|p0.55|R0.75: 9.2s net/day -49.27 robust_c80=fail fail (pass impossible after 1550 runs), 1541 failures
  Russell 2000 standard|T4|p0.55|R0.75: 8.9s net/day -49.27 robust_c80=fail fail (pass impossible after 1550 runs), 1547 failures
  Russell 2000 consistency|T1|p0.45|R1.0: 5.1s net/day -38.17 robust_c80=fail fail (pass impossible after 1600 runs), 1580 failures
  Russell 2000 standard|T1|p0.45|R1.0: 4.7s net/day -38.17 robust_c80=fail fail (pass impossible after 1550 runs), 1544 failures
  Russell 2000 consistency|T2|p0.55|R0.75: 7.4s net/day -31.22 robust_c80=fail fail (pass impossible after 1600 runs), 1561 failures
  Russell 2000 standard|T2|p0.55|R0.75: 6.4s net/day -31.22 robust_c80=fail fail (pass impossible after 1550 runs), 1537 failures
  Russell 2000 standard|T32|p0.45|R1.5: 55.2s net/day -27.73 robust_c80=fail fail (pass impossible after 1600 runs), 1575 failures
  Russell 2000 consistency|T4|p0.4|R1.5: 9.2s net/day -24.11 robust_c80=fail fail (pass impossible after 1600 runs), 1572 failures
  Russell 2000 standard|T4|p0.4|R1.5: 8.6s net/day -24.11 robust_c80=fail fail (pass impossible after 1550 runs), 1542 failures
  Russell 2000 consistency|T4|p0.5|R1.0: 9.6s net/day -24.11 robust_c80=fail fail (pass impossible after 1600 runs), 1557 failures
  Russell 2000 standard|T4|p0.5|R1.0: 8.2s net/day -24.11 robust_c80=fail fail (pass impossible after 1550 runs), 1540 failures
  Russell 2000 consistency|T1|p0.55|R0.75: 5.1s net/day -20.12 robust_c80=fail fail (pass impossible after 1600 runs), 1533 failures
  Russell 2000 standard|T1|p0.55|R0.75: 5.3s net/day -20.12 robust_c80=fail fail (pass impossible after 1600 runs), 1578 failures
  Russell 2000 consistency|T2|p0.4|R1.5: 7.2s net/day -12.27 robust_c80=fail fail (pass impossible after 1650 runs), 1574 failures
  Russell 2000 standard|T2|p0.4|R1.5: 6.5s net/day -12.27 robust_c80=fail fail (pass impossible after 1600 runs), 1569 failures
  Russell 2000 consistency|T2|p0.5|R1.0: 5.6s net/day -12.27 robust_c80=fail fail (pass impossible after 1650 runs), 1551 failures
  Russell 2000 standard|T2|p0.5|R1.0: 7.8s net/day -12.27 robust_c80=fail fail (pass impossible after 1600 runs), 1564 failures
  Russell 2000 consistency|T1|p0.4|R1.5: 6.0s net/day -6.33 robust_c80=fail fail (pass impossible after 1650 runs), 1551 failures
  Russell 2000 standard|T1|p0.4|R1.5: 5.2s net/day -6.33 robust_c80=fail fail (pass impossible after 1600 runs), 1569 failures
  Russell 2000 consistency|T1|p0.5|R1.0: 6.0s net/day -6.33 robust_c80=fail fail (pass impossible after 1700 runs), 1572 failures
  Russell 2000 standard|T1|p0.5|R1.0: 5.7s net/day -6.33 robust_c80=fail fail (pass impossible after 1600 runs), 1555 failures
  Russell 2000 consistency|T4|p0.6|R0.75: 11.6s net/day 9.44 robust_c80=fail fail (pass impossible after 1850 runs), 1555 failures
  Russell 2000 standard|T4|p0.6|R0.75: 11.9s net/day 9.44 robust_c80=fail fail (pass impossible after 1650 runs), 1545 failures
  Russell 2000 consistency|T1|p0.6|R0.75: 7.3s net/day 12.05 robust_c80=fail fail (pass impossible after 1900 runs), 1550 failures
  Russell 2000 standard|T1|p0.6|R0.75: 5.5s net/day 12.05 robust_c80=fail fail (pass impossible after 1700 runs), 1567 failures
  Russell 2000 consistency|T2|p0.6|R0.75: 9.1s net/day 13.00 robust_c80=fail fail (pass impossible after 1950 runs), 1561 failures
  Russell 2000 standard|T2|p0.6|R0.75: 8.2s net/day 13.00 robust_c80=fail fail (pass impossible after 1700 runs), 1573 failures
  Russell 2000 consistency|T16|p0.55|R1.0: 44.8s net/day 17.85 robust_c80=fail fail (pass impossible after 1900 runs), 1537 failures
  Russell 2000 standard|T16|p0.55|R1.0: 35.5s net/day 17.85 robust_c80=fail fail (pass impossible after 1700 runs), 1545 failures
  Russell 2000 consistency|T16|p0.45|R1.5: 46.8s net/day 20.18 robust_c80=fail fail (pass impossible after 1950 runs), 1572 failures
  Russell 2000 standard|T16|p0.45|R1.5: 34.2s net/day 20.18 robust_c80=fail fail (pass impossible after 1700 runs), 1543 failures
  Russell 2000 consistency|T1|p0.55|R1.0: 8.8s net/day 25.51 robust_c80=fail fail (pass impossible after 2200 runs), 1540 failures
  Russell 2000 standard|T1|p0.55|R1.0: 6.1s net/day 25.51 robust_c80=fail fail (pass impossible after 1800 runs), 1551 failures
  Russell 2000 consistency|T1|p0.45|R1.5: 8.3s net/day 26.17 robust_c80=fail fail (pass impossible after 2150 runs), 1566 failures
  Russell 2000 standard|T1|p0.45|R1.5: 6.3s net/day 26.17 robust_c80=fail fail (pass impossible after 1800 runs), 1573 failures
  Russell 2000 consistency|T2|p0.55|R1.0: 11.6s net/day 31.50 robust_c80=fail fail (pass impossible after 2450 runs), 1544 failures
  Russell 2000 standard|T2|p0.55|R1.0: 8.8s net/day 31.50 robust_c80=fail fail (pass impossible after 1850 runs), 1532 failures
  Russell 2000 consistency|T8|p0.55|R1.0: 30.2s net/day 32.04 robust_c80=fail fail (pass impossible after 2350 runs), 1550 failures
  Russell 2000 standard|T8|p0.55|R1.0: 21.9s net/day 32.04 robust_c80=fail fail (pass impossible after 1800 runs), 1535 failures
  Russell 2000 consistency|T2|p0.45|R1.5: 12.6s net/day 32.40 robust_c80=fail fail (pass impossible after 2350 runs), 1556 failures
  Russell 2000 standard|T2|p0.45|R1.5: 8.3s net/day 32.40 robust_c80=fail fail (pass impossible after 1850 runs), 1533 failures
  Russell 2000 consistency|T8|p0.45|R1.5: 31.8s net/day 33.69 robust_c80=fail fail (pass impossible after 2350 runs), 1552 failures
  Russell 2000 standard|T8|p0.45|R1.5: 23.0s net/day 33.69 robust_c80=fail fail (pass impossible after 1850 runs), 1544 failures
  Russell 2000 consistency|T4|p0.55|R1.0: 19.7s net/day 34.00 robust_c80=fail fail (pass impossible after 2500 runs), 1548 failures
  Russell 2000 standard|T4|p0.55|R1.0: 13.4s net/day 34.00 robust_c80=fail fail (pass impossible after 1900 runs), 1547 failures
  Russell 2000 standard|T32|p0.4|R2.0: 79.6s net/day 34.99 robust_c80=fail fail (pass impossible after 1950 runs), 1546 failures
  Russell 2000 consistency|T4|p0.45|R1.5: 19.8s net/day 35.20 robust_c80=fail fail (pass impossible after 2450 runs), 1553 failures
  Russell 2000 standard|T4|p0.45|R1.5: 13.0s net/day 35.20 robust_c80=fail fail (pass impossible after 1900 runs), 1541 failures
  Russell 2000 consistency|T1|p0.4|R2.0: 10.4s net/day 38.70 robust_c80=fail fail (pass impossible after 2450 runs), 1565 failures
  Russell 2000 standard|T1|p0.4|R2.0: 6.4s net/day 38.70 robust_c80=fail fail (pass impossible after 1950 runs), 1562 failures
  Russell 2000 consistency|T2|p0.4|R2.0: 18.5s net/day 49.63 robust_c80=fail fail (pass impossible after 3100 runs), 1538 failures
  Russell 2000 standard|T2|p0.4|R2.0: 10.5s net/day 49.63 robust_c80=fail fail (pass impossible after 2200 runs), 1550 failures
  Russell 2000 standard|T32|p0.475|R1.5: 107.7s net/day 53.59 robust_c80=fail fail (pass impossible after 2400 runs), 1546 failures
  Russell 2000 consistency|T1|p0.6|R1.0: 20.0s net/day 57.35 robust_c80=fail fail (pass impossible after 4450 runs), 1539 failures
  Russell 2000 standard|T1|p0.6|R1.0: 9.6s net/day 57.35 robust_c80=fail fail (pass impossible after 2650 runs), 1557 failures
  Russell 2000 consistency|T4|p0.4|R2.0: 38.4s net/day 58.07 robust_c80=fail fail (pass impossible after 4050 runs), 1544 failures
  Russell 2000 standard|T4|p0.4|R2.0: 18.1s net/day 58.07 robust_c80=fail fail (pass impossible after 2550 runs), 1552 failures
  Russell 2000 consistency|T1|p0.5|R1.5: 19.6s net/day 58.66 robust_c80=fail fail (pass impossible after 4300 runs), 1544 failures
  Russell 2000 standard|T1|p0.5|R1.5: 9.8s net/day 58.66 robust_c80=fail fail (pass impossible after 2600 runs), 1556 failures
  Russell 2000 consistency|T16|p0.4|R2.0: 131.3s net/day 64.76 robust_c80=fail fail (pass impossible after 4450 runs), 1532 failures
  Russell 2000 standard|T16|p0.4|R2.0: 65.2s net/day 64.76 robust_c80=fail fail (pass impossible after 2750 runs), 1563 failures
  Russell 2000 consistency|T8|p0.4|R2.0: 79.2s net/day 65.13 robust_c80=fail fail (pass impossible after 4900 runs), 1546 failures
  Russell 2000 standard|T8|p0.4|R2.0: 39.6s net/day 65.13 robust_c80=fail fail (pass impossible after 2850 runs), 1545 failures
  Russell 2000 consistency|T4|p0.58|R1.0: 68.5s net/day 68.87 robust_c80=fail fail (pass impossible after 6950 runs), 1534 failures
  Russell 2000 standard|T4|p0.58|R1.0: 28.4s net/day 68.87 robust_c80=fail fail (pass impossible after 3450 runs), 1550 failures
  Russell 2000 consistency|T4|p0.48|R1.5: 63.6s net/day 70.78 robust_c80=fail fail (pass impossible after 6400 runs), 1543 failures
  Russell 2000 standard|T4|p0.48|R1.5: 30.5s net/day 70.78 robust_c80=fail fail (pass impossible after 3300 runs), 1554 failures
  Russell 2000 consistency|T8|p0.575|R1.0: 123.3s net/day 71.98 robust_c80=fail fail (pass impossible after 7450 runs), 1534 failures
  Russell 2000 standard|T8|p0.575|R1.0: 53.1s net/day 71.98 robust_c80=fail fail (pass impossible after 3600 runs), 1554 failures
  Russell 2000 consistency|T1|p0.45|R2.0: 30.6s net/day 72.47 robust_c80=fail fail (pass impossible after 6250 runs), 1543 failures
  Russell 2000 standard|T1|p0.45|R2.0: 14.1s net/day 72.47 robust_c80=fail fail (pass impossible after 3350 runs), 1537 failures
  Russell 2000 consistency|T8|p0.475|R1.5: 112.2s net/day 74.45 robust_c80=fail fail (pass impossible after 7250 runs), 1535 failures
  Russell 2000 standard|T8|p0.475|R1.5: 48.9s net/day 74.45 robust_c80=fail fail (pass impossible after 3650 runs), 1534 failures
  Russell 2000 consistency|T2|p0.6|R1.0: 46.5s net/day 75.27 robust_c80=pass (0.8176)
  Russell 2000 standard|T2|p0.6|R1.0: 20.2s net/day 75.27 robust_c80=fail fail (pass impossible after 3850 runs), 1545 failures
