bitcoin null comparison sample consistency: 16s
  bitcoin consistency|T4|p0.4|R0.75: 8.8s net/day -95.64 robust_c80=fail fail (pass impossible after 1550 runs), 1550 failures
bitcoin null comparison sample standard: 21s
  bitcoin standard|T4|p0.4|R0.75: 7.9s net/day -95.64 robust_c80=fail fail (pass impossible after 1550 runs), 1550 failures
  bitcoin standard|T32|p0.45|R1.5: 47.9s net/day -77.60 robust_c80=fail fail (pass impossible after 1550 runs), 1550 failures
  bitcoin consistency|T4|p0.45|R0.75: 8.6s net/day -73.01 robust_c80=fail fail (pass impossible after 1550 runs), 1550 failures
  bitcoin standard|T4|p0.45|R0.75: 6.4s net/day -73.01 robust_c80=fail fail (pass impossible after 1550 runs), 1550 failures
  bitcoin consistency|T2|p0.4|R0.75: 3.7s net/day -67.21 robust_c80=fail fail (pass impossible after 1550 runs), 1550 failures
  bitcoin standard|T2|p0.4|R0.75: 3.7s net/day -67.21 robust_c80=fail fail (pass impossible after 1550 runs), 1550 failures
  bitcoin consistency|T4|p0.4|R1.0: 5.5s net/day -62.85 robust_c80=fail fail (pass impossible after 1550 runs), 1550 failures
  bitcoin standard|T4|p0.4|R1.0: 5.7s net/day -62.85 robust_c80=fail fail (pass impossible after 1550 runs), 1550 failures
  bitcoin standard|T32|p0.4|R2.0: 46.2s net/day -52.75 robust_c80=fail fail (pass impossible after 1550 runs), 1550 failures
  bitcoin consistency|T4|p0.5|R0.75: 8.0s net/day -50.38 robust_c80=fail fail (pass impossible after 1550 runs), 1550 failures
  bitcoin standard|T4|p0.5|R0.75: 8.6s net/day -50.38 robust_c80=fail fail (pass impossible after 1550 runs), 1550 failures
  bitcoin consistency|T2|p0.45|R0.75: 6.6s net/day -50.27 robust_c80=fail fail (pass impossible after 1550 runs), 1550 failures
  bitcoin standard|T2|p0.45|R0.75: 5.7s net/day -50.27 robust_c80=fail fail (pass impossible after 1550 runs), 1550 failures
  bitcoin consistency|T1|p0.4|R0.75: 4.9s net/day -46.41 robust_c80=fail fail (pass impossible after 1550 runs), 1550 failures
  bitcoin standard|T1|p0.4|R0.75: 4.2s net/day -46.41 robust_c80=fail fail (pass impossible after 1550 runs), 1550 failures
  bitcoin standard|T32|p0.475|R1.5: 51.1s net/day -45.39 robust_c80=fail fail (pass impossible after 1550 runs), 1550 failures
  bitcoin consistency|T2|p0.4|R1.0: 5.8s net/day -42.66 robust_c80=fail fail (pass impossible after 1550 runs), 1550 failures
  bitcoin standard|T2|p0.4|R1.0: 6.2s net/day -42.66 robust_c80=fail fail (pass impossible after 1550 runs), 1550 failures
  bitcoin consistency|T4|p0.45|R1.0: 7.5s net/day -40.45 robust_c80=fail fail (pass impossible after 1550 runs), 1550 failures
  bitcoin standard|T4|p0.45|R1.0: 8.6s net/day -40.45 robust_c80=fail fail (pass impossible after 1550 runs), 1550 failures
  bitcoin consistency|T1|p0.45|R0.75: 4.8s net/day -34.23 robust_c80=fail fail (pass impossible after 1550 runs), 1550 failures
  bitcoin standard|T1|p0.45|R0.75: 4.8s net/day -34.23 robust_c80=fail fail (pass impossible after 1550 runs), 1550 failures
  bitcoin consistency|T2|p0.5|R0.75: 5.9s net/day -33.33 robust_c80=fail fail (pass impossible after 1550 runs), 1550 failures
  bitcoin standard|T2|p0.5|R0.75: 6.2s net/day -33.33 robust_c80=fail fail (pass impossible after 1550 runs), 1550 failures
  bitcoin consistency|T1|p0.4|R1.0: 4.9s net/day -28.75 robust_c80=fail fail (pass impossible after 1550 runs), 1550 failures
  bitcoin standard|T1|p0.4|R1.0: 4.9s net/day -28.75 robust_c80=fail fail (pass impossible after 1550 runs), 1550 failures
  bitcoin consistency|T4|p0.55|R0.75: 9.9s net/day -27.75 robust_c80=fail fail (pass impossible after 1550 runs), 1550 failures
  bitcoin standard|T4|p0.55|R0.75: 9.2s net/day -27.75 robust_c80=fail fail (pass impossible after 1550 runs), 1550 failures
  bitcoin consistency|T16|p0.55|R1.0: 27.2s net/day -26.81 robust_c80=fail fail (pass impossible after 1550 runs), 1550 failures
  bitcoin standard|T16|p0.55|R1.0: 28.8s net/day -26.81 robust_c80=fail fail (pass impossible after 1550 runs), 1550 failures
  bitcoin consistency|T2|p0.45|R1.0: 6.4s net/day -25.90 robust_c80=fail fail (pass impossible after 1550 runs), 1550 failures
  bitcoin standard|T2|p0.45|R1.0: 6.7s net/day -25.90 robust_c80=fail fail (pass impossible after 1550 runs), 1550 failures
  bitcoin consistency|T16|p0.45|R1.5: 23.9s net/day -25.89 robust_c80=fail fail (pass impossible after 1550 runs), 1550 failures
  bitcoin standard|T16|p0.45|R1.5: 27.0s net/day -25.89 robust_c80=fail fail (pass impossible after 1550 runs), 1550 failures
  bitcoin consistency|T1|p0.5|R0.75: 4.7s net/day -22.04 robust_c80=fail fail (pass impossible after 1550 runs), 1550 failures
  bitcoin standard|T1|p0.5|R0.75: 4.8s net/day -22.04 robust_c80=fail fail (pass impossible after 1550 runs), 1550 failures
  bitcoin standard|T32|p0.425|R2.0: 48.3s net/day -19.27 robust_c80=fail fail (pass impossible after 1550 runs), 1550 failures
  bitcoin consistency|T4|p0.4|R1.5: 8.7s net/day -18.05 robust_c80=fail fail (pass impossible after 1550 runs), 1550 failures
  bitcoin standard|T4|p0.4|R1.5: 9.0s net/day -18.05 robust_c80=fail fail (pass impossible after 1550 runs), 1550 failures
  bitcoin consistency|T4|p0.5|R1.0: 9.8s net/day -18.05 robust_c80=fail fail (pass impossible after 1550 runs), 1550 failures
  bitcoin standard|T4|p0.5|R1.0: 8.8s net/day -18.05 robust_c80=fail fail (pass impossible after 1550 runs), 1550 failures
  bitcoin consistency|T1|p0.45|R1.0: 5.5s net/day -16.69 robust_c80=fail fail (pass impossible after 1550 runs), 1550 failures
  bitcoin standard|T1|p0.45|R1.0: 4.8s net/day -16.69 robust_c80=fail fail (pass impossible after 1550 runs), 1550 failures
  bitcoin consistency|T2|p0.55|R0.75: 6.1s net/day -16.39 robust_c80=fail fail (pass impossible after 1550 runs), 1550 failures
  bitcoin standard|T2|p0.55|R0.75: 5.8s net/day -16.39 robust_c80=fail fail (pass impossible after 1550 runs), 1550 failures
  bitcoin consistency|T1|p0.55|R0.75: 5.5s net/day -9.85 robust_c80=fail fail (pass impossible after 1550 runs), 1550 failures
  bitcoin standard|T1|p0.55|R0.75: 5.0s net/day -9.85 robust_c80=fail fail (pass impossible after 1550 runs), 1550 failures
  bitcoin consistency|T2|p0.4|R1.5: 6.5s net/day -9.13 robust_c80=fail fail (pass impossible after 1550 runs), 1550 failures
  bitcoin standard|T2|p0.4|R1.5: 6.3s net/day -9.13 robust_c80=fail fail (pass impossible after 1550 runs), 1550 failures
  bitcoin consistency|T2|p0.5|R1.0: 6.4s net/day -9.13 robust_c80=fail fail (pass impossible after 1550 runs), 1550 failures
  bitcoin standard|T2|p0.5|R1.0: 6.5s net/day -9.13 robust_c80=fail fail (pass impossible after 1550 runs), 1550 failures
  bitcoin consistency|T16|p0.4|R2.0: 27.5s net/day -8.46 robust_c80=fail fail (pass impossible after 1550 runs), 1550 failures
  bitcoin standard|T16|p0.4|R2.0: 27.5s net/day -8.46 robust_c80=fail fail (pass impossible after 1550 runs), 1550 failures
  bitcoin consistency|T4|p0.6|R0.75: 9.5s net/day -5.12 robust_c80=fail fail (pass impossible after 1550 runs), 1550 failures
  bitcoin standard|T4|p0.6|R0.75: 9.7s net/day -5.12 robust_c80=fail fail (pass impossible after 1550 runs), 1550 failures
  bitcoin consistency|T1|p0.4|R1.5: 4.8s net/day -4.63 robust_c80=fail fail (pass impossible after 1550 runs), 1550 failures
  bitcoin standard|T1|p0.4|R1.5: 4.8s net/day -4.63 robust_c80=fail fail (pass impossible after 1550 runs), 1550 failures
  bitcoin consistency|T1|p0.5|R1.0: 5.0s net/day -4.63 robust_c80=fail fail (pass impossible after 1550 runs), 1550 failures
  bitcoin standard|T1|p0.5|R1.0: 5.7s net/day -4.63 robust_c80=fail fail (pass impossible after 1550 runs), 1550 failures
  bitcoin consistency|T8|p0.55|R1.0: 17.7s net/day -3.93 robust_c80=fail fail (pass impossible after 1550 runs), 1550 failures
  bitcoin standard|T8|p0.55|R1.0: 19.2s net/day -3.93 robust_c80=fail fail (pass impossible after 1550 runs), 1550 failures
  bitcoin consistency|T16|p0.475|R1.5: 30.9s net/day -3.29 robust_c80=fail fail (pass impossible after 1550 runs), 1547 failures
  bitcoin standard|T16|p0.475|R1.5: 27.3s net/day -3.29 robust_c80=fail fail (pass impossible after 1550 runs), 1549 failures
  bitcoin consistency|T8|p0.45|R1.5: 16.5s net/day -3.27 robust_c80=fail fail (pass impossible after 1550 runs), 1549 failures
  bitcoin standard|T8|p0.45|R1.5: 17.6s net/day -3.27 robust_c80=fail fail (pass impossible after 1550 runs), 1550 failures
  bitcoin consistency|T2|p0.6|R0.75: 6.4s net/day 0.55 robust_c80=fail fail (pass impossible after 1550 runs), 1549 failures
  bitcoin standard|T2|p0.6|R0.75: 7.0s net/day 0.55 robust_c80=fail fail (pass impossible after 1550 runs), 1550 failures
  bitcoin consistency|T1|p0.6|R0.75: 4.0s net/day 2.33 robust_c80=fail fail (pass impossible after 1550 runs), 1543 failures
  bitcoin standard|T1|p0.6|R0.75: 4.5s net/day 2.33 robust_c80=fail fail (pass impossible after 1550 runs), 1548 failures
  bitcoin consistency|T4|p0.55|R1.0: 10.7s net/day 4.35 robust_c80=fail fail (pass impossible after 1550 runs), 1543 failures
  bitcoin standard|T4|p0.55|R1.0: 10.5s net/day 4.35 robust_c80=fail fail (pass impossible after 1550 runs), 1550 failures
  bitcoin consistency|T4|p0.45|R1.5: 10.2s net/day 4.81 robust_c80=fail fail (pass impossible after 1550 runs), 1539 failures
  bitcoin standard|T4|p0.45|R1.5: 9.9s net/day 4.81 robust_c80=fail fail (pass impossible after 1550 runs), 1549 failures
  bitcoin consistency|T1|p0.55|R1.0: 5.7s net/day 7.43 robust_c80=fail fail (pass impossible after 1550 runs), 1536 failures
  bitcoin standard|T1|p0.55|R1.0: 6.7s net/day 7.43 robust_c80=fail fail (pass impossible after 1550 runs), 1545 failures
  bitcoin consistency|T2|p0.55|R1.0: 8.7s net/day 7.64 robust_c80=fail fail (pass impossible after 1600 runs), 1570 failures
  bitcoin standard|T2|p0.55|R1.0: 7.7s net/day 7.64 robust_c80=fail fail (pass impossible after 1550 runs), 1548 failures
  bitcoin consistency|T1|p0.45|R1.5: 6.1s net/day 7.68 robust_c80=fail fail (pass impossible after 1600 runs), 1575 failures
  bitcoin standard|T1|p0.45|R1.5: 5.9s net/day 7.68 robust_c80=fail fail (pass impossible after 1550 runs), 1544 failures
  bitcoin consistency|T2|p0.45|R1.5: 8.2s net/day 7.98 robust_c80=fail fail (pass impossible after 1600 runs), 1571 failures
  bitcoin standard|T2|p0.45|R1.5: 5.4s net/day 7.98 robust_c80=fail fail (pass impossible after 1550 runs), 1548 failures
  bitcoin consistency|T8|p0.4|R2.0: 19.2s net/day 9.25 robust_c80=fail fail (pass impossible after 1600 runs), 1565 failures
  bitcoin standard|T8|p0.4|R2.0: 19.2s net/day 9.25 robust_c80=fail fail (pass impossible after 1550 runs), 1544 failures
  bitcoin consistency|T8|p0.575|R1.0: 20.4s net/day 11.98 robust_c80=fail fail (pass impossible after 1600 runs), 1536 failures
  bitcoin standard|T8|p0.575|R1.0: 19.7s net/day 11.98 robust_c80=fail fail (pass impossible after 1550 runs), 1543 failures
  bitcoin consistency|T1|p0.4|R2.0: 6.5s net/day 12.43 robust_c80=fail fail (pass impossible after 1650 runs), 1577 failures
  bitcoin standard|T1|p0.4|R2.0: 6.2s net/day 12.43 robust_c80=fail fail (pass impossible after 1600 runs), 1580 failures
  bitcoin consistency|T8|p0.475|R1.5: 22.3s net/day 12.96 robust_c80=fail fail (pass impossible after 1600 runs), 1542 failures
  bitcoin standard|T8|p0.475|R1.5: 19.9s net/day 12.96 robust_c80=fail fail (pass impossible after 1550 runs), 1537 failures
  bitcoin consistency|T4|p0.4|R2.0: 10.2s net/day 13.63 robust_c80=fail fail (pass impossible after 1650 runs), 1565 failures
  bitcoin standard|T4|p0.4|R2.0: 10.9s net/day 13.63 robust_c80=fail fail (pass impossible after 1550 runs), 1536 failures
  bitcoin consistency|T2|p0.4|R2.0: 9.0s net/day 14.58 robust_c80=fail fail (pass impossible after 1650 runs), 1540 failures
  bitcoin standard|T2|p0.4|R2.0: 7.7s net/day 14.58 robust_c80=fail fail (pass impossible after 1600 runs), 1572 failures
  bitcoin consistency|T16|p0.425|R2.0: 27.4s net/day 15.04 robust_c80=fail fail (pass impossible after 1650 runs), 1545 failures
  bitcoin standard|T16|p0.425|R2.0: 31.5s net/day 15.04 robust_c80=fail fail (pass impossible after 1600 runs), 1578 failures
  bitcoin consistency|T16|p0.6|R1.0: 39.2s net/day 17.49 robust_c80=fail fail (pass impossible after 1700 runs), 1563 failures
  bitcoin standard|T16|p0.6|R1.0: 36.9s net/day 17.49 robust_c80=fail fail (pass impossible after 1600 runs), 1569 failures
  bitcoin consistency|T4|p0.58|R1.0: 13.3s net/day 17.79 robust_c80=fail fail (pass impossible after 1700 runs), 1567 failures
  bitcoin standard|T4|p0.58|R1.0: 11.0s net/day 17.79 robust_c80=fail fail (pass impossible after 1600 runs), 1578 failures
  bitcoin consistency|T4|p0.48|R1.5: 13.6s net/day 18.53 robust_c80=fail fail (pass impossible after 1750 runs), 1569 failures
  bitcoin standard|T4|p0.48|R1.5: 12.9s net/day 18.53 robust_c80=fail fail (pass impossible after 1600 runs), 1558 failures
  bitcoin consistency|T1|p0.6|R1.0: 7.4s net/day 19.49 robust_c80=fail fail (pass impossible after 1750 runs), 1561 failures
  bitcoin standard|T1|p0.6|R1.0: 6.7s net/day 19.49 robust_c80=fail fail (pass impossible after 1600 runs), 1557 failures
  bitcoin consistency|T1|p0.5|R1.5: 6.9s net/day 19.99 robust_c80=fail fail (pass impossible after 1750 runs), 1536 failures
  bitcoin standard|T1|p0.5|R1.5: 6.7s net/day 19.99 robust_c80=fail fail (pass impossible after 1600 runs), 1550 failures
  bitcoin consistency|T4|p0.66|R0.75: 13.7s net/day 22.04 robust_c80=fail fail (pass impossible after 1850 runs), 1555 failures
  bitcoin standard|T4|p0.66|R0.75: 12.0s net/day 22.04 robust_c80=fail fail (pass impossible after 1600 runs), 1536 failures
  bitcoin consistency|T4|p0.59|R1.0: 14.5s net/day 22.27 robust_c80=fail fail (pass impossible after 1900 runs), 1559 failures
  bitcoin standard|T4|p0.59|R1.0: 13.1s net/day 22.27 robust_c80=fail fail (pass impossible after 1600 runs), 1539 failures
  bitcoin consistency|T4|p0.49|R1.5: 15.6s net/day 23.10 robust_c80=fail fail (pass impossible after 1950 runs), 1554 failures
  bitcoin standard|T4|p0.49|R1.5: 12.1s net/day 23.10 robust_c80=fail fail (pass impossible after 1650 runs), 1540 failures
  bitcoin consistency|T4|p0.42|R2.0: 13.6s net/day 23.13 robust_c80=fail fail (pass impossible after 1950 runs), 1557 failures
  bitcoin standard|T4|p0.42|R2.0: 14.1s net/day 23.13 robust_c80=fail fail (pass impossible after 1650 runs), 1551 failures
  bitcoin consistency|T2|p0.6|R1.0: 10.3s net/day 24.40 robust_c80=fail fail (pass impossible after 2000 runs), 1564 failures
  bitcoin standard|T2|p0.6|R1.0: 9.9s net/day 24.40 robust_c80=fail fail (pass impossible after 1700 runs), 1566 failures
  bitcoin consistency|T2|p0.5|R1.5: 11.8s net/day 25.10 robust_c80=fail fail (pass impossible after 2100 runs), 1565 failures
  bitcoin standard|T2|p0.5|R1.5: 8.9s net/day 25.10 robust_c80=fail fail (pass impossible after 1700 runs), 1562 failures
  bitcoin consistency|T1|p0.45|R2.0: 8.3s net/day 25.22 robust_c80=fail fail (pass impossible after 2050 runs), 1536 failures
  bitcoin standard|T1|p0.45|R2.0: 6.7s net/day 25.22 robust_c80=fail fail (pass impossible after 1700 runs), 1571 failures
  bitcoin consistency|T8|p0.425|R2.0: 31.2s net/day 26.12 robust_c80=fail fail (pass impossible after 2150 runs), 1543 failures
  bitcoin standard|T8|p0.425|R2.0: 24.0s net/day 26.12 robust_c80=fail fail (pass impossible after 1750 runs), 1568 failures
  bitcoin consistency|T4|p0.6|R1.0: 16.9s net/day 26.75 robust_c80=fail fail (pass impossible after 2150 runs), 1537 failures
  bitcoin standard|T4|p0.6|R1.0: 15.6s net/day 26.75 robust_c80=fail fail (pass impossible after 1750 runs), 1556 failures
  bitcoin consistency|T4|p0.46|R1.75: 16.8s net/day 26.82 robust_c80=fail fail (pass impossible after 2150 runs), 1537 failures
  bitcoin standard|T4|p0.46|R1.75: 14.1s net/day 26.82 robust_c80=fail fail (pass impossible after 1750 runs), 1540 failures
  bitcoin consistency|T4|p0.5|R1.5: 17.8s net/day 27.67 robust_c80=fail fail (pass impossible after 2300 runs), 1541 failures
  bitcoin standard|T4|p0.5|R1.5: 13.0s net/day 27.67 robust_c80=fail fail (pass impossible after 1750 runs), 1533 failures
  bitcoin consistency|T8|p0.6|R1.0: 32.7s net/day 27.88 robust_c80=fail fail (pass impossible after 2300 runs), 1549 failures
  bitcoin standard|T8|p0.6|R1.0: 24.9s net/day 27.88 robust_c80=fail fail (pass impossible after 1800 runs), 1557 failures
  bitcoin consistency|T4|p0.43|R2.0: 19.8s net/day 27.88 robust_c80=fail fail (pass impossible after 2300 runs), 1550 failures
  bitcoin standard|T4|p0.43|R2.0: 15.1s net/day 27.88 robust_c80=fail fail (pass impossible after 1800 runs), 1563 failures
  bitcoin consistency|T8|p0.5|R1.5: 33.8s net/day 29.19 robust_c80=fail fail (pass impossible after 2400 runs), 1561 failures
  bitcoin standard|T8|p0.5|R1.5: 28.0s net/day 29.19 robust_c80=fail fail (pass impossible after 1850 runs), 1573 failures
  bitcoin consistency|T1|p0.47|R2.0: 11.7s net/day 30.34 robust_c80=fail fail (pass impossible after 2600 runs), 1538 failures
  bitcoin standard|T1|p0.47|R2.0: 8.3s net/day 30.34 robust_c80=fail fail (pass impossible after 1850 runs), 1540 failures
  bitcoin consistency|T4|p0.68|R0.75: 23.5s net/day 31.09 robust_c80=fail fail (pass impossible after 2650 runs), 1555 failures
  bitcoin standard|T4|p0.68|R0.75: 18.0s net/day 31.09 robust_c80=fail fail (pass impossible after 2000 runs), 1567 failures
  bitcoin consistency|T2|p0.62|R1.0: 17.1s net/day 31.11 robust_c80=fail fail (pass impossible after 2650 runs), 1560 failures
  bitcoin standard|T2|p0.62|R1.0: 11.3s net/day 31.11 robust_c80=fail fail (pass impossible after 1950 runs), 1564 failures
  bitcoin consistency|T1|p0.65|R1.0: 11.1s net/day 31.55 robust_c80=fail fail (pass impossible after 2650 runs), 1554 failures
  bitcoin standard|T1|p0.65|R1.0: 7.9s net/day 31.55 robust_c80=fail fail (pass impossible after 1950 runs), 1541 failures
  bitcoin consistency|T2|p0.52|R1.5: 19.0s net/day 31.94 robust_c80=fail fail (pass impossible after 2900 runs), 1546 failures
  bitcoin standard|T2|p0.52|R1.5: 10.3s net/day 31.94 robust_c80=fail fail (pass impossible after 1950 runs), 1564 failures
  bitcoin consistency|T1|p0.55|R1.5: 13.1s net/day 32.30 robust_c80=fail fail (pass impossible after 2850 runs), 1547 failures
  bitcoin standard|T1|p0.55|R1.5: 8.7s net/day 32.30 robust_c80=fail fail (pass impossible after 1950 runs), 1549 failures
  bitcoin consistency|T2|p0.45|R2.0: 18.6s net/day 32.37 robust_c80=fail fail (pass impossible after 3000 runs), 1544 failures
  bitcoin standard|T2|p0.45|R2.0: 10.7s net/day 32.37 robust_c80=fail fail (pass impossible after 2000 runs), 1556 failures
  bitcoin consistency|T4|p0.44|R2.0: 24.4s net/day 32.63 robust_c80=fail fail (pass impossible after 2950 runs), 1533 failures
  bitcoin standard|T4|p0.44|R2.0: 17.3s net/day 32.63 robust_c80=fail fail (pass impossible after 2050 runs), 1551 failures
  bitcoin consistency|T1|p0.48|R2.0: 15.3s net/day 32.90 robust_c80=fail fail (pass impossible after 2950 runs), 1553 failures
  bitcoin standard|T1|p0.48|R2.0: 8.6s net/day 32.90 robust_c80=fail fail (pass impossible after 2000 runs), 1571 failures
  bitcoin consistency|T1|p0.52|R1.75: 14.0s net/day 34.58 robust_c80=fail fail (pass impossible after 3300 runs), 1541 failures
  bitcoin standard|T1|p0.52|R1.75: 8.4s net/day 34.58 robust_c80=fail fail (pass impossible after 2100 runs), 1548 failures
  bitcoin consistency|T1|p0.56|R1.5: 15.0s net/day 34.76 robust_c80=fail fail (pass impossible after 3350 runs), 1556 failures
  bitcoin standard|T1|p0.56|R1.5: 9.8s net/day 34.76 robust_c80=fail fail (pass impossible after 2100 runs), 1533 failures
  bitcoin consistency|T2|p0.53|R1.5: 20.8s net/day 35.36 robust_c80=fail fail (pass impossible after 3550 runs), 1540 failures
  bitcoin standard|T2|p0.53|R1.5: 13.7s net/day 35.36 robust_c80=fail fail (pass impossible after 2200 runs), 1554 failures
  bitcoin consistency|T1|p0.49|R2.0: 14.9s net/day 35.45 robust_c80=fail fail (pass impossible after 3400 runs), 1547 failures
  bitcoin standard|T1|p0.49|R2.0: 8.7s net/day 35.45 robust_c80=fail fail (pass impossible after 2150 runs), 1533 failures
  bitcoin consistency|T4|p0.48|R1.75: 37.2s net/day 36.13 robust_c80=fail fail (pass impossible after 3800 runs), 1548 failures
  bitcoin standard|T4|p0.48|R1.75: 21.3s net/day 36.13 robust_c80=fail fail (pass impossible after 2400 runs), 1560 failures
  bitcoin consistency|T1|p0.57|R1.5: 18.2s net/day 37.22 robust_c80=fail fail (pass impossible after 3950 runs), 1533 failures
  bitcoin standard|T1|p0.57|R1.5: 11.0s net/day 37.22 robust_c80=fail fail (pass impossible after 2350 runs), 1536 failures
  bitcoin consistency|T4|p0.45|R2.0: 36.1s net/day 37.38 robust_c80=fail fail (pass impossible after 4150 runs), 1534 failures
  bitcoin standard|T4|p0.45|R2.0: 22.9s net/day 37.38 robust_c80=fail fail (pass impossible after 2450 runs), 1553 failures
  bitcoin consistency|T1|p0.5|R2.0: 19.0s net/day 38.01 robust_c80=fail fail (pass impossible after 4200 runs), 1540 failures
  bitcoin standard|T1|p0.5|R2.0: 12.4s net/day 38.01 robust_c80=fail fail (pass impossible after 2400 runs), 1547 failures
  bitcoin consistency|T2|p0.5|R1.75: 24.8s net/day 38.40 robust_c80=fail fail (pass impossible after 4300 runs), 1538 failures
  bitcoin standard|T2|p0.5|R1.75: 13.8s net/day 38.40 robust_c80=fail fail (pass impossible after 2400 runs), 1535 failures
  bitcoin consistency|T2|p0.54|R1.5: 30.2s net/day 38.79 robust_c80=fail fail (pass impossible after 4500 runs), 1543 failures
  bitcoin standard|T2|p0.54|R1.5: 17.4s net/day 38.79 robust_c80=fail fail (pass impossible after 2550 runs), 1544 failures
  bitcoin consistency|T1|p0.45|R2.5: 23.0s net/day 39.23 robust_c80=fail fail (pass impossible after 4650 runs), 1547 failures
  bitcoin standard|T1|p0.45|R2.5: 11.2s net/day 39.23 robust_c80=fail fail (pass impossible after 2450 runs), 1542 failures
  bitcoin consistency|T2|p0.47|R2.0: 30.5s net/day 39.48 robust_c80=fail fail (pass impossible after 4800 runs), 1533 failures
  bitcoin standard|T2|p0.47|R2.0: 13.6s net/day 39.48 robust_c80=fail fail (pass impossible after 2600 runs), 1544 failures
  bitcoin consistency|T1|p0.54|R1.75: 22.8s net/day 39.59 robust_c80=fail fail (pass impossible after 4850 runs), 1538 failures
  bitcoin standard|T1|p0.54|R1.75: 13.6s net/day 39.59 robust_c80=fail fail (pass impossible after 2600 runs), 1551 failures
  bitcoin consistency|T1|p0.58|R1.5: 24.3s net/day 39.69 robust_c80=fail fail (pass impossible after 4850 runs), 1536 failures
  bitcoin standard|T1|p0.58|R1.5: 11.6s net/day 39.69 robust_c80=fail fail (pass impossible after 2650 runs), 1534 failures
  bitcoin consistency|T2|p0.65|R1.0: 34.7s net/day 41.17 robust_c80=fail fail (pass impossible after 5250 runs), 1538 failures
  bitcoin standard|T2|p0.65|R1.0: 20.1s net/day 41.17 robust_c80=fail fail (pass impossible after 3100 runs), 1533 failures
  bitcoin consistency|T1|p0.59|R1.5: 25.6s net/day 42.15 robust_c80=fail fail (pass impossible after 6000 runs), 1535 failures
  bitcoin standard|T1|p0.59|R1.5: 15.5s net/day 42.15 robust_c80=fail fail (pass impossible after 3100 runs), 1532 failures
  bitcoin consistency|T2|p0.55|R1.5: 37.9s net/day 42.21 robust_c80=fail fail (pass impossible after 6050 runs), 1540 failures
  bitcoin standard|T2|p0.55|R1.5: 19.0s net/day 42.21 robust_c80=fail fail (pass impossible after 3100 runs), 1543 failures
  bitcoin consistency|T8|p0.45|R2.0: 108.6s net/day 42.98 robust_c80=fail fail (pass impossible after 6600 runs), 1542 failures
  bitcoin standard|T8|p0.45|R2.0: 54.6s net/day 42.98 robust_c80=fail fail (pass impossible after 3400 runs), 1545 failures
  bitcoin consistency|T2|p0.48|R2.0: 47.4s net/day 43.04 robust_c80=fail fail (pass impossible after 6600 runs), 1547 failures
  bitcoin standard|T2|p0.48|R2.0: 19.2s net/day 43.04 robust_c80=fail fail (pass impossible after 3150 runs), 1540 failures
  bitcoin consistency|T1|p0.7|R1.0: 30.5s net/day 43.62 robust_c80=fail fail (pass impossible after 6400 runs), 1536 failures
  bitcoin standard|T1|p0.7|R1.0: 17.3s net/day 43.62 robust_c80=fail fail (pass impossible after 3850 runs), 1543 failures
  bitcoin consistency|T1|p0.6|R1.5: 38.1s net/day 44.61 robust_c80=fail fail (pass impossible after 7900 runs), 1542 failures
  bitcoin standard|T1|p0.6|R1.5: 15.9s net/day 44.61 robust_c80=fail fail (pass impossible after 3650 runs), 1542 failures
  bitcoin consistency|T2|p0.52|R1.75: 51.4s net/day 45.37 robust_c80=pass (0.8153)
  bitcoin standard|T2|p0.52|R1.75: 26.0s net/day 45.37 robust_c80=fail fail (pass impossible after 3650 runs), 1534 failures
