WTI crude null comparison sample consistency: 13s
  WTI crude consistency|T4|p0.4|R0.75: 7.6s net/day -300.40 robust_c80=fail fail (pass impossible after 1550 runs), 1550 failures
WTI crude null comparison sample standard: 19s
  WTI crude standard|T4|p0.4|R0.75: 9.0s net/day -300.40 robust_c80=fail fail (pass impossible after 1550 runs), 1550 failures
  WTI crude consistency|T4|p0.45|R0.75: 9.0s net/day -227.60 robust_c80=fail fail (pass impossible after 1550 runs), 1550 failures
  WTI crude standard|T4|p0.45|R0.75: 8.9s net/day -227.60 robust_c80=fail fail (pass impossible after 1550 runs), 1550 failures
  WTI crude consistency|T2|p0.4|R0.75: 6.2s net/day -196.34 robust_c80=fail fail (pass impossible after 1550 runs), 1549 failures
  WTI crude standard|T2|p0.4|R0.75: 6.3s net/day -196.34 robust_c80=fail fail (pass impossible after 1550 runs), 1550 failures
  WTI crude consistency|T4|p0.4|R1.0: 9.5s net/day -194.91 robust_c80=fail fail (pass impossible after 1550 runs), 1550 failures
  WTI crude standard|T4|p0.4|R1.0: 8.6s net/day -194.91 robust_c80=fail fail (pass impossible after 1550 runs), 1550 failures
  WTI crude standard|T32|p0.45|R1.5: 49.1s net/day -193.69 robust_c80=fail fail (pass impossible after 1550 runs), 1549 failures
  WTI crude consistency|T4|p0.5|R0.75: 8.4s net/day -154.80 robust_c80=fail fail (pass impossible after 1550 runs), 1549 failures
  WTI crude standard|T4|p0.5|R0.75: 8.6s net/day -154.80 robust_c80=fail fail (pass impossible after 1550 runs), 1550 failures
  WTI crude consistency|T2|p0.45|R0.75: 5.9s net/day -146.43 robust_c80=fail fail (pass impossible after 1550 runs), 1550 failures
  WTI crude standard|T2|p0.45|R0.75: 5.8s net/day -146.43 robust_c80=fail fail (pass impossible after 1550 runs), 1550 failures
  WTI crude consistency|T1|p0.4|R0.75: 5.3s net/day -139.49 robust_c80=fail fail (pass impossible after 1550 runs), 1550 failures
  WTI crude standard|T1|p0.4|R0.75: 5.8s net/day -139.49 robust_c80=fail fail (pass impossible after 1550 runs), 1550 failures
  WTI crude consistency|T2|p0.4|R1.0: 6.1s net/day -124.01 robust_c80=fail fail (pass impossible after 1550 runs), 1549 failures
  WTI crude standard|T2|p0.4|R1.0: 5.9s net/day -124.01 robust_c80=fail fail (pass impossible after 1550 runs), 1550 failures
  WTI crude consistency|T4|p0.45|R1.0: 9.5s net/day -122.86 robust_c80=fail fail (pass impossible after 1550 runs), 1549 failures
  WTI crude standard|T4|p0.45|R1.0: 8.8s net/day -122.86 robust_c80=fail fail (pass impossible after 1550 runs), 1550 failures
  WTI crude standard|T32|p0.4|R2.0: 54.1s net/day -111.98 robust_c80=fail fail (pass impossible after 1600 runs), 1569 failures
  WTI crude consistency|T1|p0.45|R0.75: 4.7s net/day -102.49 robust_c80=fail fail (pass impossible after 1550 runs), 1549 failures
  WTI crude standard|T1|p0.45|R0.75: 4.8s net/day -102.49 robust_c80=fail fail (pass impossible after 1550 runs), 1550 failures
  WTI crude consistency|T2|p0.5|R0.75: 6.1s net/day -96.51 robust_c80=fail fail (pass impossible after 1550 runs), 1548 failures
  WTI crude standard|T2|p0.5|R0.75: 5.9s net/day -96.51 robust_c80=fail fail (pass impossible after 1550 runs), 1550 failures
  WTI crude standard|T32|p0.475|R1.5: 57.8s net/day -87.75 robust_c80=fail fail (pass impossible after 1600 runs), 1538 failures
  WTI crude consistency|T1|p0.4|R1.0: 4.1s net/day -85.87 robust_c80=fail fail (pass impossible after 1550 runs), 1546 failures
  WTI crude standard|T1|p0.4|R1.0: 5.0s net/day -85.87 robust_c80=fail fail (pass impossible after 1550 runs), 1548 failures
  WTI crude consistency|T4|p0.55|R0.75: 9.8s net/day -82.01 robust_c80=fail fail (pass impossible after 1550 runs), 1533 failures
  WTI crude standard|T4|p0.55|R0.75: 8.6s net/day -82.01 robust_c80=fail fail (pass impossible after 1550 runs), 1543 failures
  WTI crude consistency|T2|p0.45|R1.0: 6.4s net/day -74.61 robust_c80=fail fail (pass impossible after 1550 runs), 1544 failures
  WTI crude standard|T2|p0.45|R1.0: 7.0s net/day -74.61 robust_c80=fail fail (pass impossible after 1550 runs), 1547 failures
  WTI crude consistency|T1|p0.5|R0.75: 5.7s net/day -65.48 robust_c80=fail fail (pass impossible after 1550 runs), 1534 failures
  WTI crude standard|T1|p0.5|R0.75: 5.6s net/day -65.48 robust_c80=fail fail (pass impossible after 1550 runs), 1544 failures
  WTI crude consistency|T16|p0.55|R1.0: 31.9s net/day -55.35 robust_c80=fail fail (pass impossible after 1600 runs), 1563 failures
  WTI crude standard|T16|p0.55|R1.0: 30.6s net/day -55.35 robust_c80=fail fail (pass impossible after 1600 runs), 1568 failures
  WTI crude consistency|T16|p0.45|R1.5: 33.4s net/day -52.31 robust_c80=fail fail (pass impossible after 1600 runs), 1567 failures
  WTI crude standard|T16|p0.45|R1.5: 34.9s net/day -52.31 robust_c80=fail fail (pass impossible after 1600 runs), 1568 failures
  WTI crude consistency|T4|p0.4|R1.5: 8.4s net/day -50.81 robust_c80=fail fail (pass impossible after 1550 runs), 1532 failures
  WTI crude standard|T4|p0.4|R1.5: 8.8s net/day -50.81 robust_c80=fail fail (pass impossible after 1550 runs), 1544 failures
  WTI crude consistency|T4|p0.5|R1.0: 11.1s net/day -50.81 robust_c80=fail fail (pass impossible after 1600 runs), 1572 failures
  WTI crude standard|T4|p0.5|R1.0: 9.9s net/day -50.81 robust_c80=fail fail (pass impossible after 1550 runs), 1538 failures
  WTI crude consistency|T1|p0.45|R1.0: 4.7s net/day -49.24 robust_c80=fail fail (pass impossible after 1600 runs), 1580 failures
  WTI crude standard|T1|p0.45|R1.0: 3.7s net/day -49.24 robust_c80=fail fail (pass impossible after 1550 runs), 1539 failures
  WTI crude consistency|T2|p0.55|R0.75: 7.1s net/day -46.60 robust_c80=fail fail (pass impossible after 1600 runs), 1563 failures
  WTI crude standard|T2|p0.55|R0.75: 6.6s net/day -46.60 robust_c80=fail fail (pass impossible after 1550 runs), 1541 failures
  WTI crude consistency|T1|p0.55|R0.75: 6.1s net/day -28.47 robust_c80=fail fail (pass impossible after 1650 runs), 1565 failures
  WTI crude standard|T1|p0.55|R0.75: 5.2s net/day -28.47 robust_c80=fail fail (pass impossible after 1600 runs), 1569 failures
  WTI crude consistency|T2|p0.4|R1.5: 7.1s net/day -25.21 robust_c80=fail fail (pass impossible after 1600 runs), 1559 failures
  WTI crude standard|T2|p0.4|R1.5: 6.4s net/day -25.21 robust_c80=fail fail (pass impossible after 1600 runs), 1579 failures
  WTI crude consistency|T2|p0.5|R1.0: 9.4s net/day -25.21 robust_c80=fail fail (pass impossible after 1600 runs), 1534 failures
  WTI crude standard|T2|p0.5|R1.0: 7.6s net/day -25.21 robust_c80=fail fail (pass impossible after 1600 runs), 1561 failures
  WTI crude consistency|T1|p0.4|R1.5: 5.5s net/day -12.61 robust_c80=fail fail (pass impossible after 1600 runs), 1534 failures
  WTI crude standard|T1|p0.4|R1.5: 5.5s net/day -12.61 robust_c80=fail fail (pass impossible after 1600 runs), 1562 failures
  WTI crude consistency|T1|p0.5|R1.0: 6.1s net/day -12.61 robust_c80=fail fail (pass impossible after 1650 runs), 1547 failures
  WTI crude standard|T1|p0.5|R1.0: 5.3s net/day -12.61 robust_c80=fail fail (pass impossible after 1600 runs), 1550 failures
  WTI crude consistency|T4|p0.6|R0.75: 12.8s net/day -9.21 robust_c80=fail fail (pass impossible after 1700 runs), 1553 failures
  WTI crude standard|T4|p0.6|R0.75: 9.7s net/day -9.21 robust_c80=fail fail (pass impossible after 1650 runs), 1570 failures
  WTI crude standard|T32|p0.425|R2.0: 75.6s net/day -1.87 robust_c80=fail fail (pass impossible after 1900 runs), 1547 failures
  WTI crude consistency|T2|p0.6|R0.75: 8.3s net/day 3.31 robust_c80=fail fail (pass impossible after 1850 runs), 1569 failures
  WTI crude standard|T2|p0.6|R0.75: 7.3s net/day 3.31 robust_c80=fail fail (pass impossible after 1700 runs), 1567 failures
  WTI crude consistency|T16|p0.4|R2.0: 38.5s net/day 5.71 robust_c80=fail fail (pass impossible after 1750 runs), 1548 failures
  WTI crude standard|T16|p0.4|R2.0: 33.5s net/day 5.71 robust_c80=fail fail (pass impossible after 1750 runs), 1570 failures
  WTI crude consistency|T8|p0.55|R1.0: 22.3s net/day 6.68 robust_c80=fail fail (pass impossible after 1750 runs), 1534 failures
  WTI crude standard|T8|p0.55|R1.0: 21.4s net/day 6.68 robust_c80=fail fail (pass impossible after 1700 runs), 1551 failures
  WTI crude consistency|T1|p0.6|R0.75: 6.1s net/day 8.54 robust_c80=fail fail (pass impossible after 1900 runs), 1563 failures
  WTI crude standard|T1|p0.6|R0.75: 5.8s net/day 8.54 robust_c80=fail fail (pass impossible after 1700 runs), 1544 failures
  WTI crude consistency|T8|p0.45|R1.5: 21.3s net/day 8.90 robust_c80=fail fail (pass impossible after 1750 runs), 1563 failures
  WTI crude standard|T8|p0.45|R1.5: 19.3s net/day 8.90 robust_c80=fail fail (pass impossible after 1700 runs), 1554 failures
  WTI crude consistency|T4|p0.55|R1.0: 12.5s net/day 21.24 robust_c80=fail fail (pass impossible after 1900 runs), 1534 failures
  WTI crude standard|T4|p0.55|R1.0: 11.8s net/day 21.24 robust_c80=fail fail (pass impossible after 1750 runs), 1541 failures
  WTI crude consistency|T4|p0.45|R1.5: 14.1s net/day 22.73 robust_c80=fail fail (pass impossible after 1850 runs), 1550 failures
  WTI crude standard|T4|p0.45|R1.5: 12.0s net/day 22.73 robust_c80=fail fail (pass impossible after 1750 runs), 1545 failures
  WTI crude consistency|T16|p0.475|R1.5: 42.3s net/day 22.92 robust_c80=fail fail (pass impossible after 1900 runs), 1551 failures
  WTI crude standard|T16|p0.475|R1.5: 38.3s net/day 22.92 robust_c80=fail fail (pass impossible after 1850 runs), 1552 failures
  WTI crude consistency|T1|p0.55|R1.0: 8.5s net/day 24.02 robust_c80=fail fail (pass impossible after 2000 runs), 1539 failures
  WTI crude standard|T1|p0.55|R1.0: 6.7s net/day 24.02 robust_c80=fail fail (pass impossible after 1800 runs), 1551 failures
  WTI crude consistency|T2|p0.55|R1.0: 11.0s net/day 24.19 robust_c80=fail fail (pass impossible after 2000 runs), 1544 failures
  WTI crude standard|T2|p0.55|R1.0: 8.8s net/day 24.19 robust_c80=fail fail (pass impossible after 1800 runs), 1539 failures
  WTI crude consistency|T1|p0.45|R1.5: 7.1s net/day 24.77 robust_c80=fail fail (pass impossible after 1850 runs), 1538 failures
  WTI crude standard|T1|p0.45|R1.5: 5.9s net/day 24.77 robust_c80=fail fail (pass impossible after 1750 runs), 1554 failures
  WTI crude consistency|T2|p0.45|R1.5: 11.9s net/day 25.21 robust_c80=fail fail (pass impossible after 1900 runs), 1545 failures
  WTI crude standard|T2|p0.45|R1.5: 8.8s net/day 25.21 robust_c80=fail fail (pass impossible after 1750 runs), 1536 failures
  WTI crude consistency|T1|p0.4|R2.0: 5.7s net/day 39.19 robust_c80=fail fail (pass impossible after 1900 runs), 1536 failures
  WTI crude standard|T1|p0.4|R2.0: 6.2s net/day 39.19 robust_c80=fail fail (pass impossible after 1800 runs), 1536 failures
  WTI crude consistency|T2|p0.4|R2.0: 13.8s net/day 44.65 robust_c80=fail fail (pass impossible after 2100 runs), 1565 failures
  WTI crude standard|T2|p0.4|R2.0: 9.7s net/day 44.65 robust_c80=fail fail (pass impossible after 1950 runs), 1568 failures
  WTI crude consistency|T4|p0.4|R2.0: 19.5s net/day 51.08 robust_c80=fail fail (pass impossible after 2250 runs), 1542 failures
  WTI crude standard|T4|p0.4|R2.0: 14.4s net/day 51.08 robust_c80=fail fail (pass impossible after 2000 runs), 1538 failures
  WTI crude consistency|T8|p0.4|R2.0: 23.7s net/day 51.45 robust_c80=fail fail (pass impossible after 2250 runs), 1552 failures
  WTI crude standard|T8|p0.4|R2.0: 21.0s net/day 51.45 robust_c80=fail fail (pass impossible after 2050 runs), 1534 failures
  WTI crude consistency|T1|p0.6|R1.0: 13.6s net/day 60.65 robust_c80=fail fail (pass impossible after 3300 runs), 1554 failures
  WTI crude standard|T1|p0.6|R1.0: 9.7s net/day 60.65 robust_c80=fail fail (pass impossible after 2450 runs), 1550 failures
  WTI crude consistency|T8|p0.575|R1.0: 40.2s net/day 60.72 robust_c80=fail fail (pass impossible after 2650 runs), 1539 failures
  WTI crude standard|T8|p0.575|R1.0: 29.6s net/day 60.72 robust_c80=fail fail (pass impossible after 2350 runs), 1545 failures
  WTI crude consistency|T1|p0.5|R1.5: 11.8s net/day 62.16 robust_c80=fail fail (pass impossible after 2800 runs), 1548 failures
  WTI crude standard|T1|p0.5|R1.5: 8.6s net/day 62.16 robust_c80=fail fail (pass impossible after 2300 runs), 1537 failures
  WTI crude consistency|T8|p0.475|R1.5: 43.0s net/day 64.06 robust_c80=fail fail (pass impossible after 2700 runs), 1548 failures
  WTI crude standard|T8|p0.475|R1.5: 31.1s net/day 64.06 robust_c80=fail fail (pass impossible after 2400 runs), 1557 failures
  WTI crude consistency|T4|p0.58|R1.0: 27.0s net/day 64.47 robust_c80=fail fail (pass impossible after 3250 runs), 1548 failures
  WTI crude standard|T4|p0.58|R1.0: 20.0s net/day 64.47 robust_c80=fail fail (pass impossible after 2450 runs), 1544 failures
  WTI crude consistency|T4|p0.48|R1.5: 25.5s net/day 66.85 robust_c80=fail fail (pass impossible after 3000 runs), 1549 failures
  WTI crude standard|T4|p0.48|R1.5: 17.7s net/day 66.85 robust_c80=fail fail (pass impossible after 2350 runs), 1545 failures
  WTI crude consistency|T2|p0.6|R1.0: 26.8s net/day 73.59 robust_c80=fail fail (pass impossible after 4500 runs), 1539 failures
  WTI crude standard|T2|p0.6|R1.0: 15.3s net/day 73.59 robust_c80=fail fail (pass impossible after 3000 runs), 1532 failures
  WTI crude consistency|T2|p0.5|R1.5: 24.7s net/day 75.63 robust_c80=fail fail (pass impossible after 3850 runs), 1550 failures
  WTI crude standard|T2|p0.5|R1.5: 12.9s net/day 75.63 robust_c80=fail fail (pass impossible after 2800 runs), 1551 failures
  WTI crude consistency|T1|p0.45|R2.0: 14.1s net/day 78.04 robust_c80=fail fail (pass impossible after 3200 runs), 1553 failures
  WTI crude standard|T1|p0.45|R2.0: 10.8s net/day 78.04 robust_c80=fail fail (pass impossible after 2600 runs), 1552 failures
  WTI crude consistency|T4|p0.66|R0.75: 45.9s net/day 78.14 robust_c80=fail fail (pass impossible after 4950 runs), 1540 failures
  WTI crude standard|T4|p0.66|R0.75: 30.1s net/day 78.14 robust_c80=fail fail (pass impossible after 3350 runs), 1549 failures
  WTI crude consistency|T4|p0.59|R1.0: 39.6s net/day 78.88 robust_c80=fail fail (pass impossible after 4450 runs), 1537 failures
  WTI crude standard|T4|p0.59|R1.0: 24.9s net/day 78.88 robust_c80=fail fail (pass impossible after 3100 runs), 1557 failures
  WTI crude consistency|T4|p0.49|R1.5: 36.4s net/day 81.55 robust_c80=fail fail (pass impossible after 3900 runs), 1541 failures
  WTI crude standard|T4|p0.49|R1.5: 21.7s net/day 81.55 robust_c80=fail fail (pass impossible after 2900 runs), 1533 failures
  WTI crude consistency|T4|p0.42|R2.0: 34.2s net/day 81.65 robust_c80=fail fail (pass impossible after 3600 runs), 1539 failures
  WTI crude standard|T4|p0.42|R2.0: 23.1s net/day 81.65 robust_c80=fail fail (pass impossible after 2700 runs), 1532 failures
  WTI crude consistency|T16|p0.425|R2.0: 84.2s net/day 83.89 robust_c80=fail fail (pass impossible after 3200 runs), 1542 failures
  WTI crude standard|T16|p0.425|R2.0: 71.1s net/day 83.89 robust_c80=fail fail (pass impossible after 2850 runs), 1546 failures
