gold null comparison sample consistency: 22s
  gold consistency|T4|p0.4|R0.75: 8.9s net/day -185.89 robust_c80=fail fail (pass impossible after 1550 runs), 1550 failures
gold null comparison sample standard: 19s
  gold standard|T4|p0.4|R0.75: 9.5s net/day -185.89 robust_c80=fail fail (pass impossible after 1550 runs), 1550 failures
  gold consistency|T4|p0.45|R0.75: 8.6s net/day -136.40 robust_c80=fail fail (pass impossible after 1550 runs), 1550 failures
  gold standard|T4|p0.45|R0.75: 7.6s net/day -136.40 robust_c80=fail fail (pass impossible after 1550 runs), 1550 failures
  gold consistency|T2|p0.4|R0.75: 5.5s net/day -130.35 robust_c80=fail fail (pass impossible after 1550 runs), 1550 failures
  gold standard|T2|p0.4|R0.75: 6.0s net/day -130.35 robust_c80=fail fail (pass impossible after 1550 runs), 1550 failures
  gold consistency|T4|p0.4|R1.0: 9.3s net/day -114.18 robust_c80=fail fail (pass impossible after 1550 runs), 1550 failures
  gold standard|T4|p0.4|R1.0: 8.8s net/day -114.18 robust_c80=fail fail (pass impossible after 1550 runs), 1550 failures
  gold consistency|T2|p0.45|R0.75: 6.0s net/day -94.71 robust_c80=fail fail (pass impossible after 1550 runs), 1550 failures
  gold standard|T2|p0.45|R0.75: 6.2s net/day -94.71 robust_c80=fail fail (pass impossible after 1550 runs), 1550 failures
  gold consistency|T1|p0.4|R0.75: 4.6s net/day -93.75 robust_c80=fail fail (pass impossible after 1550 runs), 1550 failures
  gold standard|T1|p0.4|R0.75: 3.8s net/day -93.75 robust_c80=fail fail (pass impossible after 1550 runs), 1550 failures
  gold consistency|T4|p0.5|R0.75: 8.5s net/day -86.92 robust_c80=fail fail (pass impossible after 1550 runs), 1550 failures
  gold standard|T4|p0.5|R0.75: 8.9s net/day -86.92 robust_c80=fail fail (pass impossible after 1550 runs), 1550 failures
  gold consistency|T2|p0.4|R1.0: 6.3s net/day -78.70 robust_c80=fail fail (pass impossible after 1550 runs), 1550 failures
  gold standard|T2|p0.4|R1.0: 5.5s net/day -78.70 robust_c80=fail fail (pass impossible after 1550 runs), 1550 failures
  gold consistency|T1|p0.45|R0.75: 4.7s net/day -67.62 robust_c80=fail fail (pass impossible after 1550 runs), 1550 failures
  gold standard|T1|p0.45|R0.75: 4.8s net/day -67.62 robust_c80=fail fail (pass impossible after 1550 runs), 1550 failures
  gold consistency|T4|p0.45|R1.0: 8.0s net/day -65.21 robust_c80=fail fail (pass impossible after 1550 runs), 1550 failures
  gold standard|T4|p0.45|R1.0: 8.5s net/day -65.21 robust_c80=fail fail (pass impossible after 1550 runs), 1550 failures
  gold consistency|T2|p0.5|R0.75: 6.7s net/day -59.07 robust_c80=fail fail (pass impossible after 1550 runs), 1548 failures
  gold standard|T2|p0.5|R0.75: 6.9s net/day -59.07 robust_c80=fail fail (pass impossible after 1550 runs), 1550 failures
  gold consistency|T1|p0.4|R1.0: 4.1s net/day -55.89 robust_c80=fail fail (pass impossible after 1550 runs), 1549 failures
  gold standard|T1|p0.4|R1.0: 4.9s net/day -55.89 robust_c80=fail fail (pass impossible after 1550 runs), 1549 failures
  gold consistency|T2|p0.45|R1.0: 6.6s net/day -43.43 robust_c80=fail fail (pass impossible after 1550 runs), 1545 failures
  gold standard|T2|p0.45|R1.0: 7.2s net/day -43.43 robust_c80=fail fail (pass impossible after 1550 runs), 1549 failures
  gold consistency|T1|p0.5|R0.75: 5.6s net/day -41.49 robust_c80=fail fail (pass impossible after 1550 runs), 1543 failures
  gold standard|T1|p0.5|R0.75: 3.9s net/day -41.49 robust_c80=fail fail (pass impossible after 1550 runs), 1547 failures
  gold consistency|T4|p0.55|R0.75: 9.5s net/day -37.44 robust_c80=fail fail (pass impossible after 1550 runs), 1545 failures
  gold standard|T4|p0.55|R0.75: 8.9s net/day -37.44 robust_c80=fail fail (pass impossible after 1550 runs), 1550 failures
  gold consistency|T1|p0.45|R1.0: 5.6s net/day -30.03 robust_c80=fail fail (pass impossible after 1550 runs), 1537 failures
  gold standard|T1|p0.45|R1.0: 5.8s net/day -30.03 robust_c80=fail fail (pass impossible after 1550 runs), 1548 failures
  gold consistency|T2|p0.55|R0.75: 7.6s net/day -23.43 robust_c80=fail fail (pass impossible after 1600 runs), 1579 failures
  gold standard|T2|p0.55|R0.75: 6.4s net/day -23.43 robust_c80=fail fail (pass impossible after 1550 runs), 1544 failures
  gold consistency|T4|p0.4|R1.5: 10.8s net/day -16.23 robust_c80=fail fail (pass impossible after 1600 runs), 1560 failures
  gold standard|T4|p0.4|R1.5: 9.4s net/day -16.23 robust_c80=fail fail (pass impossible after 1550 runs), 1538 failures
  gold consistency|T4|p0.5|R1.0: 11.0s net/day -16.23 robust_c80=fail fail (pass impossible after 1600 runs), 1558 failures
  gold standard|T4|p0.5|R1.0: 10.2s net/day -16.23 robust_c80=fail fail (pass impossible after 1550 runs), 1536 failures
  gold consistency|T1|p0.55|R0.75: 6.0s net/day -15.37 robust_c80=fail fail (pass impossible after 1600 runs), 1567 failures
  gold standard|T1|p0.55|R0.75: 5.1s net/day -15.37 robust_c80=fail fail (pass impossible after 1550 runs), 1542 failures
  gold consistency|T2|p0.4|R1.5: 7.4s net/day -8.15 robust_c80=fail fail (pass impossible after 1600 runs), 1547 failures
  gold standard|T2|p0.4|R1.5: 7.2s net/day -8.15 robust_c80=fail fail (pass impossible after 1600 runs), 1581 failures
  gold consistency|T2|p0.5|R1.0: 6.9s net/day -8.15 robust_c80=fail fail (pass impossible after 1600 runs), 1543 failures
  gold standard|T2|p0.5|R1.0: 7.0s net/day -8.15 robust_c80=fail fail (pass impossible after 1600 runs), 1577 failures
  gold consistency|T1|p0.4|R1.5: 6.1s net/day -4.17 robust_c80=fail fail (pass impossible after 1600 runs), 1538 failures
  gold standard|T1|p0.4|R1.5: 5.4s net/day -4.17 robust_c80=fail fail (pass impossible after 1600 runs), 1580 failures
  gold consistency|T1|p0.5|R1.0: 5.8s net/day -4.17 robust_c80=fail fail (pass impossible after 1650 runs), 1560 failures
  gold standard|T1|p0.5|R1.0: 5.5s net/day -4.17 robust_c80=fail fail (pass impossible after 1600 runs), 1573 failures
  gold consistency|T1|p0.6|R0.75: 6.8s net/day 10.76 robust_c80=fail fail (pass impossible after 1800 runs), 1571 failures
  gold standard|T1|p0.6|R0.75: 4.6s net/day 10.76 robust_c80=fail fail (pass impossible after 1600 runs), 1538 failures
  gold consistency|T4|p0.6|R0.75: 12.9s net/day 12.05 robust_c80=fail fail (pass impossible after 1800 runs), 1532 failures
  gold standard|T4|p0.6|R0.75: 11.8s net/day 12.05 robust_c80=fail fail (pass impossible after 1650 runs), 1577 failures
  gold consistency|T2|p0.6|R0.75: 9.1s net/day 12.22 robust_c80=fail fail (pass impossible after 1850 runs), 1565 failures
  gold standard|T2|p0.6|R0.75: 7.2s net/day 12.22 robust_c80=fail fail (pass impossible after 1650 runs), 1570 failures
  gold standard|T32|p0.45|R1.5: 66.2s net/day 15.03 robust_c80=fail fail (pass impossible after 1700 runs), 1570 failures
  gold consistency|T1|p0.55|R1.0: 8.7s net/day 21.69 robust_c80=fail fail (pass impossible after 2000 runs), 1564 failures
  gold standard|T1|p0.55|R1.0: 5.9s net/day 21.69 robust_c80=fail fail (pass impossible after 1700 runs), 1551 failures
  gold consistency|T1|p0.45|R1.5: 7.8s net/day 22.22 robust_c80=fail fail (pass impossible after 1950 runs), 1543 failures
  gold standard|T1|p0.45|R1.5: 6.1s net/day 22.22 robust_c80=fail fail (pass impossible after 1700 runs), 1546 failures
  gold consistency|T2|p0.55|R1.0: 11.4s net/day 27.13 robust_c80=fail fail (pass impossible after 2250 runs), 1538 failures
  gold standard|T2|p0.55|R1.0: 9.1s net/day 27.13 robust_c80=fail fail (pass impossible after 1800 runs), 1562 failures
  gold consistency|T2|p0.45|R1.5: 14.0s net/day 27.85 robust_c80=fail fail (pass impossible after 2200 runs), 1562 failures
  gold standard|T2|p0.45|R1.5: 9.8s net/day 27.85 robust_c80=fail fail (pass impossible after 1750 runs), 1538 failures
  gold consistency|T1|p0.4|R2.0: 9.0s net/day 32.40 robust_c80=fail fail (pass impossible after 2200 runs), 1556 failures
  gold standard|T1|p0.4|R2.0: 8.3s net/day 32.40 robust_c80=fail fail (pass impossible after 1850 runs), 1574 failures
  gold consistency|T4|p0.55|R1.0: 19.8s net/day 32.75 robust_c80=fail fail (pass impossible after 2400 runs), 1550 failures
  gold standard|T4|p0.55|R1.0: 15.1s net/day 32.75 robust_c80=fail fail (pass impossible after 1850 runs), 1556 failures
  gold consistency|T4|p0.45|R1.5: 19.0s net/day 33.76 robust_c80=fail fail (pass impossible after 2400 runs), 1535 failures
  gold standard|T4|p0.45|R1.5: 12.5s net/day 33.76 robust_c80=fail fail (pass impossible after 1850 runs), 1544 failures
  gold consistency|T16|p0.55|R1.0: 67.0s net/day 34.13 robust_c80=fail fail (pass impossible after 2450 runs), 1551 failures
  gold standard|T16|p0.55|R1.0: 42.1s net/day 34.13 robust_c80=fail fail (pass impossible after 1900 runs), 1538 failures
  gold consistency|T16|p0.45|R1.5: 60.3s net/day 36.17 robust_c80=fail fail (pass impossible after 2500 runs), 1544 failures
  gold standard|T16|p0.45|R1.5: 42.9s net/day 36.17 robust_c80=fail fail (pass impossible after 1900 runs), 1539 failures
/home/kiros-li/.local/share/uv/python/cpython-3.12.13-linux-x86_64-gnu/lib/python3.12/multiprocessing/resource_tracker.py:279: UserWarning: resource_tracker: There appear to be 5 leaked semaphore objects to clean up at shutdown
  warnings.warn('resource_tracker: There appear to be %d '
  gold consistency|T8|p0.55|R1.0: 111.1s net/day 37.52 robust_c80=fail (0.4020)
  gold standard|T8|p0.55|R1.0: 111.0s net/day 37.52 robust_c80=fail (0.2049)
  gold consistency|T8|p0.45|R1.5: 115.7s net/day 38.97 robust_c80=fail (0.3972)
  gold standard|T8|p0.45|R1.5: 109.0s net/day 38.97 robust_c80=fail (0.2076)
  gold consistency|T2|p0.4|R2.0: 50.7s net/day 41.74 robust_c80=fail (0.4316)
  gold standard|T2|p0.4|R2.0: 29.9s net/day 41.74 robust_c80=fail (0.2274)
  gold consistency|T1|p0.6|R1.0: 33.0s net/day 47.55 robust_c80=fail (0.5807)
  gold standard|T1|p0.6|R1.0: 26.2s net/day 47.55 robust_c80=fail (0.3247)
  gold consistency|T1|p0.5|R1.5: 38.4s net/day 48.61 robust_c80=fail (0.5719)
  gold standard|T1|p0.5|R1.5: 27.0s net/day 48.61 robust_c80=fail (0.3150)
  gold consistency|T4|p0.4|R2.0: 76.6s net/day 53.03 robust_c80=fail (0.5952)
  gold standard|T4|p0.4|R2.0: 58.2s net/day 53.03 robust_c80=fail (0.3495)
  gold consistency|T1|p0.45|R2.0: 42.8s net/day 59.83 robust_c80=fail (0.6805)
  gold standard|T1|p0.45|R2.0: 24.7s net/day 59.83 robust_c80=fail (0.4446)
  gold consistency|T4|p0.58|R1.0: 86.1s net/day 62.13 robust_c80=fail (0.7439)
  gold standard|T4|p0.58|R1.0: 62.1s net/day 62.13 robust_c80=fail (0.4843)
  gold consistency|T2|p0.6|R1.0: 50.5s net/day 62.40 robust_c80=fail (0.7709)
  gold standard|T2|p0.6|R1.0: 43.8s net/day 62.40 robust_c80=fail (0.5254)
  gold consistency|T4|p0.48|R1.5: 86.5s net/day 63.75 robust_c80=fail (0.7468)
  gold standard|T4|p0.48|R1.5: 63.8s net/day 63.75 robust_c80=fail (0.4925)
  gold consistency|T2|p0.5|R1.5: 56.1s net/day 63.86 robust_c80=fail (0.7531)
  gold standard|T2|p0.5|R1.5: 42.6s net/day 63.86 robust_c80=fail (0.5096)
  gold consistency|T8|p0.4|R2.0: 157.0s net/day 66.61 robust_c80=fail (0.7352)
  gold standard|T8|p0.4|R2.0: 109.3s net/day 66.61 robust_c80=fail (0.5095)
  gold consistency|T1|p0.47|R2.0: 40.0s net/day 70.80 robust_c80=marginal (0.8039)
  gold standard|T1|p0.47|R2.0: 33.3s net/day 70.80 robust_c80=fail (0.5799)
/home/kiros-li/.local/share/uv/python/cpython-3.12.13-linux-x86_64-gnu/lib/python3.12/multiprocessing/resource_tracker.py:279: UserWarning: resource_tracker: There appear to be 5 leaked semaphore objects to clean up at shutdown
  warnings.warn('resource_tracker: There appear to be %d '
  gold standard|T32|p0.4|R2.0: 201.8s net/day 71.17 robust_c80=fail fail (pass impossible after 3450 runs), 1536 failures
  gold consistency|T4|p0.66|R0.75: 96.5s net/day 71.43 robust_c80=pass (0.8450)
  gold standard|T4|p0.66|R0.75: 43.7s net/day 71.43 robust_c80=fail fail (pass impossible after 4000 runs), 1538 failures
