copper null comparison sample consistency: 21s
  copper consistency|T4|p0.4|R0.75: 9.8s net/day -180.56 robust_c80=fail fail (pass impossible after 1550 runs), 1550 failures
copper null comparison sample standard: 20s
/home/kiros-li/.local/share/uv/python/cpython-3.12.13-linux-x86_64-gnu/lib/python3.12/multiprocessing/resource_tracker.py:279: UserWarning: resource_tracker: There appear to be 5 leaked semaphore objects to clean up at shutdown
  warnings.warn('resource_tracker: There appear to be %d '
  copper standard|T4|p0.4|R0.75: 22.7s net/day -180.56 robust_c80=fail (0.0000)
  copper standard|T32|p0.45|R1.5: 210.2s net/day -175.58 robust_c80=fail (0.0000)
  copper consistency|T4|p0.45|R0.75: 38.1s net/day -138.72 robust_c80=fail (0.0000)
  copper standard|T4|p0.45|R0.75: 39.8s net/day -138.72 robust_c80=fail (0.0000)
  copper standard|T32|p0.4|R2.0: 200.3s net/day -129.42 robust_c80=fail (0.0000)
  copper consistency|T2|p0.4|R0.75: 27.7s net/day -121.50 robust_c80=fail (0.0000)
  copper standard|T2|p0.4|R0.75: 22.9s net/day -121.50 robust_c80=fail (0.0000)
  copper consistency|T4|p0.4|R1.0: 36.8s net/day -119.93 robust_c80=fail (0.0000)
  copper standard|T4|p0.4|R1.0: 36.5s net/day -119.93 robust_c80=fail (0.0000)
  copper standard|T32|p0.475|R1.5: 223.8s net/day -115.73 robust_c80=fail (0.0000)
  copper consistency|T4|p0.5|R0.75: 36.4s net/day -96.88 robust_c80=fail (0.0000)
  copper standard|T4|p0.5|R0.75: 37.6s net/day -96.88 robust_c80=fail (0.0000)
  copper consistency|T2|p0.45|R0.75: 19.9s net/day -91.62 robust_c80=fail (0.0000)
  copper standard|T2|p0.45|R0.75: 25.0s net/day -91.62 robust_c80=fail (0.0000)
  copper consistency|T1|p0.4|R0.75: 18.0s net/day -85.91 robust_c80=fail (0.0000)
  copper standard|T1|p0.4|R0.75: 18.0s net/day -85.91 robust_c80=fail (0.0000)
  copper consistency|T4|p0.45|R1.0: 43.0s net/day -78.52 robust_c80=fail (0.0000)
  copper standard|T4|p0.45|R1.0: 36.6s net/day -78.52 robust_c80=fail (0.0000)
  copper consistency|T2|p0.4|R1.0: 26.2s net/day -78.20 robust_c80=fail (0.0000)
  copper standard|T2|p0.4|R1.0: 22.3s net/day -78.20 robust_c80=fail (0.0000)
  copper standard|T32|p0.425|R2.0: 236.8s net/day -67.21 robust_c80=fail (0.0000)
  copper consistency|T16|p0.55|R1.0: 126.0s net/day -64.99 robust_c80=fail (0.0000)
  copper standard|T16|p0.55|R1.0: 123.8s net/day -64.99 robust_c80=fail (0.0000)
  copper consistency|T1|p0.45|R0.75: 19.2s net/day -63.64 robust_c80=fail (0.0000)
  copper standard|T1|p0.45|R0.75: 16.7s net/day -63.64 robust_c80=fail (0.0000)
  copper consistency|T16|p0.45|R1.5: 126.9s net/day -63.28 robust_c80=fail (0.0000)
/home/kiros-li/.local/share/uv/python/cpython-3.12.13-linux-x86_64-gnu/lib/python3.12/multiprocessing/resource_tracker.py:279: UserWarning: resource_tracker: There appear to be 5 leaked semaphore objects to clean up at shutdown
  warnings.warn('resource_tracker: There appear to be %d '
  copper standard|T16|p0.45|R1.5: 29.9s net/day -63.28 robust_c80=fail fail (pass impossible after 1550 runs), 1550 failures
  copper consistency|T2|p0.5|R0.75: 7.8s net/day -61.73 robust_c80=fail fail (pass impossible after 1550 runs), 1550 failures
  copper standard|T2|p0.5|R0.75: 9.0s net/day -61.73 robust_c80=fail fail (pass impossible after 1550 runs), 1550 failures
  copper consistency|T4|p0.55|R0.75: 11.7s net/day -55.04 robust_c80=fail fail (pass impossible after 1550 runs), 1550 failures
  copper standard|T4|p0.55|R0.75: 12.3s net/day -55.04 robust_c80=fail fail (pass impossible after 1550 runs), 1550 failures
  copper consistency|T1|p0.4|R1.0: 6.2s net/day -53.64 robust_c80=fail fail (pass impossible after 1550 runs), 1550 failures
  copper standard|T1|p0.4|R1.0: 6.4s net/day -53.64 robust_c80=fail fail (pass impossible after 1550 runs), 1550 failures
  copper consistency|T2|p0.45|R1.0: 8.4s net/day -48.62 robust_c80=fail fail (pass impossible after 1550 runs), 1550 failures
  copper standard|T2|p0.45|R1.0: 8.3s net/day -48.62 robust_c80=fail fail (pass impossible after 1550 runs), 1550 failures
  copper consistency|T1|p0.5|R0.75: 6.4s net/day -41.37 robust_c80=fail fail (pass impossible after 1550 runs), 1550 failures
  copper standard|T1|p0.5|R0.75: 5.5s net/day -41.37 robust_c80=fail fail (pass impossible after 1550 runs), 1550 failures
  copper consistency|T4|p0.4|R1.5: 10.2s net/day -37.11 robust_c80=fail fail (pass impossible after 1550 runs), 1550 failures
  copper standard|T4|p0.4|R1.5: 9.5s net/day -37.11 robust_c80=fail fail (pass impossible after 1550 runs), 1550 failures
  copper consistency|T4|p0.5|R1.0: 10.1s net/day -37.11 robust_c80=fail fail (pass impossible after 1550 runs), 1549 failures
  copper standard|T4|p0.5|R1.0: 10.8s net/day -37.11 robust_c80=fail fail (pass impossible after 1550 runs), 1550 failures
  copper consistency|T2|p0.55|R0.75: 7.3s net/day -31.85 robust_c80=fail fail (pass impossible after 1550 runs), 1549 failures
  copper standard|T2|p0.55|R0.75: 6.2s net/day -31.85 robust_c80=fail fail (pass impossible after 1550 runs), 1549 failures
  copper consistency|T1|p0.45|R1.0: 5.6s net/day -31.59 robust_c80=fail fail (pass impossible after 1550 runs), 1548 failures
  copper standard|T1|p0.45|R1.0: 5.4s net/day -31.59 robust_c80=fail fail (pass impossible after 1550 runs), 1549 failures
  copper consistency|T16|p0.4|R2.0: 33.5s net/day -30.71 robust_c80=fail fail (pass impossible after 1550 runs), 1549 failures
  copper standard|T16|p0.4|R2.0: 38.5s net/day -30.71 robust_c80=fail fail (pass impossible after 1550 runs), 1549 failures
  copper consistency|T16|p0.475|R1.5: 40.8s net/day -21.05 robust_c80=fail fail (pass impossible after 1550 runs), 1545 failures
  copper standard|T16|p0.475|R1.5: 40.3s net/day -21.05 robust_c80=fail fail (pass impossible after 1550 runs), 1547 failures
  copper consistency|T1|p0.55|R0.75: 6.1s net/day -19.10 robust_c80=fail fail (pass impossible after 1550 runs), 1544 failures
  copper standard|T1|p0.55|R0.75: 5.4s net/day -19.10 robust_c80=fail fail (pass impossible after 1550 runs), 1549 failures
  copper consistency|T2|p0.4|R1.5: 5.4s net/day -19.05 robust_c80=fail fail (pass impossible after 1550 runs), 1543 failures
  copper standard|T2|p0.4|R1.5: 4.7s net/day -19.05 robust_c80=fail fail (pass impossible after 1550 runs), 1548 failures
  copper consistency|T2|p0.5|R1.0: 4.5s net/day -19.05 robust_c80=fail fail (pass impossible after 1550 runs), 1545 failures
  copper standard|T2|p0.5|R1.0: 5.1s net/day -19.05 robust_c80=fail fail (pass impossible after 1550 runs), 1549 failures
  copper consistency|T8|p0.55|R1.0: 17.4s net/day -14.53 robust_c80=fail fail (pass impossible after 1550 runs), 1544 failures
  copper standard|T8|p0.55|R1.0: 18.9s net/day -14.53 robust_c80=fail fail (pass impossible after 1550 runs), 1547 failures
  copper consistency|T8|p0.45|R1.5: 18.3s net/day -13.31 robust_c80=fail fail (pass impossible after 1550 runs), 1540 failures
  copper standard|T8|p0.45|R1.5: 17.2s net/day -13.31 robust_c80=fail fail (pass impossible after 1550 runs), 1544 failures
  copper consistency|T4|p0.6|R0.75: 11.7s net/day -13.21 robust_c80=fail fail (pass impossible after 1550 runs), 1540 failures
  copper standard|T4|p0.6|R0.75: 13.0s net/day -13.21 robust_c80=fail fail (pass impossible after 1550 runs), 1546 failures
  copper consistency|T1|p0.4|R1.5: 5.4s net/day -9.55 robust_c80=fail fail (pass impossible after 1550 runs), 1534 failures
  copper standard|T1|p0.4|R1.5: 5.6s net/day -9.55 robust_c80=fail fail (pass impossible after 1550 runs), 1543 failures
  copper consistency|T1|p0.5|R1.0: 5.0s net/day -9.55 robust_c80=fail fail (pass impossible after 1550 runs), 1532 failures
  copper standard|T1|p0.5|R1.0: 4.6s net/day -9.55 robust_c80=fail fail (pass impossible after 1550 runs), 1544 failures
  copper consistency|T2|p0.6|R0.75: 8.0s net/day -1.97 robust_c80=fail fail (pass impossible after 1600 runs), 1571 failures
  copper standard|T2|p0.6|R0.75: 7.8s net/day -1.97 robust_c80=fail fail (pass impossible after 1550 runs), 1538 failures
  copper consistency|T1|p0.6|R0.75: 6.4s net/day 3.18 robust_c80=fail fail (pass impossible after 1600 runs), 1542 failures
  copper standard|T1|p0.6|R0.75: 5.5s net/day 3.18 robust_c80=fail fail (pass impossible after 1600 runs), 1574 failures
  copper consistency|T4|p0.55|R1.0: 13.0s net/day 4.30 robust_c80=fail fail (pass impossible after 1600 runs), 1543 failures
  copper standard|T4|p0.55|R1.0: 10.5s net/day 4.30 robust_c80=fail fail (pass impossible after 1600 runs), 1569 failures
  copper consistency|T4|p0.45|R1.5: 12.0s net/day 5.15 robust_c80=fail fail (pass impossible after 1600 runs), 1551 failures
  copper standard|T4|p0.45|R1.5: 11.2s net/day 5.15 robust_c80=fail fail (pass impossible after 1600 runs), 1575 failures
  copper consistency|T8|p0.4|R2.0: 22.5s net/day 9.98 robust_c80=fail fail (pass impossible after 1650 runs), 1573 failures
  copper standard|T8|p0.4|R2.0: 19.7s net/day 9.98 robust_c80=fail fail (pass impossible after 1600 runs), 1556 failures
  copper consistency|T2|p0.55|R1.0: 8.5s net/day 10.53 robust_c80=fail fail (pass impossible after 1650 runs), 1548 failures
  copper standard|T2|p0.55|R1.0: 7.6s net/day 10.53 robust_c80=fail fail (pass impossible after 1600 runs), 1539 failures
  copper consistency|T2|p0.45|R1.5: 7.0s net/day 11.14 robust_c80=fail fail (pass impossible after 1650 runs), 1552 failures
  copper standard|T2|p0.45|R1.5: 7.6s net/day 11.14 robust_c80=fail fail (pass impossible after 1600 runs), 1546 failures
  copper consistency|T1|p0.55|R1.0: 6.4s net/day 12.49 robust_c80=fail fail (pass impossible after 1700 runs), 1562 failures
  copper standard|T1|p0.55|R1.0: 5.7s net/day 12.49 robust_c80=fail fail (pass impossible after 1600 runs), 1549 failures
  copper consistency|T1|p0.45|R1.5: 6.8s net/day 12.95 robust_c80=fail fail (pass impossible after 1700 runs), 1574 failures
  copper standard|T1|p0.45|R1.5: 5.7s net/day 12.95 robust_c80=fail fail (pass impossible after 1600 runs), 1544 failures
  copper consistency|T16|p0.425|R2.0: 40.6s net/day 13.18 robust_c80=fail fail (pass impossible after 1650 runs), 1540 failures
  copper standard|T16|p0.425|R2.0: 37.7s net/day 13.18 robust_c80=fail fail (pass impossible after 1650 runs), 1573 failures
  copper consistency|T8|p0.575|R1.0: 23.8s net/day 15.06 robust_c80=fail fail (pass impossible after 1700 runs), 1546 failures
  copper standard|T8|p0.575|R1.0: 22.5s net/day 15.06 robust_c80=fail fail (pass impossible after 1650 runs), 1574 failures
  copper consistency|T8|p0.475|R1.5: 20.9s net/day 16.89 robust_c80=fail fail (pass impossible after 1700 runs), 1538 failures
  copper standard|T8|p0.475|R1.5: 20.6s net/day 16.89 robust_c80=fail fail (pass impossible after 1650 runs), 1562 failures
  copper consistency|T16|p0.6|R1.0: 44.5s net/day 17.77 robust_c80=fail fail (pass impossible after 1750 runs), 1545 failures
  copper standard|T16|p0.6|R1.0: 35.0s net/day 17.77 robust_c80=fail fail (pass impossible after 1650 runs), 1550 failures
  copper consistency|T4|p0.4|R2.0: 13.4s net/day 21.45 robust_c80=fail fail (pass impossible after 1750 runs), 1575 failures
  copper standard|T4|p0.4|R2.0: 10.4s net/day 21.45 robust_c80=fail fail (pass impossible after 1650 runs), 1560 failures
  copper consistency|T1|p0.4|R2.0: 7.8s net/day 21.62 robust_c80=fail fail (pass impossible after 1800 runs), 1557 failures
  copper standard|T1|p0.4|R2.0: 6.7s net/day 21.62 robust_c80=fail fail (pass impossible after 1650 runs), 1547 failures
  copper consistency|T2|p0.4|R2.0: 9.1s net/day 22.78 robust_c80=fail fail (pass impossible after 1750 runs), 1545 failures
  copper standard|T2|p0.4|R2.0: 7.0s net/day 22.78 robust_c80=fail fail (pass impossible after 1650 runs), 1558 failures
  copper consistency|T4|p0.58|R1.0: 15.4s net/day 29.14 robust_c80=fail fail (pass impossible after 1950 runs), 1544 failures
  copper standard|T4|p0.58|R1.0: 12.3s net/day 29.14 robust_c80=fail fail (pass impossible after 1750 runs), 1542 failures
  copper consistency|T4|p0.48|R1.5: 14.2s net/day 30.51 robust_c80=fail fail (pass impossible after 1900 runs), 1534 failures
  copper standard|T4|p0.48|R1.5: 13.1s net/day 30.51 robust_c80=fail fail (pass impossible after 1750 runs), 1558 failures
  copper consistency|T1|p0.6|R1.0: 9.0s net/day 34.54 robust_c80=fail fail (pass impossible after 2250 runs), 1560 failures
  copper standard|T1|p0.6|R1.0: 7.5s net/day 34.54 robust_c80=fail fail (pass impossible after 1850 runs), 1564 failures
  copper consistency|T1|p0.5|R1.5: 9.1s net/day 35.45 robust_c80=fail fail (pass impossible after 2200 runs), 1552 failures
  copper standard|T1|p0.5|R1.5: 7.2s net/day 35.45 robust_c80=fail fail (pass impossible after 1850 runs), 1571 failures
  copper consistency|T4|p0.66|R0.75: 19.0s net/day 37.00 robust_c80=fail fail (pass impossible after 2400 runs), 1537 failures
  copper standard|T4|p0.66|R0.75: 16.6s net/day 37.00 robust_c80=fail fail (pass impossible after 1950 runs), 1559 failures
  copper consistency|T4|p0.59|R1.0: 19.5s net/day 37.42 robust_c80=fail fail (pass impossible after 2250 runs), 1544 failures
  copper standard|T4|p0.59|R1.0: 19.7s net/day 37.42 robust_c80=fail fail (pass impossible after 1900 runs), 1537 failures
  copper consistency|T4|p0.49|R1.5: 20.8s net/day 38.96 robust_c80=fail fail (pass impossible after 2250 runs), 1568 failures
  copper standard|T4|p0.49|R1.5: 20.5s net/day 38.96 robust_c80=fail fail (pass impossible after 1900 runs), 1559 failures
  copper consistency|T4|p0.42|R2.0: 23.5s net/day 39.02 robust_c80=fail fail (pass impossible after 2150 runs), 1562 failures
  copper standard|T4|p0.42|R2.0: 18.6s net/day 39.02 robust_c80=fail fail (pass impossible after 1900 runs), 1569 failures
  copper consistency|T2|p0.6|R1.0: 19.6s net/day 40.10 robust_c80=fail fail (pass impossible after 2600 runs), 1553 failures
/home/kiros-li/.local/share/uv/python/cpython-3.12.13-linux-x86_64-gnu/lib/python3.12/multiprocessing/resource_tracker.py:279: UserWarning: resource_tracker: There appear to be 5 leaked semaphore objects to clean up at shutdown
  warnings.warn('resource_tracker: There appear to be %d '
  copper standard|T2|p0.6|R1.0: 5.1s net/day 40.10 robust_c80=fail fail (pass impossible after 2000 runs), 1558 failures
  copper consistency|T2|p0.5|R1.5: 12.2s net/day 41.32 robust_c80=fail fail (pass impossible after 2550 runs), 1547 failures
  copper standard|T2|p0.5|R1.5: 9.4s net/day 41.32 robust_c80=fail fail (pass impossible after 2000 runs), 1544 failures
  copper consistency|T8|p0.425|R2.0: 41.2s net/day 41.37 robust_c80=fail fail (pass impossible after 2300 runs), 1536 failures
  copper standard|T8|p0.425|R2.0: 31.8s net/day 41.37 robust_c80=fail fail (pass impossible after 1950 runs), 1566 failures
  copper consistency|T8|p0.6|R1.0: 52.0s net/day 44.65 robust_c80=fail fail (pass impossible after 2850 runs), 1534 failures
  copper standard|T8|p0.6|R1.0: 36.4s net/day 44.65 robust_c80=fail fail (pass impossible after 2150 runs), 1539 failures
  copper consistency|T1|p0.45|R2.0: 15.0s net/day 45.00 robust_c80=fail fail (pass impossible after 2700 runs), 1549 failures
  copper standard|T1|p0.45|R2.0: 10.2s net/day 45.00 robust_c80=fail fail (pass impossible after 2000 runs), 1537 failures
  copper consistency|T4|p0.6|R1.0: 33.8s net/day 45.70 robust_c80=fail fail (pass impossible after 2900 runs), 1545 failures
  copper standard|T4|p0.6|R1.0: 22.1s net/day 45.70 robust_c80=fail fail (pass impossible after 2200 runs), 1560 failures
  copper consistency|T4|p0.46|R1.75: 26.5s net/day 45.84 robust_c80=fail fail (pass impossible after 2500 runs), 1555 failures
  copper standard|T4|p0.46|R1.75: 19.4s net/day 45.84 robust_c80=fail fail (pass impossible after 2000 runs), 1545 failures
  copper consistency|T8|p0.5|R1.5: 55.8s net/day 47.09 robust_c80=fail fail (pass impossible after 2800 runs), 1556 failures
  copper standard|T8|p0.5|R1.5: 34.8s net/day 47.09 robust_c80=fail fail (pass impossible after 2150 runs), 1538 failures
  copper consistency|T4|p0.5|R1.5: 29.0s net/day 47.41 robust_c80=fail fail (pass impossible after 2750 runs), 1545 failures
  copper standard|T4|p0.5|R1.5: 22.0s net/day 47.41 robust_c80=fail fail (pass impossible after 2150 runs), 1567 failures
  copper consistency|T4|p0.43|R2.0: 28.4s net/day 47.80 robust_c80=fail fail (pass impossible after 2550 runs), 1550 failures
  copper standard|T4|p0.43|R2.0: 18.8s net/day 47.80 robust_c80=fail fail (pass impossible after 2050 runs), 1535 failures
  copper consistency|T2|p0.62|R1.0: 26.7s net/day 51.93 robust_c80=fail fail (pass impossible after 3950 runs), 1534 failures
  copper standard|T2|p0.62|R1.0: 17.5s net/day 51.93 robust_c80=fail fail (pass impossible after 2550 runs), 1551 failures
  copper consistency|T2|p0.52|R1.5: 27.8s net/day 53.39 robust_c80=fail fail (pass impossible after 3750 runs), 1540 failures
  copper standard|T2|p0.52|R1.5: 16.8s net/day 53.39 robust_c80=fail fail (pass impossible after 2500 runs), 1532 failures
  copper consistency|T4|p0.68|R0.75: 46.7s net/day 53.73 robust_c80=fail fail (pass impossible after 4250 runs), 1552 failures
  copper standard|T4|p0.68|R0.75: 27.0s net/day 53.73 robust_c80=fail fail (pass impossible after 2800 runs), 1555 failures
  copper consistency|T2|p0.45|R2.0: 29.1s net/day 54.14 robust_c80=fail fail (pass impossible after 3600 runs), 1537 failures
  copper standard|T2|p0.45|R2.0: 15.8s net/day 54.14 robust_c80=fail fail (pass impossible after 2450 runs), 1547 failures
  copper consistency|T1|p0.47|R2.0: 20.8s net/day 54.36 robust_c80=fail fail (pass impossible after 3700 runs), 1552 failures
  copper standard|T1|p0.47|R2.0: 11.5s net/day 54.36 robust_c80=fail fail (pass impossible after 2350 runs), 1549 failures
  copper consistency|T1|p0.65|R1.0: 22.4s net/day 56.58 robust_c80=fail fail (pass impossible after 4850 runs), 1550 failures
  copper standard|T1|p0.65|R1.0: 14.8s net/day 56.58 robust_c80=fail fail (pass impossible after 2850 runs), 1540 failures
  copper consistency|T4|p0.44|R2.0: 38.9s net/day 56.58 robust_c80=fail fail (pass impossible after 3450 runs), 1549 failures
  copper standard|T4|p0.44|R2.0: 24.2s net/day 56.58 robust_c80=fail fail (pass impossible after 2450 runs), 1564 failures
  copper consistency|T1|p0.55|R1.5: 28.4s net/day 57.94 robust_c80=fail fail (pass impossible after 4700 runs), 1533 failures
  copper standard|T1|p0.55|R1.5: 13.4s net/day 57.94 robust_c80=fail fail (pass impossible after 2800 runs), 1543 failures
  copper consistency|T1|p0.48|R2.0: 27.7s net/day 59.03 robust_c80=fail fail (pass impossible after 4450 runs), 1546 failures
  copper standard|T1|p0.48|R2.0: 11.5s net/day 59.03 robust_c80=fail fail (pass impossible after 2650 runs), 1554 failures
  copper consistency|T2|p0.53|R1.5: 40.3s net/day 59.43 robust_c80=fail fail (pass impossible after 4650 runs), 1535 failures
  copper standard|T2|p0.53|R1.5: 20.6s net/day 59.43 robust_c80=fail fail (pass impossible after 2950 runs), 1554 failures
  copper consistency|T1|p0.52|R1.75: 30.8s net/day 62.10 robust_c80=fail fail (pass impossible after 5450 runs), 1532 failures
  copper standard|T1|p0.52|R1.75: 13.8s net/day 62.10 robust_c80=fail fail (pass impossible after 2950 runs), 1533 failures
  copper consistency|T1|p0.56|R1.5: 37.5s net/day 62.44 robust_c80=fail fail (pass impossible after 5900 runs), 1544 failures
  copper standard|T1|p0.56|R1.5: 16.0s net/day 62.44 robust_c80=fail fail (pass impossible after 3200 runs), 1537 failures
  copper consistency|T4|p0.48|R1.75: 57.6s net/day 63.05 robust_c80=fail fail (pass impossible after 4600 runs), 1533 failures
  copper standard|T4|p0.48|R1.75: 30.3s net/day 63.05 robust_c80=fail fail (pass impossible after 3000 runs), 1546 failures
  copper consistency|T1|p0.49|R2.0: 35.5s net/day 63.71 robust_c80=fail fail (pass impossible after 5550 runs), 1535 failures
  copper standard|T1|p0.49|R2.0: 14.9s net/day 63.71 robust_c80=fail fail (pass impossible after 3000 runs), 1544 failures
  copper consistency|T2|p0.5|R1.75: 47.9s net/day 64.79 robust_c80=fail fail (pass impossible after 5600 runs), 1537 failures
  copper standard|T2|p0.5|R1.75: 23.0s net/day 64.79 robust_c80=fail fail (pass impossible after 3250 runs), 1559 failures
  copper consistency|T4|p0.45|R2.0: 60.2s net/day 65.37 robust_c80=fail fail (pass impossible after 5000 runs), 1543 failures
  copper standard|T4|p0.45|R2.0: 32.4s net/day 65.37 robust_c80=fail fail (pass impossible after 3150 runs), 1554 failures
  copper consistency|T2|p0.54|R1.5: 54.4s net/day 65.47 robust_c80=fail fail (pass impossible after 6450 runs), 1541 failures
  copper standard|T2|p0.54|R1.5: 24.3s net/day 65.47 robust_c80=fail fail (pass impossible after 3550 runs), 1545 failures
  copper consistency|T2|p0.47|R2.0: 52.4s net/day 66.69 robust_c80=fail fail (pass impossible after 5950 runs), 1532 failures
  copper standard|T2|p0.47|R2.0: 24.3s net/day 66.69 robust_c80=fail fail (pass impossible after 3350 runs), 1546 failures
  copper consistency|T1|p0.57|R1.5: 47.4s net/day 66.94 robust_c80=fail fail (pass impossible after 7500 runs), 1541 failures
  copper standard|T1|p0.57|R1.5: 17.6s net/day 66.94 robust_c80=fail fail (pass impossible after 3700 runs), 1536 failures
  copper consistency|T1|p0.5|R2.0: 49.1s net/day 68.38 robust_c80=fail fail (pass impossible after 7100 runs), 1537 failures
  copper standard|T1|p0.5|R2.0: 18.4s net/day 68.38 robust_c80=fail fail (pass impossible after 3550 runs), 1547 failures
  copper consistency|T2|p0.65|R1.0: 65.4s net/day 69.67 robust_c80=pass (0.8438)
  copper standard|T2|p0.65|R1.0: 35.1s net/day 69.67 robust_c80=fail fail (pass impossible after 4750 runs), 1538 failures
