Nasdaq-100 null comparison sample consistency: 20s
  Nasdaq-100 consistency|T4|p0.4|R0.75: 8.6s net/day -242.86 robust_c80=fail fail (pass impossible after 1550 runs), 1550 failures
Nasdaq-100 null comparison sample standard: 19s
  Nasdaq-100 standard|T4|p0.4|R0.75: 8.4s net/day -242.86 robust_c80=fail fail (pass impossible after 1550 runs), 1550 failures
  Nasdaq-100 consistency|T4|p0.45|R0.75: 7.8s net/day -174.44 robust_c80=fail fail (pass impossible after 1550 runs), 1550 failures
  Nasdaq-100 standard|T4|p0.45|R0.75: 8.4s net/day -174.44 robust_c80=fail fail (pass impossible after 1550 runs), 1550 failures
  Nasdaq-100 consistency|T2|p0.4|R0.75: 5.5s net/day -174.03 robust_c80=fail fail (pass impossible after 1550 runs), 1550 failures
  Nasdaq-100 standard|T2|p0.4|R0.75: 5.1s net/day -174.03 robust_c80=fail fail (pass impossible after 1550 runs), 1550 failures
  Nasdaq-100 consistency|T4|p0.4|R1.0: 8.8s net/day -143.72 robust_c80=fail fail (pass impossible after 1550 runs), 1550 failures
  Nasdaq-100 standard|T4|p0.4|R1.0: 8.4s net/day -143.72 robust_c80=fail fail (pass impossible after 1550 runs), 1550 failures
  Nasdaq-100 consistency|T1|p0.4|R0.75: 4.4s net/day -128.06 robust_c80=fail fail (pass impossible after 1550 runs), 1549 failures
  Nasdaq-100 standard|T1|p0.4|R0.75: 5.2s net/day -128.06 robust_c80=fail fail (pass impossible after 1550 runs), 1548 failures
  Nasdaq-100 consistency|T2|p0.45|R0.75: 5.4s net/day -124.49 robust_c80=fail fail (pass impossible after 1550 runs), 1549 failures
  Nasdaq-100 standard|T2|p0.45|R0.75: 5.8s net/day -124.49 robust_c80=fail fail (pass impossible after 1550 runs), 1550 failures
  Nasdaq-100 consistency|T4|p0.5|R0.75: 7.6s net/day -106.03 robust_c80=fail fail (pass impossible after 1550 runs), 1548 failures
  Nasdaq-100 standard|T4|p0.5|R0.75: 8.0s net/day -106.03 robust_c80=fail fail (pass impossible after 1550 runs), 1550 failures
  Nasdaq-100 consistency|T2|p0.4|R1.0: 6.3s net/day -102.25 robust_c80=fail fail (pass impossible after 1550 runs), 1550 failures
  Nasdaq-100 standard|T2|p0.4|R1.0: 7.1s net/day -102.25 robust_c80=fail fail (pass impossible after 1550 runs), 1550 failures
  Nasdaq-100 consistency|T1|p0.45|R0.75: 4.1s net/day -91.33 robust_c80=fail fail (pass impossible after 1550 runs), 1547 failures
  Nasdaq-100 standard|T1|p0.45|R0.75: 4.6s net/day -91.33 robust_c80=fail fail (pass impossible after 1550 runs), 1546 failures
  Nasdaq-100 consistency|T4|p0.45|R1.0: 9.0s net/day -76.00 robust_c80=fail fail (pass impossible after 1550 runs), 1546 failures
  Nasdaq-100 standard|T4|p0.45|R1.0: 9.0s net/day -76.00 robust_c80=fail fail (pass impossible after 1550 runs), 1549 failures
  Nasdaq-100 consistency|T2|p0.5|R0.75: 5.3s net/day -74.96 robust_c80=fail fail (pass impossible after 1550 runs), 1546 failures
  Nasdaq-100 standard|T2|p0.5|R0.75: 6.0s net/day -74.96 robust_c80=fail fail (pass impossible after 1550 runs), 1549 failures
  Nasdaq-100 consistency|T1|p0.4|R1.0: 4.1s net/day -74.84 robust_c80=fail fail (pass impossible after 1550 runs), 1546 failures
  Nasdaq-100 standard|T1|p0.4|R1.0: 4.5s net/day -74.84 robust_c80=fail fail (pass impossible after 1550 runs), 1548 failures
  Nasdaq-100 consistency|T1|p0.5|R0.75: 4.3s net/day -54.61 robust_c80=fail fail (pass impossible after 1550 runs), 1534 failures
  Nasdaq-100 standard|T1|p0.5|R0.75: 4.7s net/day -54.61 robust_c80=fail fail (pass impossible after 1550 runs), 1538 failures
  Nasdaq-100 consistency|T2|p0.45|R1.0: 5.1s net/day -53.22 robust_c80=fail fail (pass impossible after 1550 runs), 1536 failures
  Nasdaq-100 standard|T2|p0.45|R1.0: 7.0s net/day -53.22 robust_c80=fail fail (pass impossible after 1550 runs), 1543 failures
  Nasdaq-100 consistency|T1|p0.45|R1.0: 4.8s net/day -38.50 robust_c80=fail fail (pass impossible after 1600 runs), 1569 failures
  Nasdaq-100 standard|T1|p0.45|R1.0: 5.3s net/day -38.50 robust_c80=fail fail (pass impossible after 1550 runs), 1535 failures
  Nasdaq-100 consistency|T4|p0.55|R0.75: 8.2s net/day -37.61 robust_c80=fail fail (pass impossible after 1600 runs), 1561 failures
  Nasdaq-100 standard|T4|p0.55|R0.75: 9.5s net/day -37.61 robust_c80=fail fail (pass impossible after 1550 runs), 1538 failures
  Nasdaq-100 consistency|T2|p0.55|R0.75: 6.8s net/day -25.42 robust_c80=fail fail (pass impossible after 1600 runs), 1533 failures
  Nasdaq-100 standard|T2|p0.55|R0.75: 6.4s net/day -25.42 robust_c80=fail fail (pass impossible after 1600 runs), 1565 failures
  Nasdaq-100 consistency|T1|p0.55|R0.75: 4.7s net/day -17.89 robust_c80=fail fail (pass impossible after 1650 runs), 1546 failures
  Nasdaq-100 standard|T1|p0.55|R0.75: 4.7s net/day -17.89 robust_c80=fail fail (pass impossible after 1600 runs), 1548 failures
  Nasdaq-100 consistency|T4|p0.4|R1.5: 10.3s net/day -8.29 robust_c80=fail fail (pass impossible after 1650 runs), 1534 failures
  Nasdaq-100 standard|T4|p0.4|R1.5: 10.1s net/day -8.29 robust_c80=fail fail (pass impossible after 1600 runs), 1541 failures
  Nasdaq-100 consistency|T4|p0.5|R1.0: 11.6s net/day -8.29 robust_c80=fail fail (pass impossible after 1700 runs), 1553 failures
  Nasdaq-100 standard|T4|p0.5|R1.0: 9.9s net/day -8.29 robust_c80=fail fail (pass impossible after 1650 runs), 1573 failures
  Nasdaq-100 consistency|T2|p0.4|R1.5: 8.2s net/day -4.19 robust_c80=fail fail (pass impossible after 1700 runs), 1575 failures
  Nasdaq-100 standard|T2|p0.4|R1.5: 7.8s net/day -4.19 robust_c80=fail fail (pass impossible after 1650 runs), 1579 failures
  Nasdaq-100 consistency|T2|p0.5|R1.0: 7.5s net/day -4.19 robust_c80=fail fail (pass impossible after 1700 runs), 1546 failures
  Nasdaq-100 standard|T2|p0.5|R1.0: 6.1s net/day -4.19 robust_c80=fail fail (pass impossible after 1600 runs), 1532 failures
  Nasdaq-100 consistency|T1|p0.4|R1.5: 5.4s net/day -2.15 robust_c80=fail fail (pass impossible after 1650 runs), 1545 failures
  Nasdaq-100 standard|T1|p0.4|R1.5: 5.2s net/day -2.15 robust_c80=fail fail (pass impossible after 1650 runs), 1573 failures
  Nasdaq-100 consistency|T1|p0.5|R1.0: 5.3s net/day -2.15 robust_c80=fail fail (pass impossible after 1700 runs), 1544 failures
  Nasdaq-100 standard|T1|p0.5|R1.0: 6.3s net/day -2.15 robust_c80=fail fail (pass impossible after 1650 runs), 1574 failures
  Nasdaq-100 consistency|T1|p0.6|R0.75: 7.9s net/day 18.83 robust_c80=fail fail (pass impossible after 2050 runs), 1535 failures
  Nasdaq-100 standard|T1|p0.6|R0.75: 5.7s net/day 18.83 robust_c80=fail fail (pass impossible after 1750 runs), 1534 failures
  Nasdaq-100 consistency|T2|p0.6|R0.75: 11.0s net/day 24.12 robust_c80=fail fail (pass impossible after 2150 runs), 1536 failures
  Nasdaq-100 standard|T2|p0.6|R0.75: 9.2s net/day 24.12 robust_c80=fail fail (pass impossible after 1850 runs), 1567 failures
  Nasdaq-100 consistency|T4|p0.6|R0.75: 18.4s net/day 30.80 robust_c80=fail fail (pass impossible after 2450 runs), 1552 failures
  Nasdaq-100 standard|T4|p0.6|R0.75: 13.2s net/day 30.80 robust_c80=fail fail (pass impossible after 1950 runs), 1550 failures
  Nasdaq-100 consistency|T1|p0.55|R1.0: 9.0s net/day 34.20 robust_c80=fail fail (pass impossible after 2350 runs), 1540 failures
  Nasdaq-100 standard|T1|p0.55|R1.0: 7.5s net/day 34.20 robust_c80=fail fail (pass impossible after 1950 runs), 1564 failures
  Nasdaq-100 consistency|T1|p0.45|R1.5: 7.6s net/day 34.95 robust_c80=fail fail (pass impossible after 2150 runs), 1557 failures
  Nasdaq-100 standard|T1|p0.45|R1.5: 6.7s net/day 34.95 robust_c80=fail fail (pass impossible after 1900 runs), 1562 failures
  Nasdaq-100 consistency|T2|p0.55|R1.0: 14.9s net/day 44.84 robust_c80=fail fail (pass impossible after 2750 runs), 1543 failures
  Nasdaq-100 standard|T2|p0.55|R1.0: 9.5s net/day 44.84 robust_c80=fail fail (pass impossible after 2100 runs), 1544 failures
  Nasdaq-100 consistency|T2|p0.45|R1.5: 14.4s net/day 45.85 robust_c80=fail fail (pass impossible after 2600 runs), 1556 failures
  Nasdaq-100 standard|T2|p0.45|R1.5: 9.6s net/day 45.85 robust_c80=fail fail (pass impossible after 2100 runs), 1558 failures
  Nasdaq-100 consistency|T1|p0.4|R2.0: 9.6s net/day 49.25 robust_c80=fail fail (pass impossible after 2400 runs), 1539 failures
  Nasdaq-100 standard|T1|p0.4|R2.0: 7.3s net/day 49.25 robust_c80=fail fail (pass impossible after 2050 runs), 1541 failures
  Nasdaq-100 consistency|T4|p0.55|R1.0: 34.3s net/day 59.42 robust_c80=fail fail (pass impossible after 3850 runs), 1533 failures
  Nasdaq-100 standard|T4|p0.55|R1.0: 19.6s net/day 59.42 robust_c80=fail fail (pass impossible after 2650 runs), 1538 failures
  Nasdaq-100 consistency|T4|p0.45|R1.5: 30.0s net/day 60.82 robust_c80=fail fail (pass impossible after 3700 runs), 1535 failures
  Nasdaq-100 standard|T4|p0.45|R1.5: 18.6s net/day 60.82 robust_c80=fail fail (pass impossible after 2500 runs), 1544 failures
  Nasdaq-100 consistency|T2|p0.4|R2.0: 18.1s net/day 65.15 robust_c80=fail fail (pass impossible after 3350 runs), 1545 failures
  Nasdaq-100 standard|T2|p0.4|R2.0: 13.0s net/day 65.15 robust_c80=fail fail (pass impossible after 2500 runs), 1543 failures
  Nasdaq-100 consistency|T1|p0.6|R1.0: 21.1s net/day 70.54 robust_c80=fail fail (pass impossible after 4950 runs), 1538 failures
  Nasdaq-100 standard|T1|p0.6|R1.0: 10.0s net/day 70.54 robust_c80=fail fail (pass impossible after 3050 runs), 1537 failures
  Nasdaq-100 consistency|T1|p0.5|R1.5: 19.6s net/day 72.04 robust_c80=fail fail (pass impossible after 4300 runs), 1533 failures
  Nasdaq-100 standard|T1|p0.5|R1.5: 11.4s net/day 72.04 robust_c80=fail fail (pass impossible after 2950 runs), 1546 failures
  Nasdaq-100 consistency|T8|p0.55|R1.0: 98.5s net/day 74.43 robust_c80=fail fail (pass impossible after 6100 runs), 1538 failures
  Nasdaq-100 standard|T8|p0.55|R1.0: 46.2s net/day 74.43 robust_c80=fail fail (pass impossible after 3550 runs), 1552 failures
  Nasdaq-100 consistency|T8|p0.45|R1.5: 93.1s net/day 76.30 robust_c80=fail fail (pass impossible after 5900 runs), 1533 failures
  Nasdaq-100 standard|T8|p0.45|R1.5: 46.3s net/day 76.30 robust_c80=fail fail (pass impossible after 3450 runs), 1544 failures
