Dow null comparison sample consistency: 22s
  Dow consistency|T4|p0.4|R0.75: 8.5s net/day -273.62 robust_c80=fail fail (pass impossible after 1550 runs), 1550 failures
Dow null comparison sample standard: 20s
  Dow standard|T4|p0.4|R0.75: 7.7s net/day -273.62 robust_c80=fail fail (pass impossible after 1550 runs), 1550 failures
  Dow consistency|T4|p0.45|R0.75: 9.6s net/day -200.93 robust_c80=fail fail (pass impossible after 1550 runs), 1550 failures
  Dow standard|T4|p0.45|R0.75: 9.9s net/day -200.93 robust_c80=fail fail (pass impossible after 1550 runs), 1550 failures
  Dow consistency|T2|p0.4|R0.75: 6.0s net/day -196.68 robust_c80=fail fail (pass impossible after 1550 runs), 1550 failures
  Dow standard|T2|p0.4|R0.75: 5.9s net/day -196.68 robust_c80=fail fail (pass impossible after 1550 runs), 1550 failures
  Dow consistency|T4|p0.4|R1.0: 9.2s net/day -168.29 robust_c80=fail fail (pass impossible after 1550 runs), 1550 failures
  Dow standard|T4|p0.4|R1.0: 8.3s net/day -168.29 robust_c80=fail fail (pass impossible after 1550 runs), 1550 failures
  Dow consistency|T2|p0.45|R0.75: 8.0s net/day -142.93 robust_c80=fail fail (pass impossible after 1550 runs), 1550 failures
  Dow standard|T2|p0.45|R0.75: 6.2s net/day -142.93 robust_c80=fail fail (pass impossible after 1550 runs), 1550 failures
  Dow consistency|T1|p0.4|R0.75: 4.8s net/day -142.75 robust_c80=fail fail (pass impossible after 1550 runs), 1550 failures
  Dow standard|T1|p0.4|R0.75: 4.4s net/day -142.75 robust_c80=fail fail (pass impossible after 1550 runs), 1549 failures
  Dow consistency|T4|p0.5|R0.75: 10.1s net/day -128.24 robust_c80=fail fail (pass impossible after 1550 runs), 1550 failures
  Dow standard|T4|p0.5|R0.75: 9.5s net/day -128.24 robust_c80=fail fail (pass impossible after 1550 runs), 1550 failures
  Dow consistency|T2|p0.4|R1.0: 6.0s net/day -118.79 robust_c80=fail fail (pass impossible after 1550 runs), 1548 failures
  Dow standard|T2|p0.4|R1.0: 5.9s net/day -118.79 robust_c80=fail fail (pass impossible after 1550 runs), 1550 failures
  Dow consistency|T1|p0.45|R0.75: 4.8s net/day -103.00 robust_c80=fail fail (pass impossible after 1550 runs), 1548 failures
  Dow standard|T1|p0.45|R0.75: 3.0s net/day -103.00 robust_c80=fail fail (pass impossible after 1550 runs), 1547 failures
  Dow consistency|T4|p0.45|R1.0: 5.6s net/day -96.34 robust_c80=fail fail (pass impossible after 1550 runs), 1548 failures
  Dow standard|T4|p0.45|R1.0: 5.6s net/day -96.34 robust_c80=fail fail (pass impossible after 1550 runs), 1548 failures
  Dow consistency|T2|p0.5|R0.75: 3.7s net/day -89.18 robust_c80=fail fail (pass impossible after 1550 runs), 1543 failures
  Dow standard|T2|p0.5|R0.75: 3.8s net/day -89.18 robust_c80=fail fail (pass impossible after 1550 runs), 1547 failures
  Dow consistency|T1|p0.4|R1.0: 2.8s net/day -85.15 robust_c80=fail fail (pass impossible after 1550 runs), 1546 failures
  Dow standard|T1|p0.4|R1.0: 2.8s net/day -85.15 robust_c80=fail fail (pass impossible after 1550 runs), 1547 failures
  Dow consistency|T2|p0.45|R1.0: 3.9s net/day -65.60 robust_c80=fail fail (pass impossible after 1550 runs), 1537 failures
  Dow standard|T2|p0.45|R1.0: 3.8s net/day -65.60 robust_c80=fail fail (pass impossible after 1550 runs), 1542 failures
  Dow consistency|T1|p0.5|R0.75: 2.9s net/day -63.25 robust_c80=fail fail (pass impossible after 1550 runs), 1533 failures
  Dow standard|T1|p0.5|R0.75: 2.8s net/day -63.25 robust_c80=fail fail (pass impossible after 1550 runs), 1544 failures
  Dow consistency|T4|p0.55|R0.75: 6.1s net/day -55.55 robust_c80=fail fail (pass impossible after 1600 runs), 1574 failures
  Dow standard|T4|p0.55|R0.75: 5.9s net/day -55.55 robust_c80=fail fail (pass impossible after 1550 runs), 1543 failures
  Dow consistency|T1|p0.45|R1.0: 3.0s net/day -45.80 robust_c80=fail fail (pass impossible after 1600 runs), 1564 failures
  Dow standard|T1|p0.45|R1.0: 3.0s net/day -45.80 robust_c80=fail fail (pass impossible after 1550 runs), 1538 failures
  Dow consistency|T2|p0.55|R0.75: 4.2s net/day -35.43 robust_c80=fail fail (pass impossible after 1600 runs), 1538 failures
  Dow standard|T2|p0.55|R0.75: 4.1s net/day -35.43 robust_c80=fail fail (pass impossible after 1600 runs), 1566 failures
  Dow consistency|T4|p0.4|R1.5: 6.7s net/day -24.40 robust_c80=fail fail (pass impossible after 1600 runs), 1537 failures
  Dow standard|T4|p0.4|R1.5: 6.2s net/day -24.40 robust_c80=fail fail (pass impossible after 1600 runs), 1568 failures
  Dow consistency|T4|p0.5|R1.0: 6.6s net/day -24.40 robust_c80=fail fail (pass impossible after 1650 runs), 1559 failures
  Dow standard|T4|p0.5|R1.0: 6.2s net/day -24.40 robust_c80=fail fail (pass impossible after 1600 runs), 1561 failures
  Dow consistency|T1|p0.55|R0.75: 3.3s net/day -23.50 robust_c80=fail fail (pass impossible after 1650 runs), 1546 failures
  Dow standard|T1|p0.55|R0.75: 3.1s net/day -23.50 robust_c80=fail fail (pass impossible after 1600 runs), 1551 failures
  Dow consistency|T2|p0.4|R1.5: 4.6s net/day -12.40 robust_c80=fail fail (pass impossible after 1650 runs), 1544 failures
  Dow standard|T2|p0.4|R1.5: 4.3s net/day -12.40 robust_c80=fail fail (pass impossible after 1650 runs), 1579 failures
  Dow consistency|T2|p0.5|R1.0: 4.6s net/day -12.40 robust_c80=fail fail (pass impossible after 1700 runs), 1549 failures
  Dow standard|T2|p0.5|R1.0: 4.3s net/day -12.40 robust_c80=fail fail (pass impossible after 1650 runs), 1575 failures
  Dow consistency|T1|p0.4|R1.5: 3.5s net/day -6.46 robust_c80=fail fail (pass impossible after 1650 runs), 1532 failures
  Dow standard|T1|p0.4|R1.5: 3.2s net/day -6.46 robust_c80=fail fail (pass impossible after 1600 runs), 1533 failures
  Dow consistency|T1|p0.5|R1.0: 3.6s net/day -6.46 robust_c80=fail fail (pass impossible after 1750 runs), 1567 failures
  Dow standard|T1|p0.5|R1.0: 3.3s net/day -6.46 robust_c80=fail fail (pass impossible after 1650 runs), 1569 failures
  Dow standard|T32|p0.45|R1.5: 41.4s net/day 12.80 robust_c80=fail fail (pass impossible after 1750 runs), 1571 failures
  Dow consistency|T1|p0.6|R0.75: 4.2s net/day 16.26 robust_c80=fail fail (pass impossible after 2050 runs), 1561 failures
  Dow standard|T1|p0.6|R0.75: 3.8s net/day 16.26 robust_c80=fail fail (pass impossible after 1800 runs), 1567 failures
  Dow consistency|T4|p0.6|R0.75: 9.5s net/day 17.14 robust_c80=fail fail (pass impossible after 2050 runs), 1544 failures
  Dow standard|T4|p0.6|R0.75: 8.4s net/day 17.14 robust_c80=fail fail (pass impossible after 1800 runs), 1572 failures
  Dow consistency|T2|p0.6|R0.75: 6.9s net/day 18.31 robust_c80=fail fail (pass impossible after 2150 runs), 1568 failures
  Dow standard|T2|p0.6|R0.75: 5.4s net/day 18.31 robust_c80=fail fail (pass impossible after 1800 runs), 1562 failures
  Dow consistency|T1|p0.55|R1.0: 5.2s net/day 32.88 robust_c80=fail fail (pass impossible after 2350 runs), 1538 failures
  Dow standard|T1|p0.55|R1.0: 4.1s net/day 32.88 robust_c80=fail fail (pass impossible after 1900 runs), 1532 failures
  Dow consistency|T1|p0.45|R1.5: 5.2s net/day 33.70 robust_c80=fail fail (pass impossible after 2150 runs), 1549 failures
  Dow standard|T1|p0.45|R1.5: 4.0s net/day 33.70 robust_c80=fail fail (pass impossible after 1850 runs), 1551 failures
  Dow consistency|T2|p0.55|R1.0: 8.7s net/day 40.80 robust_c80=fail fail (pass impossible after 2650 runs), 1537 failures
  Dow standard|T2|p0.55|R1.0: 6.0s net/day 40.80 robust_c80=fail fail (pass impossible after 2050 runs), 1535 failures
  Dow consistency|T2|p0.45|R1.5: 8.3s net/day 41.89 robust_c80=fail fail (pass impossible after 2500 runs), 1532 failures
  Dow standard|T2|p0.45|R1.5: 5.7s net/day 41.89 robust_c80=fail fail (pass impossible after 2050 runs), 1540 failures
  Dow consistency|T16|p0.55|R1.0: 40.5s net/day 44.48 robust_c80=fail fail (pass impossible after 2600 runs), 1550 failures
  Dow standard|T16|p0.55|R1.0: 29.6s net/day 44.48 robust_c80=fail fail (pass impossible after 2100 runs), 1560 failures
  Dow consistency|T16|p0.45|R1.5: 39.4s net/day 47.38 robust_c80=fail fail (pass impossible after 2550 runs), 1540 failures
  Dow standard|T16|p0.45|R1.5: 28.6s net/day 47.38 robust_c80=fail fail (pass impossible after 2050 runs), 1537 failures
  Dow consistency|T4|p0.55|R1.0: 15.6s net/day 47.54 robust_c80=fail fail (pass impossible after 3050 runs), 1547 failures
  Dow standard|T4|p0.55|R1.0: 9.9s net/day 47.54 robust_c80=fail fail (pass impossible after 2250 runs), 1565 failures
  Dow consistency|T4|p0.45|R1.5: 14.6s net/day 49.03 robust_c80=fail fail (pass impossible after 2850 runs), 1551 failures
  Dow standard|T4|p0.45|R1.5: 9.8s net/day 49.03 robust_c80=fail fail (pass impossible after 2200 runs), 1563 failures
  Dow consistency|T1|p0.4|R2.0: 6.2s net/day 49.18 robust_c80=fail fail (pass impossible after 2500 runs), 1552 failures
  Dow standard|T1|p0.4|R2.0: 4.3s net/day 49.18 robust_c80=fail fail (pass impossible after 2000 runs), 1543 failures
  Dow consistency|T8|p0.55|R1.0: 29.2s net/day 51.64 robust_c80=fail fail (pass impossible after 3200 runs), 1552 failures
  Dow standard|T8|p0.55|R1.0: 18.2s net/day 51.64 robust_c80=fail fail (pass impossible after 2300 runs), 1561 failures
  Dow consistency|T8|p0.45|R1.5: 28.0s net/day 53.70 robust_c80=fail fail (pass impossible after 3050 runs), 1539 failures
  Dow standard|T8|p0.45|R1.5: 17.3s net/day 53.70 robust_c80=fail fail (pass impossible after 2250 runs), 1551 failures
  Dow consistency|T2|p0.4|R2.0: 12.2s net/day 62.83 robust_c80=fail fail (pass impossible after 3350 runs), 1540 failures
  Dow standard|T2|p0.4|R2.0: 7.4s net/day 62.83 robust_c80=fail fail (pass impossible after 2450 runs), 1564 failures
  Dow consistency|T1|p0.6|R1.0: 13.1s net/day 72.23 robust_c80=fail fail (pass impossible after 4950 runs), 1538 failures
  Dow standard|T1|p0.6|R1.0: 6.9s net/day 72.23 robust_c80=fail fail (pass impossible after 3150 runs), 1556 failures
  Dow consistency|T1|p0.5|R1.5: 12.1s net/day 73.85 robust_c80=fail fail (pass impossible after 4350 runs), 1542 failures
  Dow standard|T1|p0.5|R1.5: 6.3s net/day 73.85 robust_c80=fail fail (pass impossible after 2850 runs), 1550 failures
  Dow consistency|T4|p0.4|R2.0: 29.3s net/day 77.35 robust_c80=fail fail (pass impossible after 4900 runs), 1532 failures
  Dow standard|T4|p0.4|R2.0: 14.9s net/day 77.35 robust_c80=fail fail (pass impossible after 3100 runs), 1543 failures
