Henry Hub gas null comparison sample consistency: 21s
  Henry Hub gas consistency|T4|p0.4|R0.75: 8.3s net/day -487.02 robust_c80=fail fail (pass impossible after 1550 runs), 1550 failures
Henry Hub gas null comparison sample standard: 19s
  Henry Hub gas standard|T4|p0.4|R0.75: 8.1s net/day -487.02 robust_c80=fail fail (pass impossible after 1550 runs), 1550 failures
  Henry Hub gas consistency|T4|p0.45|R0.75: 8.0s net/day -364.40 robust_c80=fail fail (pass impossible after 1550 runs), 1550 failures
  Henry Hub gas standard|T4|p0.45|R0.75: 8.2s net/day -364.40 robust_c80=fail fail (pass impossible after 1550 runs), 1550 failures
  Henry Hub gas consistency|T2|p0.4|R0.75: 5.8s net/day -335.06 robust_c80=fail fail (pass impossible after 1550 runs), 1550 failures
  Henry Hub gas standard|T2|p0.4|R0.75: 5.0s net/day -335.06 robust_c80=fail fail (pass impossible after 1550 runs), 1550 failures
  Henry Hub gas consistency|T4|p0.4|R1.0: 8.6s net/day -309.34 robust_c80=fail fail (pass impossible after 1550 runs), 1550 failures
  Henry Hub gas standard|T4|p0.4|R1.0: 8.4s net/day -309.34 robust_c80=fail fail (pass impossible after 1550 runs), 1550 failures
  Henry Hub gas consistency|T2|p0.45|R0.75: 6.2s net/day -247.06 robust_c80=fail fail (pass impossible after 1550 runs), 1549 failures
  Henry Hub gas standard|T2|p0.45|R0.75: 7.0s net/day -247.06 robust_c80=fail fail (pass impossible after 1550 runs), 1549 failures
  Henry Hub gas consistency|T4|p0.5|R0.75: 9.0s net/day -241.79 robust_c80=fail fail (pass impossible after 1550 runs), 1550 failures
  Henry Hub gas standard|T4|p0.5|R0.75: 7.3s net/day -241.79 robust_c80=fail fail (pass impossible after 1550 runs), 1550 failures
  Henry Hub gas consistency|T1|p0.4|R0.75: 5.0s net/day -237.98 robust_c80=fail fail (pass impossible after 1550 runs), 1546 failures
  Henry Hub gas standard|T1|p0.4|R0.75: 4.7s net/day -237.98 robust_c80=fail fail (pass impossible after 1550 runs), 1548 failures
  Henry Hub gas consistency|T2|p0.4|R1.0: 6.3s net/day -207.54 robust_c80=fail fail (pass impossible after 1550 runs), 1548 failures
  Henry Hub gas standard|T2|p0.4|R1.0: 5.2s net/day -207.54 robust_c80=fail fail (pass impossible after 1550 runs), 1549 failures
  Henry Hub gas standard|T32|p0.45|R1.5: 48.7s net/day -190.90 robust_c80=fail fail (pass impossible after 1550 runs), 1545 failures
  Henry Hub gas consistency|T4|p0.45|R1.0: 8.6s net/day -187.98 robust_c80=fail fail (pass impossible after 1550 runs), 1547 failures
  Henry Hub gas standard|T4|p0.45|R1.0: 8.9s net/day -187.98 robust_c80=fail fail (pass impossible after 1550 runs), 1550 failures
  Henry Hub gas consistency|T1|p0.45|R0.75: 4.7s net/day -173.39 robust_c80=fail fail (pass impossible after 1550 runs), 1538 failures
  Henry Hub gas standard|T1|p0.45|R0.75: 4.8s net/day -173.39 robust_c80=fail fail (pass impossible after 1550 runs), 1543 failures
  Henry Hub gas consistency|T2|p0.5|R0.75: 7.0s net/day -159.06 robust_c80=fail fail (pass impossible after 1550 runs), 1540 failures
  Henry Hub gas standard|T2|p0.5|R0.75: 6.4s net/day -159.06 robust_c80=fail fail (pass impossible after 1550 runs), 1543 failures
  Henry Hub gas consistency|T1|p0.4|R1.0: 5.4s net/day -144.38 robust_c80=fail fail (pass impossible after 1550 runs), 1540 failures
  Henry Hub gas standard|T1|p0.4|R1.0: 4.6s net/day -144.38 robust_c80=fail fail (pass impossible after 1550 runs), 1541 failures
  Henry Hub gas consistency|T2|p0.45|R1.0: 5.9s net/day -120.44 robust_c80=fail fail (pass impossible after 1600 runs), 1576 failures
  Henry Hub gas standard|T2|p0.45|R1.0: 6.0s net/day -120.44 robust_c80=fail fail (pass impossible after 1550 runs), 1537 failures
  Henry Hub gas consistency|T4|p0.55|R0.75: 9.9s net/day -119.17 robust_c80=fail fail (pass impossible after 1600 runs), 1575 failures
  Henry Hub gas standard|T4|p0.55|R0.75: 8.1s net/day -119.17 robust_c80=fail fail (pass impossible after 1550 runs), 1534 failures
  Henry Hub gas consistency|T1|p0.5|R0.75: 5.0s net/day -108.80 robust_c80=fail fail (pass impossible after 1600 runs), 1544 failures
  Henry Hub gas standard|T1|p0.5|R0.75: 4.7s net/day -108.80 robust_c80=fail fail (pass impossible after 1600 runs), 1567 failures
  Henry Hub gas consistency|T1|p0.45|R1.0: 6.1s net/day -80.45 robust_c80=fail fail (pass impossible after 1650 runs), 1578 failures
  Henry Hub gas standard|T1|p0.45|R1.0: 5.3s net/day -80.45 robust_c80=fail fail (pass impossible after 1600 runs), 1549 failures
  Henry Hub gas consistency|T2|p0.55|R0.75: 6.8s net/day -71.05 robust_c80=fail fail (pass impossible after 1700 runs), 1566 failures
  Henry Hub gas standard|T2|p0.55|R0.75: 7.0s net/day -71.05 robust_c80=fail fail (pass impossible after 1600 runs), 1533 failures
  Henry Hub gas consistency|T4|p0.4|R1.5: 9.8s net/day -66.62 robust_c80=fail fail (pass impossible after 1650 runs), 1576 failures
  Henry Hub gas standard|T4|p0.4|R1.5: 9.1s net/day -66.62 robust_c80=fail fail (pass impossible after 1600 runs), 1550 failures
  Henry Hub gas consistency|T4|p0.5|R1.0: 10.4s net/day -66.62 robust_c80=fail fail (pass impossible after 1650 runs), 1545 failures
  Henry Hub gas standard|T4|p0.5|R1.0: 9.7s net/day -66.62 robust_c80=fail fail (pass impossible after 1600 runs), 1539 failures
  Henry Hub gas standard|T32|p0.4|R2.0: 60.0s net/day -58.14 robust_c80=fail fail (pass impossible after 1700 runs), 1556 failures
  Henry Hub gas consistency|T1|p0.55|R0.75: 5.1s net/day -44.20 robust_c80=fail fail (pass impossible after 1850 runs), 1573 failures
  Henry Hub gas standard|T1|p0.55|R0.75: 4.9s net/day -44.20 robust_c80=fail fail (pass impossible after 1750 runs), 1567 failures
  Henry Hub gas consistency|T2|p0.4|R1.5: 7.8s net/day -33.34 robust_c80=fail fail (pass impossible after 1700 runs), 1571 failures
  Henry Hub gas standard|T2|p0.4|R1.5: 7.5s net/day -33.34 robust_c80=fail fail (pass impossible after 1650 runs), 1547 failures
  Henry Hub gas consistency|T2|p0.5|R1.0: 8.4s net/day -33.34 robust_c80=fail fail (pass impossible after 1750 runs), 1537 failures
  Henry Hub gas standard|T2|p0.5|R1.0: 6.4s net/day -33.34 robust_c80=fail fail (pass impossible after 1700 runs), 1569 failures
  Henry Hub gas consistency|T16|p0.55|R1.0: 34.3s net/day -32.67 robust_c80=fail fail (pass impossible after 1800 runs), 1563 failures
  Henry Hub gas standard|T16|p0.55|R1.0: 33.2s net/day -32.67 robust_c80=fail fail (pass impossible after 1750 runs), 1574 failures
  Henry Hub gas consistency|T16|p0.45|R1.5: 37.1s net/day -27.84 robust_c80=fail fail (pass impossible after 1800 runs), 1554 failures
  Henry Hub gas standard|T16|p0.45|R1.5: 33.8s net/day -27.84 robust_c80=fail fail (pass impossible after 1700 runs), 1532 failures
  Henry Hub gas standard|T32|p0.475|R1.5: 67.4s net/day -18.77 robust_c80=fail fail (pass impossible after 1850 runs), 1546 failures
  Henry Hub gas consistency|T1|p0.4|R1.5: 4.8s net/day -16.52 robust_c80=fail fail (pass impossible after 1750 runs), 1565 failures
  Henry Hub gas standard|T1|p0.4|R1.5: 5.7s net/day -16.52 robust_c80=fail fail (pass impossible after 1700 runs), 1548 failures
  Henry Hub gas consistency|T1|p0.5|R1.0: 6.5s net/day -16.52 robust_c80=fail fail (pass impossible after 1900 runs), 1565 failures
  Henry Hub gas standard|T1|p0.5|R1.0: 6.3s net/day -16.52 robust_c80=fail fail (pass impossible after 1800 runs), 1554 failures
  Henry Hub gas consistency|T4|p0.6|R0.75: 15.7s net/day 3.45 robust_c80=fail fail (pass impossible after 2150 runs), 1532 failures
  Henry Hub gas standard|T4|p0.6|R0.75: 13.8s net/day 3.45 robust_c80=fail fail (pass impossible after 1950 runs), 1553 failures
  Henry Hub gas consistency|T2|p0.6|R0.75: 12.9s net/day 16.95 robust_c80=fail fail (pass impossible after 2450 runs), 1549 failures
  Henry Hub gas standard|T2|p0.6|R0.75: 10.2s net/day 16.95 robust_c80=fail fail (pass impossible after 2150 runs), 1556 failures
  Henry Hub gas consistency|T1|p0.6|R0.75: 8.7s net/day 20.39 robust_c80=fail fail (pass impossible after 2600 runs), 1546 failures
  Henry Hub gas standard|T1|p0.6|R0.75: 8.4s net/day 20.39 robust_c80=fail fail (pass impossible after 2250 runs), 1542 failures
  Henry Hub gas consistency|T8|p0.55|R1.0: 34.6s net/day 32.72 robust_c80=fail fail (pass impossible after 2550 runs), 1562 failures
  Henry Hub gas standard|T8|p0.55|R1.0: 28.0s net/day 32.72 robust_c80=fail fail (pass impossible after 2200 runs), 1538 failures
  Henry Hub gas consistency|T8|p0.45|R1.5: 32.2s net/day 36.14 robust_c80=fail fail (pass impossible after 2400 runs), 1558 failures
  Henry Hub gas standard|T8|p0.45|R1.5: 25.7s net/day 36.14 robust_c80=fail fail (pass impossible after 2150 runs), 1540 failures
  Henry Hub gas consistency|T1|p0.55|R1.0: 10.9s net/day 47.41 robust_c80=fail fail (pass impossible after 2950 runs), 1562 failures
  Henry Hub gas standard|T1|p0.55|R1.0: 9.4s net/day 47.41 robust_c80=fail fail (pass impossible after 2500 runs), 1555 failures
  Henry Hub gas consistency|T1|p0.45|R1.5: 9.2s net/day 48.73 robust_c80=fail fail (pass impossible after 2350 runs), 1545 failures
  Henry Hub gas standard|T1|p0.45|R1.5: 6.4s net/day 48.73 robust_c80=fail fail (pass impossible after 2200 runs), 1547 failures
  Henry Hub gas consistency|T2|p0.55|R1.0: 17.0s net/day 53.76 robust_c80=fail fail (pass impossible after 3050 runs), 1535 failures
  Henry Hub gas standard|T2|p0.55|R1.0: 13.5s net/day 53.76 robust_c80=fail fail (pass impossible after 2600 runs), 1532 failures
  Henry Hub gas consistency|T4|p0.55|R1.0: 24.8s net/day 54.74 robust_c80=fail fail (pass impossible after 3150 runs), 1538 failures
  Henry Hub gas standard|T4|p0.55|R1.0: 17.9s net/day 54.74 robust_c80=fail fail (pass impossible after 2650 runs), 1542 failures
  Henry Hub gas consistency|T2|p0.45|R1.5: 14.6s net/day 55.56 robust_c80=fail fail (pass impossible after 2650 runs), 1535 failures
  Henry Hub gas standard|T2|p0.45|R1.5: 12.3s net/day 55.56 robust_c80=fail fail (pass impossible after 2400 runs), 1534 failures
  Henry Hub gas consistency|T4|p0.45|R1.5: 20.1s net/day 57.24 robust_c80=fail fail (pass impossible after 2800 runs), 1540 failures
  Henry Hub gas standard|T4|p0.45|R1.5: 19.4s net/day 57.24 robust_c80=fail fail (pass impossible after 2500 runs), 1564 failures
  Henry Hub gas consistency|T16|p0.4|R2.0: 75.9s net/day 64.38 robust_c80=fail fail (pass impossible after 3050 runs), 1536 failures
  Henry Hub gas standard|T16|p0.4|R2.0: 56.8s net/day 64.38 robust_c80=fail fail (pass impossible after 2700 runs), 1546 failures
  Henry Hub gas consistency|T1|p0.4|R2.0: 10.2s net/day 73.89 robust_c80=fail fail (pass impossible after 2500 runs), 1542 failures
  Henry Hub gas standard|T1|p0.4|R2.0: 8.1s net/day 73.89 robust_c80=fail fail (pass impossible after 2350 runs), 1532 failures
