Ultra 10-year null comparison sample standard: 19s
  Ultra 10-year standard|T32|p0.45|R1.5: 188.0s net/day -455.88 robust_c80=fail (0.0000)
  Ultra 10-year standard|T32|p0.4|R2.0: 196.1s net/day -405.21 robust_c80=fail (0.0000)
  Ultra 10-year standard|T32|p0.475|R1.5: 200.1s net/day -390.19 robust_c80=fail (0.0000)
  Ultra 10-year standard|T32|p0.425|R2.0: 199.1s net/day -336.95 robust_c80=fail (0.0000)
Ultra 10-year null comparison sample consistency: 18s
  Ultra 10-year consistency|T4|p0.4|R0.75: 33.7s net/day -235.99 robust_c80=fail (0.0000)
  Ultra 10-year standard|T4|p0.4|R0.75: 41.8s net/day -235.99 robust_c80=fail (0.0000)
  Ultra 10-year consistency|T16|p0.55|R1.0: 100.3s net/day -203.29 robust_c80=fail (0.0000)
  Ultra 10-year standard|T16|p0.55|R1.0: 106.2s net/day -203.29 robust_c80=fail (0.0000)
  Ultra 10-year consistency|T16|p0.45|R1.5: 98.2s net/day -201.43 robust_c80=fail (0.0000)
  Ultra 10-year standard|T16|p0.45|R1.5: 108.0s net/day -201.43 robust_c80=fail (0.0000)
  Ultra 10-year consistency|T4|p0.45|R0.75: 39.6s net/day -188.57 robust_c80=fail (0.0000)
  Ultra 10-year standard|T4|p0.45|R0.75: 40.2s net/day -188.57 robust_c80=fail (0.0000)
  Ultra 10-year consistency|T4|p0.4|R1.0: 30.1s net/day -167.27 robust_c80=fail (0.0000)
  Ultra 10-year standard|T4|p0.4|R1.0: 35.2s net/day -167.27 robust_c80=fail (0.0000)
  Ultra 10-year consistency|T16|p0.4|R2.0: 101.3s net/day -165.90 robust_c80=fail (0.0000)
  Ultra 10-year standard|T16|p0.4|R2.0: 110.3s net/day -165.90 robust_c80=fail (0.0000)
  Ultra 10-year consistency|T16|p0.475|R1.5: 109.8s net/day -155.36 robust_c80=fail (0.0000)
  Ultra 10-year standard|T16|p0.475|R1.5: 113.7s net/day -155.36 robust_c80=fail (0.0000)
  Ultra 10-year consistency|T2|p0.4|R0.75: 28.2s net/day -154.50 robust_c80=fail (0.0000)
  Ultra 10-year standard|T2|p0.4|R0.75: 22.6s net/day -154.50 robust_c80=fail (0.0000)
  Ultra 10-year consistency|T4|p0.5|R0.75: 30.4s net/day -141.14 robust_c80=fail (0.0000)
  Ultra 10-year standard|T4|p0.5|R0.75: 29.2s net/day -141.14 robust_c80=fail (0.0000)
  Ultra 10-year consistency|T4|p0.45|R1.0: 43.8s net/day -120.33 robust_c80=fail (0.0000)
  Ultra 10-year standard|T4|p0.45|R1.0: 31.9s net/day -120.33 robust_c80=fail (0.0000)
  Ultra 10-year consistency|T2|p0.45|R0.75: 23.3s net/day -120.14 robust_c80=fail (0.0000)
  Ultra 10-year standard|T2|p0.45|R0.75: 18.2s net/day -120.14 robust_c80=fail (0.0000)
  Ultra 10-year consistency|T16|p0.425|R2.0: 106.1s net/day -118.02 robust_c80=fail (0.0001)
  Ultra 10-year standard|T16|p0.425|R2.0: 108.1s net/day -118.02 robust_c80=fail (0.0001)
  Ultra 10-year consistency|T16|p0.6|R1.0: 104.9s net/day -113.01 robust_c80=fail (0.0003)
  Ultra 10-year standard|T16|p0.6|R1.0: 106.9s net/day -113.01 robust_c80=fail (0.0000)
  Ultra 10-year consistency|T1|p0.4|R0.75: 13.9s net/day -108.40 robust_c80=fail (0.0000)
  Ultra 10-year standard|T1|p0.4|R0.75: 17.5s net/day -108.40 robust_c80=fail (0.0000)
  Ultra 10-year consistency|T2|p0.4|R1.0: 23.1s net/day -104.71 robust_c80=fail (0.0000)
  Ultra 10-year standard|T2|p0.4|R1.0: 21.8s net/day -104.71 robust_c80=fail (0.0000)
  Ultra 10-year consistency|T4|p0.55|R0.75: 33.3s net/day -93.72 robust_c80=fail (0.0000)
  Ultra 10-year standard|T4|p0.55|R0.75: 32.3s net/day -93.72 robust_c80=fail (0.0000)
  Ultra 10-year consistency|T2|p0.5|R0.75: 20.6s net/day -85.78 robust_c80=fail (0.0000)
  Ultra 10-year standard|T2|p0.5|R0.75: 22.8s net/day -85.78 robust_c80=fail (0.0000)
  Ultra 10-year consistency|T1|p0.45|R0.75: 20.5s net/day -82.13 robust_c80=fail (0.0000)
  Ultra 10-year standard|T1|p0.45|R0.75: 13.5s net/day -82.13 robust_c80=fail (0.0000)
  Ultra 10-year consistency|T8|p0.55|R1.0: 61.5s net/day -81.74 robust_c80=fail (0.0003)
  Ultra 10-year standard|T8|p0.55|R1.0: 66.5s net/day -81.74 robust_c80=fail (0.0000)
  Ultra 10-year consistency|T8|p0.45|R1.5: 65.0s net/day -80.40 robust_c80=fail (0.0001)
  Ultra 10-year standard|T8|p0.45|R1.5: 75.0s net/day -80.40 robust_c80=fail (0.0001)
  Ultra 10-year consistency|T4|p0.4|R1.5: 39.1s net/day -73.40 robust_c80=fail (0.0000)
  Ultra 10-year standard|T4|p0.4|R1.5: 42.0s net/day -73.40 robust_c80=fail (0.0000)
  Ultra 10-year consistency|T4|p0.5|R1.0: 37.9s net/day -73.40 robust_c80=fail (0.0000)
  Ultra 10-year standard|T4|p0.5|R1.0: 36.4s net/day -73.40 robust_c80=fail (0.0000)
  Ultra 10-year consistency|T2|p0.45|R1.0: 23.1s net/day -70.70 robust_c80=fail (0.0001)
  Ultra 10-year standard|T2|p0.45|R1.0: 22.9s net/day -70.70 robust_c80=fail (0.0000)
  Ultra 10-year consistency|T1|p0.4|R1.0: 17.8s net/day -70.34 robust_c80=fail (0.0003)
  Ultra 10-year standard|T1|p0.4|R1.0: 19.5s net/day -70.34 robust_c80=fail (0.0000)
  Ultra 10-year consistency|T1|p0.5|R0.75: 20.2s net/day -55.87 robust_c80=fail (0.0008)
Traceback (most recent call last):
  File "<frozen runpy>", line 198, in _run_module_as_main
  File "<frozen runpy>", line 88, in _run_code
  File "/home/kiros-li/Documents/GitHub/PropExperiment/funnel/exposure_gate_run.py", line 591, in <module>
    def main(argv: list[str] | None = None) -> None:
        ^^^^^^
  File "/home/kiros-li/Documents/GitHub/PropExperiment/funnel/exposure_gate_run.py", line 587, in main
    status = json.loads(path.read_text())
        ^^^^^^^^^^^^^^^^^^^^^^^^^^^^^^^^^^
  File "/home/kiros-li/Documents/GitHub/PropExperiment/funnel/exposure_gate_run.py", line 290, in run_one
    raise
^^^^^^^^^
  File "/home/kiros-li/Documents/GitHub/PropExperiment/funnel/exposure_gate.py", line 558, in run_exposure
    groups: dict[float, list[Cell]] = {}
                  ^^^^^^^^^^^^^^^^^^^^^^^
  File "/home/kiros-li/Documents/GitHub/PropExperiment/funnel/exposure_gate.py", line 366, in evaluate_cell
    runs: int = MIN_RUNS_PER_POINT
              ^^^^^^^^^^^^^^^^^^^^
  File "/home/kiros-li/Documents/GitHub/PropExperiment/funnel/exposure_gate.py", line 252, in run_many_with_book
    context = None if start_method is None else multiprocessing.get_context(start_method)
                              ^^^^^^^^^^^^^^^^^^^^^^^^^^^^
  File "/home/kiros-li/.local/share/uv/python/cpython-3.12.13-linux-x86_64-gnu/lib/python3.12/concurrent/futures/process.py", line 636, in _chain_from_iterable_of_lists
    for element in iterable:
                   ^^^^^^^^
  File "/home/kiros-li/.local/share/uv/python/cpython-3.12.13-linux-x86_64-gnu/lib/python3.12/concurrent/futures/_base.py", line 619, in result_iterator
    yield _result_or_cancel(fs.pop())
          ^^^^^^^^^^^^^^^^^^^^^^^^^^^
  File "/home/kiros-li/.local/share/uv/python/cpython-3.12.13-linux-x86_64-gnu/lib/python3.12/concurrent/futures/_base.py", line 317, in _result_or_cancel
    return fut.result(timeout)
           ^^^^^^^^^^^^^^^^^^^
  File "/home/kiros-li/.local/share/uv/python/cpython-3.12.13-linux-x86_64-gnu/lib/python3.12/concurrent/futures/_base.py", line 456, in result
    return self.__get_result()
           ^^^^^^^^^^^^^^^^^^^
  File "/home/kiros-li/.local/share/uv/python/cpython-3.12.13-linux-x86_64-gnu/lib/python3.12/concurrent/futures/_base.py", line 401, in __get_result
    raise self._exception
concurrent.futures.process.BrokenProcessPool: A process in the process pool was terminated abruptly while the future was running or pending.
  Ultra 10-year standard|T1|p0.5|R0.75: 2.9s net/day -55.87 robust_c80=fail fail (pass impossible after 1550 runs), 1550 failures
  Ultra 10-year consistency|T8|p0.4|R2.0: 18.9s net/day -54.79 robust_c80=fail fail (pass impossible after 1550 runs), 1548 failures
  Ultra 10-year standard|T8|p0.4|R2.0: 17.0s net/day -54.79 robust_c80=fail fail (pass impossible after 1550 runs), 1550 failures
  Ultra 10-year consistency|T2|p0.55|R0.75: 6.4s net/day -51.42 robust_c80=fail fail (pass impossible after 1550 runs), 1550 failures
  Ultra 10-year standard|T2|p0.55|R0.75: 5.5s net/day -51.42 robust_c80=fail fail (pass impossible after 1550 runs), 1550 failures
  Ultra 10-year consistency|T8|p0.575|R1.0: 18.3s net/day -49.21 robust_c80=fail fail (pass impossible after 1550 runs), 1546 failures
  Ultra 10-year standard|T8|p0.575|R1.0: 16.3s net/day -49.21 robust_c80=fail fail (pass impossible after 1550 runs), 1548 failures
  Ultra 10-year consistency|T8|p0.475|R1.5: 17.5s net/day -47.19 robust_c80=fail fail (pass impossible after 1550 runs), 1547 failures
  Ultra 10-year standard|T8|p0.475|R1.5: 17.5s net/day -47.19 robust_c80=fail fail (pass impossible after 1550 runs), 1549 failures
  Ultra 10-year consistency|T4|p0.6|R0.75: 10.0s net/day -46.30 robust_c80=fail fail (pass impossible after 1550 runs), 1550 failures
  Ultra 10-year standard|T4|p0.6|R0.75: 9.7s net/day -46.30 robust_c80=fail fail (pass impossible after 1550 runs), 1550 failures
  Ultra 10-year consistency|T1|p0.45|R1.0: 5.7s net/day -44.34 robust_c80=fail fail (pass impossible after 1550 runs), 1549 failures
  Ultra 10-year standard|T1|p0.45|R1.0: 4.3s net/day -44.34 robust_c80=fail fail (pass impossible after 1550 runs), 1549 failures
  Ultra 10-year consistency|T2|p0.4|R1.5: 6.6s net/day -36.69 robust_c80=fail fail (pass impossible after 1550 runs), 1545 failures
  Ultra 10-year standard|T2|p0.4|R1.5: 8.0s net/day -36.69 robust_c80=fail fail (pass impossible after 1550 runs), 1550 failures
  Ultra 10-year consistency|T2|p0.5|R1.0: 5.6s net/day -36.69 robust_c80=fail fail (pass impossible after 1550 runs), 1546 failures
  Ultra 10-year standard|T2|p0.5|R1.0: 7.1s net/day -36.69 robust_c80=fail fail (pass impossible after 1550 runs), 1550 failures
  Ultra 10-year consistency|T1|p0.55|R0.75: 5.4s net/day -29.61 robust_c80=fail fail (pass impossible after 1550 runs), 1540 failures
  Ultra 10-year standard|T1|p0.55|R0.75: 4.6s net/day -29.61 robust_c80=fail fail (pass impossible after 1550 runs), 1548 failures
  Ultra 10-year consistency|T4|p0.55|R1.0: 10.4s net/day -26.46 robust_c80=fail fail (pass impossible after 1550 runs), 1539 failures
  Ultra 10-year standard|T4|p0.55|R1.0: 9.3s net/day -26.46 robust_c80=fail fail (pass impossible after 1550 runs), 1547 failures
  Ultra 10-year consistency|T4|p0.45|R1.5: 9.4s net/day -25.50 robust_c80=fail fail (pass impossible after 1550 runs), 1537 failures
  Ultra 10-year standard|T4|p0.45|R1.5: 10.5s net/day -25.50 robust_c80=fail fail (pass impossible after 1550 runs), 1546 failures
  Ultra 10-year consistency|T8|p0.425|R2.0: 17.2s net/day -20.28 robust_c80=fail fail (pass impossible after 1550 runs), 1533 failures
  Ultra 10-year standard|T8|p0.425|R2.0: 18.5s net/day -20.28 robust_c80=fail fail (pass impossible after 1550 runs), 1544 failures
  Ultra 10-year consistency|T1|p0.4|R1.5: 6.4s net/day -18.35 robust_c80=fail fail (pass impossible after 1600 runs), 1579 failures
  Ultra 10-year standard|T1|p0.4|R1.5: 4.9s net/day -18.35 robust_c80=fail fail (pass impossible after 1550 runs), 1547 failures
  Ultra 10-year consistency|T1|p0.5|R1.0: 5.2s net/day -18.35 robust_c80=fail fail (pass impossible after 1600 runs), 1574 failures
  Ultra 10-year standard|T1|p0.5|R1.0: 5.2s net/day -18.35 robust_c80=fail fail (pass impossible after 1550 runs), 1545 failures
  Ultra 10-year consistency|T2|p0.6|R0.75: 7.6s net/day -17.05 robust_c80=fail fail (pass impossible after 1600 runs), 1581 failures
  Ultra 10-year standard|T2|p0.6|R0.75: 5.6s net/day -17.05 robust_c80=fail fail (pass impossible after 1550 runs), 1547 failures
  Ultra 10-year consistency|T8|p0.6|R1.0: 18.9s net/day -16.67 robust_c80=fail fail (pass impossible after 1600 runs), 1580 failures
  Ultra 10-year standard|T8|p0.6|R1.0: 19.6s net/day -16.67 robust_c80=fail fail (pass impossible after 1550 runs), 1543 failures
  Ultra 10-year consistency|T8|p0.5|R1.5: 21.3s net/day -13.99 robust_c80=fail fail (pass impossible after 1600 runs), 1559 failures
  Ultra 10-year standard|T8|p0.5|R1.5: 20.4s net/day -13.99 robust_c80=fail fail (pass impossible after 1550 runs), 1533 failures
  Ultra 10-year consistency|T4|p0.4|R2.0: 12.8s net/day -7.02 robust_c80=fail fail (pass impossible after 1600 runs), 1548 failures
  Ultra 10-year standard|T4|p0.4|R2.0: 10.7s net/day -7.02 robust_c80=fail fail (pass impossible after 1600 runs), 1580 failures
  Ultra 10-year consistency|T1|p0.6|R0.75: 6.8s net/day -3.34 robust_c80=fail fail (pass impossible after 1650 runs), 1571 failures
  Ultra 10-year standard|T1|p0.6|R0.75: 6.3s net/day -3.34 robust_c80=fail fail (pass impossible after 1600 runs), 1580 failures
  Ultra 10-year consistency|T2|p0.55|R1.0: 8.5s net/day -2.68 robust_c80=fail fail (pass impossible after 1650 runs), 1566 failures
  Ultra 10-year standard|T2|p0.55|R1.0: 7.0s net/day -2.68 robust_c80=fail fail (pass impossible after 1550 runs), 1537 failures
  Ultra 10-year consistency|T2|p0.45|R1.5: 8.7s net/day -1.98 robust_c80=fail fail (pass impossible after 1650 runs), 1568 failures
  Ultra 10-year standard|T2|p0.45|R1.5: 7.3s net/day -1.98 robust_c80=fail fail (pass impossible after 1600 runs), 1579 failures
  Ultra 10-year consistency|T4|p0.58|R1.0: 11.9s net/day 1.70 robust_c80=fail fail (pass impossible after 1650 runs), 1541 failures
  Ultra 10-year standard|T4|p0.58|R1.0: 10.4s net/day 1.70 robust_c80=fail fail (pass impossible after 1600 runs), 1572 failures
  Ultra 10-year consistency|T4|p0.48|R1.5: 14.2s net/day 3.24 robust_c80=fail fail (pass impossible after 1700 runs), 1576 failures
  Ultra 10-year standard|T4|p0.48|R1.5: 11.2s net/day 3.24 robust_c80=fail fail (pass impossible after 1600 runs), 1566 failures
  Ultra 10-year consistency|T1|p0.55|R1.0: 6.5s net/day 7.64 robust_c80=fail fail (pass impossible after 1750 runs), 1574 failures
  Ultra 10-year standard|T1|p0.55|R1.0: 5.8s net/day 7.64 robust_c80=fail fail (pass impossible after 1600 runs), 1558 failures
  Ultra 10-year consistency|T1|p0.45|R1.5: 7.5s net/day 8.18 robust_c80=fail fail (pass impossible after 1700 runs), 1540 failures
  Ultra 10-year standard|T1|p0.45|R1.5: 5.5s net/day 8.18 robust_c80=fail fail (pass impossible after 1600 runs), 1554 failures
  Ultra 10-year consistency|T4|p0.66|R0.75: 13.3s net/day 10.60 robust_c80=fail fail (pass impossible after 1750 runs), 1539 failures
  Ultra 10-year standard|T4|p0.66|R0.75: 12.1s net/day 10.60 robust_c80=fail fail (pass impossible after 1600 runs), 1551 failures
  Ultra 10-year consistency|T4|p0.59|R1.0: 14.4s net/day 11.08 robust_c80=fail fail (pass impossible after 1800 runs), 1571 failures
  Ultra 10-year standard|T4|p0.59|R1.0: 11.5s net/day 11.08 robust_c80=fail fail (pass impossible after 1600 runs), 1543 failures
  Ultra 10-year consistency|T2|p0.4|R2.0: 10.0s net/day 11.41 robust_c80=fail fail (pass impossible after 1750 runs), 1546 failures
  Ultra 10-year standard|T2|p0.4|R2.0: 8.4s net/day 11.41 robust_c80=fail fail (pass impossible after 1600 runs), 1544 failures
  Ultra 10-year consistency|T4|p0.49|R1.5: 14.1s net/day 12.83 robust_c80=fail fail (pass impossible after 1800 runs), 1549 failures
  Ultra 10-year standard|T4|p0.49|R1.5: 11.2s net/day 12.83 robust_c80=fail fail (pass impossible after 1650 runs), 1573 failures
  Ultra 10-year consistency|T4|p0.42|R2.0: 14.8s net/day 12.89 robust_c80=fail fail (pass impossible after 1800 runs), 1556 failures
  Ultra 10-year standard|T4|p0.42|R2.0: 11.2s net/day 12.89 robust_c80=fail fail (pass impossible after 1600 runs), 1534 failures
  Ultra 10-year consistency|T8|p0.45|R2.0: 30.0s net/day 14.23 robust_c80=fail fail (pass impossible after 1850 runs), 1566 failures
  Ultra 10-year standard|T8|p0.45|R2.0: 22.2s net/day 14.23 robust_c80=fail fail (pass impossible after 1650 runs), 1568 failures
  Ultra 10-year consistency|T1|p0.4|R2.0: 7.5s net/day 18.41 robust_c80=fail fail (pass impossible after 1850 runs), 1545 failures
  Ultra 10-year standard|T1|p0.4|R2.0: 6.7s net/day 18.41 robust_c80=fail fail (pass impossible after 1650 runs), 1551 failures
  Ultra 10-year consistency|T4|p0.6|R1.0: 15.8s net/day 20.47 robust_c80=fail fail (pass impossible after 1950 runs), 1553 failures
  Ultra 10-year standard|T4|p0.6|R1.0: 13.7s net/day 20.47 robust_c80=fail fail (pass impossible after 1700 runs), 1570 failures
  Ultra 10-year consistency|T4|p0.46|R1.75: 16.1s net/day 20.62 robust_c80=fail fail (pass impossible after 1950 runs), 1553 failures
  Ultra 10-year standard|T4|p0.46|R1.75: 11.7s net/day 20.62 robust_c80=fail fail (pass impossible after 1700 runs), 1568 failures
  Ultra 10-year consistency|T4|p0.5|R1.5: 17.8s net/day 22.41 robust_c80=fail fail (pass impossible after 2000 runs), 1556 failures
  Ultra 10-year standard|T4|p0.5|R1.5: 13.0s net/day 22.41 robust_c80=fail fail (pass impossible after 1700 runs), 1569 failures
  Ultra 10-year consistency|T4|p0.43|R2.0: 15.7s net/day 22.85 robust_c80=fail fail (pass impossible after 2000 runs), 1564 failures
  Ultra 10-year standard|T4|p0.43|R2.0: 12.0s net/day 22.85 robust_c80=fail fail (pass impossible after 1700 runs), 1559 failures
  Ultra 10-year consistency|T4|p0.68|R0.75: 19.9s net/day 29.57 robust_c80=fail fail (pass impossible after 2300 runs), 1542 failures
  Ultra 10-year standard|T4|p0.68|R0.75: 14.4s net/day 29.57 robust_c80=fail fail (pass impossible after 1800 runs), 1573 failures
  Ultra 10-year consistency|T2|p0.6|R1.0: 14.8s net/day 31.33 robust_c80=fail fail (pass impossible after 2400 runs), 1548 failures
  Ultra 10-year standard|T2|p0.6|R1.0: 10.2s net/day 31.33 robust_c80=fail fail (pass impossible after 1800 runs), 1556 failures
  Ultra 10-year consistency|T2|p0.5|R1.5: 15.7s net/day 32.73 robust_c80=fail fail (pass impossible after 2450 runs), 1545 failures
  Ultra 10-year standard|T2|p0.5|R1.5: 8.5s net/day 32.73 robust_c80=fail fail (pass impossible after 1800 runs), 1559 failures
  Ultra 10-year consistency|T4|p0.44|R2.0: 21.9s net/day 32.80 robust_c80=fail fail (pass impossible after 2350 runs), 1547 failures
  Ultra 10-year standard|T4|p0.44|R2.0: 15.0s net/day 32.80 robust_c80=fail fail (pass impossible after 1850 runs), 1566 failures
  Ultra 10-year consistency|T1|p0.6|R1.0: 13.1s net/day 33.64 robust_c80=fail fail (pass impossible after 2600 runs), 1543 failures
  Ultra 10-year standard|T1|p0.6|R1.0: 17.2s net/day 33.64 robust_c80=fail fail (pass impossible after 1850 runs), 1549 failures
  Ultra 10-year consistency|T1|p0.5|R1.5: 26.1s net/day 34.71 robust_c80=fail fail (pass impossible after 2500 runs), 1537 failures
  Ultra 10-year standard|T1|p0.5|R1.5: 16.4s net/day 34.71 robust_c80=fail fail (pass impossible after 1850 runs), 1567 failures
  Ultra 10-year consistency|T4|p0.48|R1.75: 66.9s net/day 40.13 robust_c80=fail fail (pass impossible after 2850 runs), 1549 failures
  Ultra 10-year standard|T4|p0.48|R1.75: 34.4s net/day 40.13 robust_c80=fail fail (pass impossible after 1950 runs), 1543 failures
  Ultra 10-year consistency|T4|p0.45|R2.0: 30.8s net/day 42.76 robust_c80=fail fail (pass impossible after 3000 runs), 1541 failures
  Ultra 10-year standard|T4|p0.45|R2.0: 16.5s net/day 42.76 robust_c80=fail fail (pass impossible after 2000 runs), 1537 failures
  Ultra 10-year consistency|T2|p0.62|R1.0: 21.8s net/day 44.93 robust_c80=fail fail (pass impossible after 3650 runs), 1534 failures
  Ultra 10-year standard|T2|p0.62|R1.0: 12.1s net/day 44.93 robust_c80=fail fail (pass impossible after 2100 runs), 1544 failures
  Ultra 10-year consistency|T1|p0.45|R2.0: 17.3s net/day 45.98 robust_c80=fail fail (pass impossible after 3300 runs), 1548 failures
  Ultra 10-year standard|T1|p0.45|R2.0: 8.8s net/day 45.98 robust_c80=fail fail (pass impossible after 2100 runs), 1543 failures
  Ultra 10-year consistency|T2|p0.52|R1.5: 23.1s net/day 46.61 robust_c80=fail fail (pass impossible after 3700 runs), 1541 failures
  Ultra 10-year standard|T2|p0.52|R1.5: 12.4s net/day 46.61 robust_c80=fail fail (pass impossible after 2200 runs), 1553 failures
  Ultra 10-year consistency|T2|p0.45|R2.0: 23.5s net/day 47.48 robust_c80=fail fail (pass impossible after 3700 runs), 1533 failures
  Ultra 10-year standard|T2|p0.45|R2.0: 11.7s net/day 47.48 robust_c80=fail fail (pass impossible after 2200 runs), 1539 failures
  Ultra 10-year consistency|T2|p0.53|R1.5: 34.5s net/day 53.56 robust_c80=fail fail (pass impossible after 4750 runs), 1545 failures
  Ultra 10-year standard|T2|p0.53|R1.5: 14.7s net/day 53.56 robust_c80=fail fail (pass impossible after 2450 runs), 1537 failures
  Ultra 10-year consistency|T1|p0.47|R2.0: 28.5s net/day 57.01 robust_c80=fail fail (pass impossible after 5050 runs), 1537 failures
  Ultra 10-year standard|T1|p0.47|R2.0: 10.4s net/day 57.01 robust_c80=fail fail (pass impossible after 2550 runs), 1534 failures
  Ultra 10-year consistency|T1|p0.65|R1.0: 33.5s net/day 59.63 robust_c80=fail fail (pass impossible after 6650 runs), 1536 failures
  Ultra 10-year standard|T1|p0.65|R1.0: 13.1s net/day 59.63 robust_c80=fail fail (pass impossible after 3050 runs), 1552 failures
  Ultra 10-year consistency|T2|p0.5|R1.75: 43.0s net/day 59.72 robust_c80=fail fail (pass impossible after 6100 runs), 1539 failures
  Ultra 10-year standard|T2|p0.5|R1.75: 15.4s net/day 59.72 robust_c80=fail fail (pass impossible after 2850 runs), 1543 failures
  Ultra 10-year consistency|T2|p0.54|R1.5: 46.8s net/day 60.50 robust_c80=fail fail (pass impossible after 6700 runs), 1540 failures
  Ultra 10-year standard|T2|p0.54|R1.5: 16.4s net/day 60.50 robust_c80=fail fail (pass impossible after 2900 runs), 1532 failures
  Ultra 10-year consistency|T1|p0.55|R1.5: 34.5s net/day 61.24 robust_c80=fail fail (pass impossible after 6700 runs), 1532 failures
  Ultra 10-year standard|T1|p0.55|R1.5: 11.1s net/day 61.24 robust_c80=fail fail (pass impossible after 3000 runs), 1553 failures
  Ultra 10-year consistency|T2|p0.47|R2.0: 46.4s net/day 61.91 robust_c80=fail fail (pass impossible after 6550 runs), 1532 failures
  Ultra 10-year standard|T2|p0.47|R2.0: 16.6s net/day 61.91 robust_c80=fail fail (pass impossible after 3050 runs), 1542 failures
  Ultra 10-year consistency|T1|p0.48|R2.0: 32.6s net/day 62.53 robust_c80=fail fail (pass impossible after 6550 runs), 1538 failures
  Ultra 10-year standard|T1|p0.48|R2.0: 11.7s net/day 62.53 robust_c80=fail fail (pass impossible after 2900 runs), 1534 failures
  Ultra 10-year consistency|T2|p0.65|R1.0: 51.6s net/day 65.34 robust_c80=pass (0.8360)
  Ultra 10-year standard|T2|p0.65|R1.0: 19.4s net/day 65.34 robust_c80=fail fail (pass impossible after 3500 runs), 1532 failures
