Ultra bond null comparison sample standard: 17s
  Ultra bond standard|T32|p0.45|R1.5: 44.4s net/day -835.75 robust_c80=fail fail (pass impossible after 1550 runs), 1550 failures
  Ultra bond standard|T32|p0.4|R2.0: 39.2s net/day -734.38 robust_c80=fail fail (pass impossible after 1550 runs), 1550 failures
  Ultra bond standard|T32|p0.475|R1.5: 44.0s net/day -704.32 robust_c80=fail fail (pass impossible after 1550 runs), 1550 failures
  Ultra bond standard|T32|p0.425|R2.0: 44.1s net/day -597.79 robust_c80=fail fail (pass impossible after 1550 runs), 1550 failures
Ultra bond null comparison sample consistency: 21s
  Ultra bond consistency|T4|p0.4|R0.75: 6.6s net/day -461.09 robust_c80=fail fail (pass impossible after 1550 runs), 1550 failures
  Ultra bond standard|T4|p0.4|R0.75: 8.3s net/day -461.09 robust_c80=fail fail (pass impossible after 1550 runs), 1550 failures
  Ultra bond consistency|T4|p0.45|R0.75: 9.4s net/day -366.68 robust_c80=fail fail (pass impossible after 1550 runs), 1550 failures
  Ultra bond standard|T4|p0.45|R0.75: 7.6s net/day -366.68 robust_c80=fail fail (pass impossible after 1550 runs), 1550 failures
  Ultra bond consistency|T16|p0.55|R1.0: 25.2s net/day -365.93 robust_c80=fail fail (pass impossible after 1550 runs), 1550 failures
  Ultra bond standard|T16|p0.55|R1.0: 25.2s net/day -365.93 robust_c80=fail fail (pass impossible after 1550 runs), 1550 failures
  Ultra bond consistency|T16|p0.45|R1.5: 26.8s net/day -362.15 robust_c80=fail fail (pass impossible after 1550 runs), 1550 failures
  Ultra bond standard|T16|p0.45|R1.5: 25.8s net/day -362.15 robust_c80=fail fail (pass impossible after 1550 runs), 1550 failures
  Ultra bond consistency|T4|p0.4|R1.0: 8.4s net/day -324.28 robust_c80=fail fail (pass impossible after 1550 runs), 1550 failures
  Ultra bond standard|T4|p0.4|R1.0: 7.6s net/day -324.28 robust_c80=fail fail (pass impossible after 1550 runs), 1550 failures
  Ultra bond consistency|T2|p0.4|R0.75: 6.7s net/day -301.62 robust_c80=fail fail (pass impossible after 1550 runs), 1550 failures
  Ultra bond standard|T2|p0.4|R0.75: 5.9s net/day -301.62 robust_c80=fail fail (pass impossible after 1550 runs), 1550 failures
  Ultra bond consistency|T16|p0.4|R2.0: 24.8s net/day -290.03 robust_c80=fail fail (pass impossible after 1550 runs), 1550 failures
  Ultra bond standard|T16|p0.4|R2.0: 24.8s net/day -290.03 robust_c80=fail fail (pass impossible after 1550 runs), 1550 failures
  Ultra bond consistency|T4|p0.5|R0.75: 8.3s net/day -272.27 robust_c80=fail fail (pass impossible after 1550 runs), 1550 failures
  Ultra bond standard|T4|p0.5|R0.75: 8.9s net/day -272.27 robust_c80=fail fail (pass impossible after 1550 runs), 1550 failures
  Ultra bond consistency|T16|p0.475|R1.5: 26.0s net/day -268.65 robust_c80=fail fail (pass impossible after 1550 runs), 1549 failures
  Ultra bond standard|T16|p0.475|R1.5: 26.1s net/day -268.65 robust_c80=fail fail (pass impossible after 1550 runs), 1550 failures
  Ultra bond consistency|T2|p0.45|R0.75: 5.9s net/day -233.70 robust_c80=fail fail (pass impossible after 1550 runs), 1550 failures
  Ultra bond standard|T2|p0.45|R0.75: 5.9s net/day -233.70 robust_c80=fail fail (pass impossible after 1550 runs), 1550 failures
  Ultra bond consistency|T4|p0.45|R1.0: 8.4s net/day -230.84 robust_c80=fail fail (pass impossible after 1550 runs), 1550 failures
  Ultra bond standard|T4|p0.45|R1.0: 8.8s net/day -230.84 robust_c80=fail fail (pass impossible after 1550 runs), 1550 failures
  Ultra bond consistency|T1|p0.4|R0.75: 3.9s net/day -208.03 robust_c80=fail fail (pass impossible after 1550 runs), 1549 failures
  Ultra bond standard|T1|p0.4|R0.75: 4.0s net/day -208.03 robust_c80=fail fail (pass impossible after 1550 runs), 1550 failures
  Ultra bond consistency|T2|p0.4|R1.0: 6.5s net/day -203.19 robust_c80=fail fail (pass impossible after 1550 runs), 1549 failures
  Ultra bond standard|T2|p0.4|R1.0: 5.9s net/day -203.19 robust_c80=fail fail (pass impossible after 1550 runs), 1550 failures
  Ultra bond consistency|T16|p0.425|R2.0: 26.2s net/day -192.86 robust_c80=fail fail (pass impossible after 1550 runs), 1548 failures
  Ultra bond standard|T16|p0.425|R2.0: 26.2s net/day -192.86 robust_c80=fail fail (pass impossible after 1550 runs), 1545 failures
  Ultra bond consistency|T16|p0.6|R1.0: 26.8s net/day -182.70 robust_c80=fail fail (pass impossible after 1550 runs), 1544 failures
  Ultra bond standard|T16|p0.6|R1.0: 26.7s net/day -182.70 robust_c80=fail fail (pass impossible after 1550 runs), 1549 failures
  Ultra bond consistency|T4|p0.55|R0.75: 7.9s net/day -177.86 robust_c80=fail fail (pass impossible after 1550 runs), 1547 failures
  Ultra bond standard|T4|p0.55|R0.75: 8.3s net/day -177.86 robust_c80=fail fail (pass impossible after 1550 runs), 1550 failures
  Ultra bond consistency|T2|p0.5|R0.75: 5.9s net/day -165.77 robust_c80=fail fail (pass impossible after 1550 runs), 1549 failures
  Ultra bond standard|T2|p0.5|R0.75: 5.9s net/day -165.77 robust_c80=fail fail (pass impossible after 1550 runs), 1550 failures
  Ultra bond consistency|T1|p0.45|R0.75: 4.8s net/day -157.37 robust_c80=fail fail (pass impossible after 1550 runs), 1547 failures
  Ultra bond standard|T1|p0.45|R0.75: 4.6s net/day -157.37 robust_c80=fail fail (pass impossible after 1550 runs), 1549 failures
  Ultra bond consistency|T8|p0.55|R1.0: 14.9s net/day -144.47 robust_c80=fail fail (pass impossible after 1550 runs), 1545 failures
  Ultra bond standard|T8|p0.55|R1.0: 14.8s net/day -144.47 robust_c80=fail fail (pass impossible after 1550 runs), 1549 failures
  Ultra bond consistency|T8|p0.45|R1.5: 15.5s net/day -141.78 robust_c80=fail fail (pass impossible after 1550 runs), 1544 failures
  Ultra bond standard|T8|p0.45|R1.5: 15.4s net/day -141.78 robust_c80=fail fail (pass impossible after 1550 runs), 1546 failures
  Ultra bond consistency|T4|p0.4|R1.5: 10.3s net/day -137.39 robust_c80=fail fail (pass impossible after 1550 runs), 1546 failures
  Ultra bond standard|T4|p0.4|R1.5: 7.8s net/day -137.39 robust_c80=fail fail (pass impossible after 1550 runs), 1543 failures
  Ultra bond consistency|T4|p0.5|R1.0: 8.4s net/day -137.39 robust_c80=fail fail (pass impossible after 1550 runs), 1547 failures
  Ultra bond standard|T4|p0.5|R1.0: 10.2s net/day -137.39 robust_c80=fail fail (pass impossible after 1550 runs), 1547 failures
  Ultra bond consistency|T2|p0.45|R1.0: 6.4s net/day -135.96 robust_c80=fail fail (pass impossible after 1550 runs), 1546 failures
  Ultra bond standard|T2|p0.45|R1.0: 5.9s net/day -135.96 robust_c80=fail fail (pass impossible after 1550 runs), 1550 failures
  Ultra bond consistency|T1|p0.4|R1.0: 5.0s net/day -134.61 robust_c80=fail fail (pass impossible after 1550 runs), 1547 failures
  Ultra bond standard|T1|p0.4|R1.0: 4.9s net/day -134.61 robust_c80=fail fail (pass impossible after 1550 runs), 1548 failures
  Ultra bond consistency|T1|p0.5|R0.75: 5.2s net/day -106.70 robust_c80=fail fail (pass impossible after 1600 runs), 1580 failures
  Ultra bond standard|T1|p0.5|R0.75: 4.6s net/day -106.70 robust_c80=fail fail (pass impossible after 1550 runs), 1544 failures
  Ultra bond consistency|T2|p0.55|R0.75: 6.2s net/day -97.84 robust_c80=fail fail (pass impossible after 1600 runs), 1570 failures
  Ultra bond standard|T2|p0.55|R0.75: 6.7s net/day -97.84 robust_c80=fail fail (pass impossible after 1550 runs), 1538 failures
  Ultra bond consistency|T8|p0.4|R2.0: 17.5s net/day -90.54 robust_c80=fail fail (pass impossible after 1600 runs), 1579 failures
  Ultra bond standard|T8|p0.4|R2.0: 14.2s net/day -90.54 robust_c80=fail fail (pass impossible after 1550 runs), 1536 failures
  Ultra bond consistency|T1|p0.45|R1.0: 4.2s net/day -84.47 robust_c80=fail fail (pass impossible after 1550 runs), 1533 failures
  Ultra bond standard|T1|p0.45|R1.0: 4.3s net/day -84.47 robust_c80=fail fail (pass impossible after 1550 runs), 1537 failures
  Ultra bond consistency|T4|p0.6|R0.75: 10.1s net/day -83.44 robust_c80=fail fail (pass impossible after 1600 runs), 1568 failures
  Ultra bond standard|T4|p0.6|R0.75: 8.8s net/day -83.44 robust_c80=fail fail (pass impossible after 1550 runs), 1537 failures
  Ultra bond consistency|T8|p0.575|R1.0: 17.0s net/day -79.37 robust_c80=fail fail (pass impossible after 1600 runs), 1557 failures
  Ultra bond standard|T8|p0.575|R1.0: 18.0s net/day -79.37 robust_c80=fail fail (pass impossible after 1600 runs), 1581 failures
  Ultra bond consistency|T8|p0.475|R1.5: 16.1s net/day -75.34 robust_c80=fail fail (pass impossible after 1600 runs), 1568 failures
  Ultra bond standard|T8|p0.475|R1.5: 18.1s net/day -75.34 robust_c80=fail fail (pass impossible after 1600 runs), 1575 failures
  Ultra bond consistency|T2|p0.4|R1.5: 6.5s net/day -68.73 robust_c80=fail fail (pass impossible after 1600 runs), 1565 failures
  Ultra bond standard|T2|p0.4|R1.5: 6.6s net/day -68.73 robust_c80=fail fail (pass impossible after 1550 runs), 1532 failures
  Ultra bond consistency|T2|p0.5|R1.0: 6.7s net/day -68.73 robust_c80=fail fail (pass impossible after 1600 runs), 1548 failures
  Ultra bond standard|T2|p0.5|R1.0: 6.7s net/day -68.73 robust_c80=fail fail (pass impossible after 1600 runs), 1572 failures
  Ultra bond consistency|T1|p0.55|R0.75: 5.5s net/day -56.04 robust_c80=fail fail (pass impossible after 1650 runs), 1551 failures
  Ultra bond standard|T1|p0.55|R0.75: 5.7s net/day -56.04 robust_c80=fail fail (pass impossible after 1600 runs), 1554 failures
  Ultra bond consistency|T4|p0.55|R1.0: 10.0s net/day -43.95 robust_c80=fail fail (pass impossible after 1650 runs), 1549 failures
  Ultra bond standard|T4|p0.55|R1.0: 9.9s net/day -43.95 robust_c80=fail fail (pass impossible after 1600 runs), 1543 failures
  Ultra bond consistency|T4|p0.45|R1.5: 10.2s net/day -42.02 robust_c80=fail fail (pass impossible after 1650 runs), 1567 failures
  Ultra bond standard|T4|p0.45|R1.5: 10.6s net/day -42.02 robust_c80=fail fail (pass impossible after 1600 runs), 1547 failures
  Ultra bond consistency|T1|p0.4|R1.5: 5.7s net/day -34.33 robust_c80=fail fail (pass impossible after 1650 runs), 1561 failures
  Ultra bond standard|T1|p0.4|R1.5: 4.6s net/day -34.33 robust_c80=fail fail (pass impossible after 1600 runs), 1542 failures
  Ultra bond consistency|T1|p0.5|R1.0: 5.2s net/day -34.33 robust_c80=fail fail (pass impossible after 1700 runs), 1545 failures
  Ultra bond standard|T1|p0.5|R1.0: 5.3s net/day -34.33 robust_c80=fail fail (pass impossible after 1650 runs), 1579 failures
  Ultra bond consistency|T2|p0.6|R0.75: 8.1s net/day -29.91 robust_c80=fail fail (pass impossible after 1750 runs), 1534 failures
  Ultra bond standard|T2|p0.6|R0.75: 6.2s net/day -29.91 robust_c80=fail fail (pass impossible after 1650 runs), 1550 failures
  Ultra bond consistency|T8|p0.425|R2.0: 21.9s net/day -21.50 robust_c80=fail fail (pass impossible after 1700 runs), 1549 failures
  Ultra bond standard|T8|p0.425|R2.0: 17.7s net/day -21.50 robust_c80=fail fail (pass impossible after 1650 runs), 1537 failures
  Ultra bond consistency|T8|p0.6|R1.0: 22.9s net/day -14.28 robust_c80=fail fail (pass impossible after 1800 runs), 1551 failures
  Ultra bond standard|T8|p0.6|R1.0: 21.0s net/day -14.28 robust_c80=fail fail (pass impossible after 1700 runs), 1539 failures
  Ultra bond consistency|T8|p0.5|R1.5: 22.6s net/day -8.91 robust_c80=fail fail (pass impossible after 1800 runs), 1550 failures
  Ultra bond standard|T8|p0.5|R1.5: 20.5s net/day -8.91 robust_c80=fail fail (pass impossible after 1700 runs), 1538 failures
  Ultra bond consistency|T1|p0.6|R0.75: 6.2s net/day -5.38 robust_c80=fail fail (pass impossible after 2000 runs), 1551 failures
  Ultra bond standard|T1|p0.6|R0.75: 6.8s net/day -5.38 robust_c80=fail fail (pass impossible after 1800 runs), 1575 failures
  Ultra bond consistency|T4|p0.4|R2.0: 12.9s net/day -5.24 robust_c80=fail fail (pass impossible after 1750 runs), 1534 failures
  Ultra bond standard|T4|p0.4|R2.0: 11.6s net/day -5.24 robust_c80=fail fail (pass impossible after 1700 runs), 1559 failures
  Ultra bond consistency|T2|p0.55|R1.0: 9.0s net/day -1.50 robust_c80=fail fail (pass impossible after 2000 runs), 1553 failures
  Ultra bond standard|T2|p0.55|R1.0: 7.1s net/day -1.50 robust_c80=fail fail (pass impossible after 1750 runs), 1544 failures
  Ultra bond consistency|T2|p0.45|R1.5: 9.5s net/day -0.11 robust_c80=fail fail (pass impossible after 1850 runs), 1540 failures
  Ultra bond standard|T2|p0.45|R1.5: 7.7s net/day -0.11 robust_c80=fail fail (pass impossible after 1750 runs), 1559 failures
  Ultra bond consistency|T4|p0.58|R1.0: 16.2s net/day 12.12 robust_c80=fail fail (pass impossible after 2100 runs), 1563 failures
  Ultra bond standard|T4|p0.58|R1.0: 12.8s net/day 12.12 robust_c80=fail fail (pass impossible after 1850 runs), 1548 failures
  Ultra bond consistency|T4|p0.48|R1.5: 13.6s net/day 15.20 robust_c80=fail fail (pass impossible after 2000 runs), 1542 failures
  Ultra bond standard|T4|p0.48|R1.5: 13.3s net/day 15.20 robust_c80=fail fail (pass impossible after 1850 runs), 1547 failures
  Ultra bond consistency|T1|p0.55|R1.0: 8.0s net/day 15.81 robust_c80=fail fail (pass impossible after 2250 runs), 1561 failures
  Ultra bond standard|T1|p0.55|R1.0: 6.8s net/day 15.81 robust_c80=fail fail (pass impossible after 1900 runs), 1547 failures
  Ultra bond consistency|T1|p0.45|R1.5: 7.3s net/day 16.85 robust_c80=fail fail (pass impossible after 2000 runs), 1543 failures
  Ultra bond standard|T1|p0.45|R1.5: 6.9s net/day 16.85 robust_c80=fail fail (pass impossible after 1850 runs), 1564 failures
  Ultra bond consistency|T2|p0.4|R2.0: 10.7s net/day 26.35 robust_c80=fail fail (pass impossible after 2100 runs), 1550 failures
  Ultra bond standard|T2|p0.4|R2.0: 8.8s net/day 26.35 robust_c80=fail fail (pass impossible after 1900 runs), 1554 failures
  Ultra bond consistency|T4|p0.66|R0.75: 19.0s net/day 29.85 robust_c80=fail fail (pass impossible after 2500 runs), 1560 failures
  Ultra bond standard|T4|p0.66|R0.75: 14.8s net/day 29.85 robust_c80=fail fail (pass impossible after 2050 runs), 1539 failures
  Ultra bond consistency|T4|p0.59|R1.0: 17.8s net/day 30.81 robust_c80=fail fail (pass impossible after 2450 runs), 1545 failures
  Ultra bond standard|T4|p0.59|R1.0: 14.6s net/day 30.81 robust_c80=fail fail (pass impossible after 2050 runs), 1541 failures
  Ultra bond consistency|T4|p0.49|R1.5: 18.6s net/day 34.27 robust_c80=fail fail (pass impossible after 2300 runs), 1537 failures
  Ultra bond standard|T4|p0.49|R1.5: 15.4s net/day 34.27 robust_c80=fail fail (pass impossible after 2050 runs), 1534 failures
  Ultra bond consistency|T4|p0.42|R2.0: 16.6s net/day 34.40 robust_c80=fail fail (pass impossible after 2200 runs), 1542 failures
  Ultra bond standard|T4|p0.42|R2.0: 12.8s net/day 34.40 robust_c80=fail fail (pass impossible after 2000 runs), 1544 failures
  Ultra bond consistency|T1|p0.4|R2.0: 8.9s net/day 36.58 robust_c80=fail fail (pass impossible after 2150 runs), 1557 failures
  Ultra bond standard|T1|p0.4|R2.0: 7.5s net/day 36.58 robust_c80=fail fail (pass impossible after 1950 runs), 1560 failures
  Ultra bond consistency|T8|p0.45|R2.0: 37.3s net/day 47.55 robust_c80=fail fail (pass impossible after 2600 runs), 1550 failures
  Ultra bond standard|T8|p0.45|R2.0: 28.7s net/day 47.55 robust_c80=fail fail (pass impossible after 2300 runs), 1552 failures
  Ultra bond consistency|T4|p0.6|R1.0: 23.4s net/day 49.50 robust_c80=fail fail (pass impossible after 3050 runs), 1541 failures
  Ultra bond standard|T4|p0.6|R1.0: 15.8s net/day 49.50 robust_c80=fail fail (pass impossible after 2350 runs), 1534 failures
  Ultra bond consistency|T4|p0.46|R1.75: 21.1s net/day 49.80 robust_c80=fail fail (pass impossible after 2650 runs), 1554 failures
  Ultra bond standard|T4|p0.46|R1.75: 16.0s net/day 49.80 robust_c80=fail fail (pass impossible after 2250 runs), 1544 failures
  Ultra bond consistency|T4|p0.5|R1.5: 23.5s net/day 53.35 robust_c80=fail fail (pass impossible after 2850 runs), 1541 failures
  Ultra bond standard|T4|p0.5|R1.5: 14.8s net/day 53.35 robust_c80=fail fail (pass impossible after 2350 runs), 1556 failures
  Ultra bond consistency|T4|p0.43|R2.0: 14.1s net/day 54.22 robust_c80=fail fail (pass impossible after 2700 runs), 1554 failures
  Ultra bond standard|T4|p0.43|R2.0: 12.0s net/day 54.22 robust_c80=fail fail (pass impossible after 2300 runs), 1541 failures
