Bond null comparison sample standard: 20s
  Bond standard|T32|p0.45|R1.5: 35.8s net/day -880.23 robust_c80=fail fail (pass impossible after 1550 runs), 1550 failures
  Bond standard|T32|p0.4|R2.0: 43.9s net/day -799.49 robust_c80=fail fail (pass impossible after 1550 runs), 1550 failures
  Bond standard|T32|p0.475|R1.5: 29.9s net/day -775.55 robust_c80=fail fail (pass impossible after 1550 runs), 1550 failures
  Bond standard|T32|p0.425|R2.0: 45.5s net/day -690.71 robust_c80=fail fail (pass impossible after 1550 runs), 1550 failures
Bond null comparison sample consistency: 17s
  Bond consistency|T16|p0.55|R1.0: 31.0s net/day -400.92 robust_c80=fail fail (pass impossible after 1550 runs), 1550 failures
  Bond standard|T16|p0.55|R1.0: 24.1s net/day -400.92 robust_c80=fail fail (pass impossible after 1550 runs), 1550 failures
  Bond consistency|T16|p0.45|R1.5: 26.1s net/day -397.95 robust_c80=fail fail (pass impossible after 1550 runs), 1550 failures
  Bond standard|T16|p0.45|R1.5: 26.4s net/day -397.95 robust_c80=fail fail (pass impossible after 1550 runs), 1550 failures
  Bond consistency|T4|p0.4|R0.75: 8.5s net/day -393.66 robust_c80=fail fail (pass impossible after 1550 runs), 1550 failures
  Bond standard|T4|p0.4|R0.75: 7.8s net/day -393.66 robust_c80=fail fail (pass impossible after 1550 runs), 1550 failures
  Bond consistency|T16|p0.4|R2.0: 27.0s net/day -341.30 robust_c80=fail fail (pass impossible after 1550 runs), 1550 failures
  Bond standard|T16|p0.4|R2.0: 23.0s net/day -341.30 robust_c80=fail fail (pass impossible after 1550 runs), 1550 failures
  Bond consistency|T16|p0.475|R1.5: 26.2s net/day -324.50 robust_c80=fail fail (pass impossible after 1550 runs), 1550 failures
  Bond standard|T16|p0.475|R1.5: 24.6s net/day -324.50 robust_c80=fail fail (pass impossible after 1550 runs), 1550 failures
  Bond consistency|T4|p0.45|R0.75: 8.0s net/day -318.59 robust_c80=fail fail (pass impossible after 1550 runs), 1550 failures
  Bond standard|T4|p0.45|R0.75: 10.0s net/day -318.59 robust_c80=fail fail (pass impossible after 1550 runs), 1550 failures
  Bond consistency|T4|p0.4|R1.0: 9.5s net/day -284.87 robust_c80=fail fail (pass impossible after 1550 runs), 1550 failures
  Bond standard|T4|p0.4|R1.0: 7.3s net/day -284.87 robust_c80=fail fail (pass impossible after 1550 runs), 1550 failures
  Bond consistency|T16|p0.425|R2.0: 26.4s net/day -264.96 robust_c80=fail fail (pass impossible after 1550 runs), 1549 failures
  Bond standard|T16|p0.425|R2.0: 26.0s net/day -264.96 robust_c80=fail fail (pass impossible after 1550 runs), 1550 failures
  Bond consistency|T16|p0.6|R1.0: 25.4s net/day -256.98 robust_c80=fail fail (pass impossible after 1550 runs), 1549 failures
  Bond standard|T16|p0.6|R1.0: 27.9s net/day -256.98 robust_c80=fail fail (pass impossible after 1550 runs), 1550 failures
  Bond consistency|T2|p0.4|R0.75: 5.7s net/day -253.31 robust_c80=fail fail (pass impossible after 1550 runs), 1550 failures
  Bond standard|T2|p0.4|R0.75: 5.5s net/day -253.31 robust_c80=fail fail (pass impossible after 1550 runs), 1550 failures
  Bond consistency|T4|p0.5|R0.75: 8.5s net/day -243.52 robust_c80=fail fail (pass impossible after 1550 runs), 1550 failures
  Bond standard|T4|p0.5|R0.75: 9.7s net/day -243.52 robust_c80=fail fail (pass impossible after 1550 runs), 1550 failures
  Bond consistency|T4|p0.45|R1.0: 7.3s net/day -210.57 robust_c80=fail fail (pass impossible after 1550 runs), 1550 failures
  Bond standard|T4|p0.45|R1.0: 8.4s net/day -210.57 robust_c80=fail fail (pass impossible after 1550 runs), 1550 failures
  Bond consistency|T2|p0.45|R0.75: 6.3s net/day -199.30 robust_c80=fail fail (pass impossible after 1550 runs), 1550 failures
  Bond standard|T2|p0.45|R0.75: 6.1s net/day -199.30 robust_c80=fail fail (pass impossible after 1550 runs), 1550 failures
  Bond consistency|T2|p0.4|R1.0: 5.5s net/day -175.05 robust_c80=fail fail (pass impossible after 1550 runs), 1550 failures
  Bond standard|T2|p0.4|R1.0: 5.8s net/day -175.05 robust_c80=fail fail (pass impossible after 1550 runs), 1550 failures
  Bond consistency|T1|p0.4|R0.75: 4.5s net/day -173.37 robust_c80=fail fail (pass impossible after 1550 runs), 1550 failures
  Bond standard|T1|p0.4|R0.75: 4.3s net/day -173.37 robust_c80=fail fail (pass impossible after 1550 runs), 1550 failures
  Bond consistency|T8|p0.55|R1.0: 16.3s net/day -170.46 robust_c80=fail fail (pass impossible after 1550 runs), 1549 failures
  Bond standard|T8|p0.55|R1.0: 15.7s net/day -170.46 robust_c80=fail fail (pass impossible after 1550 runs), 1550 failures
  Bond consistency|T4|p0.55|R0.75: 8.4s net/day -168.45 robust_c80=fail fail (pass impossible after 1550 runs), 1550 failures
  Bond standard|T4|p0.55|R0.75: 8.6s net/day -168.45 robust_c80=fail fail (pass impossible after 1550 runs), 1550 failures
  Bond consistency|T8|p0.45|R1.5: 15.2s net/day -168.36 robust_c80=fail fail (pass impossible after 1550 runs), 1550 failures
  Bond standard|T8|p0.45|R1.5: 17.6s net/day -168.36 robust_c80=fail fail (pass impossible after 1550 runs), 1550 failures
  Bond consistency|T2|p0.5|R0.75: 5.5s net/day -145.29 robust_c80=fail fail (pass impossible after 1550 runs), 1550 failures
  Bond standard|T2|p0.5|R0.75: 6.2s net/day -145.29 robust_c80=fail fail (pass impossible after 1550 runs), 1550 failures
  Bond consistency|T4|p0.4|R1.5: 9.0s net/day -136.27 robust_c80=fail fail (pass impossible after 1550 runs), 1549 failures
  Bond standard|T4|p0.4|R1.5: 9.2s net/day -136.27 robust_c80=fail fail (pass impossible after 1550 runs), 1550 failures
  Bond consistency|T4|p0.5|R1.0: 8.2s net/day -136.27 robust_c80=fail fail (pass impossible after 1550 runs), 1547 failures
  Bond standard|T4|p0.5|R1.0: 9.1s net/day -136.27 robust_c80=fail fail (pass impossible after 1550 runs), 1549 failures
  Bond consistency|T1|p0.45|R0.75: 5.1s net/day -132.74 robust_c80=fail fail (pass impossible after 1550 runs), 1549 failures
  Bond standard|T1|p0.45|R0.75: 5.0s net/day -132.74 robust_c80=fail fail (pass impossible after 1550 runs), 1549 failures
  Bond consistency|T8|p0.4|R2.0: 15.5s net/day -128.23 robust_c80=fail fail (pass impossible after 1550 runs), 1548 failures
  Bond standard|T8|p0.4|R2.0: 16.3s net/day -128.23 robust_c80=fail fail (pass impossible after 1550 runs), 1550 failures
  Bond consistency|T2|p0.45|R1.0: 6.1s net/day -121.59 robust_c80=fail fail (pass impossible after 1550 runs), 1550 failures
  Bond standard|T2|p0.45|R1.0: 5.2s net/day -121.59 robust_c80=fail fail (pass impossible after 1550 runs), 1550 failures
  Bond consistency|T8|p0.575|R1.0: 17.2s net/day -119.48 robust_c80=fail fail (pass impossible after 1550 runs), 1548 failures
  Bond standard|T8|p0.575|R1.0: 15.8s net/day -119.48 robust_c80=fail fail (pass impossible after 1550 runs), 1546 failures
  Bond consistency|T8|p0.475|R1.5: 17.0s net/day -116.33 robust_c80=fail fail (pass impossible after 1550 runs), 1544 failures
  Bond standard|T8|p0.475|R1.5: 16.8s net/day -116.33 robust_c80=fail fail (pass impossible after 1550 runs), 1545 failures
  Bond consistency|T1|p0.4|R1.0: 5.5s net/day -114.50 robust_c80=fail fail (pass impossible after 1550 runs), 1547 failures
  Bond standard|T1|p0.4|R1.0: 4.6s net/day -114.50 robust_c80=fail fail (pass impossible after 1550 runs), 1549 failures
  Bond consistency|T4|p0.6|R0.75: 8.8s net/day -93.38 robust_c80=fail fail (pass impossible after 1550 runs), 1546 failures
  Bond standard|T4|p0.6|R0.75: 8.5s net/day -93.38 robust_c80=fail fail (pass impossible after 1550 runs), 1548 failures
  Bond consistency|T1|p0.5|R0.75: 4.6s net/day -92.12 robust_c80=fail fail (pass impossible after 1550 runs), 1543 failures
  Bond standard|T1|p0.5|R0.75: 4.7s net/day -92.12 robust_c80=fail fail (pass impossible after 1550 runs), 1549 failures
  Bond consistency|T2|p0.55|R0.75: 5.6s net/day -91.29 robust_c80=fail fail (pass impossible after 1550 runs), 1548 failures
  Bond standard|T2|p0.55|R0.75: 6.1s net/day -91.29 robust_c80=fail fail (pass impossible after 1550 runs), 1550 failures
  Bond consistency|T1|p0.45|R1.0: 4.7s net/day -74.29 robust_c80=fail fail (pass impossible after 1550 runs), 1542 failures
  Bond standard|T1|p0.45|R1.0: 4.7s net/day -74.29 robust_c80=fail fail (pass impossible after 1550 runs), 1549 failures
  Bond consistency|T8|p0.425|R2.0: 16.4s net/day -74.16 robust_c80=fail fail (pass impossible after 1600 runs), 1579 failures
  Bond standard|T8|p0.425|R2.0: 16.2s net/day -74.16 robust_c80=fail fail (pass impossible after 1550 runs), 1539 failures
  Bond consistency|T8|p0.6|R1.0: 17.7s net/day -68.50 robust_c80=fail fail (pass impossible after 1550 runs), 1532 failures
  Bond standard|T8|p0.6|R1.0: 16.2s net/day -68.50 robust_c80=fail fail (pass impossible after 1550 runs), 1539 failures
  Bond consistency|T2|p0.4|R1.5: 6.0s net/day -68.14 robust_c80=fail fail (pass impossible after 1550 runs), 1538 failures
  Bond standard|T2|p0.4|R1.5: 5.9s net/day -68.14 robust_c80=fail fail (pass impossible after 1550 runs), 1544 failures
  Bond consistency|T2|p0.5|R1.0: 7.3s net/day -68.14 robust_c80=fail fail (pass impossible after 1550 runs), 1535 failures
  Bond standard|T2|p0.5|R1.0: 5.5s net/day -68.14 robust_c80=fail fail (pass impossible after 1550 runs), 1547 failures
  Bond consistency|T8|p0.5|R1.5: 17.1s net/day -64.30 robust_c80=fail fail (pass impossible after 1600 runs), 1568 failures
  Bond standard|T8|p0.5|R1.5: 16.8s net/day -64.30 robust_c80=fail fail (pass impossible after 1550 runs), 1534 failures
  Bond consistency|T4|p0.55|R1.0: 9.1s net/day -61.97 robust_c80=fail fail (pass impossible after 1550 runs), 1535 failures
  Bond standard|T4|p0.55|R1.0: 8.9s net/day -61.97 robust_c80=fail fail (pass impossible after 1550 runs), 1540 failures
  Bond consistency|T4|p0.45|R1.5: 10.0s net/day -60.44 robust_c80=fail fail (pass impossible after 1550 runs), 1534 failures
  Bond standard|T4|p0.45|R1.5: 9.7s net/day -60.44 robust_c80=fail fail (pass impossible after 1550 runs), 1540 failures
  Bond consistency|T1|p0.55|R0.75: 4.8s net/day -51.49 robust_c80=fail fail (pass impossible after 1600 runs), 1562 failures
  Bond standard|T1|p0.55|R0.75: 4.8s net/day -51.49 robust_c80=fail fail (pass impossible after 1550 runs), 1538 failures
  Bond consistency|T2|p0.6|R0.75: 6.6s net/day -37.28 robust_c80=fail fail (pass impossible after 1600 runs), 1537 failures
  Bond standard|T2|p0.6|R0.75: 7.2s net/day -37.28 robust_c80=fail fail (pass impossible after 1550 runs), 1536 failures
  Bond consistency|T1|p0.4|R1.5: 5.1s net/day -34.08 robust_c80=fail fail (pass impossible after 1600 runs), 1549 failures
  Bond standard|T1|p0.4|R1.5: 5.7s net/day -34.08 robust_c80=fail fail (pass impossible after 1600 runs), 1576 failures
  Bond consistency|T1|p0.5|R1.0: 5.3s net/day -34.08 robust_c80=fail fail (pass impossible after 1600 runs), 1536 failures
  Bond standard|T1|p0.5|R1.0: 5.5s net/day -34.08 robust_c80=fail fail (pass impossible after 1600 runs), 1578 failures
  Bond consistency|T4|p0.4|R2.0: 10.3s net/day -31.20 robust_c80=fail fail (pass impossible after 1600 runs), 1537 failures
  Bond standard|T4|p0.4|R2.0: 9.9s net/day -31.20 robust_c80=fail fail (pass impossible after 1600 runs), 1565 failures
  Bond consistency|T8|p0.45|R2.0: 19.9s net/day -20.09 robust_c80=fail fail (pass impossible after 1650 runs), 1538 failures
  Bond standard|T8|p0.45|R2.0: 17.1s net/day -20.09 robust_c80=fail fail (pass impossible after 1650 runs), 1571 failures
  Bond consistency|T4|p0.58|R1.0: 11.8s net/day -17.39 robust_c80=fail fail (pass impossible after 1700 runs), 1563 failures
  Bond standard|T4|p0.58|R1.0: 10.9s net/day -17.39 robust_c80=fail fail (pass impossible after 1600 runs), 1551 failures
  Bond consistency|T4|p0.48|R1.5: 10.7s net/day -14.94 robust_c80=fail fail (pass impossible after 1700 runs), 1573 failures
  Bond standard|T4|p0.48|R1.5: 10.4s net/day -14.94 robust_c80=fail fail (pass impossible after 1600 runs), 1543 failures
  Bond consistency|T2|p0.55|R1.0: 7.2s net/day -14.69 robust_c80=fail fail (pass impossible after 1750 runs), 1562 failures
  Bond standard|T2|p0.55|R1.0: 6.0s net/day -14.69 robust_c80=fail fail (pass impossible after 1600 runs), 1536 failures
  Bond consistency|T2|p0.45|R1.5: 8.5s net/day -13.58 robust_c80=fail fail (pass impossible after 1700 runs), 1560 failures
  Bond standard|T2|p0.45|R1.5: 6.5s net/day -13.58 robust_c80=fail fail (pass impossible after 1600 runs), 1540 failures
  Bond consistency|T1|p0.6|R0.75: 5.6s net/day -10.86 robust_c80=fail fail (pass impossible after 1750 runs), 1536 failures
  Bond standard|T1|p0.6|R0.75: 5.4s net/day -10.86 robust_c80=fail fail (pass impossible after 1650 runs), 1563 failures
  Bond consistency|T4|p0.66|R0.75: 12.8s net/day -3.29 robust_c80=fail fail (pass impossible after 1850 runs), 1565 failures
  Bond standard|T4|p0.66|R0.75: 11.1s net/day -3.29 robust_c80=fail fail (pass impossible after 1650 runs), 1544 failures
  Bond consistency|T4|p0.59|R1.0: 12.2s net/day -2.53 robust_c80=fail fail (pass impossible after 1800 runs), 1552 failures
  Bond standard|T4|p0.59|R1.0: 10.9s net/day -2.53 robust_c80=fail fail (pass impossible after 1700 runs), 1570 failures
  Bond consistency|T4|p0.49|R1.5: 13.3s net/day 0.23 robust_c80=fail fail (pass impossible after 1800 runs), 1558 failures
  Bond standard|T4|p0.49|R1.5: 10.9s net/day 0.23 robust_c80=fail fail (pass impossible after 1650 runs), 1540 failures
  Bond consistency|T4|p0.42|R2.0: 13.3s net/day 0.33 robust_c80=fail fail (pass impossible after 1800 runs), 1560 failures
  Bond standard|T4|p0.42|R2.0: 11.1s net/day 0.33 robust_c80=fail fail (pass impossible after 1650 runs), 1536 failures
  Bond consistency|T1|p0.55|R1.0: 6.4s net/day 6.13 robust_c80=fail fail (pass impossible after 1900 runs), 1535 failures
  Bond standard|T1|p0.55|R1.0: 5.4s net/day 6.13 robust_c80=fail fail (pass impossible after 1700 runs), 1551 failures
  Bond consistency|T1|p0.45|R1.5: 6.7s net/day 6.96 robust_c80=fail fail (pass impossible after 1850 runs), 1555 failures
  Bond standard|T1|p0.45|R1.5: 5.6s net/day 6.96 robust_c80=fail fail (pass impossible after 1700 runs), 1560 failures
  Bond consistency|T2|p0.4|R2.0: 9.1s net/day 7.45 robust_c80=fail fail (pass impossible after 1850 runs), 1568 failures
  Bond standard|T2|p0.4|R2.0: 7.0s net/day 7.45 robust_c80=fail fail (pass impossible after 1700 runs), 1568 failures
  Bond consistency|T4|p0.6|R1.0: 15.3s net/day 12.33 robust_c80=fail fail (pass impossible after 2000 runs), 1565 failures
  Bond standard|T4|p0.6|R1.0: 11.6s net/day 12.33 robust_c80=fail fail (pass impossible after 1750 runs), 1555 failures
  Bond consistency|T4|p0.46|R1.75: 14.7s net/day 12.57 robust_c80=fail fail (pass impossible after 1950 runs), 1552 failures
  Bond standard|T4|p0.46|R1.75: 11.2s net/day 12.57 robust_c80=fail fail (pass impossible after 1750 runs), 1549 failures
  Bond consistency|T4|p0.5|R1.5: 15.2s net/day 15.39 robust_c80=fail fail (pass impossible after 2000 runs), 1562 failures
  Bond standard|T4|p0.5|R1.5: 12.7s net/day 15.39 robust_c80=fail fail (pass impossible after 1800 runs), 1573 failures
  Bond consistency|T4|p0.43|R2.0: 15.4s net/day 16.09 robust_c80=fail fail (pass impossible after 1950 runs), 1536 failures
  Bond standard|T4|p0.43|R2.0: 11.3s net/day 16.09 robust_c80=fail fail (pass impossible after 1750 runs), 1532 failures
  Bond consistency|T1|p0.4|R2.0: 8.1s net/day 22.79 robust_c80=fail fail (pass impossible after 2000 runs), 1569 failures
  Bond standard|T1|p0.4|R2.0: 6.5s net/day 22.79 robust_c80=fail fail (pass impossible after 1800 runs), 1551 failures
  Bond consistency|T4|p0.68|R0.75: 18.3s net/day 26.74 robust_c80=fail fail (pass impossible after 2350 runs), 1536 failures
  Bond standard|T4|p0.68|R0.75: 14.7s net/day 26.74 robust_c80=fail fail (pass impossible after 1900 runs), 1543 failures
  Bond consistency|T4|p0.44|R2.0: 16.5s net/day 31.85 robust_c80=fail fail (pass impossible after 2300 runs), 1558 failures
  Bond standard|T4|p0.44|R2.0: 13.7s net/day 31.85 robust_c80=fail fail (pass impossible after 1950 runs), 1551 failures
  Bond consistency|T2|p0.6|R1.0: 15.8s net/day 38.77 robust_c80=fail fail (pass impossible after 2800 runs), 1555 failures
  Bond standard|T2|p0.6|R1.0: 9.4s net/day 38.77 robust_c80=fail fail (pass impossible after 2100 runs), 1554 failures
  Bond consistency|T2|p0.5|R1.5: 12.5s net/day 40.97 robust_c80=fail fail (pass impossible after 2700 runs), 1551 failures
  Bond standard|T2|p0.5|R1.5: 10.3s net/day 40.97 robust_c80=fail fail (pass impossible after 2100 runs), 1542 failures
  Bond consistency|T4|p0.48|R1.75: 23.2s net/day 43.46 robust_c80=fail fail (pass impossible after 2650 runs), 1537 failures
  Bond standard|T4|p0.48|R1.75: 14.9s net/day 43.46 robust_c80=fail fail (pass impossible after 2150 runs), 1547 failures
  Bond consistency|T1|p0.6|R1.0: 13.1s net/day 46.34 robust_c80=fail fail (pass impossible after 3200 runs), 1532 failures
  Bond standard|T1|p0.6|R1.0: 7.7s net/day 46.34 robust_c80=fail fail (pass impossible after 2250 runs), 1551 failures
  Bond consistency|T4|p0.45|R2.0: 24.3s net/day 47.61 robust_c80=fail fail (pass impossible after 2750 runs), 1552 failures
  Bond standard|T4|p0.45|R2.0: 15.7s net/day 47.61 robust_c80=fail fail (pass impossible after 2200 runs), 1539 failures
  Bond consistency|T1|p0.5|R1.5: 13.0s net/day 48.00 robust_c80=fail fail (pass impossible after 2900 runs), 1536 failures
  Bond standard|T1|p0.5|R1.5: 8.4s net/day 48.00 robust_c80=fail fail (pass impossible after 2250 runs), 1561 failures
  Bond consistency|T2|p0.62|R1.0: 27.6s net/day 60.15 robust_c80=fail fail (pass impossible after 4600 runs), 1543 failures
  Bond standard|T2|p0.62|R1.0: 14.4s net/day 60.15 robust_c80=fail fail (pass impossible after 2700 runs), 1550 failures
