corn null comparison sample standard: 21s
  corn standard|T32|p0.45|R1.5: 57.5s net/day -487.74 robust_c80=fail fail (pass impossible after 1550 runs), 1550 failures
  corn standard|T32|p0.4|R2.0: 55.5s net/day -455.89 robust_c80=fail fail (pass impossible after 1550 runs), 1550 failures
  corn standard|T32|p0.475|R1.5: 56.7s net/day -446.44 robust_c80=fail fail (pass impossible after 1550 runs), 1550 failures
  corn standard|T32|p0.425|R2.0: 51.7s net/day -412.96 robust_c80=fail fail (pass impossible after 1550 runs), 1550 failures
corn null comparison sample consistency: 19s
  corn consistency|T16|p0.55|R1.0: 35.8s net/day -227.59 robust_c80=fail fail (pass impossible after 1550 runs), 1550 failures
  corn standard|T16|p0.55|R1.0: 36.0s net/day -227.59 robust_c80=fail fail (pass impossible after 1550 runs), 1550 failures
  corn consistency|T16|p0.45|R1.5: 38.5s net/day -226.40 robust_c80=fail fail (pass impossible after 1550 runs), 1550 failures
  corn standard|T16|p0.45|R1.5: 33.0s net/day -226.40 robust_c80=fail fail (pass impossible after 1550 runs), 1550 failures
  corn consistency|T16|p0.4|R2.0: 33.1s net/day -203.74 robust_c80=fail fail (pass impossible after 1550 runs), 1550 failures
  corn standard|T16|p0.4|R2.0: 29.8s net/day -203.74 robust_c80=fail fail (pass impossible after 1550 runs), 1550 failures
  corn consistency|T16|p0.475|R1.5: 30.5s net/day -197.02 robust_c80=fail fail (pass impossible after 1550 runs), 1550 failures
  corn standard|T16|p0.475|R1.5: 28.4s net/day -197.02 robust_c80=fail fail (pass impossible after 1550 runs), 1550 failures
  corn consistency|T16|p0.425|R2.0: 30.2s net/day -173.21 robust_c80=fail fail (pass impossible after 1550 runs), 1550 failures
  corn standard|T16|p0.425|R2.0: 28.9s net/day -173.21 robust_c80=fail fail (pass impossible after 1550 runs), 1550 failures
  corn consistency|T4|p0.4|R0.75: 9.6s net/day -170.86 robust_c80=fail fail (pass impossible after 1550 runs), 1550 failures
  corn standard|T4|p0.4|R0.75: 9.2s net/day -170.86 robust_c80=fail fail (pass impossible after 1550 runs), 1550 failures
  corn consistency|T16|p0.6|R1.0: 30.7s net/day -170.01 robust_c80=fail fail (pass impossible after 1550 runs), 1550 failures
  corn standard|T16|p0.6|R1.0: 29.9s net/day -170.01 robust_c80=fail fail (pass impossible after 1550 runs), 1550 failures
  corn consistency|T4|p0.45|R0.75: 10.5s net/day -141.82 robust_c80=fail fail (pass impossible after 1550 runs), 1550 failures
  corn standard|T4|p0.45|R0.75: 9.8s net/day -141.82 robust_c80=fail fail (pass impossible after 1550 runs), 1550 failures
  corn consistency|T4|p0.4|R1.0: 10.0s net/day -128.78 robust_c80=fail fail (pass impossible after 1550 runs), 1550 failures
  corn standard|T4|p0.4|R1.0: 10.1s net/day -128.78 robust_c80=fail fail (pass impossible after 1550 runs), 1550 failures
  corn consistency|T4|p0.5|R0.75: 10.5s net/day -112.78 robust_c80=fail fail (pass impossible after 1550 runs), 1550 failures
  corn standard|T4|p0.5|R0.75: 8.8s net/day -112.78 robust_c80=fail fail (pass impossible after 1550 runs), 1550 failures
  corn consistency|T2|p0.4|R0.75: 6.7s net/day -110.60 robust_c80=fail fail (pass impossible after 1550 runs), 1550 failures
  corn standard|T2|p0.4|R0.75: 5.9s net/day -110.60 robust_c80=fail fail (pass impossible after 1550 runs), 1550 failures
  corn consistency|T8|p0.55|R1.0: 17.8s net/day -101.83 robust_c80=fail fail (pass impossible after 1550 runs), 1550 failures
  corn standard|T8|p0.55|R1.0: 18.3s net/day -101.83 robust_c80=fail fail (pass impossible after 1550 runs), 1550 failures
  corn consistency|T8|p0.45|R1.5: 18.6s net/day -100.99 robust_c80=fail fail (pass impossible after 1550 runs), 1550 failures
  corn standard|T8|p0.45|R1.5: 15.8s net/day -100.99 robust_c80=fail fail (pass impossible after 1550 runs), 1550 failures
  corn consistency|T4|p0.45|R1.0: 9.6s net/day -100.04 robust_c80=fail fail (pass impossible after 1550 runs), 1550 failures
  corn standard|T4|p0.45|R1.0: 9.6s net/day -100.04 robust_c80=fail fail (pass impossible after 1550 runs), 1550 failures
  corn consistency|T2|p0.45|R0.75: 6.2s net/day -88.75 robust_c80=fail fail (pass impossible after 1550 runs), 1550 failures
  corn standard|T2|p0.45|R0.75: 6.4s net/day -88.75 robust_c80=fail fail (pass impossible after 1550 runs), 1550 failures
  corn consistency|T8|p0.4|R2.0: 16.0s net/day -84.96 robust_c80=fail fail (pass impossible after 1550 runs), 1550 failures
  corn standard|T8|p0.4|R2.0: 17.3s net/day -84.96 robust_c80=fail fail (pass impossible after 1550 runs), 1550 failures
  corn consistency|T4|p0.55|R0.75: 10.3s net/day -83.75 robust_c80=fail fail (pass impossible after 1550 runs), 1550 failures
  corn standard|T4|p0.55|R0.75: 8.9s net/day -83.75 robust_c80=fail fail (pass impossible after 1550 runs), 1550 failures
  corn consistency|T8|p0.575|R1.0: 17.4s net/day -81.46 robust_c80=fail fail (pass impossible after 1550 runs), 1550 failures
  corn standard|T8|p0.575|R1.0: 19.3s net/day -81.46 robust_c80=fail fail (pass impossible after 1550 runs), 1550 failures
  corn consistency|T8|p0.475|R1.5: 17.4s net/day -80.20 robust_c80=fail fail (pass impossible after 1550 runs), 1550 failures
  corn standard|T8|p0.475|R1.5: 17.5s net/day -80.20 robust_c80=fail fail (pass impossible after 1550 runs), 1550 failures
  corn consistency|T2|p0.4|R1.0: 6.7s net/day -78.94 robust_c80=fail fail (pass impossible after 1550 runs), 1550 failures
  corn standard|T2|p0.4|R1.0: 7.0s net/day -78.94 robust_c80=fail fail (pass impossible after 1550 runs), 1550 failures
  corn consistency|T1|p0.4|R0.75: 5.3s net/day -72.65 robust_c80=fail fail (pass impossible after 1550 runs), 1550 failures
  corn standard|T1|p0.4|R0.75: 5.5s net/day -72.65 robust_c80=fail fail (pass impossible after 1550 runs), 1550 failures
  corn consistency|T4|p0.4|R1.5: 9.9s net/day -71.30 robust_c80=fail fail (pass impossible after 1550 runs), 1550 failures
  corn standard|T4|p0.4|R1.5: 10.0s net/day -71.30 robust_c80=fail fail (pass impossible after 1550 runs), 1550 failures
  corn consistency|T4|p0.5|R1.0: 10.2s net/day -71.30 robust_c80=fail fail (pass impossible after 1550 runs), 1550 failures
  corn standard|T4|p0.5|R1.0: 9.4s net/day -71.30 robust_c80=fail fail (pass impossible after 1550 runs), 1550 failures
  corn consistency|T2|p0.5|R0.75: 6.9s net/day -66.90 robust_c80=fail fail (pass impossible after 1550 runs), 1550 failures
  corn standard|T2|p0.5|R0.75: 6.7s net/day -66.90 robust_c80=fail fail (pass impossible after 1550 runs), 1550 failures
  corn consistency|T8|p0.425|R2.0: 18.4s net/day -63.35 robust_c80=fail fail (pass impossible after 1550 runs), 1550 failures
  corn standard|T8|p0.425|R2.0: 16.9s net/day -63.35 robust_c80=fail fail (pass impossible after 1550 runs), 1550 failures
  corn consistency|T8|p0.6|R1.0: 18.7s net/day -61.09 robust_c80=fail fail (pass impossible after 1550 runs), 1550 failures
  corn standard|T8|p0.6|R1.0: 17.4s net/day -61.09 robust_c80=fail fail (pass impossible after 1550 runs), 1550 failures
  corn consistency|T8|p0.5|R1.5: 17.9s net/day -59.41 robust_c80=fail fail (pass impossible after 1550 runs), 1550 failures
  corn standard|T8|p0.5|R1.5: 17.3s net/day -59.41 robust_c80=fail fail (pass impossible after 1550 runs), 1550 failures
  corn consistency|T2|p0.45|R1.0: 6.6s net/day -57.31 robust_c80=fail fail (pass impossible after 1550 runs), 1550 failures
  corn standard|T2|p0.45|R1.0: 6.5s net/day -57.31 robust_c80=fail fail (pass impossible after 1550 runs), 1550 failures
  corn consistency|T1|p0.45|R0.75: 4.9s net/day -56.67 robust_c80=fail fail (pass impossible after 1550 runs), 1550 failures
  corn standard|T1|p0.45|R0.75: 5.5s net/day -56.67 robust_c80=fail fail (pass impossible after 1550 runs), 1550 failures
  corn consistency|T4|p0.6|R0.75: 9.7s net/day -54.71 robust_c80=fail fail (pass impossible after 1550 runs), 1550 failures
  corn standard|T4|p0.6|R0.75: 10.2s net/day -54.71 robust_c80=fail fail (pass impossible after 1550 runs), 1550 failures
  corn consistency|T1|p0.4|R1.0: 6.3s net/day -49.49 robust_c80=fail fail (pass impossible after 1550 runs), 1550 failures
  corn standard|T1|p0.4|R1.0: 5.3s net/day -49.49 robust_c80=fail fail (pass impossible after 1550 runs), 1550 failures
  corn consistency|T2|p0.55|R0.75: 6.4s net/day -45.05 robust_c80=fail fail (pass impossible after 1550 runs), 1550 failures
  corn standard|T2|p0.55|R0.75: 7.5s net/day -45.05 robust_c80=fail fail (pass impossible after 1550 runs), 1550 failures
  corn consistency|T4|p0.55|R1.0: 11.1s net/day -42.56 robust_c80=fail fail (pass impossible after 1550 runs), 1550 failures
  corn standard|T4|p0.55|R1.0: 12.5s net/day -42.56 robust_c80=fail fail (pass impossible after 1550 runs), 1550 failures
  corn consistency|T4|p0.45|R1.5: 11.1s net/day -41.97 robust_c80=fail fail (pass impossible after 1550 runs), 1550 failures
  corn standard|T4|p0.45|R1.5: 11.2s net/day -41.97 robust_c80=fail fail (pass impossible after 1550 runs), 1550 failures
  corn consistency|T8|p0.45|R2.0: 24.7s net/day -41.75 robust_c80=fail fail (pass impossible after 1550 runs), 1550 failures
/home/kiros-li/.local/share/uv/python/cpython-3.12.13-linux-x86_64-gnu/lib/python3.12/multiprocessing/resource_tracker.py:279: UserWarning: resource_tracker: There appear to be 5 leaked semaphore objects to clean up at shutdown
  warnings.warn('resource_tracker: There appear to be %d '
  corn standard|T8|p0.45|R2.0: 9.7s net/day -41.75 robust_c80=fail fail (pass impossible after 1550 runs), 1550 failures
  corn consistency|T1|p0.5|R0.75: 3.2s net/day -40.69 robust_c80=fail fail (pass impossible after 1550 runs), 1550 failures
  corn standard|T1|p0.5|R0.75: 4.7s net/day -40.69 robust_c80=fail fail (pass impossible after 1550 runs), 1550 failures
  corn consistency|T2|p0.4|R1.5: 6.3s net/day -35.68 robust_c80=fail fail (pass impossible after 1550 runs), 1550 failures
  corn standard|T2|p0.4|R1.5: 5.7s net/day -35.68 robust_c80=fail fail (pass impossible after 1550 runs), 1550 failures
  corn consistency|T2|p0.5|R1.0: 6.3s net/day -35.68 robust_c80=fail fail (pass impossible after 1550 runs), 1550 failures
  corn standard|T2|p0.5|R1.0: 6.5s net/day -35.68 robust_c80=fail fail (pass impossible after 1550 runs), 1550 failures
  corn consistency|T1|p0.45|R1.0: 5.1s net/day -33.68 robust_c80=fail fail (pass impossible after 1550 runs), 1550 failures
  corn standard|T1|p0.45|R1.0: 5.5s net/day -33.68 robust_c80=fail fail (pass impossible after 1550 runs), 1550 failures
  corn consistency|T4|p0.4|R2.0: 8.6s net/day -30.65 robust_c80=fail fail (pass impossible after 1550 runs), 1550 failures
  corn standard|T4|p0.4|R2.0: 11.9s net/day -30.65 robust_c80=fail fail (pass impossible after 1550 runs), 1550 failures
  corn consistency|T4|p0.58|R1.0: 8.8s net/day -25.31 robust_c80=fail fail (pass impossible after 1550 runs), 1550 failures
  corn standard|T4|p0.58|R1.0: 9.3s net/day -25.31 robust_c80=fail fail (pass impossible after 1550 runs), 1550 failures
  corn consistency|T1|p0.55|R0.75: 4.9s net/day -24.71 robust_c80=fail fail (pass impossible after 1550 runs), 1550 failures
  corn standard|T1|p0.55|R0.75: 5.0s net/day -24.71 robust_c80=fail fail (pass impossible after 1550 runs), 1550 failures
  corn consistency|T4|p0.48|R1.5: 9.1s net/day -24.37 robust_c80=fail fail (pass impossible after 1550 runs), 1550 failures
  corn standard|T4|p0.48|R1.5: 8.9s net/day -24.37 robust_c80=fail fail (pass impossible after 1550 runs), 1550 failures
  corn consistency|T2|p0.6|R0.75: 6.6s net/day -23.19 robust_c80=fail fail (pass impossible after 1550 runs), 1550 failures
  corn standard|T2|p0.6|R0.75: 6.3s net/day -23.19 robust_c80=fail fail (pass impossible after 1550 runs), 1550 failures
  corn consistency|T4|p0.66|R0.75: 8.7s net/day -19.86 robust_c80=fail fail (pass impossible after 1550 runs), 1550 failures
  corn standard|T4|p0.66|R0.75: 9.1s net/day -19.86 robust_c80=fail fail (pass impossible after 1550 runs), 1550 failures
  corn consistency|T4|p0.59|R1.0: 9.2s net/day -19.57 robust_c80=fail fail (pass impossible after 1550 runs), 1550 failures
  corn standard|T4|p0.59|R1.0: 9.6s net/day -19.57 robust_c80=fail fail (pass impossible after 1550 runs), 1550 failures
  corn consistency|T4|p0.49|R1.5: 9.1s net/day -18.50 robust_c80=fail fail (pass impossible after 1550 runs), 1550 failures
  corn standard|T4|p0.49|R1.5: 8.0s net/day -18.50 robust_c80=fail fail (pass impossible after 1550 runs), 1550 failures
  corn consistency|T4|p0.42|R2.0: 10.4s net/day -18.46 robust_c80=fail fail (pass impossible after 1550 runs), 1548 failures
  corn standard|T4|p0.42|R2.0: 9.5s net/day -18.46 robust_c80=fail fail (pass impossible after 1550 runs), 1550 failures
  corn consistency|T1|p0.4|R1.5: 4.6s net/day -17.86 robust_c80=fail fail (pass impossible after 1550 runs), 1550 failures
  corn standard|T1|p0.4|R1.5: 4.8s net/day -17.86 robust_c80=fail fail (pass impossible after 1550 runs), 1550 failures
  corn consistency|T1|p0.5|R1.0: 4.2s net/day -17.86 robust_c80=fail fail (pass impossible after 1550 runs), 1549 failures
  corn standard|T1|p0.5|R1.0: 4.6s net/day -17.86 robust_c80=fail fail (pass impossible after 1550 runs), 1550 failures
  corn consistency|T2|p0.55|R1.0: 7.3s net/day -14.05 robust_c80=fail fail (pass impossible after 1550 runs), 1549 failures
  corn standard|T2|p0.55|R1.0: 6.7s net/day -14.05 robust_c80=fail fail (pass impossible after 1550 runs), 1550 failures
  corn consistency|T4|p0.6|R1.0: 9.7s net/day -13.82 robust_c80=fail fail (pass impossible after 1550 runs), 1549 failures
  corn standard|T4|p0.6|R1.0: 8.8s net/day -13.82 robust_c80=fail fail (pass impossible after 1550 runs), 1550 failures
  corn consistency|T4|p0.46|R1.75: 6.5s net/day -13.73 robust_c80=fail fail (pass impossible after 1550 runs), 1550 failures
  corn standard|T4|p0.46|R1.75: 9.3s net/day -13.73 robust_c80=fail fail (pass impossible after 1550 runs), 1550 failures
  corn consistency|T2|p0.45|R1.5: 6.7s net/day -13.61 robust_c80=fail fail (pass impossible after 1550 runs), 1548 failures
  corn standard|T2|p0.45|R1.5: 5.4s net/day -13.61 robust_c80=fail fail (pass impossible after 1550 runs), 1549 failures
  corn consistency|T4|p0.5|R1.5: 10.7s net/day -12.63 robust_c80=fail fail (pass impossible after 1550 runs), 1549 failures
  corn standard|T4|p0.5|R1.5: 10.4s net/day -12.63 robust_c80=fail fail (pass impossible after 1550 runs), 1550 failures
  corn consistency|T4|p0.43|R2.0: 10.2s net/day -12.36 robust_c80=fail fail (pass impossible after 1550 runs), 1546 failures
  corn standard|T4|p0.43|R2.0: 8.5s net/day -12.36 robust_c80=fail fail (pass impossible after 1550 runs), 1549 failures
  corn consistency|T1|p0.6|R0.75: 4.5s net/day -8.73 robust_c80=fail fail (pass impossible after 1550 runs), 1545 failures
  corn standard|T1|p0.6|R0.75: 5.1s net/day -8.73 robust_c80=fail fail (pass impossible after 1550 runs), 1550 failures
  corn consistency|T4|p0.68|R0.75: 9.6s net/day -8.24 robust_c80=fail fail (pass impossible after 1550 runs), 1549 failures
  corn standard|T4|p0.68|R0.75: 9.0s net/day -8.24 robust_c80=fail fail (pass impossible after 1550 runs), 1550 failures
  corn consistency|T4|p0.44|R2.0: 10.4s net/day -6.27 robust_c80=fail fail (pass impossible after 1550 runs), 1544 failures
  corn standard|T4|p0.44|R2.0: 8.3s net/day -6.27 robust_c80=fail fail (pass impossible after 1550 runs), 1548 failures
  corn consistency|T2|p0.4|R2.0: 8.1s net/day -5.09 robust_c80=fail fail (pass impossible after 1550 runs), 1536 failures
  corn standard|T2|p0.4|R2.0: 6.6s net/day -5.09 robust_c80=fail fail (pass impossible after 1550 runs), 1549 failures
  corn consistency|T1|p0.55|R1.0: 5.2s net/day -2.04 robust_c80=fail fail (pass impossible after 1550 runs), 1536 failures
  corn standard|T1|p0.55|R1.0: 5.5s net/day -2.04 robust_c80=fail fail (pass impossible after 1550 runs), 1548 failures
  corn consistency|T4|p0.48|R1.75: 11.1s net/day -1.78 robust_c80=fail fail (pass impossible after 1550 runs), 1538 failures
  corn standard|T4|p0.48|R1.75: 9.1s net/day -1.78 robust_c80=fail fail (pass impossible after 1550 runs), 1548 failures
  corn consistency|T1|p0.45|R1.5: 5.4s net/day -1.72 robust_c80=fail fail (pass impossible after 1550 runs), 1535 failures
  corn standard|T1|p0.45|R1.5: 5.3s net/day -1.72 robust_c80=fail fail (pass impossible after 1550 runs), 1546 failures
  corn consistency|T4|p0.45|R2.0: 10.9s net/day -0.17 robust_c80=fail fail (pass impossible after 1550 runs), 1532 failures
  corn standard|T4|p0.45|R2.0: 10.8s net/day -0.17 robust_c80=fail fail (pass impossible after 1550 runs), 1547 failures
  corn consistency|T1|p0.4|R2.0: 5.4s net/day 4.51 robust_c80=fail fail (pass impossible after 1600 runs), 1559 failures
  corn standard|T1|p0.4|R2.0: 4.6s net/day 4.51 robust_c80=fail fail (pass impossible after 1550 runs), 1543 failures
  corn consistency|T2|p0.6|R1.0: 9.3s net/day 7.58 robust_c80=fail fail (pass impossible after 1600 runs), 1550 failures
  corn standard|T2|p0.6|R1.0: 6.4s net/day 7.58 robust_c80=fail fail (pass impossible after 1550 runs), 1540 failures
  corn consistency|T2|p0.5|R1.5: 9.2s net/day 8.47 robust_c80=fail fail (pass impossible after 1600 runs), 1545 failures
  corn standard|T2|p0.5|R1.5: 6.8s net/day 8.47 robust_c80=fail fail (pass impossible after 1550 runs), 1537 failures
  corn consistency|T1|p0.6|R1.0: 6.6s net/day 13.77 robust_c80=fail fail (pass impossible after 1650 runs), 1551 failures
  corn standard|T1|p0.6|R1.0: 5.6s net/day 13.77 robust_c80=fail fail (pass impossible after 1600 runs), 1569 failures
  corn consistency|T1|p0.5|R1.5: 6.6s net/day 14.43 robust_c80=fail fail (pass impossible after 1700 runs), 1568 failures
  corn standard|T1|p0.5|R1.5: 5.2s net/day 14.43 robust_c80=fail fail (pass impossible after 1600 runs), 1568 failures
  corn consistency|T2|p0.62|R1.0: 7.5s net/day 16.23 robust_c80=fail fail (pass impossible after 1700 runs), 1544 failures
  corn standard|T2|p0.62|R1.0: 8.0s net/day 16.23 robust_c80=fail fail (pass impossible after 1600 runs), 1561 failures
  corn consistency|T4|p0.55|R1.5: 12.4s net/day 16.70 robust_c80=fail fail (pass impossible after 1750 runs), 1568 failures
  corn standard|T4|p0.55|R1.5: 12.4s net/day 16.70 robust_c80=fail fail (pass impossible after 1600 runs), 1556 failures
  corn consistency|T2|p0.52|R1.5: 9.6s net/day 17.30 robust_c80=fail fail (pass impossible after 1750 runs), 1572 failures
  corn standard|T2|p0.52|R1.5: 7.9s net/day 17.30 robust_c80=fail fail (pass impossible after 1600 runs), 1559 failures
  corn consistency|T2|p0.45|R2.0: 9.2s net/day 17.85 robust_c80=fail fail (pass impossible after 1750 runs), 1541 failures
  corn standard|T2|p0.45|R2.0: 7.3s net/day 17.85 robust_c80=fail fail (pass impossible after 1600 runs), 1557 failures
  corn consistency|T1|p0.45|R2.0: 7.9s net/day 21.28 robust_c80=fail fail (pass impossible after 1850 runs), 1547 failures
  corn standard|T1|p0.45|R2.0: 6.5s net/day 21.28 robust_c80=fail fail (pass impossible after 1650 runs), 1578 failures
  corn consistency|T2|p0.53|R1.5: 9.2s net/day 21.71 robust_c80=fail fail (pass impossible after 1850 runs), 1533 failures
  corn standard|T2|p0.53|R1.5: 7.5s net/day 21.71 robust_c80=fail fail (pass impossible after 1600 runs), 1534 failures
  corn consistency|T2|p0.5|R1.75: 11.6s net/day 25.63 robust_c80=fail fail (pass impossible after 2050 runs), 1568 failures
  corn standard|T2|p0.5|R1.75: 8.3s net/day 25.63 robust_c80=fail fail (pass impossible after 1650 runs), 1532 failures
  corn consistency|T2|p0.54|R1.5: 13.0s net/day 26.13 robust_c80=fail fail (pass impossible after 2050 runs), 1554 failures
  corn standard|T2|p0.54|R1.5: 8.4s net/day 26.13 robust_c80=fail fail (pass impossible after 1700 runs), 1562 failures
  corn consistency|T2|p0.47|R2.0: 12.4s net/day 27.02 robust_c80=fail fail (pass impossible after 2150 runs), 1563 failures
  corn standard|T2|p0.47|R2.0: 8.1s net/day 27.02 robust_c80=fail fail (pass impossible after 1700 runs), 1570 failures
  corn consistency|T1|p0.47|R2.0: 10.9s net/day 27.99 robust_c80=fail fail (pass impossible after 2200 runs), 1548 failures
  corn standard|T1|p0.47|R2.0: 6.1s net/day 27.99 robust_c80=fail fail (pass impossible after 1750 runs), 1579 failures
  corn consistency|T2|p0.65|R1.0: 12.2s net/day 29.20 robust_c80=fail fail (pass impossible after 2250 runs), 1557 failures
  corn standard|T2|p0.65|R1.0: 9.9s net/day 29.20 robust_c80=fail fail (pass impossible after 1750 runs), 1540 failures
  corn consistency|T1|p0.65|R1.0: 9.2s net/day 29.59 robust_c80=fail fail (pass impossible after 2350 runs), 1560 failures
  corn standard|T1|p0.65|R1.0: 6.1s net/day 29.59 robust_c80=fail fail (pass impossible after 1750 runs), 1533 failures
  corn consistency|T4|p0.5|R2.0: 21.5s net/day 30.31 robust_c80=fail fail (pass impossible after 2400 runs), 1555 failures
  corn standard|T4|p0.5|R2.0: 14.0s net/day 30.31 robust_c80=fail fail (pass impossible after 1750 runs), 1534 failures
  corn consistency|T2|p0.55|R1.5: 13.6s net/day 30.54 robust_c80=fail fail (pass impossible after 2450 runs), 1559 failures
  corn standard|T2|p0.55|R1.5: 10.5s net/day 30.54 robust_c80=fail fail (pass impossible after 1800 runs), 1574 failures
  corn consistency|T1|p0.55|R1.5: 9.8s net/day 30.57 robust_c80=fail fail (pass impossible after 2400 runs), 1540 failures
  corn standard|T1|p0.55|R1.5: 7.0s net/day 30.57 robust_c80=fail fail (pass impossible after 1750 runs), 1543 failures
  corn consistency|T1|p0.48|R2.0: 10.8s net/day 31.35 robust_c80=fail fail (pass impossible after 2450 runs), 1544 failures
  corn standard|T1|p0.48|R2.0: 6.4s net/day 31.35 robust_c80=fail fail (pass impossible after 1800 runs), 1563 failures
  corn consistency|T2|p0.48|R2.0: 13.4s net/day 31.61 robust_c80=fail fail (pass impossible after 2500 runs), 1556 failures
  corn standard|T2|p0.48|R2.0: 10.9s net/day 31.61 robust_c80=fail fail (pass impossible after 1800 runs), 1572 failures
  corn consistency|T1|p0.52|R1.75: 10.7s net/day 33.55 robust_c80=fail fail (pass impossible after 2700 runs), 1545 failures
  corn standard|T1|p0.52|R1.75: 7.0s net/day 33.55 robust_c80=fail fail (pass impossible after 1850 runs), 1544 failures
  corn consistency|T1|p0.56|R1.5: 12.7s net/day 33.80 robust_c80=fail fail (pass impossible after 2800 runs), 1556 failures
  corn standard|T1|p0.56|R1.5: 7.3s net/day 33.80 robust_c80=fail fail (pass impossible after 1850 runs), 1554 failures
  corn consistency|T2|p0.52|R1.75: 16.3s net/day 34.62 robust_c80=fail fail (pass impossible after 2850 runs), 1547 failures
  corn standard|T2|p0.52|R1.75: 10.6s net/day 34.62 robust_c80=fail fail (pass impossible after 1900 runs), 1541 failures
  corn consistency|T1|p0.49|R2.0: 12.2s net/day 34.70 robust_c80=fail fail (pass impossible after 2850 runs), 1558 failures
  corn standard|T1|p0.49|R2.0: 6.6s net/day 34.70 robust_c80=fail fail (pass impossible after 1900 runs), 1571 failures
  corn consistency|T2|p0.49|R2.0: 16.8s net/day 36.20 robust_c80=fail fail (pass impossible after 3000 runs), 1545 failures
  corn standard|T2|p0.49|R2.0: 10.6s net/day 36.20 robust_c80=fail fail (pass impossible after 1950 runs), 1560 failures
  corn consistency|T1|p0.57|R1.5: 14.2s net/day 37.02 robust_c80=fail fail (pass impossible after 3200 runs), 1558 failures
  corn standard|T1|p0.57|R1.5: 7.8s net/day 37.02 robust_c80=fail fail (pass impossible after 1950 runs), 1539 failures
  corn consistency|T1|p0.5|R2.0: 14.2s net/day 38.06 robust_c80=fail fail (pass impossible after 3250 runs), 1540 failures
  corn standard|T1|p0.5|R2.0: 8.0s net/day 38.06 robust_c80=fail fail (pass impossible after 1950 runs), 1534 failures
  corn consistency|T1|p0.45|R2.5: 16.7s net/day 39.66 robust_c80=fail fail (pass impossible after 3450 runs), 1549 failures
  corn standard|T1|p0.45|R2.5: 8.1s net/day 39.66 robust_c80=fail fail (pass impossible after 2050 runs), 1559 failures
  corn consistency|T1|p0.54|R1.75: 18.0s net/day 40.13 robust_c80=fail fail (pass impossible after 3850 runs), 1542 failures
  corn standard|T1|p0.54|R1.75: 8.6s net/day 40.13 robust_c80=fail fail (pass impossible after 2150 runs), 1547 failures
  corn consistency|T1|p0.58|R1.5: 16.7s net/day 40.25 robust_c80=fail fail (pass impossible after 3750 runs), 1533 failures
  corn standard|T1|p0.58|R1.5: 8.5s net/day 40.25 robust_c80=fail fail (pass impossible after 2150 runs), 1558 failures
  corn consistency|T2|p0.5|R2.0: 23.1s net/day 40.79 robust_c80=fail fail (pass impossible after 3800 runs), 1538 failures
  corn standard|T2|p0.5|R2.0: 11.4s net/day 40.79 robust_c80=fail fail (pass impossible after 2200 runs), 1559 failures
  corn consistency|T1|p0.59|R1.5: 20.4s net/day 43.48 robust_c80=fail fail (pass impossible after 4600 runs), 1534 failures
  corn standard|T1|p0.59|R1.5: 9.9s net/day 43.48 robust_c80=fail fail (pass impossible after 2400 runs), 1566 failures
  corn consistency|T1|p0.7|R1.0: 24.2s net/day 45.41 robust_c80=fail fail (pass impossible after 5450 runs), 1540 failures
  corn standard|T1|p0.7|R1.0: 12.9s net/day 45.41 robust_c80=fail fail (pass impossible after 2900 runs), 1538 failures
  corn consistency|T4|p0.6|R1.5: 54.0s net/day 46.03 robust_c80=fail fail (pass impossible after 5750 runs), 1538 failures
  corn standard|T4|p0.6|R1.5: 26.3s net/day 46.03 robust_c80=fail fail (pass impossible after 2850 runs), 1551 failures
  corn consistency|T1|p0.6|R1.5: 25.2s net/day 46.71 robust_c80=fail fail (pass impossible after 5850 runs), 1537 failures
  corn standard|T1|p0.6|R1.5: 12.2s net/day 46.71 robust_c80=fail fail (pass impossible after 2700 runs), 1541 failures
  corn consistency|T2|p0.6|R1.5: 49.6s net/day 52.62 robust_c80=pass (0.8314)
  corn standard|T2|p0.6|R1.5: 23.6s net/day 52.62 robust_c80=fail fail (pass impossible after 3900 runs), 1542 failures
