5-year null comparison sample standard: 23s
  5-year standard|T32|p0.45|R1.5: 210.2s net/day -256.83 robust_c80=fail (0.0000)
  5-year standard|T32|p0.4|R2.0: 319.0s net/day -230.64 robust_c80=fail (0.0000)
  5-year standard|T32|p0.475|R1.5: 215.4s net/day -222.87 robust_c80=fail (0.0000)
  5-year standard|T32|p0.425|R2.0: 195.0s net/day -195.34 robust_c80=fail (0.0000)
5-year null comparison sample consistency: 20s
  5-year consistency|T4|p0.4|R0.75: 30.6s net/day -124.38 robust_c80=fail (0.0000)
  5-year standard|T4|p0.4|R0.75: 34.9s net/day -124.38 robust_c80=fail (0.0000)
  5-year consistency|T16|p0.55|R1.0: 107.1s net/day -115.47 robust_c80=fail (0.0000)
  5-year standard|T16|p0.55|R1.0: 109.3s net/day -115.47 robust_c80=fail (0.0000)
  5-year consistency|T16|p0.45|R1.5: 111.7s net/day -114.50 robust_c80=fail (0.0000)
  5-year standard|T16|p0.45|R1.5: 108.2s net/day -114.50 robust_c80=fail (0.0000)
  5-year consistency|T4|p0.45|R0.75: 36.0s net/day -99.95 robust_c80=fail (0.0000)
  5-year standard|T4|p0.45|R0.75: 33.2s net/day -99.95 robust_c80=fail (0.0000)
  5-year consistency|T16|p0.4|R2.0: 114.1s net/day -96.04 robust_c80=fail (0.0000)
  5-year standard|T16|p0.4|R2.0: 97.6s net/day -96.04 robust_c80=fail (0.0000)
  5-year consistency|T16|p0.475|R1.5: 100.7s net/day -90.57 robust_c80=fail (0.0000)
  5-year standard|T16|p0.475|R1.5: 117.2s net/day -90.57 robust_c80=fail (0.0000)
  5-year consistency|T4|p0.4|R1.0: 38.3s net/day -88.98 robust_c80=fail (0.0000)
  5-year standard|T4|p0.4|R1.0: 32.5s net/day -88.98 robust_c80=fail (0.0000)
  5-year consistency|T2|p0.4|R0.75: 19.3s net/day -80.42 robust_c80=fail (0.0000)
  5-year standard|T2|p0.4|R0.75: 23.9s net/day -80.42 robust_c80=fail (0.0000)
  5-year consistency|T4|p0.5|R0.75: 34.7s net/day -75.52 robust_c80=fail (0.0000)
  5-year standard|T4|p0.5|R0.75: 33.4s net/day -75.52 robust_c80=fail (0.0000)
  5-year consistency|T16|p0.425|R2.0: 106.1s net/day -71.17 robust_c80=fail (0.0000)
  5-year standard|T16|p0.425|R2.0: 112.3s net/day -71.17 robust_c80=fail (0.0000)
  5-year consistency|T16|p0.6|R1.0: 122.0s net/day -68.57 robust_c80=fail (0.0000)
  5-year standard|T16|p0.6|R1.0: 102.1s net/day -68.57 robust_c80=fail (0.0000)
  5-year consistency|T4|p0.45|R1.0: 37.4s net/day -64.79 robust_c80=fail (0.0000)
  5-year standard|T4|p0.45|R1.0: 33.3s net/day -64.79 robust_c80=fail (0.0000)
  5-year consistency|T2|p0.45|R0.75: 23.7s net/day -62.88 robust_c80=fail (0.0000)
  5-year standard|T2|p0.45|R0.75: 22.1s net/day -62.88 robust_c80=fail (0.0000)
  5-year consistency|T1|p0.4|R0.75: 17.7s net/day -57.10 robust_c80=fail (0.0000)
  5-year standard|T1|p0.4|R0.75: 15.2s net/day -57.10 robust_c80=fail (0.0000)
  5-year consistency|T2|p0.4|R1.0: 23.7s net/day -55.00 robust_c80=fail (0.0000)
  5-year standard|T2|p0.4|R1.0: 21.2s net/day -55.00 robust_c80=fail (0.0000)
  5-year consistency|T4|p0.55|R0.75: 33.0s net/day -51.08 robust_c80=fail (0.0000)
  5-year standard|T4|p0.55|R0.75: 33.2s net/day -51.08 robust_c80=fail (0.0000)
  5-year consistency|T8|p0.55|R1.0: 61.8s net/day -47.51 robust_c80=fail (0.0000)
  5-year standard|T8|p0.55|R1.0: 65.1s net/day -47.51 robust_c80=fail (0.0000)
  5-year consistency|T8|p0.45|R1.5: 59.0s net/day -46.81 robust_c80=fail (0.0000)
  5-year standard|T8|p0.45|R1.5: 63.1s net/day -46.81 robust_c80=fail (0.0000)
  5-year consistency|T2|p0.5|R0.75: 19.8s net/day -45.34 robust_c80=fail (0.0000)
  5-year standard|T2|p0.5|R0.75: 27.2s net/day -45.34 robust_c80=fail (0.0000)
  5-year consistency|T1|p0.45|R0.75: 19.1s net/day -43.41 robust_c80=fail (0.0000)
  5-year standard|T1|p0.45|R0.75: 13.6s net/day -43.41 robust_c80=fail (0.0000)
  5-year consistency|T4|p0.4|R1.5: 42.8s net/day -40.61 robust_c80=fail (0.0000)
  5-year standard|T4|p0.4|R1.5: 32.9s net/day -40.61 robust_c80=fail (0.0000)
  5-year consistency|T4|p0.5|R1.0: 35.4s net/day -40.61 robust_c80=fail (0.0000)
  5-year standard|T4|p0.5|R1.0: 40.2s net/day -40.61 robust_c80=fail (0.0000)
  5-year consistency|T2|p0.45|R1.0: 24.6s net/day -37.65 robust_c80=fail (0.0000)
  5-year standard|T2|p0.45|R1.0: 24.9s net/day -37.65 robust_c80=fail (0.0000)
  5-year consistency|T1|p0.4|R1.0: 16.9s net/day -37.26 robust_c80=fail (0.0000)
  5-year standard|T1|p0.4|R1.0: 18.9s net/day -37.26 robust_c80=fail (0.0000)
  5-year consistency|T8|p0.4|R2.0: 50.9s net/day -33.55 robust_c80=fail (0.0000)
  5-year standard|T8|p0.4|R2.0: 63.8s net/day -33.55 robust_c80=fail (0.0000)
  5-year consistency|T8|p0.575|R1.0: 58.5s net/day -30.66 robust_c80=fail (0.0000)
  5-year standard|T8|p0.575|R1.0: 61.4s net/day -30.66 robust_c80=fail (0.0000)
  5-year consistency|T1|p0.5|R0.75: 15.0s net/day -29.71 robust_c80=fail (0.0000)
  5-year standard|T1|p0.5|R0.75: 15.4s net/day -29.71 robust_c80=fail (0.0000)
  5-year consistency|T8|p0.475|R1.5: 63.2s net/day -29.61 robust_c80=fail (0.0000)
  5-year standard|T8|p0.475|R1.5: 59.9s net/day -29.61 robust_c80=fail (0.0000)
  5-year consistency|T2|p0.55|R0.75: 20.2s net/day -27.81 robust_c80=fail (0.0000)
  5-year standard|T2|p0.55|R0.75: 24.1s net/day -27.81 robust_c80=fail (0.0000)
  5-year consistency|T4|p0.6|R0.75: 31.9s net/day -26.65 robust_c80=fail (0.0000)
  5-year standard|T4|p0.6|R0.75: 34.7s net/day -26.65 robust_c80=fail (0.0000)
  5-year consistency|T1|p0.45|R1.0: 16.4s net/day -23.70 robust_c80=fail (0.0000)
  5-year standard|T1|p0.45|R1.0: 18.0s net/day -23.70 robust_c80=fail (0.0000)
  5-year consistency|T2|p0.4|R1.5: 25.4s net/day -20.29 robust_c80=fail (0.0001)
  5-year standard|T2|p0.4|R1.5: 24.9s net/day -20.29 robust_c80=fail (0.0000)
  5-year consistency|T2|p0.5|R1.0: 29.0s net/day -20.29 robust_c80=fail (0.0000)
  5-year standard|T2|p0.5|R1.0: 26.0s net/day -20.29 robust_c80=fail (0.0000)
  5-year consistency|T4|p0.55|R1.0: 34.6s net/day -16.43 robust_c80=fail (0.0000)
  5-year standard|T4|p0.55|R1.0: 33.4s net/day -16.43 robust_c80=fail (0.0000)
  5-year consistency|T1|p0.55|R0.75: 17.3s net/day -16.02 robust_c80=fail (0.0000)
  5-year standard|T1|p0.55|R0.75: 22.1s net/day -16.02 robust_c80=fail (0.0000)
  5-year consistency|T4|p0.45|R1.5: 33.8s net/day -15.93 robust_c80=fail (0.0003)
  5-year standard|T4|p0.45|R1.5: 36.5s net/day -15.93 robust_c80=fail (0.0000)
  5-year consistency|T8|p0.425|R2.0: 61.8s net/day -15.67 robust_c80=fail (0.0003)
  5-year standard|T8|p0.425|R2.0: 64.4s net/day -15.67 robust_c80=fail (0.0000)
  5-year consistency|T8|p0.6|R1.0: 63.0s net/day -13.80 robust_c80=fail (0.0004)
  5-year standard|T8|p0.6|R1.0: 62.0s net/day -13.80 robust_c80=fail (0.0000)
  5-year consistency|T8|p0.5|R1.5: 64.9s net/day -12.41 robust_c80=fail (0.0003)
  5-year standard|T8|p0.5|R1.5: 62.4s net/day -12.41 robust_c80=fail (0.0000)
  5-year consistency|T2|p0.6|R0.75: 28.2s net/day -10.27 robust_c80=fail (0.0001)
  5-year standard|T2|p0.6|R0.75: 26.9s net/day -10.27 robust_c80=fail (0.0000)
  5-year consistency|T1|p0.4|R1.5: 15.4s net/day -10.15 robust_c80=fail (0.0008)
  5-year standard|T1|p0.4|R1.5: 19.8s net/day -10.15 robust_c80=fail (0.0000)
  5-year consistency|T1|p0.5|R1.0: 19.8s net/day -10.15 robust_c80=fail (0.0006)
  5-year standard|T1|p0.5|R1.0: 15.6s net/day -10.15 robust_c80=fail (0.0000)
  5-year consistency|T4|p0.4|R2.0: 39.4s net/day -6.41 robust_c80=fail (0.0018)
  5-year standard|T4|p0.4|R2.0: 41.2s net/day -6.41 robust_c80=fail (0.0003)
  5-year consistency|T2|p0.55|R1.0: 24.3s net/day -2.93 robust_c80=fail (0.0022)
  5-year standard|T2|p0.55|R1.0: 24.1s net/day -2.93 robust_c80=fail (0.0003)
  5-year consistency|T2|p0.45|R1.5: 27.7s net/day -2.58 robust_c80=fail (0.0029)
  5-year standard|T2|p0.45|R1.5: 25.9s net/day -2.58 robust_c80=fail (0.0004)
  5-year consistency|T1|p0.6|R0.75: 18.7s net/day -2.32 robust_c80=fail (0.0021)
  5-year standard|T1|p0.6|R0.75: 19.9s net/day -2.32 robust_c80=fail (0.0001)
  5-year consistency|T4|p0.58|R1.0: 40.7s net/day -1.92 robust_c80=fail (0.0034)
  5-year standard|T4|p0.58|R1.0: 34.4s net/day -1.92 robust_c80=fail (0.0001)
  5-year consistency|T4|p0.48|R1.5: 42.2s net/day -1.12 robust_c80=fail (0.0053)
  5-year standard|T4|p0.48|R1.5: 36.5s net/day -1.12 robust_c80=fail (0.0006)
  5-year consistency|T8|p0.45|R2.0: 67.6s net/day 2.20 robust_c80=fail (0.0134)
  5-year standard|T8|p0.45|R2.0: 68.7s net/day 2.20 robust_c80=fail (0.0018)
  5-year consistency|T4|p0.66|R0.75: 41.8s net/day 2.67 robust_c80=fail (0.0074)
  5-year standard|T4|p0.66|R0.75: 37.1s net/day 2.67 robust_c80=fail (0.0008)
  5-year consistency|T4|p0.59|R1.0: 49.6s net/day 2.92 robust_c80=fail (0.0094)
  5-year standard|T4|p0.59|R1.0: 39.2s net/day 2.92 robust_c80=fail (0.0006)
  5-year consistency|T1|p0.55|R1.0: 18.9s net/day 3.40 robust_c80=fail (0.0091)
  5-year standard|T1|p0.55|R1.0: 20.4s net/day 3.40 robust_c80=fail (0.0013)
  5-year consistency|T1|p0.45|R1.5: 18.5s net/day 3.68 robust_c80=fail (0.0132)
  5-year standard|T1|p0.45|R1.5: 20.3s net/day 3.68 robust_c80=fail (0.0013)
  5-year consistency|T4|p0.49|R1.5: 40.9s net/day 3.82 robust_c80=fail (0.0150)
  5-year standard|T4|p0.49|R1.5: 38.2s net/day 3.82 robust_c80=fail (0.0019)
  5-year consistency|T4|p0.42|R2.0: 43.2s net/day 3.85 robust_c80=fail (0.0149)
  5-year standard|T4|p0.42|R2.0: 37.9s net/day 3.85 robust_c80=fail (0.0026)
  5-year consistency|T2|p0.4|R2.0: 25.0s net/day 4.26 robust_c80=fail (0.0163)
  5-year standard|T2|p0.4|R2.0: 24.6s net/day 4.26 robust_c80=fail (0.0030)
  5-year consistency|T4|p0.6|R1.0: 42.9s net/day 7.76 robust_c80=fail (0.0235)
  5-year standard|T4|p0.6|R1.0: 41.3s net/day 7.76 robust_c80=fail (0.0032)
  5-year consistency|T4|p0.46|R1.75: 46.7s net/day 7.83 robust_c80=fail (0.0264)
  5-year standard|T4|p0.46|R1.75: 38.2s net/day 7.83 robust_c80=fail (0.0047)
  5-year consistency|T4|p0.5|R1.5: 42.0s net/day 8.75 robust_c80=fail (0.0300)
  5-year standard|T4|p0.5|R1.5: 42.1s net/day 8.75 robust_c80=fail (0.0053)
  5-year consistency|T4|p0.43|R2.0: 45.7s net/day 8.98 robust_c80=fail (0.0348)
  5-year standard|T4|p0.43|R2.0: 41.1s net/day 8.98 robust_c80=fail (0.0077)
  5-year consistency|T1|p0.4|R2.0: 24.9s net/day 9.02 robust_c80=fail (0.0318)
  5-year standard|T1|p0.4|R2.0: 20.2s net/day 9.02 robust_c80=fail (0.0063)
  5-year consistency|T4|p0.68|R0.75: 46.5s net/day 12.45 robust_c80=fail (0.0471)
  5-year standard|T4|p0.68|R0.75: 45.9s net/day 12.45 robust_c80=fail (0.0097)
  5-year consistency|T4|p0.44|R2.0: 48.3s net/day 14.11 robust_c80=fail (0.0760)
  5-year standard|T4|p0.44|R2.0: 43.3s net/day 14.11 robust_c80=fail (0.0169)
  5-year consistency|T2|p0.6|R1.0: 32.0s net/day 14.42 robust_c80=fail (0.0671)
  5-year standard|T2|p0.6|R1.0: 30.8s net/day 14.42 robust_c80=fail (0.0138)
  5-year consistency|T2|p0.5|R1.5: 33.4s net/day 15.14 robust_c80=fail (0.0760)
  5-year standard|T2|p0.5|R1.5: 26.4s net/day 15.14 robust_c80=fail (0.0160)
  5-year consistency|T1|p0.6|R1.0: 24.2s net/day 16.96 robust_c80=fail (0.0946)
  5-year standard|T1|p0.6|R1.0: 21.8s net/day 16.96 robust_c80=fail (0.0256)
  5-year consistency|T1|p0.5|R1.5: 24.3s net/day 17.52 robust_c80=fail (0.1116)
  5-year standard|T1|p0.5|R1.5: 19.1s net/day 17.52 robust_c80=fail (0.0285)
  5-year consistency|T4|p0.48|R1.75: 48.6s net/day 17.89 robust_c80=fail (0.1158)
  5-year standard|T4|p0.48|R1.75: 42.5s net/day 17.89 robust_c80=fail (0.0289)
  5-year consistency|T4|p0.45|R2.0: 51.9s net/day 19.24 robust_c80=fail (0.1343)
  5-year standard|T4|p0.45|R2.0: 41.0s net/day 19.24 robust_c80=fail (0.0404)
  5-year consistency|T2|p0.62|R1.0: 36.5s net/day 21.37 robust_c80=fail (0.1551)
  5-year standard|T2|p0.62|R1.0: 30.0s net/day 21.37 robust_c80=fail (0.0464)
  5-year consistency|T2|p0.52|R1.5: 34.2s net/day 22.23 robust_c80=fail (0.1796)
  5-year standard|T2|p0.52|R1.5: 34.4s net/day 22.23 robust_c80=fail (0.0545)
  5-year consistency|T2|p0.45|R2.0: 34.9s net/day 22.67 robust_c80=fail (0.2047)
  5-year standard|T2|p0.45|R2.0: 31.2s net/day 22.67 robust_c80=fail (0.0589)
  5-year consistency|T1|p0.45|R2.0: 29.7s net/day 23.40 robust_c80=fail (0.2157)
  5-year standard|T1|p0.45|R2.0: 21.9s net/day 23.40 robust_c80=fail (0.0673)
  5-year consistency|T2|p0.53|R1.5: 37.8s net/day 25.77 robust_c80=fail (0.2610)
  5-year standard|T2|p0.53|R1.5: 32.7s net/day 25.77 robust_c80=fail (0.0902)
  5-year consistency|T2|p0.5|R1.75: 41.1s net/day 28.91 robust_c80=fail (0.3407)
  5-year standard|T2|p0.5|R1.75: 34.9s net/day 28.91 robust_c80=fail (0.1361)
  5-year consistency|T1|p0.47|R2.0: 27.8s net/day 29.15 robust_c80=fail (0.3529)
  5-year standard|T1|p0.47|R2.0: 23.6s net/day 29.15 robust_c80=fail (0.1354)
  5-year consistency|T2|p0.54|R1.5: 37.5s net/day 29.31 robust_c80=fail (0.3569)
  5-year standard|T2|p0.54|R1.5: 36.6s net/day 29.31 robust_c80=fail (0.1370)
  5-year consistency|T2|p0.47|R2.0: 46.8s net/day 30.03 robust_c80=fail (0.3842)
  5-year standard|T2|p0.47|R2.0: 32.9s net/day 30.03 robust_c80=fail (0.1541)
  5-year consistency|T1|p0.65|R1.0: 33.9s net/day 30.51 robust_c80=fail (0.3744)
  5-year standard|T1|p0.65|R1.0: 30.3s net/day 30.51 robust_c80=fail (0.1784)
  5-year consistency|T1|p0.55|R1.5: 33.4s net/day 31.35 robust_c80=fail (0.4081)
  5-year standard|T1|p0.55|R1.5: 27.4s net/day 31.35 robust_c80=fail (0.1751)
  5-year consistency|T2|p0.65|R1.0: 35.1s net/day 31.78 robust_c80=fail (0.4130)
  5-year standard|T2|p0.65|R1.0: 33.6s net/day 31.78 robust_c80=fail (0.1956)
  5-year consistency|T1|p0.48|R2.0: 34.9s net/day 32.02 robust_c80=fail (0.4289)
  5-year standard|T1|p0.48|R2.0: 24.0s net/day 32.02 robust_c80=fail (0.1789)
  5-year consistency|T2|p0.55|R1.5: 39.3s net/day 32.85 robust_c80=fail (0.4525)
  5-year standard|T2|p0.55|R1.5: 36.6s net/day 32.85 robust_c80=fail (0.2067)
  5-year consistency|T4|p0.55|R1.5: 57.6s net/day 33.44 robust_c80=fail (0.4706)
  5-year standard|T4|p0.55|R1.5: 57.9s net/day 33.44 robust_c80=fail (0.2189)
  5-year consistency|T2|p0.48|R2.0: 41.6s net/day 33.71 robust_c80=fail (0.4793)
  5-year standard|T2|p0.48|R2.0: 40.2s net/day 33.71 robust_c80=fail (0.2137)
  5-year consistency|T1|p0.52|R1.75: 28.9s net/day 33.91 robust_c80=fail (0.4865)
  5-year standard|T1|p0.52|R1.75: 27.2s net/day 33.91 robust_c80=fail (0.2230)
  5-year consistency|T1|p0.56|R1.5: 32.7s net/day 34.12 robust_c80=fail (0.4900)
  5-year standard|T1|p0.56|R1.5: 26.4s net/day 34.12 robust_c80=fail (0.2338)
  5-year consistency|T1|p0.49|R2.0: 34.7s net/day 34.90 robust_c80=fail (0.5059)
  5-year standard|T1|p0.49|R2.0: 22.3s net/day 34.90 robust_c80=fail (0.2352)
  5-year consistency|T2|p0.52|R1.75: 48.5s net/day 36.13 robust_c80=fail (0.5463)
  5-year standard|T2|p0.52|R1.75: 41.4s net/day 36.13 robust_c80=fail (0.2786)
  5-year consistency|T1|p0.57|R1.5: 31.0s net/day 36.89 robust_c80=fail (0.5630)
  5-year standard|T1|p0.57|R1.5: 31.0s net/day 36.89 robust_c80=fail (0.2958)
  5-year consistency|T2|p0.49|R2.0: 44.0s net/day 37.39 robust_c80=fail (0.5854)
  5-year standard|T2|p0.49|R2.0: 45.3s net/day 37.39 robust_c80=fail (0.3026)
  5-year consistency|T1|p0.5|R2.0: 33.2s net/day 37.77 robust_c80=fail (0.5861)
  5-year standard|T1|p0.5|R2.0: 28.9s net/day 37.77 robust_c80=fail (0.2993)
  5-year consistency|T1|p0.45|R2.5: 36.5s net/day 39.14 robust_c80=fail (0.6068)
  5-year standard|T1|p0.45|R2.5: 26.8s net/day 39.14 robust_c80=fail (0.3161)
  5-year consistency|T1|p0.54|R1.75: 35.1s net/day 39.54 robust_c80=fail (0.6394)
  5-year standard|T1|p0.54|R1.75: 26.4s net/day 39.54 robust_c80=fail (0.3554)
  5-year consistency|T1|p0.58|R1.5: 33.7s net/day 39.65 robust_c80=fail (0.6368)
  5-year standard|T1|p0.58|R1.5: 31.2s net/day 39.65 robust_c80=fail (0.3675)
  5-year consistency|T2|p0.5|R2.0: 52.9s net/day 41.08 robust_c80=fail (0.6774)
  5-year standard|T2|p0.5|R2.0: 45.7s net/day 41.08 robust_c80=fail (0.3976)
  5-year consistency|T1|p0.59|R1.5: 33.7s net/day 42.42 robust_c80=fail (0.7051)
  5-year standard|T1|p0.59|R1.5: 31.1s net/day 42.42 robust_c80=fail (0.4321)
  5-year consistency|T1|p0.7|R1.0: 31.4s net/day 44.07 robust_c80=fail (0.7348)
  5-year standard|T1|p0.7|R1.0: 37.0s net/day 44.07 robust_c80=fail (0.5386)
  5-year consistency|T4|p0.5|R2.0: 77.0s net/day 44.89 robust_c80=fail (0.7558)
  5-year standard|T4|p0.5|R2.0: 63.2s net/day 44.89 robust_c80=fail (0.4918)
  5-year consistency|T1|p0.6|R1.5: 38.7s net/day 45.19 robust_c80=fail (0.7662)
  5-year standard|T1|p0.6|R1.5: 32.8s net/day 45.19 robust_c80=fail (0.5119)
  5-year consistency|T2|p0.6|R1.5: 58.3s net/day 50.57 robust_c80=pass (0.8711)
  5-year standard|T2|p0.6|R1.5: 46.5s net/day 50.57 robust_c80=fail (0.6850)
