soybean oil null comparison sample standard: 17s
  soybean oil standard|T32|p0.45|R1.5: 46.8s net/day -257.33 robust_c80=fail fail (pass impossible after 1550 runs), 1550 failures
soybean oil null comparison sample consistency: 18s
  soybean oil consistency|T4|p0.4|R0.75: 8.7s net/day -244.44 robust_c80=fail fail (pass impossible after 1550 runs), 1550 failures
  soybean oil standard|T4|p0.4|R0.75: 9.2s net/day -244.44 robust_c80=fail fail (pass impossible after 1550 runs), 1550 failures
  soybean oil standard|T32|p0.4|R2.0: 47.6s net/day -195.79 robust_c80=fail fail (pass impossible after 1550 runs), 1550 failures
  soybean oil consistency|T4|p0.45|R0.75: 7.6s net/day -188.40 robust_c80=fail fail (pass impossible after 1550 runs), 1550 failures
  soybean oil standard|T4|p0.45|R0.75: 6.9s net/day -188.40 robust_c80=fail fail (pass impossible after 1550 runs), 1550 failures
  soybean oil standard|T32|p0.475|R1.5: 46.9s net/day -177.53 robust_c80=fail fail (pass impossible after 1550 runs), 1550 failures
  soybean oil consistency|T2|p0.4|R0.75: 6.3s net/day -166.10 robust_c80=fail fail (pass impossible after 1550 runs), 1550 failures
  soybean oil standard|T2|p0.4|R0.75: 6.0s net/day -166.10 robust_c80=fail fail (pass impossible after 1550 runs), 1550 failures
  soybean oil consistency|T4|p0.4|R1.0: 8.5s net/day -163.24 robust_c80=fail fail (pass impossible after 1550 runs), 1550 failures
  soybean oil standard|T4|p0.4|R1.0: 8.3s net/day -163.24 robust_c80=fail fail (pass impossible after 1550 runs), 1550 failures
  soybean oil consistency|T4|p0.5|R0.75: 8.4s net/day -132.36 robust_c80=fail fail (pass impossible after 1550 runs), 1550 failures
  soybean oil standard|T4|p0.5|R0.75: 8.0s net/day -132.36 robust_c80=fail fail (pass impossible after 1550 runs), 1550 failures
  soybean oil consistency|T2|p0.45|R0.75: 5.3s net/day -125.32 robust_c80=fail fail (pass impossible after 1550 runs), 1550 failures
  soybean oil standard|T2|p0.45|R0.75: 5.9s net/day -125.32 robust_c80=fail fail (pass impossible after 1550 runs), 1550 failures
  soybean oil consistency|T1|p0.4|R0.75: 4.4s net/day -118.79 robust_c80=fail fail (pass impossible after 1550 runs), 1550 failures
  soybean oil standard|T1|p0.4|R0.75: 4.2s net/day -118.79 robust_c80=fail fail (pass impossible after 1550 runs), 1550 failures
  soybean oil standard|T32|p0.425|R2.0: 44.5s net/day -112.85 robust_c80=fail fail (pass impossible after 1550 runs), 1550 failures
  soybean oil consistency|T4|p0.45|R1.0: 8.9s net/day -107.77 robust_c80=fail fail (pass impossible after 1550 runs), 1550 failures
  soybean oil standard|T4|p0.45|R1.0: 8.5s net/day -107.77 robust_c80=fail fail (pass impossible after 1550 runs), 1550 failures
  soybean oil consistency|T2|p0.4|R1.0: 5.3s net/day -107.01 robust_c80=fail fail (pass impossible after 1550 runs), 1550 failures
  soybean oil standard|T2|p0.4|R1.0: 6.3s net/day -107.01 robust_c80=fail fail (pass impossible after 1550 runs), 1550 failures
  soybean oil consistency|T16|p0.55|R1.0: 27.2s net/day -97.28 robust_c80=fail fail (pass impossible after 1550 runs), 1550 failures
  soybean oil standard|T16|p0.55|R1.0: 27.0s net/day -97.28 robust_c80=fail fail (pass impossible after 1550 runs), 1550 failures
  soybean oil consistency|T16|p0.45|R1.5: 24.9s net/day -94.99 robust_c80=fail fail (pass impossible after 1550 runs), 1549 failures
  soybean oil standard|T16|p0.45|R1.5: 29.1s net/day -94.99 robust_c80=fail fail (pass impossible after 1550 runs), 1550 failures
  soybean oil consistency|T1|p0.45|R0.75: 4.3s net/day -87.99 robust_c80=fail fail (pass impossible after 1550 runs), 1549 failures
  soybean oil standard|T1|p0.45|R0.75: 5.0s net/day -87.99 robust_c80=fail fail (pass impossible after 1550 runs), 1550 failures
  soybean oil consistency|T2|p0.5|R0.75: 6.8s net/day -84.54 robust_c80=fail fail (pass impossible after 1550 runs), 1550 failures
  soybean oil standard|T2|p0.5|R0.75: 5.8s net/day -84.54 robust_c80=fail fail (pass impossible after 1550 runs), 1550 failures
  soybean oil consistency|T4|p0.55|R0.75: 10.4s net/day -76.32 robust_c80=fail fail (pass impossible after 1550 runs), 1550 failures
  soybean oil standard|T4|p0.55|R0.75: 8.7s net/day -76.32 robust_c80=fail fail (pass impossible after 1550 runs), 1550 failures
  soybean oil consistency|T1|p0.4|R1.0: 4.5s net/day -74.16 robust_c80=fail fail (pass impossible after 1550 runs), 1548 failures
  soybean oil standard|T1|p0.4|R1.0: 4.0s net/day -74.16 robust_c80=fail fail (pass impossible after 1550 runs), 1550 failures
  soybean oil consistency|T2|p0.45|R1.0: 6.0s net/day -66.65 robust_c80=fail fail (pass impossible after 1550 runs), 1549 failures
  soybean oil standard|T2|p0.45|R1.0: 5.8s net/day -66.65 robust_c80=fail fail (pass impossible after 1550 runs), 1549 failures
  soybean oil consistency|T1|p0.5|R0.75: 4.9s net/day -57.19 robust_c80=fail fail (pass impossible after 1550 runs), 1547 failures
  soybean oil standard|T1|p0.5|R0.75: 4.6s net/day -57.19 robust_c80=fail fail (pass impossible after 1550 runs), 1549 failures
  soybean oil consistency|T4|p0.4|R1.5: 8.4s net/day -52.31 robust_c80=fail fail (pass impossible after 1550 runs), 1545 failures
  soybean oil standard|T4|p0.4|R1.5: 9.3s net/day -52.31 robust_c80=fail fail (pass impossible after 1550 runs), 1550 failures
  soybean oil consistency|T4|p0.5|R1.0: 8.7s net/day -52.31 robust_c80=fail fail (pass impossible after 1550 runs), 1547 failures
  soybean oil standard|T4|p0.5|R1.0: 8.4s net/day -52.31 robust_c80=fail fail (pass impossible after 1550 runs), 1549 failures
  soybean oil consistency|T16|p0.4|R2.0: 29.3s net/day -51.26 robust_c80=fail fail (pass impossible after 1550 runs), 1539 failures
  soybean oil standard|T16|p0.4|R2.0: 28.0s net/day -51.26 robust_c80=fail fail (pass impossible after 1550 runs), 1546 failures
  soybean oil consistency|T2|p0.55|R0.75: 6.4s net/day -43.77 robust_c80=fail fail (pass impossible after 1550 runs), 1533 failures
  soybean oil standard|T2|p0.55|R0.75: 6.4s net/day -43.77 robust_c80=fail fail (pass impossible after 1550 runs), 1549 failures
  soybean oil consistency|T1|p0.45|R1.0: 5.2s net/day -43.67 robust_c80=fail fail (pass impossible after 1550 runs), 1539 failures
  soybean oil standard|T1|p0.45|R1.0: 4.7s net/day -43.67 robust_c80=fail fail (pass impossible after 1550 runs), 1548 failures
  soybean oil consistency|T16|p0.475|R1.5: 29.8s net/day -38.29 robust_c80=fail fail (pass impossible after 1600 runs), 1578 failures
  soybean oil standard|T16|p0.475|R1.5: 30.8s net/day -38.29 robust_c80=fail fail (pass impossible after 1550 runs), 1543 failures
  soybean oil consistency|T1|p0.55|R0.75: 4.9s net/day -26.39 robust_c80=fail fail (pass impossible after 1600 runs), 1558 failures
  soybean oil standard|T1|p0.55|R0.75: 5.5s net/day -26.39 robust_c80=fail fail (pass impossible after 1550 runs), 1542 failures
  soybean oil consistency|T2|p0.4|R1.5: 6.8s net/day -26.29 robust_c80=fail fail (pass impossible after 1600 runs), 1566 failures
  soybean oil standard|T2|p0.4|R1.5: 6.4s net/day -26.29 robust_c80=fail fail (pass impossible after 1550 runs), 1544 failures
  soybean oil consistency|T2|p0.5|R1.0: 6.4s net/day -26.29 robust_c80=fail fail (pass impossible after 1600 runs), 1564 failures
  soybean oil standard|T2|p0.5|R1.0: 7.5s net/day -26.29 robust_c80=fail fail (pass impossible after 1550 runs), 1544 failures
  soybean oil consistency|T8|p0.55|R1.0: 18.6s net/day -24.31 robust_c80=fail fail (pass impossible after 1600 runs), 1566 failures
  soybean oil standard|T8|p0.55|R1.0: 18.1s net/day -24.31 robust_c80=fail fail (pass impossible after 1550 runs), 1538 failures
  soybean oil consistency|T8|p0.45|R1.5: 19.4s net/day -22.67 robust_c80=fail fail (pass impossible after 1600 runs), 1551 failures
  soybean oil standard|T8|p0.45|R1.5: 17.1s net/day -22.67 robust_c80=fail fail (pass impossible after 1550 runs), 1535 failures
  soybean oil consistency|T4|p0.6|R0.75: 11.2s net/day -20.29 robust_c80=fail fail (pass impossible after 1600 runs), 1561 failures
  soybean oil standard|T4|p0.6|R0.75: 9.5s net/day -20.29 robust_c80=fail fail (pass impossible after 1550 runs), 1543 failures
  soybean oil consistency|T1|p0.4|R1.5: 4.2s net/day -13.19 robust_c80=fail fail (pass impossible after 1650 runs), 1575 failures
  soybean oil standard|T1|p0.4|R1.5: 5.0s net/day -13.19 robust_c80=fail fail (pass impossible after 1600 runs), 1574 failures
  soybean oil consistency|T1|p0.5|R1.0: 5.5s net/day -13.19 robust_c80=fail fail (pass impossible after 1650 runs), 1548 failures
  soybean oil standard|T1|p0.5|R1.0: 5.4s net/day -13.19 robust_c80=fail fail (pass impossible after 1600 runs), 1566 failures
  soybean oil consistency|T2|p0.6|R0.75: 6.1s net/day -2.99 robust_c80=fail fail (pass impossible after 1700 runs), 1542 failures
  soybean oil standard|T2|p0.6|R0.75: 7.0s net/day -2.99 robust_c80=fail fail (pass impossible after 1600 runs), 1559 failures
  soybean oil consistency|T4|p0.55|R1.0: 12.6s net/day 3.16 robust_c80=fail fail (pass impossible after 1750 runs), 1549 failures
  soybean oil standard|T4|p0.55|R1.0: 9.4s net/day 3.16 robust_c80=fail fail (pass impossible after 1600 runs), 1551 failures
  soybean oil consistency|T4|p0.45|R1.5: 10.9s net/day 4.30 robust_c80=fail fail (pass impossible after 1750 runs), 1539 failures
  soybean oil standard|T4|p0.45|R1.5: 11.5s net/day 4.30 robust_c80=fail fail (pass impossible after 1600 runs), 1533 failures
  soybean oil consistency|T1|p0.6|R0.75: 6.9s net/day 4.41 robust_c80=fail fail (pass impossible after 1850 runs), 1565 failures
  soybean oil standard|T1|p0.6|R0.75: 5.7s net/day 4.41 robust_c80=fail fail (pass impossible after 1650 runs), 1565 failures
  soybean oil consistency|T16|p0.425|R2.0: 38.3s net/day 7.66 robust_c80=fail fail (pass impossible after 1800 runs), 1537 failures
  soybean oil standard|T16|p0.425|R2.0: 34.2s net/day 7.66 robust_c80=fail fail (pass impossible after 1700 runs), 1578 failures
  soybean oil consistency|T8|p0.4|R2.0: 23.0s net/day 8.72 robust_c80=fail fail (pass impossible after 1800 runs), 1559 failures
  soybean oil standard|T8|p0.4|R2.0: 19.3s net/day 8.72 robust_c80=fail fail (pass impossible after 1650 runs), 1540 failures
  soybean oil consistency|T16|p0.6|R1.0: 41.6s net/day 13.82 robust_c80=fail fail (pass impossible after 1950 runs), 1548 failures
  soybean oil standard|T16|p0.6|R1.0: 36.5s net/day 13.82 robust_c80=fail fail (pass impossible after 1700 runs), 1568 failures
  soybean oil consistency|T2|p0.55|R1.0: 10.2s net/day 14.07 robust_c80=fail fail (pass impossible after 1950 runs), 1537 failures
  soybean oil standard|T2|p0.55|R1.0: 8.3s net/day 14.07 robust_c80=fail fail (pass impossible after 1700 runs), 1571 failures
  soybean oil consistency|T2|p0.45|R1.5: 10.4s net/day 14.90 robust_c80=fail fail (pass impossible after 1900 runs), 1541 failures
  soybean oil standard|T2|p0.45|R1.5: 7.6s net/day 14.90 robust_c80=fail fail (pass impossible after 1700 runs), 1575 failures
  soybean oil consistency|T8|p0.575|R1.0: 24.8s net/day 15.56 robust_c80=fail fail (pass impossible after 1950 runs), 1538 failures
  soybean oil standard|T8|p0.575|R1.0: 21.9s net/day 15.56 robust_c80=fail fail (pass impossible after 1700 runs), 1560 failures
  soybean oil consistency|T1|p0.55|R1.0: 7.8s net/day 17.29 robust_c80=fail fail (pass impossible after 2000 runs), 1534 failures
  soybean oil standard|T1|p0.55|R1.0: 5.8s net/day 17.29 robust_c80=fail fail (pass impossible after 1700 runs), 1537 failures
  soybean oil consistency|T1|p0.45|R1.5: 7.8s net/day 17.92 robust_c80=fail fail (pass impossible after 2000 runs), 1560 failures
  soybean oil standard|T1|p0.45|R1.5: 6.5s net/day 17.92 robust_c80=fail fail (pass impossible after 1700 runs), 1549 failures
  soybean oil consistency|T8|p0.475|R1.5: 29.4s net/day 18.03 robust_c80=fail fail (pass impossible after 2000 runs), 1535 failures
  soybean oil standard|T8|p0.475|R1.5: 21.0s net/day 18.03 robust_c80=fail fail (pass impossible after 1750 runs), 1557 failures
  soybean oil consistency|T4|p0.4|R2.0: 18.4s net/day 26.13 robust_c80=fail fail (pass impossible after 2100 runs), 1536 failures
  soybean oil standard|T4|p0.4|R2.0: 13.1s net/day 26.13 robust_c80=fail fail (pass impossible after 1800 runs), 1565 failures
  soybean oil consistency|T1|p0.4|R2.0: 9.2s net/day 29.92 robust_c80=fail fail (pass impossible after 2150 runs), 1532 failures
  soybean oil standard|T1|p0.4|R2.0: 5.7s net/day 29.92 robust_c80=fail fail (pass impossible after 1850 runs), 1568 failures
  soybean oil consistency|T2|p0.4|R2.0: 9.7s net/day 30.79 robust_c80=fail fail (pass impossible after 2250 runs), 1538 failures
  soybean oil standard|T2|p0.4|R2.0: 8.5s net/day 30.79 robust_c80=fail fail (pass impossible after 1850 runs), 1559 failures
  soybean oil consistency|T4|p0.58|R1.0: 19.7s net/day 36.43 robust_c80=fail fail (pass impossible after 2700 runs), 1550 failures
  soybean oil standard|T4|p0.58|R1.0: 14.0s net/day 36.43 robust_c80=fail fail (pass impossible after 1950 runs), 1538 failures
  soybean oil consistency|T4|p0.48|R1.5: 23.6s net/day 38.26 robust_c80=fail fail (pass impossible after 2700 runs), 1534 failures
  soybean oil standard|T4|p0.48|R1.5: 14.3s net/day 38.26 robust_c80=fail fail (pass impossible after 2050 runs), 1570 failures
  soybean oil consistency|T4|p0.66|R0.75: 34.2s net/day 46.96 robust_c80=fail fail (pass impossible after 3700 runs), 1544 failures
  soybean oil standard|T4|p0.66|R0.75: 17.6s net/day 46.96 robust_c80=fail fail (pass impossible after 2250 runs), 1534 failures
  soybean oil consistency|T4|p0.59|R1.0: 29.6s net/day 47.53 robust_c80=fail fail (pass impossible after 3550 runs), 1541 failures
  soybean oil standard|T4|p0.59|R1.0: 15.8s net/day 47.53 robust_c80=fail fail (pass impossible after 2300 runs), 1561 failures
  soybean oil consistency|T1|p0.6|R1.0: 15.8s net/day 47.78 robust_c80=fail fail (pass impossible after 3700 runs), 1538 failures
  soybean oil standard|T1|p0.6|R1.0: 8.0s net/day 47.78 robust_c80=fail fail (pass impossible after 2300 runs), 1536 failures
  soybean oil consistency|T1|p0.5|R1.5: 19.0s net/day 49.03 robust_c80=fail fail (pass impossible after 3600 runs), 1534 failures
  soybean oil standard|T1|p0.5|R1.5: 9.6s net/day 49.03 robust_c80=fail fail (pass impossible after 2400 runs), 1558 failures
  soybean oil consistency|T4|p0.49|R1.5: 34.1s net/day 49.59 robust_c80=fail fail (pass impossible after 3550 runs), 1546 failures
  soybean oil standard|T4|p0.49|R1.5: 18.6s net/day 49.59 robust_c80=fail fail (pass impossible after 2300 runs), 1544 failures
  soybean oil consistency|T4|p0.42|R2.0: 28.7s net/day 49.66 robust_c80=fail fail (pass impossible after 3400 runs), 1544 failures
  soybean oil standard|T4|p0.42|R2.0: 16.4s net/day 49.66 robust_c80=fail fail (pass impossible after 2250 runs), 1536 failures
  soybean oil consistency|T8|p0.425|R2.0: 55.1s net/day 51.02 robust_c80=fail fail (pass impossible after 3550 runs), 1534 failures
  soybean oil standard|T8|p0.425|R2.0: 28.0s net/day 51.02 robust_c80=fail fail (pass impossible after 2300 runs), 1544 failures
  soybean oil consistency|T2|p0.6|R1.0: 26.3s net/day 54.43 robust_c80=fail fail (pass impossible after 4600 runs), 1551 failures
  soybean oil standard|T2|p0.6|R1.0: 12.6s net/day 54.43 robust_c80=fail fail (pass impossible after 2550 runs), 1539 failures
  soybean oil consistency|T8|p0.6|R1.0: 69.4s net/day 55.44 robust_c80=fail fail (pass impossible after 4450 runs), 1548 failures
  soybean oil standard|T8|p0.6|R1.0: 36.2s net/day 55.44 robust_c80=fail fail (pass impossible after 2600 runs), 1542 failures
  soybean oil consistency|T2|p0.5|R1.5: 26.7s net/day 56.09 robust_c80=fail fail (pass impossible after 4650 runs), 1543 failures
  soybean oil standard|T2|p0.5|R1.5: 13.2s net/day 56.09 robust_c80=fail fail (pass impossible after 2650 runs), 1539 failures
  soybean oil consistency|T4|p0.6|R1.0: 47.1s net/day 58.62 robust_c80=fail fail (pass impossible after 5050 runs), 1548 failures
  soybean oil standard|T4|p0.6|R1.0: 20.0s net/day 58.62 robust_c80=fail fail (pass impossible after 2750 runs), 1549 failures
  soybean oil consistency|T8|p0.5|R1.5: 72.3s net/day 58.73 robust_c80=fail fail (pass impossible after 4750 runs), 1540 failures
  soybean oil standard|T8|p0.5|R1.5: 35.8s net/day 58.73 robust_c80=fail fail (pass impossible after 2750 runs), 1559 failures
  soybean oil consistency|T4|p0.46|R1.75: 43.1s net/day 58.80 robust_c80=fail fail (pass impossible after 4550 runs), 1538 failures
  soybean oil standard|T4|p0.46|R1.75: 20.8s net/day 58.80 robust_c80=fail fail (pass impossible after 2650 runs), 1562 failures
  soybean oil consistency|T4|p0.5|R1.5: 47.4s net/day 60.91 robust_c80=fail fail (pass impossible after 5150 runs), 1542 failures
  soybean oil standard|T4|p0.5|R1.5: 22.5s net/day 60.91 robust_c80=fail fail (pass impossible after 2750 runs), 1532 failures
  soybean oil consistency|T4|p0.43|R2.0: 48.5s net/day 61.43 robust_c80=fail fail (pass impossible after 4900 runs), 1535 failures
  soybean oil standard|T4|p0.43|R2.0: 19.3s net/day 61.43 robust_c80=fail fail (pass impossible after 2700 runs), 1558 failures
  soybean oil consistency|T1|p0.45|R2.0: 21.9s net/day 62.25 robust_c80=fail fail (pass impossible after 4750 runs), 1533 failures
  soybean oil standard|T1|p0.45|R2.0: 10.9s net/day 62.25 robust_c80=fail fail (pass impossible after 2800 runs), 1547 failures
  soybean oil consistency|T4|p0.68|R0.75: 76.1s net/day 69.38 robust_c80=pass (0.8243)
  soybean oil standard|T4|p0.68|R0.75: 31.0s net/day 69.38 robust_c80=fail fail (pass impossible after 3750 runs), 1547 failures
