soybean meal null comparison sample standard: 17s
  soybean meal standard|T32|p0.45|R1.5: 46.9s net/day -398.70 robust_c80=fail fail (pass impossible after 1550 runs), 1550 failures
  soybean meal standard|T32|p0.4|R2.0: 45.6s net/day -353.99 robust_c80=fail fail (pass impossible after 1550 runs), 1550 failures
  soybean meal standard|T32|p0.475|R1.5: 45.1s net/day -340.74 robust_c80=fail fail (pass impossible after 1550 runs), 1550 failures
  soybean meal standard|T32|p0.425|R2.0: 47.5s net/day -293.75 robust_c80=fail fail (pass impossible after 1550 runs), 1550 failures
soybean meal null comparison sample consistency: 20s
  soybean meal consistency|T4|p0.4|R0.75: 8.3s net/day -207.46 robust_c80=fail fail (pass impossible after 1550 runs), 1550 failures
  soybean meal standard|T4|p0.4|R0.75: 8.6s net/day -207.46 robust_c80=fail fail (pass impossible after 1550 runs), 1550 failures
  soybean meal consistency|T16|p0.55|R1.0: 28.2s net/day -177.83 robust_c80=fail fail (pass impossible after 1550 runs), 1550 failures
  soybean meal standard|T16|p0.55|R1.0: 24.7s net/day -177.83 robust_c80=fail fail (pass impossible after 1550 runs), 1550 failures
  soybean meal consistency|T16|p0.45|R1.5: 26.5s net/day -176.19 robust_c80=fail fail (pass impossible after 1550 runs), 1550 failures
  soybean meal standard|T16|p0.45|R1.5: 27.8s net/day -176.19 robust_c80=fail fail (pass impossible after 1550 runs), 1550 failures
  soybean meal consistency|T4|p0.45|R0.75: 9.2s net/day -165.77 robust_c80=fail fail (pass impossible after 1550 runs), 1550 failures
  soybean meal standard|T4|p0.45|R0.75: 8.8s net/day -165.77 robust_c80=fail fail (pass impossible after 1550 runs), 1550 failures
  soybean meal consistency|T4|p0.4|R1.0: 9.3s net/day -147.04 robust_c80=fail fail (pass impossible after 1550 runs), 1550 failures
  soybean meal standard|T4|p0.4|R1.0: 8.7s net/day -147.04 robust_c80=fail fail (pass impossible after 1550 runs), 1550 failures
  soybean meal consistency|T16|p0.4|R2.0: 27.3s net/day -144.83 robust_c80=fail fail (pass impossible after 1550 runs), 1550 failures
  soybean meal standard|T16|p0.4|R2.0: 27.7s net/day -144.83 robust_c80=fail fail (pass impossible after 1550 runs), 1550 failures
  soybean meal consistency|T2|p0.4|R0.75: 5.8s net/day -136.66 robust_c80=fail fail (pass impossible after 1550 runs), 1550 failures
  soybean meal standard|T2|p0.4|R0.75: 5.8s net/day -136.66 robust_c80=fail fail (pass impossible after 1550 runs), 1550 failures
  soybean meal consistency|T16|p0.475|R1.5: 22.9s net/day -135.53 robust_c80=fail fail (pass impossible after 1550 runs), 1550 failures
  soybean meal standard|T16|p0.475|R1.5: 26.9s net/day -135.53 robust_c80=fail fail (pass impossible after 1550 runs), 1550 failures
  soybean meal consistency|T4|p0.5|R0.75: 9.5s net/day -124.07 robust_c80=fail fail (pass impossible after 1550 runs), 1550 failures
  soybean meal standard|T4|p0.5|R0.75: 7.4s net/day -124.07 robust_c80=fail fail (pass impossible after 1550 runs), 1550 failures
  soybean meal consistency|T2|p0.45|R0.75: 5.8s net/day -106.23 robust_c80=fail fail (pass impossible after 1550 runs), 1550 failures
  soybean meal standard|T2|p0.45|R0.75: 5.9s net/day -106.23 robust_c80=fail fail (pass impossible after 1550 runs), 1550 failures
  soybean meal consistency|T4|p0.45|R1.0: 9.2s net/day -105.78 robust_c80=fail fail (pass impossible after 1550 runs), 1550 failures
  soybean meal standard|T4|p0.45|R1.0: 7.2s net/day -105.78 robust_c80=fail fail (pass impossible after 1550 runs), 1550 failures
  soybean meal consistency|T16|p0.425|R2.0: 28.8s net/day -102.58 robust_c80=fail fail (pass impossible after 1550 runs), 1550 failures
  soybean meal standard|T16|p0.425|R2.0: 27.8s net/day -102.58 robust_c80=fail fail (pass impossible after 1550 runs), 1550 failures
  soybean meal consistency|T16|p0.6|R1.0: 27.2s net/day -98.17 robust_c80=fail fail (pass impossible after 1550 runs), 1550 failures
  soybean meal standard|T16|p0.6|R1.0: 26.4s net/day -98.17 robust_c80=fail fail (pass impossible after 1550 runs), 1550 failures
  soybean meal consistency|T2|p0.4|R1.0: 5.7s net/day -92.56 robust_c80=fail fail (pass impossible after 1550 runs), 1550 failures
  soybean meal standard|T2|p0.4|R1.0: 6.6s net/day -92.56 robust_c80=fail fail (pass impossible after 1550 runs), 1550 failures
  soybean meal consistency|T1|p0.4|R0.75: 5.1s net/day -89.89 robust_c80=fail fail (pass impossible after 1550 runs), 1550 failures
  soybean meal standard|T1|p0.4|R0.75: 4.8s net/day -89.89 robust_c80=fail fail (pass impossible after 1550 runs), 1550 failures
  soybean meal consistency|T4|p0.55|R0.75: 8.5s net/day -82.38 robust_c80=fail fail (pass impossible after 1550 runs), 1550 failures
  soybean meal standard|T4|p0.55|R0.75: 8.9s net/day -82.38 robust_c80=fail fail (pass impossible after 1550 runs), 1550 failures
  soybean meal consistency|T2|p0.5|R0.75: 6.6s net/day -75.80 robust_c80=fail fail (pass impossible after 1550 runs), 1550 failures
  soybean meal standard|T2|p0.5|R0.75: 5.2s net/day -75.80 robust_c80=fail fail (pass impossible after 1550 runs), 1550 failures
  soybean meal consistency|T8|p0.55|R1.0: 17.6s net/day -71.96 robust_c80=fail fail (pass impossible after 1550 runs), 1550 failures
  soybean meal standard|T8|p0.55|R1.0: 16.7s net/day -71.96 robust_c80=fail fail (pass impossible after 1550 runs), 1550 failures
  soybean meal consistency|T8|p0.45|R1.5: 19.2s net/day -70.79 robust_c80=fail fail (pass impossible after 1550 runs), 1550 failures
  soybean meal standard|T8|p0.45|R1.5: 19.1s net/day -70.79 robust_c80=fail fail (pass impossible after 1550 runs), 1550 failures
  soybean meal consistency|T1|p0.45|R0.75: 5.2s net/day -68.41 robust_c80=fail fail (pass impossible after 1550 runs), 1550 failures
  soybean meal standard|T1|p0.45|R0.75: 3.8s net/day -68.41 robust_c80=fail fail (pass impossible after 1550 runs), 1550 failures
  soybean meal consistency|T4|p0.4|R1.5: 10.0s net/day -64.51 robust_c80=fail fail (pass impossible after 1550 runs), 1550 failures
  soybean meal standard|T4|p0.4|R1.5: 9.1s net/day -64.51 robust_c80=fail fail (pass impossible after 1550 runs), 1550 failures
  soybean meal consistency|T4|p0.5|R1.0: 8.6s net/day -64.51 robust_c80=fail fail (pass impossible after 1550 runs), 1550 failures
  soybean meal standard|T4|p0.5|R1.0: 7.9s net/day -64.51 robust_c80=fail fail (pass impossible after 1550 runs), 1550 failures
  soybean meal consistency|T2|p0.45|R1.0: 6.3s net/day -62.45 robust_c80=fail fail (pass impossible after 1550 runs), 1550 failures
  soybean meal standard|T2|p0.45|R1.0: 6.2s net/day -62.45 robust_c80=fail fail (pass impossible after 1550 runs), 1550 failures
  soybean meal consistency|T1|p0.4|R1.0: 4.5s net/day -58.76 robust_c80=fail fail (pass impossible after 1550 runs), 1550 failures
  soybean meal standard|T1|p0.4|R1.0: 4.7s net/day -58.76 robust_c80=fail fail (pass impossible after 1550 runs), 1550 failures
  soybean meal consistency|T8|p0.4|R2.0: 16.4s net/day -48.42 robust_c80=fail fail (pass impossible after 1550 runs), 1550 failures
  soybean meal standard|T8|p0.4|R2.0: 18.0s net/day -48.42 robust_c80=fail fail (pass impossible after 1550 runs), 1550 failures
  soybean meal consistency|T1|p0.5|R0.75: 5.0s net/day -46.92 robust_c80=fail fail (pass impossible after 1550 runs), 1550 failures
  soybean meal standard|T1|p0.5|R0.75: 5.4s net/day -46.92 robust_c80=fail fail (pass impossible after 1550 runs), 1550 failures
  soybean meal consistency|T2|p0.55|R0.75: 6.7s net/day -45.37 robust_c80=fail fail (pass impossible after 1550 runs), 1550 failures
  soybean meal standard|T2|p0.55|R0.75: 6.0s net/day -45.37 robust_c80=fail fail (pass impossible after 1550 runs), 1550 failures
  soybean meal consistency|T8|p0.575|R1.0: 17.2s net/day -43.55 robust_c80=fail fail (pass impossible after 1550 runs), 1550 failures
  soybean meal standard|T8|p0.575|R1.0: 17.2s net/day -43.55 robust_c80=fail fail (pass impossible after 1550 runs), 1550 failures
  soybean meal consistency|T8|p0.475|R1.5: 20.5s net/day -41.79 robust_c80=fail fail (pass impossible after 1550 runs), 1549 failures
  soybean meal standard|T8|p0.475|R1.5: 17.2s net/day -41.79 robust_c80=fail fail (pass impossible after 1550 runs), 1550 failures
  soybean meal consistency|T4|p0.6|R0.75: 8.9s net/day -40.68 robust_c80=fail fail (pass impossible after 1550 runs), 1550 failures
  soybean meal standard|T4|p0.6|R0.75: 9.3s net/day -40.68 robust_c80=fail fail (pass impossible after 1550 runs), 1550 failures
  soybean meal consistency|T1|p0.45|R1.0: 4.3s net/day -37.49 robust_c80=fail fail (pass impossible after 1550 runs), 1549 failures
  soybean meal standard|T1|p0.45|R1.0: 4.8s net/day -37.49 robust_c80=fail fail (pass impossible after 1550 runs), 1550 failures
  soybean meal consistency|T2|p0.4|R1.5: 6.5s net/day -32.33 robust_c80=fail fail (pass impossible after 1550 runs), 1550 failures
  soybean meal standard|T2|p0.4|R1.5: 6.7s net/day -32.33 robust_c80=fail fail (pass impossible after 1550 runs), 1550 failures
  soybean meal consistency|T2|p0.5|R1.0: 6.0s net/day -32.33 robust_c80=fail fail (pass impossible after 1550 runs), 1548 failures
  soybean meal standard|T2|p0.5|R1.0: 5.4s net/day -32.33 robust_c80=fail fail (pass impossible after 1550 runs), 1550 failures
  soybean meal consistency|T1|p0.55|R0.75: 4.7s net/day -25.44 robust_c80=fail fail (pass impossible after 1550 runs), 1550 failures
  soybean meal standard|T1|p0.55|R0.75: 4.7s net/day -25.44 robust_c80=fail fail (pass impossible after 1550 runs), 1550 failures
  soybean meal consistency|T4|p0.55|R1.0: 9.6s net/day -23.24 robust_c80=fail fail (pass impossible after 1550 runs), 1544 failures
  soybean meal standard|T4|p0.55|R1.0: 9.5s net/day -23.24 robust_c80=fail fail (pass impossible after 1550 runs), 1549 failures
  soybean meal consistency|T4|p0.45|R1.5: 9.6s net/day -22.39 robust_c80=fail fail (pass impossible after 1550 runs), 1538 failures
  soybean meal standard|T4|p0.45|R1.5: 9.0s net/day -22.39 robust_c80=fail fail (pass impossible after 1550 runs), 1550 failures
  soybean meal consistency|T8|p0.425|R2.0: 18.4s net/day -18.29 robust_c80=fail fail (pass impossible after 1550 runs), 1539 failures
  soybean meal standard|T8|p0.425|R2.0: 11.8s net/day -18.29 robust_c80=fail fail (pass impossible after 1550 runs), 1547 failures
  soybean meal consistency|T1|p0.4|R1.5: 3.2s net/day -16.23 robust_c80=fail fail (pass impossible after 1550 runs), 1538 failures
  soybean meal standard|T1|p0.4|R1.5: 4.0s net/day -16.23 robust_c80=fail fail (pass impossible after 1550 runs), 1548 failures
  soybean meal consistency|T1|p0.5|R1.0: 5.2s net/day -16.23 robust_c80=fail fail (pass impossible after 1550 runs), 1543 failures
  soybean meal standard|T1|p0.5|R1.0: 5.6s net/day -16.23 robust_c80=fail fail (pass impossible after 1550 runs), 1549 failures
  soybean meal consistency|T8|p0.6|R1.0: 16.1s net/day -15.14 robust_c80=fail fail (pass impossible after 1550 runs), 1542 failures
  soybean meal standard|T8|p0.6|R1.0: 17.8s net/day -15.14 robust_c80=fail fail (pass impossible after 1550 runs), 1549 failures
  soybean meal consistency|T2|p0.6|R0.75: 6.9s net/day -14.94 robust_c80=fail fail (pass impossible after 1550 runs), 1537 failures
  soybean meal standard|T2|p0.6|R0.75: 6.6s net/day -14.94 robust_c80=fail fail (pass impossible after 1550 runs), 1550 failures
  soybean meal consistency|T8|p0.5|R1.5: 17.5s net/day -12.80 robust_c80=fail fail (pass impossible after 1550 runs), 1535 failures
  soybean meal standard|T8|p0.5|R1.5: 17.5s net/day -12.80 robust_c80=fail fail (pass impossible after 1550 runs), 1550 failures
  soybean meal consistency|T4|p0.4|R2.0: 8.9s net/day -6.15 robust_c80=fail fail (pass impossible after 1600 runs), 1550 failures
  soybean meal standard|T4|p0.4|R2.0: 9.6s net/day -6.15 robust_c80=fail fail (pass impossible after 1550 runs), 1542 failures
  soybean meal consistency|T1|p0.6|R0.75: 5.5s net/day -3.95 robust_c80=fail fail (pass impossible after 1600 runs), 1571 failures
  soybean meal standard|T1|p0.6|R0.75: 5.5s net/day -3.95 robust_c80=fail fail (pass impossible after 1550 runs), 1547 failures
  soybean meal consistency|T2|p0.55|R1.0: 8.1s net/day -2.21 robust_c80=fail fail (pass impossible after 1600 runs), 1550 failures
  soybean meal standard|T2|p0.55|R1.0: 7.4s net/day -2.21 robust_c80=fail fail (pass impossible after 1550 runs), 1542 failures
  soybean meal consistency|T2|p0.45|R1.5: 7.0s net/day -1.59 robust_c80=fail fail (pass impossible after 1600 runs), 1551 failures
  soybean meal standard|T2|p0.45|R1.5: 7.8s net/day -1.59 robust_c80=fail fail (pass impossible after 1550 runs), 1539 failures
  soybean meal consistency|T4|p0.58|R1.0: 12.3s net/day 1.52 robust_c80=fail fail (pass impossible after 1650 runs), 1554 failures
  soybean meal standard|T4|p0.58|R1.0: 10.4s net/day 1.52 robust_c80=fail fail (pass impossible after 1550 runs), 1535 failures
  soybean meal consistency|T4|p0.48|R1.5: 12.3s net/day 2.88 robust_c80=fail fail (pass impossible after 1650 runs), 1549 failures
  soybean meal standard|T4|p0.48|R1.5: 11.7s net/day 2.88 robust_c80=fail fail (pass impossible after 1600 runs), 1578 failures
  soybean meal consistency|T1|p0.55|R1.0: 5.4s net/day 5.03 robust_c80=fail fail (pass impossible after 1650 runs), 1570 failures
  soybean meal standard|T1|p0.55|R1.0: 4.6s net/day 5.03 robust_c80=fail fail (pass impossible after 1550 runs), 1540 failures
  soybean meal consistency|T1|p0.45|R1.5: 5.7s net/day 5.47 robust_c80=fail fail (pass impossible after 1650 runs), 1552 failures
  soybean meal standard|T1|p0.45|R1.5: 5.2s net/day 5.47 robust_c80=fail fail (pass impossible after 1600 runs), 1578 failures
  soybean meal consistency|T4|p0.66|R0.75: 12.4s net/day 9.35 robust_c80=fail fail (pass impossible after 1700 runs), 1551 failures
  soybean meal standard|T4|p0.66|R0.75: 10.7s net/day 9.35 robust_c80=fail fail (pass impossible after 1550 runs), 1532 failures
  soybean meal consistency|T4|p0.59|R1.0: 13.0s net/day 9.77 robust_c80=fail fail (pass impossible after 1700 runs), 1535 failures
  soybean meal standard|T4|p0.59|R1.0: 11.1s net/day 9.77 robust_c80=fail fail (pass impossible after 1600 runs), 1563 failures
  soybean meal consistency|T2|p0.4|R2.0: 7.8s net/day 10.26 robust_c80=fail fail (pass impossible after 1750 runs), 1570 failures
  soybean meal standard|T2|p0.4|R2.0: 8.0s net/day 10.26 robust_c80=fail fail (pass impossible after 1600 runs), 1566 failures
  soybean meal consistency|T4|p0.49|R1.5: 12.9s net/day 11.30 robust_c80=fail fail (pass impossible after 1750 runs), 1545 failures
  soybean meal standard|T4|p0.49|R1.5: 12.4s net/day 11.30 robust_c80=fail fail (pass impossible after 1600 runs), 1549 failures
  soybean meal consistency|T4|p0.42|R2.0: 12.7s net/day 11.36 robust_c80=fail fail (pass impossible after 1750 runs), 1548 failures
  soybean meal standard|T4|p0.42|R2.0: 10.3s net/day 11.36 robust_c80=fail fail (pass impossible after 1600 runs), 1558 failures
  soybean meal consistency|T8|p0.45|R2.0: 19.9s net/day 11.84 robust_c80=fail fail (pass impossible after 1750 runs), 1546 failures
  soybean meal standard|T8|p0.45|R2.0: 19.4s net/day 11.84 robust_c80=fail fail (pass impossible after 1600 runs), 1560 failures
  soybean meal consistency|T1|p0.4|R2.0: 5.3s net/day 13.84 robust_c80=fail fail (pass impossible after 1800 runs), 1567 failures
  soybean meal standard|T1|p0.4|R2.0: 6.0s net/day 13.84 robust_c80=fail fail (pass impossible after 1600 runs), 1551 failures
  soybean meal consistency|T4|p0.6|R1.0: 14.5s net/day 18.02 robust_c80=fail fail (pass impossible after 1850 runs), 1534 failures
  soybean meal standard|T4|p0.6|R1.0: 10.4s net/day 18.02 robust_c80=fail fail (pass impossible after 1650 runs), 1572 failures
  soybean meal consistency|T4|p0.46|R1.75: 15.0s net/day 18.16 robust_c80=fail fail (pass impossible after 1900 runs), 1539 failures
  soybean meal standard|T4|p0.46|R1.75: 10.0s net/day 18.16 robust_c80=fail fail (pass impossible after 1650 runs), 1570 failures
  soybean meal consistency|T4|p0.5|R1.5: 13.4s net/day 19.73 robust_c80=fail fail (pass impossible after 1950 runs), 1555 failures
  soybean meal standard|T4|p0.5|R1.5: 11.7s net/day 19.73 robust_c80=fail fail (pass impossible after 1650 runs), 1550 failures
  soybean meal consistency|T4|p0.43|R2.0: 14.1s net/day 20.11 robust_c80=fail fail (pass impossible after 1950 runs), 1545 failures
  soybean meal standard|T4|p0.43|R2.0: 10.5s net/day 20.11 robust_c80=fail fail (pass impossible after 1650 runs), 1548 failures
  soybean meal consistency|T4|p0.68|R0.75: 17.3s net/day 26.03 robust_c80=fail fail (pass impossible after 2150 runs), 1532 failures
  soybean meal standard|T4|p0.68|R0.75: 12.9s net/day 26.03 robust_c80=fail fail (pass impossible after 1700 runs), 1544 failures
  soybean meal consistency|T1|p0.6|R1.0: 8.2s net/day 26.30 robust_c80=fail fail (pass impossible after 2100 runs), 1546 failures
  soybean meal standard|T1|p0.6|R1.0: 5.7s net/day 26.30 robust_c80=fail fail (pass impossible after 1650 runs), 1535 failures
  soybean meal consistency|T1|p0.5|R1.5: 9.9s net/day 27.17 robust_c80=fail fail (pass impossible after 2200 runs), 1537 failures
  soybean meal standard|T1|p0.5|R1.5: 6.3s net/day 27.17 robust_c80=fail fail (pass impossible after 1700 runs), 1561 failures
  soybean meal consistency|T2|p0.6|R1.0: 13.1s net/day 27.90 robust_c80=fail fail (pass impossible after 2250 runs), 1564 failures
  soybean meal standard|T2|p0.6|R1.0: 7.4s net/day 27.90 robust_c80=fail fail (pass impossible after 1750 runs), 1577 failures
  soybean meal consistency|T4|p0.44|R2.0: 19.5s net/day 28.87 robust_c80=fail fail (pass impossible after 2300 runs), 1560 failures
  soybean meal standard|T4|p0.44|R2.0: 12.4s net/day 28.87 robust_c80=fail fail (pass impossible after 1750 runs), 1541 failures
  soybean meal consistency|T2|p0.5|R1.5: 13.8s net/day 29.15 robust_c80=fail fail (pass impossible after 2350 runs), 1547 failures
  soybean meal standard|T2|p0.5|R1.5: 7.6s net/day 29.15 robust_c80=fail fail (pass impossible after 1750 runs), 1565 failures
  soybean meal consistency|T4|p0.48|R1.75: 24.1s net/day 35.31 robust_c80=fail fail (pass impossible after 2800 runs), 1534 failures
  soybean meal standard|T4|p0.48|R1.75: 14.6s net/day 35.31 robust_c80=fail fail (pass impossible after 1900 runs), 1554 failures
  soybean meal consistency|T1|p0.45|R2.0: 12.8s net/day 36.40 robust_c80=fail fail (pass impossible after 2900 runs), 1546 failures
  soybean meal standard|T1|p0.45|R2.0: 6.3s net/day 36.40 robust_c80=fail fail (pass impossible after 1900 runs), 1570 failures
  soybean meal consistency|T4|p0.45|R2.0: 26.2s net/day 37.62 robust_c80=fail fail (pass impossible after 3050 runs), 1536 failures
  soybean meal standard|T4|p0.45|R2.0: 14.7s net/day 37.62 robust_c80=fail fail (pass impossible after 1950 runs), 1567 failures
  soybean meal consistency|T2|p0.62|R1.0: 17.8s net/day 39.95 robust_c80=fail fail (pass impossible after 3350 runs), 1553 failures
  soybean meal standard|T2|p0.62|R1.0: 8.8s net/day 39.95 robust_c80=fail fail (pass impossible after 2050 runs), 1570 failures
  soybean meal consistency|T2|p0.52|R1.5: 20.4s net/day 41.44 robust_c80=fail fail (pass impossible after 3550 runs), 1537 failures
  soybean meal standard|T2|p0.52|R1.5: 10.5s net/day 41.44 robust_c80=fail fail (pass impossible after 2000 runs), 1535 failures
  soybean meal consistency|T2|p0.45|R2.0: 20.3s net/day 42.21 robust_c80=fail fail (pass impossible after 3650 runs), 1532 failures
  soybean meal standard|T2|p0.45|R2.0: 10.3s net/day 42.21 robust_c80=fail fail (pass impossible after 2100 runs), 1555 failures
  soybean meal consistency|T1|p0.47|R2.0: 19.2s net/day 45.42 robust_c80=fail fail (pass impossible after 4300 runs), 1551 failures
  soybean meal standard|T1|p0.47|R2.0: 9.1s net/day 45.42 robust_c80=fail fail (pass impossible after 2200 runs), 1558 failures
  soybean meal consistency|T1|p0.65|R1.0: 21.1s net/day 47.56 robust_c80=fail fail (pass impossible after 4600 runs), 1543 failures
  soybean meal standard|T1|p0.65|R1.0: 9.6s net/day 47.56 robust_c80=fail fail (pass impossible after 2300 runs), 1548 failures
  soybean meal consistency|T2|p0.53|R1.5: 31.8s net/day 47.59 robust_c80=fail fail (pass impossible after 4750 runs), 1546 failures
  soybean meal standard|T2|p0.53|R1.5: 12.1s net/day 47.59 robust_c80=fail fail (pass impossible after 2350 runs), 1559 failures
  soybean meal consistency|T1|p0.55|R1.5: 21.8s net/day 48.88 robust_c80=fail fail (pass impossible after 5150 runs), 1551 failures
  soybean meal standard|T1|p0.55|R1.5: 10.2s net/day 48.88 robust_c80=fail fail (pass impossible after 2350 runs), 1539 failures
  soybean meal consistency|T1|p0.48|R2.0: 25.2s net/day 49.93 robust_c80=fail fail (pass impossible after 5300 runs), 1532 failures
  soybean meal standard|T1|p0.48|R2.0: 10.1s net/day 49.93 robust_c80=fail fail (pass impossible after 2400 runs), 1532 failures
  soybean meal consistency|T1|p0.52|R1.75: 31.3s net/day 52.89 robust_c80=fail fail (pass impossible after 6250 runs), 1539 failures
  soybean meal standard|T1|p0.52|R1.75: 11.4s net/day 52.89 robust_c80=fail fail (pass impossible after 2650 runs), 1553 failures
  soybean meal consistency|T2|p0.5|R1.75: 38.9s net/day 53.04 robust_c80=fail fail (pass impossible after 6050 runs), 1540 failures
  soybean meal standard|T2|p0.5|R1.75: 16.0s net/day 53.04 robust_c80=fail fail (pass impossible after 2700 runs), 1552 failures
  soybean meal consistency|T1|p0.56|R1.5: 29.5s net/day 53.22 robust_c80=fail fail (pass impossible after 6450 runs), 1536 failures
  soybean meal standard|T1|p0.56|R1.5: 11.7s net/day 53.22 robust_c80=fail fail (pass impossible after 2650 runs), 1552 failures
  soybean meal consistency|T2|p0.54|R1.5: 40.5s net/day 53.74 robust_c80=fail fail (pass impossible after 6600 runs), 1540 failures
  soybean meal standard|T2|p0.54|R1.5: 15.3s net/day 53.74 robust_c80=fail fail (pass impossible after 2750 runs), 1556 failures
  soybean meal consistency|T1|p0.49|R2.0: 33.1s net/day 54.44 robust_c80=fail fail (pass impossible after 6900 runs), 1536 failures
  soybean meal standard|T1|p0.49|R2.0: 10.5s net/day 54.44 robust_c80=fail fail (pass impossible after 2700 runs), 1535 failures
  soybean meal consistency|T2|p0.47|R2.0: 43.7s net/day 54.98 robust_c80=fail fail (pass impossible after 6750 runs), 1532 failures
  soybean meal standard|T2|p0.47|R2.0: 16.1s net/day 54.98 robust_c80=fail fail (pass impossible after 2800 runs), 1542 failures
  soybean meal consistency|T1|p0.57|R1.5: 36.8s net/day 57.56 robust_c80=pass (0.8211)
  soybean meal standard|T1|p0.57|R1.5: 12.2s net/day 57.56 robust_c80=fail fail (pass impossible after 3050 runs), 1545 failures
