10-year null comparison sample standard: 15s
  10-year standard|T32|p0.45|R1.5: 173.1s net/day -479.30 robust_c80=fail (0.0000)
  10-year standard|T32|p0.4|R2.0: 186.6s net/day -438.80 robust_c80=fail (0.0000)
  10-year standard|T32|p0.475|R1.5: 183.0s net/day -426.79 robust_c80=fail (0.0000)
  10-year standard|T32|p0.425|R2.0: 187.1s net/day -384.24 robust_c80=fail (0.0000)
10-year null comparison sample consistency: 20s
  10-year consistency|T16|p0.55|R1.0: 100.4s net/day -220.20 robust_c80=fail (0.0000)
  10-year standard|T16|p0.55|R1.0: 91.8s net/day -220.20 robust_c80=fail (0.0000)
  10-year consistency|T16|p0.45|R1.5: 111.6s net/day -218.71 robust_c80=fail (0.0000)
  10-year standard|T16|p0.45|R1.5: 105.7s net/day -218.71 robust_c80=fail (0.0000)
  10-year consistency|T4|p0.4|R0.75: 35.1s net/day -201.90 robust_c80=fail (0.0000)
  10-year standard|T4|p0.4|R0.75: 35.1s net/day -201.90 robust_c80=fail (0.0000)
  10-year consistency|T16|p0.4|R2.0: 102.6s net/day -190.39 robust_c80=fail (0.0000)
  10-year standard|T16|p0.4|R2.0: 92.8s net/day -190.39 robust_c80=fail (0.0000)
  10-year consistency|T16|p0.475|R1.5: 106.5s net/day -181.99 robust_c80=fail (0.0000)
  10-year standard|T16|p0.475|R1.5: 101.1s net/day -181.99 robust_c80=fail (0.0000)
  10-year consistency|T4|p0.45|R0.75: 35.2s net/day -164.32 robust_c80=fail (0.0000)
  10-year standard|T4|p0.45|R0.75: 33.4s net/day -164.32 robust_c80=fail (0.0000)
  10-year consistency|T16|p0.425|R2.0: 100.8s net/day -152.23 robust_c80=fail (0.0000)
  10-year standard|T16|p0.425|R2.0: 95.2s net/day -152.23 robust_c80=fail (0.0000)
  10-year consistency|T16|p0.6|R1.0: 104.8s net/day -148.24 robust_c80=fail (0.0000)
  10-year standard|T16|p0.6|R1.0: 101.7s net/day -148.24 robust_c80=fail (0.0000)
  10-year consistency|T4|p0.4|R1.0: 34.4s net/day -147.44 robust_c80=fail (0.0000)
  10-year standard|T4|p0.4|R1.0: 33.1s net/day -147.44 robust_c80=fail (0.0000)
  10-year consistency|T2|p0.4|R0.75: 22.5s net/day -128.33 robust_c80=fail (0.0000)
  10-year standard|T2|p0.4|R0.75: 20.3s net/day -128.33 robust_c80=fail (0.0000)
  10-year consistency|T4|p0.5|R0.75: 36.6s net/day -126.73 robust_c80=fail (0.0000)
  10-year standard|T4|p0.5|R0.75: 29.0s net/day -126.73 robust_c80=fail (0.0000)
  10-year consistency|T4|p0.45|R1.0: 38.1s net/day -110.24 robust_c80=fail (0.0000)
  10-year standard|T4|p0.45|R1.0: 32.6s net/day -110.24 robust_c80=fail (0.0000)
  10-year consistency|T2|p0.45|R0.75: 21.3s net/day -101.55 robust_c80=fail (0.0000)
  10-year standard|T2|p0.45|R0.75: 22.9s net/day -101.55 robust_c80=fail (0.0000)
  10-year consistency|T8|p0.55|R1.0: 63.4s net/day -94.57 robust_c80=fail (0.0000)
  10-year standard|T8|p0.55|R1.0: 62.8s net/day -94.57 robust_c80=fail (0.0000)
  10-year consistency|T8|p0.45|R1.5: 59.1s net/day -93.51 robust_c80=fail (0.0000)
  10-year standard|T8|p0.45|R1.5: 55.5s net/day -93.51 robust_c80=fail (0.0000)
  10-year consistency|T2|p0.4|R1.0: 22.4s net/day -89.52 robust_c80=fail (0.0000)
  10-year standard|T2|p0.4|R1.0: 23.8s net/day -89.52 robust_c80=fail (0.0000)
  10-year consistency|T1|p0.4|R0.75: 17.5s net/day -89.25 robust_c80=fail (0.0000)
  10-year standard|T1|p0.4|R0.75: 15.7s net/day -89.25 robust_c80=fail (0.0000)
  10-year consistency|T4|p0.55|R0.75: 34.9s net/day -89.15 robust_c80=fail (0.0000)
  10-year standard|T4|p0.55|R0.75: 31.0s net/day -89.15 robust_c80=fail (0.0000)
  10-year consistency|T2|p0.5|R0.75: 23.5s net/day -74.77 robust_c80=fail (0.0000)
  10-year standard|T2|p0.5|R0.75: 24.4s net/day -74.77 robust_c80=fail (0.0000)
  10-year consistency|T8|p0.4|R2.0: 66.1s net/day -73.24 robust_c80=fail (0.0000)
  10-year standard|T8|p0.4|R2.0: 65.2s net/day -73.24 robust_c80=fail (0.0000)
  10-year consistency|T4|p0.4|R1.5: 37.6s net/day -73.04 robust_c80=fail (0.0000)
  10-year standard|T4|p0.4|R1.5: 35.9s net/day -73.04 robust_c80=fail (0.0000)
  10-year consistency|T4|p0.5|R1.0: 36.0s net/day -73.04 robust_c80=fail (0.0000)
  10-year standard|T4|p0.5|R1.0: 36.4s net/day -73.04 robust_c80=fail (0.0000)
  10-year consistency|T8|p0.575|R1.0: 71.8s net/day -68.82 robust_c80=fail (0.0000)
  10-year standard|T8|p0.575|R1.0: 64.9s net/day -68.82 robust_c80=fail (0.0000)
  10-year consistency|T1|p0.45|R0.75: 16.7s net/day -68.54 robust_c80=fail (0.0000)
  10-year standard|T1|p0.45|R0.75: 15.4s net/day -68.54 robust_c80=fail (0.0000)
  10-year consistency|T8|p0.475|R1.5: 54.9s net/day -67.23 robust_c80=fail (0.0000)
/home/kiros-li/.local/share/uv/python/cpython-3.12.13-linux-x86_64-gnu/lib/python3.12/multiprocessing/resource_tracker.py:279: UserWarning: resource_tracker: There appear to be 5 leaked semaphore objects to clean up at shutdown
  warnings.warn('resource_tracker: There appear to be %d '
  10-year standard|T8|p0.475|R1.5: 16.2s net/day -67.23 robust_c80=fail fail (pass impossible after 1550 runs), 1550 failures
  10-year consistency|T2|p0.45|R1.0: 5.8s net/day -63.02 robust_c80=fail fail (pass impossible after 1550 runs), 1550 failures
  10-year standard|T2|p0.45|R1.0: 6.1s net/day -63.02 robust_c80=fail fail (pass impossible after 1550 runs), 1550 failures
  10-year consistency|T1|p0.4|R1.0: 6.0s net/day -59.25 robust_c80=fail fail (pass impossible after 1550 runs), 1550 failures
  10-year standard|T1|p0.4|R1.0: 4.8s net/day -59.25 robust_c80=fail fail (pass impossible after 1550 runs), 1550 failures
  10-year consistency|T4|p0.6|R0.75: 9.9s net/day -51.56 robust_c80=fail fail (pass impossible after 1550 runs), 1550 failures
  10-year standard|T4|p0.6|R0.75: 8.2s net/day -51.56 robust_c80=fail fail (pass impossible after 1550 runs), 1550 failures
  10-year consistency|T2|p0.55|R0.75: 6.5s net/day -48.00 robust_c80=fail fail (pass impossible after 1550 runs), 1550 failures
  10-year standard|T2|p0.55|R0.75: 6.0s net/day -48.00 robust_c80=fail fail (pass impossible after 1550 runs), 1550 failures
  10-year consistency|T1|p0.5|R0.75: 4.3s net/day -47.84 robust_c80=fail fail (pass impossible after 1550 runs), 1550 failures
  10-year standard|T1|p0.5|R0.75: 4.6s net/day -47.84 robust_c80=fail fail (pass impossible after 1550 runs), 1550 failures
  10-year consistency|T8|p0.425|R2.0: 15.8s net/day -45.92 robust_c80=fail fail (pass impossible after 1550 runs), 1550 failures
  10-year standard|T8|p0.425|R2.0: 17.1s net/day -45.92 robust_c80=fail fail (pass impossible after 1550 runs), 1550 failures
  10-year consistency|T8|p0.6|R1.0: 17.9s net/day -43.06 robust_c80=fail fail (pass impossible after 1550 runs), 1549 failures
  10-year standard|T8|p0.6|R1.0: 18.2s net/day -43.06 robust_c80=fail fail (pass impossible after 1550 runs), 1549 failures
  10-year consistency|T8|p0.5|R1.5: 17.5s net/day -40.94 robust_c80=fail fail (pass impossible after 1550 runs), 1548 failures
  10-year standard|T8|p0.5|R1.5: 18.4s net/day -40.94 robust_c80=fail fail (pass impossible after 1550 runs), 1550 failures
  10-year consistency|T1|p0.45|R1.0: 4.7s net/day -38.75 robust_c80=fail fail (pass impossible after 1550 runs), 1550 failures
  10-year standard|T1|p0.45|R1.0: 5.0s net/day -38.75 robust_c80=fail fail (pass impossible after 1550 runs), 1550 failures
  10-year consistency|T2|p0.4|R1.5: 5.7s net/day -36.52 robust_c80=fail fail (pass impossible after 1550 runs), 1549 failures
  10-year standard|T2|p0.4|R1.5: 6.8s net/day -36.52 robust_c80=fail fail (pass impossible after 1550 runs), 1550 failures
  10-year consistency|T2|p0.5|R1.0: 6.3s net/day -36.52 robust_c80=fail fail (pass impossible after 1550 runs), 1550 failures
  10-year standard|T2|p0.5|R1.0: 7.1s net/day -36.52 robust_c80=fail fail (pass impossible after 1550 runs), 1550 failures
  10-year consistency|T4|p0.55|R1.0: 8.5s net/day -35.84 robust_c80=fail fail (pass impossible after 1550 runs), 1550 failures
  10-year standard|T4|p0.55|R1.0: 9.2s net/day -35.84 robust_c80=fail fail (pass impossible after 1550 runs), 1550 failures
  10-year consistency|T4|p0.45|R1.5: 9.5s net/day -35.07 robust_c80=fail fail (pass impossible after 1550 runs), 1547 failures
  10-year standard|T4|p0.45|R1.5: 8.7s net/day -35.07 robust_c80=fail fail (pass impossible after 1550 runs), 1550 failures
  10-year consistency|T1|p0.55|R0.75: 4.5s net/day -27.13 robust_c80=fail fail (pass impossible after 1550 runs), 1545 failures
  10-year standard|T1|p0.55|R0.75: 4.6s net/day -27.13 robust_c80=fail fail (pass impossible after 1550 runs), 1548 failures
  10-year consistency|T2|p0.6|R0.75: 5.6s net/day -21.22 robust_c80=fail fail (pass impossible after 1550 runs), 1547 failures
  10-year standard|T2|p0.6|R0.75: 6.4s net/day -21.22 robust_c80=fail fail (pass impossible after 1550 runs), 1550 failures
  10-year consistency|T4|p0.4|R2.0: 9.7s net/day -20.43 robust_c80=fail fail (pass impossible after 1550 runs), 1539 failures
  10-year standard|T4|p0.4|R2.0: 9.6s net/day -20.43 robust_c80=fail fail (pass impossible after 1550 runs), 1549 failures
  10-year consistency|T8|p0.45|R2.0: 19.0s net/day -18.60 robust_c80=fail fail (pass impossible after 1550 runs), 1543 failures
  10-year standard|T8|p0.45|R2.0: 16.5s net/day -18.60 robust_c80=fail fail (pass impossible after 1550 runs), 1550 failures
  10-year consistency|T1|p0.4|R1.5: 5.3s net/day -18.26 robust_c80=fail fail (pass impossible after 1550 runs), 1542 failures
  10-year standard|T1|p0.4|R1.5: 5.1s net/day -18.26 robust_c80=fail fail (pass impossible after 1550 runs), 1550 failures
  10-year consistency|T1|p0.5|R1.0: 5.9s net/day -18.26 robust_c80=fail fail (pass impossible after 1550 runs), 1541 failures
  10-year standard|T1|p0.5|R1.0: 5.8s net/day -18.26 robust_c80=fail fail (pass impossible after 1550 runs), 1547 failures
  10-year consistency|T4|p0.58|R1.0: 9.2s net/day -13.52 robust_c80=fail fail (pass impossible after 1550 runs), 1539 failures
  10-year standard|T4|p0.58|R1.0: 10.3s net/day -13.52 robust_c80=fail fail (pass impossible after 1550 runs), 1550 failures
  10-year consistency|T4|p0.48|R1.5: 10.5s net/day -12.29 robust_c80=fail fail (pass impossible after 1550 runs), 1538 failures
  10-year standard|T4|p0.48|R1.5: 11.9s net/day -12.29 robust_c80=fail fail (pass impossible after 1550 runs), 1548 failures
  10-year consistency|T2|p0.55|R1.0: 7.2s net/day -10.02 robust_c80=fail fail (pass impossible after 1550 runs), 1541 failures
  10-year standard|T2|p0.55|R1.0: 8.5s net/day -10.02 robust_c80=fail fail (pass impossible after 1550 runs), 1550 failures
  10-year consistency|T2|p0.45|R1.5: 7.9s net/day -9.47 robust_c80=fail fail (pass impossible after 1550 runs), 1532 failures
  10-year standard|T2|p0.45|R1.5: 8.2s net/day -9.47 robust_c80=fail fail (pass impossible after 1550 runs), 1545 failures
  10-year consistency|T4|p0.66|R0.75: 10.1s net/day -6.46 robust_c80=fail fail (pass impossible after 1550 runs), 1534 failures
  10-year standard|T4|p0.66|R0.75: 10.3s net/day -6.46 robust_c80=fail fail (pass impossible after 1550 runs), 1545 failures
  10-year consistency|T1|p0.6|R0.75: 6.2s net/day -6.43 robust_c80=fail fail (pass impossible after 1600 runs), 1573 failures
  10-year standard|T1|p0.6|R0.75: 5.9s net/day -6.43 robust_c80=fail fail (pass impossible after 1550 runs), 1546 failures
  10-year consistency|T4|p0.59|R1.0: 11.8s net/day -6.08 robust_c80=fail fail (pass impossible after 1600 runs), 1577 failures
  10-year standard|T4|p0.59|R1.0: 9.8s net/day -6.08 robust_c80=fail fail (pass impossible after 1550 runs), 1546 failures
  10-year consistency|T4|p0.49|R1.5: 12.4s net/day -4.70 robust_c80=fail fail (pass impossible after 1600 runs), 1563 failures
  10-year standard|T4|p0.49|R1.5: 11.1s net/day -4.70 robust_c80=fail fail (pass impossible after 1550 runs), 1543 failures
  10-year consistency|T4|p0.42|R2.0: 10.2s net/day -4.65 robust_c80=fail fail (pass impossible after 1600 runs), 1565 failures
  10-year standard|T4|p0.42|R2.0: 11.4s net/day -4.65 robust_c80=fail fail (pass impossible after 1550 runs), 1543 failures
  10-year consistency|T2|p0.4|R2.0: 8.0s net/day 0.96 robust_c80=fail fail (pass impossible after 1600 runs), 1539 failures
  10-year standard|T2|p0.4|R2.0: 7.5s net/day 0.96 robust_c80=fail fail (pass impossible after 1550 runs), 1540 failures
  10-year consistency|T4|p0.6|R1.0: 11.6s net/day 1.36 robust_c80=fail fail (pass impossible after 1600 runs), 1543 failures
  10-year standard|T4|p0.6|R1.0: 11.2s net/day 1.36 robust_c80=fail fail (pass impossible after 1550 runs), 1538 failures
  10-year consistency|T4|p0.46|R1.75: 13.6s net/day 1.48 robust_c80=fail fail (pass impossible after 1650 runs), 1580 failures
  10-year standard|T4|p0.46|R1.75: 10.8s net/day 1.48 robust_c80=fail fail (pass impossible after 1550 runs), 1532 failures
  10-year consistency|T1|p0.55|R1.0: 6.3s net/day 2.23 robust_c80=fail fail (pass impossible after 1600 runs), 1534 failures
  10-year standard|T1|p0.55|R1.0: 5.5s net/day 2.23 robust_c80=fail fail (pass impossible after 1550 runs), 1538 failures
  10-year consistency|T1|p0.45|R1.5: 6.5s net/day 2.66 robust_c80=fail fail (pass impossible after 1600 runs), 1533 failures
  10-year standard|T1|p0.45|R1.5: 5.7s net/day 2.66 robust_c80=fail fail (pass impossible after 1550 runs), 1533 failures
  10-year consistency|T4|p0.5|R1.5: 12.5s net/day 2.89 robust_c80=fail fail (pass impossible after 1650 runs), 1575 failures
  10-year standard|T4|p0.5|R1.5: 11.6s net/day 2.89 robust_c80=fail fail (pass impossible after 1600 runs), 1577 failures
  10-year consistency|T4|p0.43|R2.0: 11.1s net/day 3.24 robust_c80=fail fail (pass impossible after 1600 runs), 1535 failures
  10-year standard|T4|p0.43|R2.0: 10.2s net/day 3.24 robust_c80=fail fail (pass impossible after 1550 runs), 1532 failures
  10-year consistency|T4|p0.68|R0.75: 11.6s net/day 8.57 robust_c80=fail fail (pass impossible after 1650 runs), 1554 failures
  10-year standard|T4|p0.68|R0.75: 10.8s net/day 8.57 robust_c80=fail fail (pass impossible after 1600 runs), 1578 failures
  10-year consistency|T1|p0.4|R2.0: 8.5s net/day 10.72 robust_c80=fail fail (pass impossible after 1700 runs), 1575 failures
  10-year standard|T1|p0.4|R2.0: 6.2s net/day 10.72 robust_c80=fail fail (pass impossible after 1600 runs), 1570 failures
  10-year consistency|T4|p0.44|R2.0: 14.1s net/day 11.13 robust_c80=fail fail (pass impossible after 1700 runs), 1547 failures
  10-year standard|T4|p0.44|R2.0: 12.1s net/day 11.13 robust_c80=fail fail (pass impossible after 1600 runs), 1551 failures
  10-year consistency|T2|p0.6|R1.0: 9.9s net/day 16.48 robust_c80=fail fail (pass impossible after 1800 runs), 1551 failures
  10-year standard|T2|p0.6|R1.0: 7.3s net/day 16.48 robust_c80=fail fail (pass impossible after 1600 runs), 1544 failures
  10-year consistency|T4|p0.48|R1.75: 18.5s net/day 16.94 robust_c80=fail fail (pass impossible after 1850 runs), 1562 failures
  10-year standard|T4|p0.48|R1.75: 12.0s net/day 16.94 robust_c80=fail fail (pass impossible after 1600 runs), 1538 failures
  10-year consistency|T2|p0.5|R1.5: 10.1s net/day 17.58 robust_c80=fail fail (pass impossible after 1800 runs), 1540 failures
  10-year standard|T2|p0.5|R1.5: 7.9s net/day 17.58 robust_c80=fail fail (pass impossible after 1600 runs), 1537 failures
  10-year consistency|T4|p0.45|R2.0: 18.1s net/day 19.02 robust_c80=fail fail (pass impossible after 1900 runs), 1572 failures
  10-year standard|T4|p0.45|R2.0: 13.0s net/day 19.02 robust_c80=fail fail (pass impossible after 1650 runs), 1558 failures
  10-year consistency|T1|p0.6|R1.0: 9.0s net/day 22.73 robust_c80=fail fail (pass impossible after 2000 runs), 1558 failures
  10-year standard|T1|p0.6|R1.0: 6.5s net/day 22.73 robust_c80=fail fail (pass impossible after 1650 runs), 1546 failures
  10-year consistency|T1|p0.5|R1.5: 8.7s net/day 23.57 robust_c80=fail fail (pass impossible after 2000 runs), 1567 failures
  10-year standard|T1|p0.5|R1.5: 7.5s net/day 23.57 robust_c80=fail fail (pass impossible after 1650 runs), 1542 failures
  10-year consistency|T2|p0.62|R1.0: 13.7s net/day 27.09 robust_c80=fail fail (pass impossible after 2150 runs), 1537 failures
  10-year standard|T2|p0.62|R1.0: 9.1s net/day 27.09 robust_c80=fail fail (pass impossible after 1700 runs), 1547 failures
  10-year consistency|T2|p0.52|R1.5: 12.9s net/day 28.40 robust_c80=fail fail (pass impossible after 2250 runs), 1546 failures
  10-year standard|T2|p0.52|R1.5: 9.2s net/day 28.40 robust_c80=fail fail (pass impossible after 1750 runs), 1571 failures
  10-year consistency|T2|p0.45|R2.0: 14.0s net/day 29.07 robust_c80=fail fail (pass impossible after 2250 runs), 1537 failures
  10-year standard|T2|p0.45|R2.0: 9.8s net/day 29.07 robust_c80=fail fail (pass impossible after 1750 runs), 1568 failures
  10-year consistency|T1|p0.45|R2.0: 11.8s net/day 32.46 robust_c80=fail fail (pass impossible after 2400 runs), 1545 failures
  10-year standard|T1|p0.45|R2.0: 7.4s net/day 32.46 robust_c80=fail fail (pass impossible after 1800 runs), 1558 failures
  10-year consistency|T2|p0.53|R1.5: 24.8s net/day 33.81 robust_c80=fail fail (pass impossible after 2600 runs), 1532 failures
  10-year standard|T2|p0.53|R1.5: 27.1s net/day 33.81 robust_c80=fail fail (pass impossible after 1850 runs), 1565 failures
  10-year consistency|T2|p0.5|R1.75: 47.6s net/day 38.61 robust_c80=fail fail (pass impossible after 3150 runs), 1543 failures
  10-year standard|T2|p0.5|R1.75: 29.5s net/day 38.61 robust_c80=fail fail (pass impossible after 2000 runs), 1542 failures
  10-year consistency|T2|p0.54|R1.5: 47.2s net/day 39.22 robust_c80=fail fail (pass impossible after 3200 runs), 1548 failures
  10-year standard|T2|p0.54|R1.5: 14.0s net/day 39.22 robust_c80=fail fail (pass impossible after 2000 runs), 1566 failures
  10-year consistency|T2|p0.47|R2.0: 22.1s net/day 40.31 robust_c80=fail fail (pass impossible after 3350 runs), 1550 failures
  10-year standard|T2|p0.47|R2.0: 12.1s net/day 40.31 robust_c80=fail fail (pass impossible after 2050 runs), 1564 failures
  10-year consistency|T4|p0.55|R1.5: 33.2s net/day 40.86 robust_c80=fail fail (pass impossible after 3400 runs), 1543 failures
  10-year standard|T4|p0.55|R1.5: 18.6s net/day 40.86 robust_c80=fail fail (pass impossible after 2050 runs), 1548 failures
  10-year consistency|T1|p0.47|R2.0: 16.6s net/day 41.15 robust_c80=fail fail (pass impossible after 3200 runs), 1547 failures
  10-year standard|T1|p0.47|R2.0: 8.4s net/day 41.15 robust_c80=fail fail (pass impossible after 2000 runs), 1534 failures
  10-year consistency|T2|p0.65|R1.0: 23.5s net/day 42.99 robust_c80=fail fail (pass impossible after 3950 runs), 1545 failures
  10-year standard|T2|p0.65|R1.0: 11.7s net/day 42.99 robust_c80=fail fail (pass impossible after 2150 runs), 1562 failures
  10-year consistency|T1|p0.65|R1.0: 18.1s net/day 43.22 robust_c80=fail fail (pass impossible after 3800 runs), 1538 failures
  10-year standard|T1|p0.65|R1.0: 10.1s net/day 43.22 robust_c80=fail fail (pass impossible after 2250 runs), 1541 failures
  10-year consistency|T1|p0.55|R1.5: 19.7s net/day 44.49 robust_c80=fail fail (pass impossible after 3950 runs), 1543 failures
  10-year standard|T1|p0.55|R1.5: 9.0s net/day 44.49 robust_c80=fail fail (pass impossible after 2200 runs), 1544 failures
  10-year consistency|T2|p0.55|R1.5: 27.7s net/day 44.63 robust_c80=fail fail (pass impossible after 4150 runs), 1541 failures
  10-year standard|T2|p0.55|R1.5: 14.1s net/day 44.63 robust_c80=fail fail (pass impossible after 2250 runs), 1570 failures
  10-year consistency|T1|p0.48|R2.0: 20.3s net/day 45.50 robust_c80=fail fail (pass impossible after 3900 runs), 1538 failures
  10-year standard|T1|p0.48|R2.0: 8.7s net/day 45.50 robust_c80=fail fail (pass impossible after 2200 runs), 1566 failures
  10-year consistency|T2|p0.48|R2.0: 28.4s net/day 45.94 robust_c80=fail fail (pass impossible after 4250 runs), 1544 failures
  10-year standard|T2|p0.48|R2.0: 14.7s net/day 45.94 robust_c80=fail fail (pass impossible after 2250 runs), 1549 failures
  10-year consistency|T1|p0.52|R1.75: 24.6s net/day 48.35 robust_c80=fail fail (pass impossible after 4700 runs), 1535 failures
  10-year standard|T1|p0.52|R1.75: 10.0s net/day 48.35 robust_c80=fail fail (pass impossible after 2400 runs), 1543 failures
  10-year consistency|T1|p0.56|R1.5: 24.9s net/day 48.67 robust_c80=fail fail (pass impossible after 5000 runs), 1547 failures
  10-year standard|T1|p0.56|R1.5: 9.0s net/day 48.67 robust_c80=fail fail (pass impossible after 2450 runs), 1539 failures
  10-year consistency|T2|p0.52|R1.75: 35.4s net/day 49.63 robust_c80=fail fail (pass impossible after 5200 runs), 1545 failures
  10-year standard|T2|p0.52|R1.75: 14.6s net/day 49.63 robust_c80=fail fail (pass impossible after 2550 runs), 1535 failures
  10-year consistency|T1|p0.49|R2.0: 25.5s net/day 49.85 robust_c80=fail fail (pass impossible after 4900 runs), 1540 failures
  10-year standard|T1|p0.49|R2.0: 10.1s net/day 49.85 robust_c80=fail fail (pass impossible after 2400 runs), 1545 failures
  10-year consistency|T2|p0.49|R2.0: 39.7s net/day 51.56 robust_c80=fail fail (pass impossible after 5600 runs), 1544 failures
  10-year standard|T2|p0.49|R2.0: 15.3s net/day 51.56 robust_c80=fail fail (pass impossible after 2600 runs), 1559 failures
  10-year consistency|T1|p0.57|R1.5: 33.0s net/day 52.85 robust_c80=fail fail (pass impossible after 6250 runs), 1541 failures
  10-year standard|T1|p0.57|R1.5: 12.4s net/day 52.85 robust_c80=fail fail (pass impossible after 2800 runs), 1548 failures
  10-year consistency|T1|p0.5|R2.0: 33.8s net/day 54.19 robust_c80=fail fail (pass impossible after 6300 runs), 1539 failures
  10-year standard|T1|p0.5|R2.0: 10.5s net/day 54.19 robust_c80=fail fail (pass impossible after 2700 runs), 1545 failures
  10-year consistency|T1|p0.45|R2.5: 34.3s net/day 56.26 robust_c80=fail fail (pass impossible after 6500 runs), 1546 failures
  10-year standard|T1|p0.45|R2.5: 7.2s net/day 56.26 robust_c80=fail fail (pass impossible after 2850 runs), 1534 failures
  10-year consistency|T1|p0.54|R1.75: 36.5s net/day 56.87 robust_c80=fail fail (pass impossible after 7800 runs), 1538 failures
  10-year standard|T1|p0.54|R1.75: 15.1s net/day 56.87 robust_c80=fail fail (pass impossible after 3150 runs), 1544 failures
  10-year consistency|T1|p0.58|R1.5: 41.7s net/day 57.04 robust_c80=pass (0.8093)
  10-year standard|T1|p0.58|R1.5: 13.1s net/day 57.04 robust_c80=fail fail (pass impossible after 3250 runs), 1558 failures
