soybeans null comparison sample standard: 18s
  soybeans standard|T32|p0.45|R1.5: 47.8s net/day -425.25 robust_c80=fail fail (pass impossible after 1550 runs), 1550 failures
  soybeans standard|T32|p0.4|R2.0: 43.7s net/day -362.69 robust_c80=fail fail (pass impossible after 1550 runs), 1550 failures
  soybeans standard|T32|p0.475|R1.5: 41.6s net/day -344.14 robust_c80=fail fail (pass impossible after 1550 runs), 1550 failures
  soybeans standard|T32|p0.425|R2.0: 49.3s net/day -278.40 robust_c80=fail fail (pass impossible after 1550 runs), 1550 failures
soybeans null comparison sample consistency: 20s
  soybeans consistency|T4|p0.4|R0.75: 7.7s net/day -270.65 robust_c80=fail fail (pass impossible after 1550 runs), 1550 failures
  soybeans standard|T4|p0.4|R0.75: 8.6s net/day -270.65 robust_c80=fail fail (pass impossible after 1550 runs), 1550 failures
  soybeans consistency|T4|p0.45|R0.75: 7.8s net/day -213.09 robust_c80=fail fail (pass impossible after 1550 runs), 1550 failures
  soybeans standard|T4|p0.45|R0.75: 8.6s net/day -213.09 robust_c80=fail fail (pass impossible after 1550 runs), 1550 failures
  soybeans consistency|T4|p0.4|R1.0: 8.1s net/day -187.24 robust_c80=fail fail (pass impossible after 1550 runs), 1550 failures
  soybeans standard|T4|p0.4|R1.0: 9.7s net/day -187.24 robust_c80=fail fail (pass impossible after 1550 runs), 1550 failures
  soybeans consistency|T2|p0.4|R0.75: 6.6s net/day -181.97 robust_c80=fail fail (pass impossible after 1550 runs), 1550 failures
  soybeans standard|T2|p0.4|R0.75: 5.7s net/day -181.97 robust_c80=fail fail (pass impossible after 1550 runs), 1550 failures
  soybeans consistency|T16|p0.55|R1.0: 27.0s net/day -181.22 robust_c80=fail fail (pass impossible after 1550 runs), 1550 failures
  soybeans standard|T16|p0.55|R1.0: 24.6s net/day -181.22 robust_c80=fail fail (pass impossible after 1550 runs), 1550 failures
  soybeans consistency|T16|p0.45|R1.5: 25.5s net/day -178.90 robust_c80=fail fail (pass impossible after 1550 runs), 1550 failures
  soybeans standard|T16|p0.45|R1.5: 25.9s net/day -178.90 robust_c80=fail fail (pass impossible after 1550 runs), 1550 failures
  soybeans consistency|T4|p0.5|R0.75: 9.6s net/day -155.53 robust_c80=fail fail (pass impossible after 1550 runs), 1550 failures
  soybeans standard|T4|p0.5|R0.75: 8.2s net/day -155.53 robust_c80=fail fail (pass impossible after 1550 runs), 1550 failures
  soybeans consistency|T2|p0.45|R0.75: 6.4s net/day -139.61 robust_c80=fail fail (pass impossible after 1550 runs), 1550 failures
  soybeans standard|T2|p0.45|R0.75: 5.9s net/day -139.61 robust_c80=fail fail (pass impossible after 1550 runs), 1550 failures
  soybeans consistency|T16|p0.4|R2.0: 27.1s net/day -134.66 robust_c80=fail fail (pass impossible after 1550 runs), 1550 failures
  soybeans standard|T16|p0.4|R2.0: 27.8s net/day -134.66 robust_c80=fail fail (pass impossible after 1550 runs), 1550 failures
  soybeans consistency|T4|p0.45|R1.0: 8.6s net/day -130.28 robust_c80=fail fail (pass impossible after 1550 runs), 1550 failures
  soybeans standard|T4|p0.45|R1.0: 8.5s net/day -130.28 robust_c80=fail fail (pass impossible after 1550 runs), 1550 failures
  soybeans consistency|T1|p0.4|R0.75: 4.5s net/day -123.91 robust_c80=fail fail (pass impossible after 1550 runs), 1550 failures
  soybeans standard|T1|p0.4|R0.75: 4.0s net/day -123.91 robust_c80=fail fail (pass impossible after 1550 runs), 1550 failures
  soybeans consistency|T16|p0.475|R1.5: 24.4s net/day -121.54 robust_c80=fail fail (pass impossible after 1550 runs), 1550 failures
  soybeans standard|T16|p0.475|R1.5: 27.5s net/day -121.54 robust_c80=fail fail (pass impossible after 1550 runs), 1550 failures
  soybeans consistency|T2|p0.4|R1.0: 6.1s net/day -120.58 robust_c80=fail fail (pass impossible after 1550 runs), 1550 failures
  soybeans standard|T2|p0.4|R1.0: 5.7s net/day -120.58 robust_c80=fail fail (pass impossible after 1550 runs), 1550 failures
  soybeans consistency|T4|p0.55|R0.75: 9.0s net/day -97.98 robust_c80=fail fail (pass impossible after 1550 runs), 1550 failures
  soybeans standard|T4|p0.55|R0.75: 8.4s net/day -97.98 robust_c80=fail fail (pass impossible after 1550 runs), 1550 failures
  soybeans consistency|T2|p0.5|R0.75: 6.2s net/day -97.25 robust_c80=fail fail (pass impossible after 1550 runs), 1550 failures
  soybeans standard|T2|p0.5|R0.75: 6.5s net/day -97.25 robust_c80=fail fail (pass impossible after 1550 runs), 1550 failures
  soybeans consistency|T1|p0.45|R0.75: 4.5s net/day -93.16 robust_c80=fail fail (pass impossible after 1550 runs), 1549 failures
  soybeans standard|T1|p0.45|R0.75: 4.9s net/day -93.16 robust_c80=fail fail (pass impossible after 1550 runs), 1550 failures
  soybeans consistency|T1|p0.4|R1.0: 4.6s net/day -79.35 robust_c80=fail fail (pass impossible after 1550 runs), 1549 failures
  soybeans standard|T1|p0.4|R1.0: 4.0s net/day -79.35 robust_c80=fail fail (pass impossible after 1550 runs), 1550 failures
  soybeans consistency|T2|p0.45|R1.0: 6.4s net/day -78.66 robust_c80=fail fail (pass impossible after 1550 runs), 1549 failures
  soybeans standard|T2|p0.45|R1.0: 5.7s net/day -78.66 robust_c80=fail fail (pass impossible after 1550 runs), 1550 failures
  soybeans consistency|T16|p0.425|R2.0: 27.9s net/day -75.06 robust_c80=fail fail (pass impossible after 1550 runs), 1548 failures
  soybeans standard|T16|p0.425|R2.0: 28.4s net/day -75.06 robust_c80=fail fail (pass impossible after 1550 runs), 1549 failures
  soybeans consistency|T4|p0.4|R1.5: 7.1s net/day -73.31 robust_c80=fail fail (pass impossible after 1550 runs), 1548 failures
  soybeans standard|T4|p0.4|R1.5: 8.8s net/day -73.31 robust_c80=fail fail (pass impossible after 1550 runs), 1548 failures
  soybeans consistency|T4|p0.5|R1.0: 8.7s net/day -73.31 robust_c80=fail fail (pass impossible after 1550 runs), 1550 failures
  soybeans standard|T4|p0.5|R1.0: 8.8s net/day -73.31 robust_c80=fail fail (pass impossible after 1550 runs), 1550 failures
  soybeans consistency|T16|p0.6|R1.0: 28.4s net/day -68.83 robust_c80=fail fail (pass impossible after 1550 runs), 1549 failures
  soybeans standard|T16|p0.6|R1.0: 26.9s net/day -68.83 robust_c80=fail fail (pass impossible after 1550 runs), 1550 failures
  soybeans consistency|T8|p0.55|R1.0: 17.5s net/day -67.41 robust_c80=fail fail (pass impossible after 1550 runs), 1548 failures
  soybeans standard|T8|p0.55|R1.0: 17.0s net/day -67.41 robust_c80=fail fail (pass impossible after 1550 runs), 1550 failures
  soybeans consistency|T8|p0.45|R1.5: 15.5s net/day -65.78 robust_c80=fail fail (pass impossible after 1550 runs), 1550 failures
  soybeans standard|T8|p0.45|R1.5: 15.4s net/day -65.78 robust_c80=fail fail (pass impossible after 1550 runs), 1550 failures
  soybeans consistency|T1|p0.5|R0.75: 5.0s net/day -62.41 robust_c80=fail fail (pass impossible after 1550 runs), 1548 failures
  soybeans standard|T1|p0.5|R0.75: 4.4s net/day -62.41 robust_c80=fail fail (pass impossible after 1550 runs), 1549 failures
  soybeans consistency|T2|p0.55|R0.75: 6.6s net/day -54.88 robust_c80=fail fail (pass impossible after 1550 runs), 1546 failures
  soybeans standard|T2|p0.55|R0.75: 5.9s net/day -54.88 robust_c80=fail fail (pass impossible after 1550 runs), 1550 failures
  soybeans consistency|T1|p0.45|R1.0: 4.1s net/day -48.91 robust_c80=fail fail (pass impossible after 1550 runs), 1542 failures
  soybeans standard|T1|p0.45|R1.0: 4.9s net/day -48.91 robust_c80=fail fail (pass impossible after 1550 runs), 1547 failures
  soybeans consistency|T4|p0.6|R0.75: 9.4s net/day -40.42 robust_c80=fail fail (pass impossible after 1600 runs), 1580 failures
  soybeans standard|T4|p0.6|R0.75: 8.2s net/day -40.42 robust_c80=fail fail (pass impossible after 1550 runs), 1544 failures
  soybeans consistency|T2|p0.4|R1.5: 7.1s net/day -36.73 robust_c80=fail fail (pass impossible after 1600 runs), 1580 failures
  soybeans standard|T2|p0.4|R1.5: 5.7s net/day -36.73 robust_c80=fail fail (pass impossible after 1550 runs), 1540 failures
  soybeans consistency|T2|p0.5|R1.0: 6.9s net/day -36.73 robust_c80=fail fail (pass impossible after 1550 runs), 1537 failures
  soybeans standard|T2|p0.5|R1.0: 5.6s net/day -36.73 robust_c80=fail fail (pass impossible after 1550 runs), 1547 failures
  soybeans consistency|T8|p0.4|R2.0: 18.6s net/day -34.55 robust_c80=fail fail (pass impossible after 1550 runs), 1536 failures
  soybeans standard|T8|p0.4|R2.0: 17.4s net/day -34.55 robust_c80=fail fail (pass impossible after 1550 runs), 1540 failures
  soybeans consistency|T1|p0.55|R0.75: 4.8s net/day -31.65 robust_c80=fail fail (pass impossible after 1600 runs), 1574 failures
  soybeans standard|T1|p0.55|R0.75: 5.2s net/day -31.65 robust_c80=fail fail (pass impossible after 1550 runs), 1543 failures
  soybeans consistency|T8|p0.575|R1.0: 17.9s net/day -27.75 robust_c80=fail fail (pass impossible after 1600 runs), 1562 failures
  soybeans standard|T8|p0.575|R1.0: 17.0s net/day -27.75 robust_c80=fail fail (pass impossible after 1550 runs), 1543 failures
  soybeans consistency|T8|p0.475|R1.5: 18.9s net/day -25.30 robust_c80=fail fail (pass impossible after 1600 runs), 1567 failures
  soybeans standard|T8|p0.475|R1.5: 16.7s net/day -25.30 robust_c80=fail fail (pass impossible after 1550 runs), 1540 failures
  soybeans consistency|T1|p0.4|R1.5: 5.1s net/day -18.47 robust_c80=fail fail (pass impossible after 1600 runs), 1556 failures
  soybeans standard|T1|p0.4|R1.5: 4.7s net/day -18.47 robust_c80=fail fail (pass impossible after 1550 runs), 1533 failures
  soybeans consistency|T1|p0.5|R1.0: 5.1s net/day -18.47 robust_c80=fail fail (pass impossible after 1600 runs), 1544 failures
  soybeans standard|T1|p0.5|R1.0: 4.9s net/day -18.47 robust_c80=fail fail (pass impossible after 1550 runs), 1533 failures
  soybeans consistency|T4|p0.55|R1.0: 10.1s net/day -16.34 robust_c80=fail fail (pass impossible after 1600 runs), 1544 failures
  soybeans standard|T4|p0.55|R1.0: 11.1s net/day -16.34 robust_c80=fail fail (pass impossible after 1600 runs), 1579 failures
  soybeans consistency|T4|p0.45|R1.5: 10.7s net/day -15.17 robust_c80=fail fail (pass impossible after 1650 runs), 1567 failures
  soybeans standard|T4|p0.45|R1.5: 9.6s net/day -15.17 robust_c80=fail fail (pass impossible after 1600 runs), 1574 failures
  soybeans consistency|T2|p0.6|R0.75: 7.2s net/day -12.52 robust_c80=fail fail (pass impossible after 1650 runs), 1548 failures
  soybeans standard|T2|p0.6|R0.75: 6.1s net/day -12.52 robust_c80=fail fail (pass impossible after 1600 runs), 1577 failures
  soybeans consistency|T1|p0.6|R0.75: 6.0s net/day -0.90 robust_c80=fail fail (pass impossible after 1700 runs), 1544 failures
  soybeans standard|T1|p0.6|R0.75: 5.1s net/day -0.90 robust_c80=fail fail (pass impossible after 1600 runs), 1562 failures
  soybeans consistency|T2|p0.55|R1.0: 8.6s net/day 5.20 robust_c80=fail fail (pass impossible after 1800 runs), 1554 failures
  soybeans standard|T2|p0.55|R1.0: 8.0s net/day 5.20 robust_c80=fail fail (pass impossible after 1650 runs), 1565 failures
  soybeans consistency|T2|p0.45|R1.5: 7.6s net/day 6.06 robust_c80=fail fail (pass impossible after 1750 runs), 1534 failures
  soybeans standard|T2|p0.45|R1.5: 6.8s net/day 6.06 robust_c80=fail fail (pass impossible after 1650 runs), 1573 failures
  soybeans consistency|T4|p0.4|R2.0: 13.7s net/day 7.25 robust_c80=fail fail (pass impossible after 1800 runs), 1559 failures
  soybeans standard|T4|p0.4|R2.0: 10.8s net/day 7.25 robust_c80=fail fail (pass impossible after 1650 runs), 1564 failures
  soybeans consistency|T8|p0.425|R2.0: 23.2s net/day 7.51 robust_c80=fail fail (pass impossible after 1800 runs), 1580 failures
  soybeans standard|T8|p0.425|R2.0: 17.6s net/day 7.51 robust_c80=fail fail (pass impossible after 1650 runs), 1562 failures
  soybeans consistency|T8|p0.6|R1.0: 25.2s net/day 11.91 robust_c80=fail fail (pass impossible after 1900 runs), 1568 failures
  soybeans standard|T8|p0.6|R1.0: 19.7s net/day 11.91 robust_c80=fail fail (pass impossible after 1650 runs), 1537 failures
  soybeans consistency|T1|p0.55|R1.0: 6.4s net/day 11.97 robust_c80=fail fail (pass impossible after 1900 runs), 1553 failures
  soybeans standard|T1|p0.55|R1.0: 6.1s net/day 11.97 robust_c80=fail fail (pass impossible after 1650 runs), 1555 failures
  soybeans consistency|T1|p0.45|R1.5: 6.8s net/day 12.60 robust_c80=fail fail (pass impossible after 1850 runs), 1562 failures
  soybeans standard|T1|p0.45|R1.5: 5.7s net/day 12.60 robust_c80=fail fail (pass impossible after 1650 runs), 1553 failures
  soybeans consistency|T8|p0.5|R1.5: 25.9s net/day 15.18 robust_c80=fail fail (pass impossible after 1950 runs), 1570 failures
  soybeans standard|T8|p0.5|R1.5: 22.0s net/day 15.18 robust_c80=fail fail (pass impossible after 1700 runs), 1553 failures
  soybeans consistency|T4|p0.58|R1.0: 11.8s net/day 17.84 robust_c80=fail fail (pass impossible after 2050 runs), 1569 failures
  soybeans standard|T4|p0.58|R1.0: 11.4s net/day 17.84 robust_c80=fail fail (pass impossible after 1700 runs), 1539 failures
  soybeans consistency|T4|p0.48|R1.5: 13.3s net/day 19.72 robust_c80=fail fail (pass impossible after 2050 runs), 1565 failures
  soybeans standard|T4|p0.48|R1.5: 11.5s net/day 19.72 robust_c80=fail fail (pass impossible after 1750 runs), 1572 failures
  soybeans consistency|T2|p0.4|R2.0: 11.3s net/day 22.56 robust_c80=fail fail (pass impossible after 2000 runs), 1565 failures
  soybeans standard|T2|p0.4|R2.0: 8.2s net/day 22.56 robust_c80=fail fail (pass impossible after 1750 runs), 1561 failures
  soybeans consistency|T1|p0.4|R2.0: 7.0s net/day 24.58 robust_c80=fail fail (pass impossible after 2050 runs), 1570 failures
  soybeans standard|T1|p0.4|R2.0: 5.2s net/day 24.58 robust_c80=fail fail (pass impossible after 1750 runs), 1546 failures
  soybeans consistency|T4|p0.66|R0.75: 20.8s net/day 28.65 robust_c80=fail fail (pass impossible after 2400 runs), 1539 failures
  soybeans standard|T4|p0.66|R0.75: 13.7s net/day 28.65 robust_c80=fail fail (pass impossible after 1850 runs), 1563 failures
  soybeans consistency|T4|p0.59|R1.0: 16.9s net/day 29.23 robust_c80=fail fail (pass impossible after 2350 runs), 1547 failures
  soybeans standard|T4|p0.59|R1.0: 12.5s net/day 29.23 robust_c80=fail fail (pass impossible after 1850 runs), 1562 failures
  soybeans consistency|T4|p0.49|R1.5: 21.4s net/day 31.34 robust_c80=fail fail (pass impossible after 2400 runs), 1561 failures
  soybeans standard|T4|p0.49|R1.5: 13.0s net/day 31.34 robust_c80=fail fail (pass impossible after 1900 runs), 1568 failures
  soybeans consistency|T4|p0.42|R2.0: 21.1s net/day 31.42 robust_c80=fail fail (pass impossible after 2350 runs), 1541 failures
  soybeans standard|T4|p0.42|R2.0: 12.6s net/day 31.42 robust_c80=fail fail (pass impossible after 1850 runs), 1538 failures
  soybeans consistency|T4|p0.6|R1.0: 22.7s net/day 40.62 robust_c80=fail fail (pass impossible after 3050 runs), 1558 failures
  soybeans standard|T4|p0.6|R1.0: 15.0s net/day 40.62 robust_c80=fail fail (pass impossible after 2050 runs), 1539 failures
  soybeans consistency|T4|p0.46|R1.75: 20.9s net/day 40.81 robust_c80=fail fail (pass impossible after 2800 runs), 1551 failures
  soybeans standard|T4|p0.46|R1.75: 15.8s net/day 40.81 robust_c80=fail fail (pass impossible after 2050 runs), 1558 failures
  soybeans consistency|T1|p0.6|R1.0: 14.8s net/day 42.41 robust_c80=fail fail (pass impossible after 3150 runs), 1543 failures
  soybeans standard|T1|p0.6|R1.0: 6.0s net/day 42.41 robust_c80=fail fail (pass impossible after 2100 runs), 1549 failures
  soybeans consistency|T4|p0.5|R1.5: 26.1s net/day 42.97 robust_c80=fail fail (pass impossible after 3050 runs), 1554 failures
  soybeans standard|T4|p0.5|R1.5: 15.6s net/day 42.97 robust_c80=fail fail (pass impossible after 2100 runs), 1536 failures
  soybeans consistency|T4|p0.43|R2.0: 25.1s net/day 43.51 robust_c80=fail fail (pass impossible after 2950 runs), 1546 failures
  soybeans standard|T4|p0.43|R2.0: 14.0s net/day 43.51 robust_c80=fail fail (pass impossible after 2100 runs), 1545 failures
  soybeans consistency|T1|p0.5|R1.5: 12.4s net/day 43.66 robust_c80=fail fail (pass impossible after 3050 runs), 1551 failures
  soybeans standard|T1|p0.5|R1.5: 7.4s net/day 43.66 robust_c80=fail fail (pass impossible after 2050 runs), 1548 failures
  soybeans consistency|T2|p0.6|R1.0: 20.6s net/day 47.12 robust_c80=fail fail (pass impossible after 3700 runs), 1550 failures
  soybeans standard|T2|p0.6|R1.0: 11.0s net/day 47.12 robust_c80=fail fail (pass impossible after 2350 runs), 1560 failures
  soybeans consistency|T2|p0.5|R1.5: 20.2s net/day 48.85 robust_c80=fail fail (pass impossible after 3400 runs), 1544 failures
  soybeans standard|T2|p0.5|R1.5: 10.1s net/day 48.85 robust_c80=fail fail (pass impossible after 2300 runs), 1558 failures
  soybeans consistency|T8|p0.45|R2.0: 50.4s net/day 49.58 robust_c80=fail fail (pass impossible after 3300 runs), 1553 failures
  soybeans standard|T8|p0.45|R2.0: 30.5s net/day 49.58 robust_c80=fail fail (pass impossible after 2250 runs), 1554 failures
  soybeans consistency|T4|p0.68|R0.75: 34.7s net/day 51.67 robust_c80=fail fail (pass impossible after 4250 runs), 1539 failures
  soybeans standard|T4|p0.68|R0.75: 17.6s net/day 51.67 robust_c80=fail fail (pass impossible after 2500 runs), 1555 failures
  soybeans consistency|T4|p0.44|R2.0: 37.1s net/day 55.59 robust_c80=fail fail (pass impossible after 4050 runs), 1537 failures
  soybeans standard|T4|p0.44|R2.0: 18.5s net/day 55.59 robust_c80=fail fail (pass impossible after 2500 runs), 1546 failures
  soybeans consistency|T1|p0.45|R2.0: 18.4s net/day 56.86 robust_c80=fail fail (pass impossible after 4100 runs), 1535 failures
  soybeans standard|T1|p0.45|R2.0: 8.3s net/day 56.86 robust_c80=fail fail (pass impossible after 2550 runs), 1563 failures
  soybeans consistency|T2|p0.62|R1.0: 39.2s net/day 63.89 robust_c80=fail fail (pass impossible after 6550 runs), 1541 failures
  soybeans standard|T2|p0.62|R1.0: 16.2s net/day 63.89 robust_c80=fail fail (pass impossible after 3250 runs), 1533 failures
  soybeans consistency|T4|p0.48|R1.75: 53.6s net/day 64.49 robust_c80=fail fail (pass impossible after 5650 runs), 1543 failures
  soybeans standard|T4|p0.48|R1.75: 23.0s net/day 64.49 robust_c80=fail fail (pass impossible after 2900 runs), 1532 failures
  soybeans consistency|T2|p0.52|R1.5: 41.0s net/day 65.97 robust_c80=fail fail (pass impossible after 6050 runs), 1540 failures
  soybeans standard|T2|p0.52|R1.5: 16.3s net/day 65.97 robust_c80=fail fail (pass impossible after 3200 runs), 1547 failures
  soybeans consistency|T2|p0.45|R2.0: 35.4s net/day 67.03 robust_c80=fail fail (pass impossible after 5650 runs), 1537 failures
  soybeans standard|T2|p0.45|R2.0: 14.8s net/day 67.03 robust_c80=fail fail (pass impossible after 3150 runs), 1535 failures
  soybeans consistency|T4|p0.45|R2.0: 52.9s net/day 67.68 robust_c80=fail fail (pass impossible after 5900 runs), 1538 failures
  soybeans standard|T4|p0.45|R2.0: 27.9s net/day 67.68 robust_c80=fail fail (pass impossible after 3300 runs), 1558 failures
  soybeans consistency|T1|p0.47|R2.0: 33.8s net/day 69.78 robust_c80=fail fail (pass impossible after 6550 runs), 1538 failures
  soybeans standard|T1|p0.47|R2.0: 12.4s net/day 69.78 robust_c80=fail fail (pass impossible after 3250 runs), 1533 failures
  soybeans consistency|T1|p0.65|R1.0: 37.8s net/day 72.85 robust_c80=pass (0.8479)
  soybeans standard|T1|p0.65|R1.0: 14.0s net/day 72.85 robust_c80=fail fail (pass impossible after 4000 runs), 1532 failures
