2-year null comparison sample standard: 23s
  2-year standard|T32|p0.45|R1.5: 228.3s net/day -270.48 robust_c80=fail (0.0000)
  2-year standard|T32|p0.4|R2.0: 333.7s net/day -249.20 robust_c80=fail (0.0000)
  2-year standard|T32|p0.475|R1.5: 205.6s net/day -242.88 robust_c80=fail (0.0000)
  2-year standard|T32|p0.425|R2.0: 203.1s net/day -220.52 robust_c80=fail (0.0000)
2-year null comparison sample consistency: 19s
  2-year consistency|T16|p0.55|R1.0: 112.8s net/day -125.40 robust_c80=fail (0.0000)
  2-year standard|T16|p0.55|R1.0: 106.2s net/day -125.40 robust_c80=fail (0.0000)
  2-year consistency|T16|p0.45|R1.5: 103.7s net/day -124.63 robust_c80=fail (0.0000)
  2-year standard|T16|p0.45|R1.5: 103.3s net/day -124.63 robust_c80=fail (0.0000)
  2-year consistency|T16|p0.4|R2.0: 110.6s net/day -109.90 robust_c80=fail (0.0000)
  2-year standard|T16|p0.4|R2.0: 105.1s net/day -109.90 robust_c80=fail (0.0000)
  2-year consistency|T4|p0.4|R0.75: 30.5s net/day -108.00 robust_c80=fail (0.0000)
  2-year standard|T4|p0.4|R0.75: 43.7s net/day -108.00 robust_c80=fail (0.0000)
  2-year consistency|T16|p0.475|R1.5: 117.9s net/day -105.53 robust_c80=fail (0.0000)
  2-year standard|T16|p0.475|R1.5: 106.2s net/day -105.53 robust_c80=fail (0.0000)
  2-year consistency|T16|p0.425|R2.0: 102.8s net/day -90.06 robust_c80=fail (0.0000)
  2-year standard|T16|p0.425|R2.0: 109.9s net/day -90.06 robust_c80=fail (0.0000)
  2-year consistency|T4|p0.45|R0.75: 32.4s net/day -88.38 robust_c80=fail (0.0000)
  2-year standard|T4|p0.45|R0.75: 38.8s net/day -88.38 robust_c80=fail (0.0000)
  2-year consistency|T16|p0.6|R1.0: 106.8s net/day -87.98 robust_c80=fail (0.0000)
  2-year standard|T16|p0.6|R1.0: 104.0s net/day -87.98 robust_c80=fail (0.0000)
  2-year consistency|T4|p0.4|R1.0: 36.0s net/day -79.57 robust_c80=fail (0.0000)
  2-year standard|T4|p0.4|R1.0: 26.3s net/day -79.57 robust_c80=fail (0.0000)
  2-year consistency|T2|p0.4|R0.75: 23.8s net/day -70.00 robust_c80=fail (0.0000)
  2-year standard|T2|p0.4|R0.75: 29.8s net/day -70.00 robust_c80=fail (0.0000)
  2-year consistency|T4|p0.5|R0.75: 36.4s net/day -68.77 robust_c80=fail (0.0000)
  2-year standard|T4|p0.5|R0.75: 29.8s net/day -68.77 robust_c80=fail (0.0000)
  2-year consistency|T4|p0.45|R1.0: 35.9s net/day -60.16 robust_c80=fail (0.0000)
  2-year standard|T4|p0.45|R1.0: 33.4s net/day -60.16 robust_c80=fail (0.0000)
  2-year consistency|T2|p0.45|R0.75: 22.4s net/day -55.52 robust_c80=fail (0.0000)
  2-year standard|T2|p0.45|R0.75: 20.6s net/day -55.52 robust_c80=fail (0.0000)
  2-year consistency|T8|p0.55|R1.0: 62.7s net/day -54.39 robust_c80=fail (0.0000)
  2-year standard|T8|p0.55|R1.0: 62.7s net/day -54.39 robust_c80=fail (0.0000)
  2-year consistency|T8|p0.45|R1.5: 61.2s net/day -53.83 robust_c80=fail (0.0000)
  2-year standard|T8|p0.45|R1.5: 55.3s net/day -53.83 robust_c80=fail (0.0000)
  2-year consistency|T1|p0.4|R0.75: 15.0s net/day -49.19 robust_c80=fail (0.0000)
  2-year standard|T1|p0.4|R0.75: 17.4s net/day -49.19 robust_c80=fail (0.0000)
  2-year consistency|T4|p0.55|R0.75: 36.4s net/day -49.15 robust_c80=fail (0.0000)
  2-year standard|T4|p0.55|R0.75: 32.3s net/day -49.15 robust_c80=fail (0.0000)
  2-year consistency|T2|p0.4|R1.0: 22.3s net/day -49.01 robust_c80=fail (0.0000)
  2-year standard|T2|p0.4|R1.0: 23.8s net/day -49.01 robust_c80=fail (0.0000)
  2-year consistency|T8|p0.4|R2.0: 55.9s net/day -43.20 robust_c80=fail (0.0000)
  2-year standard|T8|p0.4|R2.0: 56.0s net/day -43.20 robust_c80=fail (0.0000)
  2-year consistency|T2|p0.5|R0.75: 25.7s net/day -41.03 robust_c80=fail (0.0000)
  2-year standard|T2|p0.5|R0.75: 23.6s net/day -41.03 robust_c80=fail (0.0000)
  2-year consistency|T8|p0.575|R1.0: 55.8s net/day -40.88 robust_c80=fail (0.0000)
  2-year standard|T8|p0.575|R1.0: 57.4s net/day -40.88 robust_c80=fail (0.0000)
  2-year consistency|T4|p0.4|R1.5: 31.8s net/day -40.74 robust_c80=fail (0.0000)
  2-year standard|T4|p0.4|R1.5: 45.5s net/day -40.74 robust_c80=fail (0.0000)
  2-year consistency|T4|p0.5|R1.0: 31.3s net/day -40.74 robust_c80=fail (0.0000)
  2-year standard|T4|p0.5|R1.0: 35.8s net/day -40.74 robust_c80=fail (0.0000)
  2-year consistency|T8|p0.475|R1.5: 63.6s net/day -40.05 robust_c80=fail (0.0000)
  2-year standard|T8|p0.475|R1.5: 63.7s net/day -40.05 robust_c80=fail (0.0000)
  2-year consistency|T1|p0.45|R0.75: 18.2s net/day -37.81 robust_c80=fail (0.0000)
  2-year standard|T1|p0.45|R0.75: 15.8s net/day -37.81 robust_c80=fail (0.0000)
  2-year consistency|T2|p0.45|R1.0: 23.7s net/day -34.68 robust_c80=fail (0.0000)
  2-year standard|T2|p0.45|R1.0: 23.0s net/day -34.68 robust_c80=fail (0.0000)
  2-year consistency|T1|p0.4|R1.0: 13.2s net/day -32.70 robust_c80=fail (0.0000)
  2-year standard|T1|p0.4|R1.0: 20.5s net/day -32.70 robust_c80=fail (0.0000)
  2-year consistency|T4|p0.6|R0.75: 37.0s net/day -29.53 robust_c80=fail (0.0000)
  2-year standard|T4|p0.6|R0.75: 35.9s net/day -29.53 robust_c80=fail (0.0000)
  2-year consistency|T8|p0.425|R2.0: 66.3s net/day -28.87 robust_c80=fail (0.0000)
  2-year standard|T8|p0.425|R2.0: 59.4s net/day -28.87 robust_c80=fail (0.0000)
  2-year consistency|T8|p0.6|R1.0: 55.6s net/day -27.38 robust_c80=fail (0.0000)
  2-year standard|T8|p0.6|R1.0: 61.8s net/day -27.38 robust_c80=fail (0.0000)
  2-year consistency|T2|p0.55|R0.75: 26.8s net/day -26.55 robust_c80=fail (0.0000)
  2-year standard|T2|p0.55|R0.75: 22.9s net/day -26.55 robust_c80=fail (0.0000)
  2-year consistency|T1|p0.5|R0.75: 14.2s net/day -26.42 robust_c80=fail (0.0000)
  2-year standard|T1|p0.5|R0.75: 14.8s net/day -26.42 robust_c80=fail (0.0000)
  2-year consistency|T8|p0.5|R1.5: 64.9s net/day -26.26 robust_c80=fail (0.0000)
  2-year standard|T8|p0.5|R1.5: 64.2s net/day -26.26 robust_c80=fail (0.0000)
  2-year consistency|T1|p0.45|R1.0: 20.5s net/day -21.43 robust_c80=fail (0.0000)
  2-year standard|T1|p0.45|R1.0: 18.2s net/day -21.43 robust_c80=fail (0.0000)
  2-year consistency|T4|p0.55|R1.0: 30.9s net/day -21.32 robust_c80=fail (0.0000)
  2-year standard|T4|p0.55|R1.0: 38.4s net/day -21.32 robust_c80=fail (0.0000)
  2-year consistency|T4|p0.45|R1.5: 34.3s net/day -20.92 robust_c80=fail (0.0000)
  2-year standard|T4|p0.45|R1.5: 38.1s net/day -20.92 robust_c80=fail (0.0000)
  2-year consistency|T2|p0.4|R1.5: 19.5s net/day -20.34 robust_c80=fail (0.0000)
  2-year standard|T2|p0.4|R1.5: 29.0s net/day -20.34 robust_c80=fail (0.0000)
  2-year consistency|T2|p0.5|R1.0: 22.4s net/day -20.34 robust_c80=fail (0.0000)
  2-year standard|T2|p0.5|R1.0: 24.1s net/day -20.34 robust_c80=fail (0.0000)
  2-year consistency|T1|p0.55|R0.75: 18.8s net/day -15.04 robust_c80=fail (0.0000)
  2-year standard|T1|p0.55|R0.75: 17.1s net/day -15.04 robust_c80=fail (0.0000)
  2-year consistency|T8|p0.45|R2.0: 58.4s net/day -14.55 robust_c80=fail (0.0001)
  2-year standard|T8|p0.45|R2.0: 65.5s net/day -14.55 robust_c80=fail (0.0000)
  2-year consistency|T4|p0.4|R2.0: 36.2s net/day -13.28 robust_c80=fail (0.0000)
  2-year standard|T4|p0.4|R2.0: 35.7s net/day -13.28 robust_c80=fail (0.0000)
  2-year consistency|T2|p0.6|R0.75: 24.0s net/day -12.06 robust_c80=fail (0.0000)
  2-year standard|T2|p0.6|R0.75: 26.3s net/day -12.06 robust_c80=fail (0.0000)
  2-year consistency|T1|p0.4|R1.5: 18.9s net/day -10.16 robust_c80=fail (0.0003)
  2-year standard|T1|p0.4|R1.5: 17.2s net/day -10.16 robust_c80=fail (0.0000)
  2-year consistency|T1|p0.5|R1.0: 18.0s net/day -10.16 robust_c80=fail (0.0001)
  2-year standard|T1|p0.5|R1.0: 17.3s net/day -10.16 robust_c80=fail (0.0000)
  2-year consistency|T4|p0.58|R1.0: 37.9s net/day -9.67 robust_c80=fail (0.0000)
  2-year standard|T4|p0.58|R1.0: 37.8s net/day -9.67 robust_c80=fail (0.0000)
  2-year consistency|T4|p0.48|R1.5: 41.4s net/day -9.03 robust_c80=fail (0.0001)
  2-year standard|T4|p0.48|R1.5: 36.9s net/day -9.03 robust_c80=fail (0.0000)
  2-year consistency|T2|p0.55|R1.0: 27.9s net/day -6.00 robust_c80=fail (0.0001)
  2-year standard|T2|p0.55|R1.0: 24.1s net/day -6.00 robust_c80=fail (0.0000)
  2-year consistency|T4|p0.66|R0.75: 45.3s net/day -5.99 robust_c80=fail (0.0003)
  2-year standard|T4|p0.66|R0.75: 37.6s net/day -5.99 robust_c80=fail (0.0000)
  2-year consistency|T4|p0.59|R1.0: 38.7s net/day -5.79 robust_c80=fail (0.0000)
  2-year standard|T4|p0.59|R1.0: 39.7s net/day -5.79 robust_c80=fail (0.0000)
  2-year consistency|T2|p0.45|R1.5: 28.1s net/day -5.71 robust_c80=fail (0.0004)
  2-year standard|T2|p0.45|R1.5: 22.8s net/day -5.71 robust_c80=fail (0.0000)
  2-year consistency|T4|p0.49|R1.5: 33.8s net/day -5.07 robust_c80=fail (0.0005)
  2-year standard|T4|p0.49|R1.5: 39.1s net/day -5.07 robust_c80=fail (0.0000)
  2-year consistency|T4|p0.42|R2.0: 40.3s net/day -5.04 robust_c80=fail (0.0011)
  2-year standard|T4|p0.42|R2.0: 38.8s net/day -5.04 robust_c80=fail (0.0000)
  2-year consistency|T1|p0.6|R0.75: 20.6s net/day -3.65 robust_c80=fail (0.0009)
  2-year standard|T1|p0.6|R0.75: 19.3s net/day -3.65 robust_c80=fail (0.0000)
  2-year consistency|T4|p0.6|R1.0: 42.5s net/day -1.91 robust_c80=fail (0.0004)
  2-year standard|T4|p0.6|R1.0: 37.7s net/day -1.91 robust_c80=fail (0.0000)
  2-year consistency|T4|p0.46|R1.75: 43.5s net/day -1.84 robust_c80=fail (0.0020)
  2-year standard|T4|p0.46|R1.75: 44.4s net/day -1.84 robust_c80=fail (0.0001)
  2-year consistency|T4|p0.5|R1.5: 41.0s net/day -1.11 robust_c80=fail (0.0018)
  2-year standard|T4|p0.5|R1.5: 39.9s net/day -1.11 robust_c80=fail (0.0001)
  2-year consistency|T4|p0.43|R2.0: 37.9s net/day -0.92 robust_c80=fail (0.0029)
  2-year standard|T4|p0.43|R2.0: 43.8s net/day -0.92 robust_c80=fail (0.0001)
  2-year consistency|T2|p0.4|R2.0: 28.7s net/day -0.07 robust_c80=fail (0.0030)
  2-year standard|T2|p0.4|R2.0: 27.8s net/day -0.07 robust_c80=fail (0.0004)
  2-year consistency|T1|p0.55|R1.0: 20.9s net/day 1.11 robust_c80=fail (0.0030)
  2-year standard|T1|p0.55|R1.0: 19.7s net/day 1.11 robust_c80=fail (0.0006)
  2-year consistency|T1|p0.45|R1.5: 20.7s net/day 1.34 robust_c80=fail (0.0032)
  2-year standard|T1|p0.45|R1.5: 18.8s net/day 1.34 robust_c80=fail (0.0008)
  2-year consistency|T4|p0.68|R0.75: 41.3s net/day 1.86 robust_c80=fail (0.0019)
  2-year standard|T4|p0.68|R0.75: 39.8s net/day 1.86 robust_c80=fail (0.0001)
  2-year consistency|T4|p0.44|R2.0: 41.8s net/day 3.19 robust_c80=fail (0.0069)
  2-year standard|T4|p0.44|R2.0: 40.5s net/day 3.19 robust_c80=fail (0.0014)
  2-year consistency|T1|p0.4|R2.0: 19.5s net/day 5.78 robust_c80=fail (0.0112)
  2-year standard|T1|p0.4|R2.0: 22.7s net/day 5.78 robust_c80=fail (0.0019)
  2-year consistency|T4|p0.48|R1.75: 44.6s net/day 6.23 robust_c80=fail (0.0123)
  2-year standard|T4|p0.48|R1.75: 39.3s net/day 6.23 robust_c80=fail (0.0022)
  2-year consistency|T4|p0.45|R2.0: 44.3s net/day 7.31 robust_c80=fail (0.0161)
  2-year standard|T4|p0.45|R2.0: 42.2s net/day 7.31 robust_c80=fail (0.0037)
  2-year consistency|T2|p0.6|R1.0: 31.4s net/day 8.33 robust_c80=fail (0.0138)
  2-year standard|T2|p0.6|R1.0: 28.2s net/day 8.33 robust_c80=fail (0.0027)
  2-year consistency|T2|p0.5|R1.5: 30.6s net/day 8.92 robust_c80=fail (0.0180)
  2-year standard|T2|p0.5|R1.5: 30.0s net/day 8.92 robust_c80=fail (0.0037)
  2-year consistency|T1|p0.6|R1.0: 27.5s net/day 12.38 robust_c80=fail (0.0355)
  2-year standard|T1|p0.6|R1.0: 21.7s net/day 12.38 robust_c80=fail (0.0073)
  2-year consistency|T1|p0.5|R1.5: 26.3s net/day 12.84 robust_c80=fail (0.0429)
  2-year standard|T1|p0.5|R1.5: 18.7s net/day 12.84 robust_c80=fail (0.0104)
  2-year consistency|T2|p0.62|R1.0: 36.7s net/day 14.07 robust_c80=fail (0.0467)
  2-year standard|T2|p0.62|R1.0: 35.8s net/day 14.07 robust_c80=fail (0.0105)
  2-year consistency|T2|p0.52|R1.5: 32.0s net/day 14.78 robust_c80=fail (0.0559)
  2-year standard|T2|p0.52|R1.5: 30.8s net/day 14.78 robust_c80=fail (0.0139)
  2-year consistency|T2|p0.45|R2.0: 35.3s net/day 15.14 robust_c80=fail (0.0601)
  2-year standard|T2|p0.45|R2.0: 29.4s net/day 15.14 robust_c80=fail (0.0175)
  2-year consistency|T2|p0.53|R1.5: 33.3s net/day 17.70 robust_c80=fail (0.0900)
  2-year standard|T2|p0.53|R1.5: 33.6s net/day 17.70 robust_c80=fail (0.0266)
  2-year consistency|T1|p0.45|R2.0: 22.9s net/day 17.73 robust_c80=fail (0.0945)
  2-year standard|T1|p0.45|R2.0: 23.0s net/day 17.73 robust_c80=fail (0.0283)
  2-year consistency|T4|p0.55|R1.5: 53.1s net/day 18.71 robust_c80=fail (0.1089)
  2-year standard|T4|p0.55|R1.5: 49.1s net/day 18.71 robust_c80=fail (0.0301)
  2-year consistency|T2|p0.5|R1.75: 34.0s net/day 20.30 robust_c80=fail (0.1227)
  2-year standard|T2|p0.5|R1.75: 32.4s net/day 20.30 robust_c80=fail (0.0430)
  2-year consistency|T2|p0.54|R1.5: 38.1s net/day 20.63 robust_c80=fail (0.1335)
  2-year standard|T2|p0.54|R1.5: 34.6s net/day 20.63 robust_c80=fail (0.0446)
  2-year consistency|T2|p0.47|R2.0: 35.8s net/day 21.22 robust_c80=fail (0.1469)
  2-year standard|T2|p0.47|R2.0: 32.4s net/day 21.22 robust_c80=fail (0.0516)
  2-year consistency|T1|p0.47|R2.0: 23.7s net/day 22.51 robust_c80=fail (0.1782)
  2-year standard|T1|p0.47|R2.0: 25.3s net/day 22.51 robust_c80=fail (0.0626)
  2-year consistency|T2|p0.65|R1.0: 33.2s net/day 22.67 robust_c80=fail (0.1769)
  2-year standard|T2|p0.65|R1.0: 29.3s net/day 22.67 robust_c80=fail (0.0581)
  2-year consistency|T2|p0.55|R1.5: 34.7s net/day 23.55 robust_c80=fail (0.1929)
  2-year standard|T2|p0.55|R1.5: 30.9s net/day 23.55 robust_c80=fail (0.0742)
  2-year consistency|T1|p0.65|R1.0: 31.1s net/day 23.64 robust_c80=fail (0.2009)
  2-year standard|T1|p0.65|R1.0: 27.2s net/day 23.64 robust_c80=fail (0.0703)
  2-year consistency|T2|p0.48|R2.0: 40.6s net/day 24.26 robust_c80=fail (0.2170)
  2-year standard|T2|p0.48|R2.0: 33.7s net/day 24.26 robust_c80=fail (0.0829)
  2-year consistency|T1|p0.55|R1.5: 29.7s net/day 24.34 robust_c80=fail (0.2200)
  2-year standard|T1|p0.55|R1.5: 25.9s net/day 24.34 robust_c80=fail (0.0783)
  2-year consistency|T1|p0.48|R2.0: 31.4s net/day 24.90 robust_c80=fail (0.2338)
  2-year standard|T1|p0.48|R2.0: 32.1s net/day 24.90 robust_c80=fail (0.0862)
  2-year consistency|T2|p0.52|R1.75: 36.8s net/day 26.26 robust_c80=fail (0.2556)
  2-year standard|T2|p0.52|R1.75: 36.3s net/day 26.26 robust_c80=fail (0.1077)
  2-year consistency|T1|p0.52|R1.75: 32.7s net/day 26.47 robust_c80=fail (0.2776)
  2-year standard|T1|p0.52|R1.75: 23.4s net/day 26.47 robust_c80=fail (0.1099)
  2-year consistency|T1|p0.56|R1.5: 27.6s net/day 26.64 robust_c80=fail (0.2796)
  2-year standard|T1|p0.56|R1.5: 28.8s net/day 26.64 robust_c80=fail (0.1120)
  2-year consistency|T1|p0.49|R2.0: 29.9s net/day 27.29 robust_c80=fail (0.2971)
  2-year standard|T1|p0.49|R2.0: 25.4s net/day 27.29 robust_c80=fail (0.1236)
  2-year consistency|T2|p0.49|R2.0: 39.7s net/day 27.30 robust_c80=fail (0.2845)
  2-year standard|T2|p0.49|R2.0: 39.0s net/day 27.30 robust_c80=fail (0.1249)
  2-year consistency|T4|p0.5|R2.0: 59.1s net/day 27.91 robust_c80=fail (0.3170)
  2-year standard|T4|p0.5|R2.0: 55.1s net/day 27.91 robust_c80=fail (0.1355)
  2-year consistency|T1|p0.57|R1.5: 30.2s net/day 28.94 robust_c80=fail (0.3523)
  2-year standard|T1|p0.57|R1.5: 24.3s net/day 28.94 robust_c80=fail (0.1514)
  2-year consistency|T1|p0.5|R2.0: 33.6s net/day 29.68 robust_c80=fail (0.3635)
  2-year standard|T1|p0.5|R2.0: 23.0s net/day 29.68 robust_c80=fail (0.1654)
  2-year consistency|T2|p0.5|R2.0: 41.1s net/day 30.34 robust_c80=fail (0.3781)
  2-year standard|T2|p0.5|R2.0: 37.1s net/day 30.34 robust_c80=fail (0.1782)
  2-year consistency|T1|p0.45|R2.5: 33.8s net/day 30.82 robust_c80=fail (0.3882)
  2-year standard|T1|p0.45|R2.5: 25.1s net/day 30.82 robust_c80=fail (0.1824)
  2-year consistency|T1|p0.54|R1.75: 34.7s net/day 31.15 robust_c80=fail (0.4166)
  2-year standard|T1|p0.54|R1.75: 29.9s net/day 31.15 robust_c80=fail (0.2015)
  2-year consistency|T1|p0.58|R1.5: 33.9s net/day 31.24 robust_c80=fail (0.4276)
  2-year standard|T1|p0.58|R1.5: 24.8s net/day 31.24 robust_c80=fail (0.2004)
  2-year consistency|T1|p0.59|R1.5: 29.4s net/day 33.54 robust_c80=fail (0.5000)
  2-year standard|T1|p0.59|R1.5: 29.8s net/day 33.54 robust_c80=fail (0.2611)
  2-year consistency|T1|p0.7|R1.0: 26.1s net/day 34.91 robust_c80=fail (0.5351)
  2-year standard|T1|p0.7|R1.0: 31.2s net/day 34.91 robust_c80=fail (0.3164)
  2-year consistency|T1|p0.6|R1.5: 35.6s net/day 35.84 robust_c80=fail (0.5674)
  2-year standard|T1|p0.6|R1.5: 29.7s net/day 35.84 robust_c80=fail (0.3285)
  2-year consistency|T2|p0.6|R1.5: 47.8s net/day 38.19 robust_c80=fail (0.6315)
  2-year standard|T2|p0.6|R1.5: 44.6s net/day 38.19 robust_c80=fail (0.4010)
  2-year consistency|T4|p0.6|R1.5: 71.2s net/day 38.53 robust_c80=fail (0.6442)
  2-year standard|T4|p0.6|R1.5: 74.5s net/day 38.53 robust_c80=fail (0.4208)
  2-year consistency|T1|p0.55|R2.0: 35.0s net/day 41.63 robust_c80=fail (0.7268)
  2-year standard|T1|p0.55|R2.0: 30.2s net/day 41.63 robust_c80=fail (0.4926)
  2-year consistency|T2|p0.55|R2.0: 54.4s net/day 45.55 robust_c80=pass (0.8170)
  2-year standard|T2|p0.55|R2.0: 48.7s net/day 45.55 robust_c80=fail (0.6358)
