wheat null comparison sample standard: 17s
  wheat standard|T32|p0.45|R1.5: 42.9s net/day -465.63 robust_c80=fail fail (pass impossible after 1550 runs), 1550 failures
  wheat standard|T32|p0.4|R2.0: 44.2s net/day -416.86 robust_c80=fail fail (pass impossible after 1550 runs), 1550 failures
  wheat standard|T32|p0.475|R1.5: 43.0s net/day -402.40 robust_c80=fail fail (pass impossible after 1550 runs), 1550 failures
  wheat standard|T32|p0.425|R2.0: 46.1s net/day -351.16 robust_c80=fail fail (pass impossible after 1550 runs), 1550 failures
wheat null comparison sample consistency: 17s
  wheat consistency|T4|p0.4|R0.75: 8.0s net/day -227.36 robust_c80=fail fail (pass impossible after 1550 runs), 1550 failures
  wheat standard|T4|p0.4|R0.75: 7.6s net/day -227.36 robust_c80=fail fail (pass impossible after 1550 runs), 1550 failures
  wheat consistency|T16|p0.55|R1.0: 26.2s net/day -208.18 robust_c80=fail fail (pass impossible after 1550 runs), 1550 failures
  wheat standard|T16|p0.55|R1.0: 26.5s net/day -208.18 robust_c80=fail fail (pass impossible after 1550 runs), 1550 failures
  wheat consistency|T16|p0.45|R1.5: 23.1s net/day -206.37 robust_c80=fail fail (pass impossible after 1550 runs), 1550 failures
  wheat standard|T16|p0.45|R1.5: 24.6s net/day -206.37 robust_c80=fail fail (pass impossible after 1550 runs), 1550 failures
  wheat consistency|T4|p0.45|R0.75: 8.5s net/day -182.66 robust_c80=fail fail (pass impossible after 1550 runs), 1550 failures
  wheat standard|T4|p0.45|R0.75: 8.2s net/day -182.66 robust_c80=fail fail (pass impossible after 1550 runs), 1550 failures
  wheat consistency|T16|p0.4|R2.0: 25.4s net/day -171.78 robust_c80=fail fail (pass impossible after 1550 runs), 1550 failures
  wheat standard|T16|p0.4|R2.0: 24.4s net/day -171.78 robust_c80=fail fail (pass impossible after 1550 runs), 1550 failures
  wheat consistency|T4|p0.4|R1.0: 8.6s net/day -162.59 robust_c80=fail fail (pass impossible after 1550 runs), 1550 failures
  wheat standard|T4|p0.4|R1.0: 8.0s net/day -162.59 robust_c80=fail fail (pass impossible after 1550 runs), 1550 failures
  wheat consistency|T16|p0.475|R1.5: 25.8s net/day -161.52 robust_c80=fail fail (pass impossible after 1550 runs), 1550 failures
  wheat standard|T16|p0.475|R1.5: 24.9s net/day -161.52 robust_c80=fail fail (pass impossible after 1550 runs), 1550 failures
  wheat consistency|T2|p0.4|R0.75: 5.5s net/day -153.49 robust_c80=fail fail (pass impossible after 1550 runs), 1550 failures
  wheat standard|T2|p0.4|R0.75: 6.2s net/day -153.49 robust_c80=fail fail (pass impossible after 1550 runs), 1550 failures
  wheat consistency|T4|p0.5|R0.75: 8.4s net/day -137.97 robust_c80=fail fail (pass impossible after 1550 runs), 1550 failures
  wheat standard|T4|p0.5|R0.75: 8.5s net/day -137.97 robust_c80=fail fail (pass impossible after 1550 runs), 1550 failures
  wheat consistency|T16|p0.425|R2.0: 26.4s net/day -125.17 robust_c80=fail fail (pass impossible after 1550 runs), 1550 failures
  wheat standard|T16|p0.425|R2.0: 26.2s net/day -125.17 robust_c80=fail fail (pass impossible after 1550 runs), 1550 failures
  wheat consistency|T16|p0.6|R1.0: 26.0s net/day -120.30 robust_c80=fail fail (pass impossible after 1550 runs), 1550 failures
  wheat standard|T16|p0.6|R1.0: 27.8s net/day -120.30 robust_c80=fail fail (pass impossible after 1550 runs), 1550 failures
  wheat consistency|T2|p0.45|R0.75: 6.4s net/day -119.51 robust_c80=fail fail (pass impossible after 1550 runs), 1550 failures
  wheat standard|T2|p0.45|R0.75: 5.7s net/day -119.51 robust_c80=fail fail (pass impossible after 1550 runs), 1550 failures
  wheat consistency|T4|p0.45|R1.0: 8.4s net/day -118.36 robust_c80=fail fail (pass impossible after 1550 runs), 1550 failures
  wheat standard|T4|p0.45|R1.0: 8.3s net/day -118.36 robust_c80=fail fail (pass impossible after 1550 runs), 1550 failures
  wheat consistency|T2|p0.4|R1.0: 5.7s net/day -104.24 robust_c80=fail fail (pass impossible after 1550 runs), 1550 failures
  wheat standard|T2|p0.4|R1.0: 6.1s net/day -104.24 robust_c80=fail fail (pass impossible after 1550 runs), 1550 failures
  wheat consistency|T1|p0.4|R0.75: 5.1s net/day -99.91 robust_c80=fail fail (pass impossible after 1550 runs), 1550 failures
  wheat standard|T1|p0.4|R0.75: 4.0s net/day -99.91 robust_c80=fail fail (pass impossible after 1550 runs), 1550 failures
  wheat consistency|T4|p0.55|R0.75: 9.5s net/day -93.28 robust_c80=fail fail (pass impossible after 1550 runs), 1550 failures
  wheat standard|T4|p0.55|R0.75: 8.2s net/day -93.28 robust_c80=fail fail (pass impossible after 1550 runs), 1550 failures
  wheat consistency|T2|p0.5|R0.75: 6.3s net/day -85.52 robust_c80=fail fail (pass impossible after 1550 runs), 1550 failures
  wheat standard|T2|p0.5|R0.75: 6.4s net/day -85.52 robust_c80=fail fail (pass impossible after 1550 runs), 1550 failures
  wheat consistency|T8|p0.55|R1.0: 17.1s net/day -85.29 robust_c80=fail fail (pass impossible after 1550 runs), 1550 failures
  wheat standard|T8|p0.55|R1.0: 15.1s net/day -85.29 robust_c80=fail fail (pass impossible after 1550 runs), 1550 failures
  wheat consistency|T8|p0.45|R1.5: 16.4s net/day -84.00 robust_c80=fail fail (pass impossible after 1550 runs), 1550 failures
  wheat standard|T8|p0.45|R1.5: 16.6s net/day -84.00 robust_c80=fail fail (pass impossible after 1550 runs), 1550 failures
  wheat consistency|T1|p0.45|R0.75: 4.6s net/day -76.19 robust_c80=fail fail (pass impossible after 1550 runs), 1550 failures
  wheat standard|T1|p0.45|R0.75: 4.3s net/day -76.19 robust_c80=fail fail (pass impossible after 1550 runs), 1550 failures
  wheat consistency|T4|p0.4|R1.5: 9.0s net/day -74.13 robust_c80=fail fail (pass impossible after 1550 runs), 1550 failures
  wheat standard|T4|p0.4|R1.5: 8.8s net/day -74.13 robust_c80=fail fail (pass impossible after 1550 runs), 1550 failures
  wheat consistency|T4|p0.5|R1.0: 8.4s net/day -74.13 robust_c80=fail fail (pass impossible after 1550 runs), 1550 failures
  wheat standard|T4|p0.5|R1.0: 9.0s net/day -74.13 robust_c80=fail fail (pass impossible after 1550 runs), 1550 failures
  wheat consistency|T2|p0.45|R1.0: 5.8s net/day -70.61 robust_c80=fail fail (pass impossible after 1550 runs), 1550 failures
  wheat standard|T2|p0.45|R1.0: 6.1s net/day -70.61 robust_c80=fail fail (pass impossible after 1550 runs), 1550 failures
  wheat consistency|T1|p0.4|R1.0: 4.1s net/day -65.54 robust_c80=fail fail (pass impossible after 1550 runs), 1550 failures
  wheat standard|T1|p0.4|R1.0: 4.7s net/day -65.54 robust_c80=fail fail (pass impossible after 1550 runs), 1550 failures
  wheat consistency|T8|p0.4|R2.0: 15.4s net/day -59.30 robust_c80=fail fail (pass impossible after 1550 runs), 1550 failures
  wheat standard|T8|p0.4|R2.0: 16.7s net/day -59.30 robust_c80=fail fail (pass impossible after 1550 runs), 1550 failures
  wheat consistency|T8|p0.575|R1.0: 16.0s net/day -53.92 robust_c80=fail fail (pass impossible after 1550 runs), 1550 failures
  wheat standard|T8|p0.575|R1.0: 17.9s net/day -53.92 robust_c80=fail fail (pass impossible after 1550 runs), 1550 failures
  wheat consistency|T1|p0.5|R0.75: 4.6s net/day -52.47 robust_c80=fail fail (pass impossible after 1550 runs), 1550 failures
  wheat standard|T1|p0.5|R0.75: 4.3s net/day -52.47 robust_c80=fail fail (pass impossible after 1550 runs), 1550 failures
  wheat consistency|T8|p0.475|R1.5: 16.2s net/day -51.98 robust_c80=fail fail (pass impossible after 1550 runs), 1550 failures
  wheat standard|T8|p0.475|R1.5: 15.6s net/day -51.98 robust_c80=fail fail (pass impossible after 1550 runs), 1550 failures
  wheat consistency|T2|p0.55|R0.75: 6.1s net/day -51.54 robust_c80=fail fail (pass impossible after 1550 runs), 1550 failures
  wheat standard|T2|p0.55|R0.75: 6.4s net/day -51.54 robust_c80=fail fail (pass impossible after 1550 runs), 1550 failures
  wheat consistency|T4|p0.6|R0.75: 8.4s net/day -48.59 robust_c80=fail fail (pass impossible after 1550 runs), 1550 failures
  wheat standard|T4|p0.6|R0.75: 8.5s net/day -48.59 robust_c80=fail fail (pass impossible after 1550 runs), 1550 failures
  wheat consistency|T1|p0.45|R1.0: 4.9s net/day -42.06 robust_c80=fail fail (pass impossible after 1550 runs), 1549 failures
  wheat standard|T1|p0.45|R1.0: 5.0s net/day -42.06 robust_c80=fail fail (pass impossible after 1550 runs), 1550 failures
  wheat consistency|T2|p0.4|R1.5: 6.7s net/day -36.97 robust_c80=fail fail (pass impossible after 1550 runs), 1547 failures
  wheat standard|T2|p0.4|R1.5: 6.9s net/day -36.97 robust_c80=fail fail (pass impossible after 1550 runs), 1549 failures
  wheat consistency|T2|p0.5|R1.0: 6.6s net/day -36.97 robust_c80=fail fail (pass impossible after 1550 runs), 1548 failures
  wheat standard|T2|p0.5|R1.0: 6.2s net/day -36.97 robust_c80=fail fail (pass impossible after 1550 runs), 1550 failures
  wheat consistency|T4|p0.55|R1.0: 8.7s net/day -29.90 robust_c80=fail fail (pass impossible after 1550 runs), 1549 failures
  wheat standard|T4|p0.55|R1.0: 9.5s net/day -29.90 robust_c80=fail fail (pass impossible after 1550 runs), 1550 failures
  wheat consistency|T4|p0.45|R1.5: 9.7s net/day -28.98 robust_c80=fail fail (pass impossible after 1550 runs), 1543 failures
  wheat standard|T4|p0.45|R1.5: 9.4s net/day -28.98 robust_c80=fail fail (pass impossible after 1550 runs), 1547 failures
  wheat consistency|T1|p0.55|R0.75: 5.0s net/day -28.75 robust_c80=fail fail (pass impossible after 1550 runs), 1543 failures
  wheat standard|T1|p0.55|R0.75: 4.9s net/day -28.75 robust_c80=fail fail (pass impossible after 1550 runs), 1548 failures
  wheat consistency|T8|p0.425|R2.0: 18.1s net/day -26.02 robust_c80=fail fail (pass impossible after 1600 runs), 1575 failures
  wheat standard|T8|p0.425|R2.0: 17.1s net/day -26.02 robust_c80=fail fail (pass impossible after 1550 runs), 1547 failures
  wheat consistency|T8|p0.6|R1.0: 18.6s net/day -22.54 robust_c80=fail fail (pass impossible after 1550 runs), 1535 failures
  wheat standard|T8|p0.6|R1.0: 19.2s net/day -22.54 robust_c80=fail fail (pass impossible after 1550 runs), 1545 failures
  wheat consistency|T8|p0.5|R1.5: 18.1s net/day -19.96 robust_c80=fail fail (pass impossible after 1600 runs), 1571 failures
  wheat standard|T8|p0.5|R1.5: 11.0s net/day -19.96 robust_c80=fail fail (pass impossible after 1550 runs), 1546 failures
  wheat consistency|T1|p0.4|R1.5: 3.4s net/day -18.59 robust_c80=fail fail (pass impossible after 1550 runs), 1537 failures
  wheat standard|T1|p0.4|R1.5: 4.2s net/day -18.59 robust_c80=fail fail (pass impossible after 1550 runs), 1549 failures
  wheat consistency|T1|p0.5|R1.0: 5.3s net/day -18.59 robust_c80=fail fail (pass impossible after 1600 runs), 1579 failures
  wheat standard|T1|p0.5|R1.0: 5.4s net/day -18.59 robust_c80=fail fail (pass impossible after 1550 runs), 1547 failures
  wheat consistency|T2|p0.6|R0.75: 5.5s net/day -17.55 robust_c80=fail fail (pass impossible after 1550 runs), 1535 failures
  wheat standard|T2|p0.6|R0.75: 6.1s net/day -17.55 robust_c80=fail fail (pass impossible after 1550 runs), 1547 failures
  wheat consistency|T4|p0.4|R2.0: 11.0s net/day -11.57 robust_c80=fail fail (pass impossible after 1600 runs), 1562 failures
  wheat standard|T4|p0.4|R2.0: 10.0s net/day -11.57 robust_c80=fail fail (pass impossible after 1550 runs), 1541 failures
  wheat consistency|T1|p0.6|R0.75: 5.2s net/day -5.04 robust_c80=fail fail (pass impossible after 1600 runs), 1545 failures
  wheat standard|T1|p0.6|R0.75: 5.3s net/day -5.04 robust_c80=fail fail (pass impossible after 1550 runs), 1543 failures
  wheat consistency|T4|p0.58|R1.0: 8.3s net/day -3.36 robust_c80=fail fail (pass impossible after 1600 runs), 1537 failures
  wheat standard|T4|p0.58|R1.0: 8.1s net/day -3.36 robust_c80=fail fail (pass impossible after 1550 runs), 1542 failures
  wheat consistency|T2|p0.55|R1.0: 7.1s net/day -3.33 robust_c80=fail fail (pass impossible after 1600 runs), 1532 failures
  wheat standard|T2|p0.55|R1.0: 6.5s net/day -3.33 robust_c80=fail fail (pass impossible after 1550 runs), 1537 failures
  wheat consistency|T2|p0.45|R1.5: 8.4s net/day -2.64 robust_c80=fail fail (pass impossible after 1650 runs), 1575 failures
  wheat standard|T2|p0.45|R1.5: 7.1s net/day -2.64 robust_c80=fail fail (pass impossible after 1550 runs), 1533 failures
  wheat consistency|T4|p0.48|R1.5: 9.8s net/day -1.90 robust_c80=fail fail (pass impossible after 1650 runs), 1573 failures
  wheat standard|T4|p0.48|R1.5: 10.9s net/day -1.90 robust_c80=fail fail (pass impossible after 1600 runs), 1580 failures
  wheat consistency|T1|p0.55|R1.0: 7.8s net/day 4.88 robust_c80=fail fail (pass impossible after 1700 runs), 1577 failures
  wheat standard|T1|p0.55|R1.0: 6.5s net/day 4.88 robust_c80=fail fail (pass impossible after 1600 runs), 1569 failures
  wheat consistency|T4|p0.66|R0.75: 12.2s net/day 5.04 robust_c80=fail fail (pass impossible after 1700 runs), 1573 failures
  wheat standard|T4|p0.66|R0.75: 8.8s net/day 5.04 robust_c80=fail fail (pass impossible after 1600 runs), 1575 failures
  wheat consistency|T1|p0.45|R1.5: 5.4s net/day 5.37 robust_c80=fail fail (pass impossible after 1650 runs), 1538 failures
  wheat standard|T1|p0.45|R1.5: 5.6s net/day 5.37 robust_c80=fail fail (pass impossible after 1600 runs), 1565 failures
  wheat consistency|T4|p0.59|R1.0: 11.1s net/day 5.49 robust_c80=fail fail (pass impossible after 1650 runs), 1543 failures
  wheat standard|T4|p0.59|R1.0: 10.6s net/day 5.49 robust_c80=fail fail (pass impossible after 1600 runs), 1574 failures
  wheat consistency|T4|p0.49|R1.5: 11.6s net/day 7.13 robust_c80=fail fail (pass impossible after 1700 runs), 1557 failures
  wheat standard|T4|p0.49|R1.5: 10.0s net/day 7.13 robust_c80=fail fail (pass impossible after 1600 runs), 1563 failures
  wheat consistency|T4|p0.42|R2.0: 12.3s net/day 7.19 robust_c80=fail fail (pass impossible after 1700 runs), 1547 failures
  wheat standard|T4|p0.42|R2.0: 10.6s net/day 7.19 robust_c80=fail fail (pass impossible after 1600 runs), 1555 failures
  wheat consistency|T8|p0.45|R2.0: 22.5s net/day 7.25 robust_c80=fail fail (pass impossible after 1750 runs), 1551 failures
  wheat standard|T8|p0.45|R2.0: 23.0s net/day 7.25 robust_c80=fail fail (pass impossible after 1600 runs), 1544 failures
  wheat consistency|T2|p0.4|R2.0: 7.8s net/day 10.60 robust_c80=fail fail (pass impossible after 1750 runs), 1556 failures
  wheat standard|T2|p0.4|R2.0: 6.7s net/day 10.60 robust_c80=fail fail (pass impossible after 1600 runs), 1542 failures
  wheat consistency|T4|p0.6|R1.0: 13.9s net/day 14.34 robust_c80=fail fail (pass impossible after 1850 runs), 1565 failures
  wheat standard|T4|p0.6|R1.0: 9.7s net/day 14.34 robust_c80=fail fail (pass impossible after 1600 runs), 1546 failures
  wheat consistency|T4|p0.46|R1.75: 14.8s net/day 14.48 robust_c80=fail fail (pass impossible after 1850 runs), 1556 failures
  wheat standard|T4|p0.46|R1.75: 10.7s net/day 14.48 robust_c80=fail fail (pass impossible after 1600 runs), 1539 failures
  wheat consistency|T1|p0.4|R2.0: 7.2s net/day 14.61 robust_c80=fail fail (pass impossible after 1750 runs), 1536 failures
  wheat standard|T1|p0.4|R2.0: 5.5s net/day 14.61 robust_c80=fail fail (pass impossible after 1650 runs), 1579 failures
  wheat consistency|T4|p0.5|R1.5: 12.8s net/day 16.16 robust_c80=fail fail (pass impossible after 1850 runs), 1538 failures
  wheat standard|T4|p0.5|R1.5: 12.3s net/day 16.16 robust_c80=fail fail (pass impossible after 1650 runs), 1571 failures
  wheat consistency|T4|p0.43|R2.0: 13.2s net/day 16.58 robust_c80=fail fail (pass impossible after 1900 runs), 1565 failures
  wheat standard|T4|p0.43|R2.0: 10.8s net/day 16.58 robust_c80=fail fail (pass impossible after 1650 runs), 1568 failures
  wheat consistency|T4|p0.68|R0.75: 14.2s net/day 22.92 robust_c80=fail fail (pass impossible after 2050 runs), 1532 failures
  wheat standard|T4|p0.68|R0.75: 13.1s net/day 22.92 robust_c80=fail fail (pass impossible after 1650 runs), 1535 failures
  wheat consistency|T4|p0.44|R2.0: 14.4s net/day 25.96 robust_c80=fail fail (pass impossible after 2150 runs), 1552 failures
  wheat standard|T4|p0.44|R2.0: 12.7s net/day 25.96 robust_c80=fail fail (pass impossible after 1750 runs), 1578 failures
  wheat consistency|T1|p0.6|R1.0: 9.0s net/day 28.36 robust_c80=fail fail (pass impossible after 2250 runs), 1564 failures
  wheat standard|T1|p0.6|R1.0: 6.1s net/day 28.36 robust_c80=fail fail (pass impossible after 1750 runs), 1558 failures
  wheat consistency|T1|p0.5|R1.5: 9.8s net/day 29.33 robust_c80=fail fail (pass impossible after 2200 runs), 1542 failures
  wheat standard|T1|p0.5|R1.5: 5.7s net/day 29.33 robust_c80=fail fail (pass impossible after 1750 runs), 1560 failures
  wheat consistency|T2|p0.6|R1.0: 11.6s net/day 30.30 robust_c80=fail fail (pass impossible after 2450 runs), 1545 failures
  wheat standard|T2|p0.6|R1.0: 10.1s net/day 30.30 robust_c80=fail fail (pass impossible after 1800 runs), 1566 failures
  wheat consistency|T2|p0.5|R1.5: 13.1s net/day 31.69 robust_c80=fail fail (pass impossible after 2450 runs), 1551 failures
  wheat standard|T2|p0.5|R1.5: 8.8s net/day 31.69 robust_c80=fail fail (pass impossible after 1800 runs), 1551 failures
  wheat consistency|T4|p0.48|R1.75: 21.3s net/day 32.87 robust_c80=fail fail (pass impossible after 2500 runs), 1553 failures
  wheat standard|T4|p0.48|R1.75: 13.7s net/day 32.87 robust_c80=fail fail (pass impossible after 1850 runs), 1558 failures
  wheat consistency|T4|p0.45|R2.0: 22.8s net/day 35.34 robust_c80=fail fail (pass impossible after 2650 runs), 1550 failures
  wheat standard|T4|p0.45|R2.0: 12.9s net/day 35.34 robust_c80=fail fail (pass impossible after 1850 runs), 1535 failures
  wheat consistency|T1|p0.45|R2.0: 13.2s net/day 39.51 robust_c80=fail fail (pass impossible after 2850 runs), 1559 failures
  wheat standard|T1|p0.45|R2.0: 6.6s net/day 39.51 robust_c80=fail fail (pass impossible after 1950 runs), 1552 failures
  wheat consistency|T2|p0.62|R1.0: 21.5s net/day 43.76 robust_c80=fail fail (pass impossible after 3650 runs), 1548 failures
  wheat standard|T2|p0.62|R1.0: 9.7s net/day 43.76 robust_c80=fail fail (pass impossible after 2100 runs), 1533 failures
  wheat consistency|T2|p0.52|R1.5: 23.8s net/day 45.42 robust_c80=fail fail (pass impossible after 3750 runs), 1540 failures
  wheat standard|T2|p0.52|R1.5: 11.6s net/day 45.42 robust_c80=fail fail (pass impossible after 2200 runs), 1542 failures
  wheat consistency|T2|p0.45|R2.0: 22.4s net/day 46.28 robust_c80=fail fail (pass impossible after 3650 runs), 1539 failures
  wheat standard|T2|p0.45|R2.0: 12.8s net/day 46.28 robust_c80=fail fail (pass impossible after 2250 runs), 1571 failures
  wheat consistency|T1|p0.47|R2.0: 16.9s net/day 49.47 robust_c80=fail fail (pass impossible after 4000 runs), 1544 failures
  wheat standard|T1|p0.47|R2.0: 10.6s net/day 49.47 robust_c80=fail fail (pass impossible after 2350 runs), 1551 failures
  wheat consistency|T1|p0.65|R1.0: 21.8s net/day 51.83 robust_c80=fail fail (pass impossible after 5200 runs), 1544 failures
  wheat standard|T1|p0.65|R1.0: 8.4s net/day 51.83 robust_c80=fail fail (pass impossible after 2550 runs), 1555 failures
  wheat consistency|T2|p0.53|R1.5: 32.1s net/day 52.29 robust_c80=fail fail (pass impossible after 5100 runs), 1546 failures
  wheat standard|T2|p0.53|R1.5: 14.0s net/day 52.29 robust_c80=fail fail (pass impossible after 2600 runs), 1556 failures
  wheat consistency|T1|p0.55|R1.5: 24.2s net/day 53.29 robust_c80=fail fail (pass impossible after 5050 runs), 1541 failures
  wheat standard|T1|p0.55|R1.5: 8.9s net/day 53.29 robust_c80=fail fail (pass impossible after 2550 runs), 1536 failures
  wheat consistency|T1|p0.48|R2.0: 26.8s net/day 54.45 robust_c80=fail fail (pass impossible after 5000 runs), 1546 failures
  wheat standard|T1|p0.48|R2.0: 10.1s net/day 54.45 robust_c80=fail fail (pass impossible after 2650 runs), 1553 failures
  wheat consistency|T1|p0.52|R1.75: 27.7s net/day 57.71 robust_c80=fail fail (pass impossible after 5950 runs), 1540 failures
  wheat standard|T1|p0.52|R1.75: 12.0s net/day 57.71 robust_c80=fail fail (pass impossible after 2850 runs), 1534 failures
  wheat consistency|T1|p0.56|R1.5: 30.4s net/day 58.08 robust_c80=fail fail (pass impossible after 6500 runs), 1538 failures
  wheat standard|T1|p0.56|R1.5: 12.0s net/day 58.08 robust_c80=fail fail (pass impossible after 2900 runs), 1540 failures
  wheat consistency|T2|p0.5|R1.75: 42.8s net/day 58.38 robust_c80=fail fail (pass impossible after 6500 runs), 1534 failures
  wheat standard|T2|p0.5|R1.75: 15.9s net/day 58.38 robust_c80=fail fail (pass impossible after 2900 runs), 1532 failures
  wheat consistency|T2|p0.54|R1.5: 47.1s net/day 59.16 robust_c80=fail fail (pass impossible after 7000 runs), 1541 failures
  wheat standard|T2|p0.54|R1.5: 17.3s net/day 59.16 robust_c80=fail fail (pass impossible after 3100 runs), 1539 failures
  wheat consistency|T1|p0.49|R2.0: 32.9s net/day 59.43 robust_c80=fail fail (pass impossible after 6350 runs), 1537 failures
  wheat standard|T1|p0.49|R2.0: 11.5s net/day 59.43 robust_c80=fail fail (pass impossible after 2950 runs), 1549 failures
  wheat consistency|T2|p0.47|R2.0: 48.6s net/day 60.55 robust_c80=fail fail (pass impossible after 6950 runs), 1535 failures
  wheat standard|T2|p0.47|R2.0: 16.3s net/day 60.55 robust_c80=fail fail (pass impossible after 3050 runs), 1538 failures
  wheat consistency|T4|p0.55|R1.5: 80.2s net/day 61.31 robust_c80=pass (0.8123)
  wheat standard|T4|p0.55|R1.5: 26.5s net/day 61.31 robust_c80=fail fail (pass impossible after 3300 runs), 1544 failures
